2026-07-21 11:11:35,457 - INFO - Beginning execution of fit_demographic_model.py in directory /u/project/kirk-bigdata/jonmah/sample_size_demography/Scripts

2026-07-21 11:11:35,457 - INFO - Progress is being logged to ../Analysis/tennessen_ooa_690/log.log

2026-07-21 11:11:35,458 - INFO - Parsed the following arguments:
	syn_input_sfs = ../Simulations/tennessen/ooa_690_sfs/dadi/pop1.sfs
	mask_singletons = False
	mask_doubletons = False
	sum_alleles = False
	L_syn = 100000000.0
	model_type = two_epoch
	input_params = []
	outprefix = ../Analysis/tennessen_ooa_690/

2026-07-21 11:11:35,460 - INFO - Beginning demographic inference for two-epoch demographic model.
2026-07-21 11:11:35,462 - INFO - Beginning optimization with guess, [0.00793634 0.0783412 ].
2026-07-21 11:12:04,711 - INFO - Finished optimization with guess, [0.00793634 0.0783412 ].
2026-07-21 11:12:04,713 - INFO - Best fit parameters: [0.0040568  0.16442897].
2026-07-21 11:12:07,738 - INFO - Maximum log composite likelihood: -3057.6478601841036.
2026-07-21 11:12:07,738 - INFO - Optimal value of theta: 197464.86407693016.
2026-07-21 11:12:07,739 - INFO - Beginning optimization with guess, [0.03660922 0.09514304].
2026-07-21 11:12:34,403 - INFO - Finished optimization with guess, [0.03660922 0.09514304].
2026-07-21 11:12:34,404 - INFO - Best fit parameters: [0.02157361 0.22780676].
2026-07-21 11:12:36,665 - INFO - Maximum log composite likelihood: -3058.6847094233462.
2026-07-21 11:12:36,665 - INFO - Optimal value of theta: 37113.472440343794.
2026-07-21 11:12:36,666 - INFO - Beginning optimization with guess, [0.09181987 0.06083683].
2026-07-21 11:13:28,422 - INFO - Finished optimization with guess, [0.09181987 0.06083683].
2026-07-21 11:13:28,423 - INFO - Best fit parameters: [  0.61244532 117.39617506].
2026-07-21 11:13:35,328 - INFO - Maximum log composite likelihood: -3057.647860190395.
2026-07-21 11:13:35,329 - INFO - Optimal value of theta: 1307.9960833410753.
2026-07-21 11:13:35,329 - INFO - Beginning optimization with guess, [0.09861194 0.05128539].
2026-07-21 11:14:04,679 - INFO - Finished optimization with guess, [0.09861194 0.05128539].
2026-07-21 11:14:04,682 - INFO - Best fit parameters: [12.88810576  0.32109258].
2026-07-21 11:14:07,154 - INFO - Maximum log composite likelihood: -2059.612237259445.
2026-07-21 11:14:07,154 - INFO - Optimal value of theta: 171.1054981189467.
2026-07-21 11:14:07,154 - INFO - Beginning optimization with guess, [0.09298383 0.15202944].
2026-07-21 11:14:39,679 - INFO - Finished optimization with guess, [0.09298383 0.15202944].
2026-07-21 11:14:39,680 - INFO - Best fit parameters: [0.058947   0.46439588].
2026-07-21 11:14:42,009 - INFO - Maximum log composite likelihood: -3062.959605858094.
2026-07-21 11:14:42,009 - INFO - Optimal value of theta: 13554.739774638014.
2026-07-21 11:14:42,010 - INFO - Beginning optimization with guess, [0.19297708 0.16551248].
2026-07-21 11:15:35,931 - INFO - Finished optimization with guess, [0.19297708 0.16551248].
2026-07-21 11:15:35,932 - INFO - Best fit parameters: [0.22946815 3.42102098].
2026-07-21 11:15:38,365 - INFO - Maximum log composite likelihood: -3057.6488602539243.
2026-07-21 11:15:38,365 - INFO - Optimal value of theta: 3491.0103556669455.
2026-07-21 11:15:38,365 - INFO - Beginning optimization with guess, [0.61812659 0.05522991].
2026-07-21 11:16:02,626 - INFO - Finished optimization with guess, [0.61812659 0.05522991].
2026-07-21 11:16:02,627 - INFO - Best fit parameters: [7.04118406e+01 2.39119521e-02].
2026-07-21 11:16:04,709 - INFO - Maximum log composite likelihood: -797.0896968123457.
2026-07-21 11:16:04,710 - INFO - Optimal value of theta: 394.0016637079457.
2026-07-21 11:16:04,710 - INFO - Beginning optimization with guess, [0.62141828 0.06617825].
2026-07-21 11:16:33,238 - INFO - Finished optimization with guess, [0.62141828 0.06617825].
2026-07-21 11:16:33,239 - INFO - Best fit parameters: [7.84737557e+01 2.23063583e-02].
2026-07-21 11:16:35,638 - INFO - Maximum log composite likelihood: -801.221561373863.
2026-07-21 11:16:35,639 - INFO - Optimal value of theta: 404.6655915194868.
2026-07-21 11:16:35,639 - INFO - Beginning optimization with guess, [1.31674728 0.14570812].
2026-07-21 11:17:04,101 - INFO - Finished optimization with guess, [1.31674728 0.14570812].
2026-07-21 11:17:04,104 - INFO - Best fit parameters: [7.49521387e+02 2.00405313e-02].
2026-07-21 11:17:06,087 - INFO - Maximum log composite likelihood: -912.7079011580638.
2026-07-21 11:17:06,087 - INFO - Optimal value of theta: 407.8738112766497.
2026-07-21 11:17:06,087 - INFO - Beginning optimization with guess, [1.17663097 0.0652838 ].
2026-07-21 11:17:30,446 - INFO - Finished optimization with guess, [1.17663097 0.0652838 ].
2026-07-21 11:17:30,447 - INFO - Best fit parameters: [4.42904917e+01 2.58161301e-02].
2026-07-21 11:17:32,611 - INFO - Maximum log composite likelihood: -784.9491106455853.
2026-07-21 11:17:32,611 - INFO - Optimal value of theta: 392.2412889339427.
2026-07-21 11:17:32,612 - INFO - Beginning optimization with guess, [1.11749901 0.12637177].
2026-07-21 11:18:03,765 - INFO - Finished optimization with guess, [1.11749901 0.12637177].
2026-07-21 11:18:03,766 - INFO - Best fit parameters: [6.57286313e+01 2.22908297e-02].
2026-07-21 11:18:05,824 - INFO - Maximum log composite likelihood: -793.6290569920427.
2026-07-21 11:18:05,824 - INFO - Optimal value of theta: 408.24079270859505.
2026-07-21 11:18:05,824 - INFO - Beginning optimization with guess, [1.43849694 0.06625003].
2026-07-21 11:18:30,551 - INFO - Finished optimization with guess, [1.43849694 0.06625003].
2026-07-21 11:18:30,551 - INFO - Best fit parameters: [3.79120556e+01 2.64075974e-02].
2026-07-21 11:18:32,840 - INFO - Maximum log composite likelihood: -786.2767489544719.
2026-07-21 11:18:32,840 - INFO - Optimal value of theta: 393.51478380466256.
2026-07-21 11:18:32,840 - INFO - Beginning optimization with guess, [1.5118941  0.15801534].
2026-07-21 11:18:57,621 - INFO - Finished optimization with guess, [1.5118941  0.15801534].
2026-07-21 11:18:57,624 - INFO - Best fit parameters: [1.3120728e+03 1.6611368e-02].
2026-07-21 11:18:59,779 - INFO - Maximum log composite likelihood: -901.0406970525397.
2026-07-21 11:18:59,780 - INFO - Optimal value of theta: 443.16436786811494.
2026-07-21 11:18:59,780 - INFO - Beginning optimization with guess, [1.65554761 0.16306043].
2026-07-21 11:19:23,956 - INFO - Finished optimization with guess, [1.65554761 0.16306043].
2026-07-21 11:19:23,958 - INFO - Best fit parameters: [1.00644518e+02 2.60677722e-02].
2026-07-21 11:19:25,950 - INFO - Maximum log composite likelihood: -828.9346727683974.
2026-07-21 11:19:25,950 - INFO - Optimal value of theta: 371.5529165439963.
2026-07-21 11:19:25,950 - INFO - Beginning optimization with guess, [3.48615311 0.07359636].
2026-07-21 11:19:50,565 - INFO - Finished optimization with guess, [3.48615311 0.07359636].
2026-07-21 11:19:50,568 - INFO - Best fit parameters: [3.79009833e+01 2.78566612e-02].
2026-07-21 11:19:52,556 - INFO - Maximum log composite likelihood: -788.1886656213161.
2026-07-21 11:19:52,556 - INFO - Optimal value of theta: 384.464404834032.
2026-07-21 11:19:52,557 - INFO - Beginning optimization with guess, [3.95987853 0.11024972].
2026-07-21 11:20:17,057 - INFO - Finished optimization with guess, [3.95987853 0.11024972].
2026-07-21 11:20:17,058 - INFO - Best fit parameters: [3.17194024e+01 2.66261540e-02].
2026-07-21 11:20:19,038 - INFO - Maximum log composite likelihood: -792.3267763189397.
2026-07-21 11:20:19,038 - INFO - Optimal value of theta: 398.87199897632394.
2026-07-21 11:20:19,038 - INFO - Beginning optimization with guess, [4.41744697 0.05998786].
2026-07-21 11:20:43,284 - INFO - Finished optimization with guess, [4.41744697 0.05998786].
2026-07-21 11:20:43,286 - INFO - Best fit parameters: [3.57004970e+01 2.61216829e-02].
2026-07-21 11:20:45,264 - INFO - Maximum log composite likelihood: -787.5029030401545.
2026-07-21 11:20:45,265 - INFO - Optimal value of theta: 397.52987468618716.
2026-07-21 11:20:45,265 - INFO - Beginning optimization with guess, [5.12224795 0.11838504].
2026-07-21 11:21:09,757 - INFO - Finished optimization with guess, [5.12224795 0.11838504].
2026-07-21 11:21:09,758 - INFO - Best fit parameters: [3.50777442e+01 2.64417079e-02].
2026-07-21 11:21:11,743 - INFO - Maximum log composite likelihood: -788.1689220642504.
2026-07-21 11:21:11,743 - INFO - Optimal value of theta: 396.12460368380823.
2026-07-21 11:21:11,743 - INFO - Beginning optimization with guess, [5.94326901 0.05621701].
2026-07-21 11:21:35,822 - INFO - Finished optimization with guess, [5.94326901 0.05621701].
2026-07-21 11:21:35,826 - INFO - Best fit parameters: [3.85158987e+01 2.59950753e-02].
2026-07-21 11:21:37,914 - INFO - Maximum log composite likelihood: -785.7472917907044.
2026-07-21 11:21:37,914 - INFO - Optimal value of theta: 395.64690726143584.
2026-07-21 11:21:37,914 - INFO - Beginning optimization with guess, [4.27316249 0.07523536].
2026-07-21 11:22:02,177 - INFO - Finished optimization with guess, [4.27316249 0.07523536].
2026-07-21 11:22:02,178 - INFO - Best fit parameters: [8.94866235e+01 1.87063344e-02].
2026-07-21 11:22:04,158 - INFO - Maximum log composite likelihood: -814.7182689494448.
2026-07-21 11:22:04,158 - INFO - Optimal value of theta: 435.2998335257494.
2026-07-21 11:22:04,158 - INFO - Beginning optimization with guess, [4.38101606 0.17404984].
2026-07-21 11:22:28,782 - INFO - Finished optimization with guess, [4.38101606 0.17404984].
2026-07-21 11:22:28,784 - INFO - Best fit parameters: [13.31473508  0.03109957].
2026-07-21 11:22:30,886 - INFO - Maximum log composite likelihood: -928.8238380539506.
2026-07-21 11:22:30,887 - INFO - Optimal value of theta: 423.91373078456337.
2026-07-21 11:22:30,887 - INFO - Beginning optimization with guess, [3.72777891 0.18562156].
2026-07-21 11:22:59,562 - INFO - Finished optimization with guess, [3.72777891 0.18562156].
2026-07-21 11:22:59,564 - INFO - Best fit parameters: [14.06850602  0.02819391].
2026-07-21 11:23:02,002 - INFO - Maximum log composite likelihood: -913.095898428768.
2026-07-21 11:23:02,003 - INFO - Optimal value of theta: 433.9353878019884.
2026-07-21 11:23:02,003 - INFO - Beginning optimization with guess, [8.21676093 0.05449892].
2026-07-21 11:23:31,157 - INFO - Finished optimization with guess, [8.21676093 0.05449892].
2026-07-21 11:23:31,159 - INFO - Best fit parameters: [4.01029675e+01 2.34004247e-02].
2026-07-21 11:23:33,630 - INFO - Maximum log composite likelihood: -786.5842340448426.
2026-07-21 11:23:33,630 - INFO - Optimal value of theta: 412.4242867229554.
2026-07-21 11:23:33,630 - INFO - Beginning optimization with guess, [3.63822083 0.18218556].
2026-07-21 11:23:57,681 - INFO - Finished optimization with guess, [3.63822083 0.18218556].
2026-07-21 11:23:57,685 - INFO - Best fit parameters: [15.11169968  0.02595533].
2026-07-21 11:23:59,657 - INFO - Maximum log composite likelihood: -897.5367693366934.
2026-07-21 11:23:59,657 - INFO - Optimal value of theta: 441.24204466574287.
2026-07-21 11:23:59,657 - INFO - Beginning optimization with guess, [5.81533754 0.05779456].
2026-07-21 11:24:29,596 - INFO - Finished optimization with guess, [5.81533754 0.05779456].
2026-07-21 11:24:29,597 - INFO - Best fit parameters: [3.77182778e+01 2.55363790e-02].
2026-07-21 11:24:32,066 - INFO - Maximum log composite likelihood: -786.0090754047008.
2026-07-21 11:24:32,066 - INFO - Optimal value of theta: 399.41672911477644.
2026-07-21 11:24:32,072 - INFO - Converting and interpreting Tau estimates.
2026-07-21 11:24:32,078 - INFO - Finished demographic inference.
2026-07-21 11:24:32,078 - INFO - Pipeline executed succesfully.
