2026-07-16 00:01:12,864 - INFO - Beginning execution of fit_demographic_model.py in directory /u/project/kirk-bigdata/jonmah/sample_size_demography/Scripts

2026-07-16 00:01:12,865 - INFO - Progress is being logged to ../Analysis/tennessen_ooa_70/log.log

2026-07-16 00:01:12,865 - INFO - Parsed the following arguments:
	syn_input_sfs = ../Simulations/tennessen/ooa_70_sfs/dadi/pop1.sfs
	mask_singletons = False
	mask_doubletons = False
	sum_alleles = False
	L_syn = 100000000.0
	model_type = three_epoch
	input_params = []
	outprefix = ../Analysis/tennessen_ooa_70/

2026-07-16 00:01:12,868 - INFO - Beginning demographic inference for three-epoch demographic model.
2026-07-16 00:01:12,872 - INFO - Beginning optimization with guess, [0.01189079 0.0173564  0.06079628 0.07109529].
2026-07-16 00:01:14,522 - INFO - Finished optimization with guess, [0.01189079 0.0173564  0.06079628 0.07109529].
2026-07-16 00:01:14,524 - INFO - Best fit parameters: [0.03631149 0.01154496 0.02722731 0.06668568].
2026-07-16 00:01:14,574 - INFO - Maximum log composite likelihood: -276.9606125514748.
2026-07-16 00:01:14,574 - INFO - Optimal value of theta: 38023.74874228121.
2026-07-16 00:01:14,574 - INFO - Beginning optimization with guess, [0.01863623 0.04116981 0.15111203 0.07994851].
2026-07-16 00:01:17,949 - INFO - Finished optimization with guess, [0.01863623 0.04116981 0.15111203 0.07994851].
2026-07-16 00:01:17,950 - INFO - Best fit parameters: [0.04114386 0.0292121  0.12057888 0.06171947].
2026-07-16 00:01:17,996 - INFO - Maximum log composite likelihood: -273.1451950814344.
2026-07-16 00:01:17,996 - INFO - Optimal value of theta: 13985.282443391488.
2026-07-16 00:01:17,996 - INFO - Beginning optimization with guess, [0.06938889 0.04611021 0.1290233  0.10461264].
2026-07-16 00:01:18,894 - INFO - Finished optimization with guess, [0.06938889 0.04611021 0.1290233  0.10461264].
2026-07-16 00:01:18,895 - INFO - Best fit parameters: [0.06506968 0.04469329 0.13604214 0.11270738].
2026-07-16 00:01:18,934 - INFO - Maximum log composite likelihood: -273.2430586810386.
2026-07-16 00:01:18,934 - INFO - Optimal value of theta: 9223.318670472747.
2026-07-16 00:01:18,934 - INFO - Beginning optimization with guess, [0.14634543 0.10762056 0.08493933 0.17413908].
2026-07-16 00:01:19,859 - INFO - Finished optimization with guess, [0.14634543 0.10762056 0.08493933 0.17413908].
2026-07-16 00:01:19,859 - INFO - Best fit parameters: [0.11218778 0.10736524 0.10529356 0.30153481].
2026-07-16 00:01:19,895 - INFO - Maximum log composite likelihood: -274.0693525639742.
2026-07-16 00:01:19,895 - INFO - Optimal value of theta: 3937.1664577988518.
2026-07-16 00:01:19,895 - INFO - Beginning optimization with guess, [0.05037823 0.10598896 0.05874196 0.1731908 ].
2026-07-16 00:01:20,641 - INFO - Finished optimization with guess, [0.05037823 0.10598896 0.05874196 0.1731908 ].
2026-07-16 00:01:20,642 - INFO - Best fit parameters: [0.04554813 0.10467078 0.06433827 0.19282791].
2026-07-16 00:01:20,676 - INFO - Maximum log composite likelihood: -273.14155054089395.
2026-07-16 00:01:20,676 - INFO - Optimal value of theta: 3901.36320401428.
2026-07-16 00:01:20,676 - INFO - Beginning optimization with guess, [0.13947263 0.18781808 0.13379214 0.17135664].
2026-07-16 00:01:21,318 - INFO - Finished optimization with guess, [0.13947263 0.18781808 0.13379214 0.17135664].
2026-07-16 00:01:21,318 - INFO - Best fit parameters: [0.11451657 0.20974517 0.15593092 0.19037559].
2026-07-16 00:01:21,355 - INFO - Maximum log composite likelihood: -272.92990951439947.
2026-07-16 00:01:21,355 - INFO - Optimal value of theta: 1957.254685928289.
2026-07-16 00:01:21,355 - INFO - Beginning optimization with guess, [0.95733016 0.80989475 0.62566603 0.12523575].
2026-07-16 00:01:21,897 - INFO - Finished optimization with guess, [0.95733016 0.80989475 0.62566603 0.12523575].
2026-07-16 00:01:21,897 - INFO - Best fit parameters: [0.65157107 0.78720429 0.59315675 0.12738604].
2026-07-16 00:01:21,923 - INFO - Maximum log composite likelihood: -275.18023780346664.
2026-07-16 00:01:21,923 - INFO - Optimal value of theta: 608.9560171921638.
2026-07-16 00:01:21,924 - INFO - Beginning optimization with guess, [1.2525788  1.00125704 0.10172235 0.10309807].
2026-07-16 00:01:22,421 - INFO - Finished optimization with guess, [1.2525788  1.00125704 0.10172235 0.10309807].
2026-07-16 00:01:22,422 - INFO - Best fit parameters: [0.26368938 0.83397884 0.08654815 0.12764392].
2026-07-16 00:01:22,446 - INFO - Maximum log composite likelihood: -247.2301325844654.
2026-07-16 00:01:22,446 - INFO - Optimal value of theta: 616.2954320493594.
2026-07-16 00:01:22,446 - INFO - Beginning optimization with guess, [0.85890114 1.12448367 0.05052144 0.12928327].
2026-07-16 00:01:23,275 - INFO - Finished optimization with guess, [0.85890114 1.12448367 0.05052144 0.12928327].
2026-07-16 00:01:23,276 - INFO - Best fit parameters: [0.12390062 0.8227123  0.07290216 0.07478339].
2026-07-16 00:01:23,300 - INFO - Maximum log composite likelihood: -208.4680251321057.
2026-07-16 00:01:23,300 - INFO - Optimal value of theta: 784.5581204701181.
2026-07-16 00:01:23,301 - INFO - Beginning optimization with guess, [1.16206979 2.39328026 0.05930932 0.05990585].
2026-07-16 00:01:23,806 - INFO - Finished optimization with guess, [1.16206979 2.39328026 0.05930932 0.05990585].
2026-07-16 00:01:23,807 - INFO - Best fit parameters: [0.10286545 1.96582443 0.05849039 0.01603726].
2026-07-16 00:01:23,831 - INFO - Maximum log composite likelihood: -156.52410047667462.
2026-07-16 00:01:23,831 - INFO - Optimal value of theta: 933.7658640020552.
2026-07-16 00:01:23,831 - INFO - Beginning optimization with guess, [1.81284756 1.21639508 0.0603744  0.1653691 ].
2026-07-16 00:01:24,292 - INFO - Finished optimization with guess, [1.81284756 1.21639508 0.0603744  0.1653691 ].
2026-07-16 00:01:24,293 - INFO - Best fit parameters: [1.52586279 0.71742851 0.05469336 0.1934248 ].
2026-07-16 00:01:24,321 - INFO - Maximum log composite likelihood: -286.803805478826.
2026-07-16 00:01:24,321 - INFO - Optimal value of theta: 542.3270298990553.
2026-07-16 00:01:24,321 - INFO - Beginning optimization with guess, [2.2254484  1.60754197 0.11282056 0.08973441].
2026-07-16 00:01:27,736 - INFO - Finished optimization with guess, [2.2254484  1.60754197 0.11282056 0.08973441].
2026-07-16 00:01:27,737 - INFO - Best fit parameters: [0.25207402 1.08013814 0.04875493 0.11419525].
2026-07-16 00:01:27,765 - INFO - Maximum log composite likelihood: -240.30395858640748.
2026-07-16 00:01:27,765 - INFO - Optimal value of theta: 537.4773465897314.
2026-07-16 00:01:27,765 - INFO - Beginning optimization with guess, [2.58176205 2.62537888 0.17401506 0.07714642].
2026-07-16 00:01:28,387 - INFO - Finished optimization with guess, [2.58176205 2.62537888 0.17401506 0.07714642].
2026-07-16 00:01:28,387 - INFO - Best fit parameters: [0.11601251 1.70098531 0.08079315 0.03181447].
2026-07-16 00:01:28,412 - INFO - Maximum log composite likelihood: -132.2909443683789.
2026-07-16 00:01:28,412 - INFO - Optimal value of theta: 874.190514581534.
2026-07-16 00:01:28,412 - INFO - Beginning optimization with guess, [2.08149552 3.04075449 0.10508326 0.14312127].
2026-07-16 00:01:28,869 - INFO - Finished optimization with guess, [2.08149552 3.04075449 0.10508326 0.14312127].
2026-07-16 00:01:28,869 - INFO - Best fit parameters: [0.12916476 0.79170694 0.05823446 0.04345173].
2026-07-16 00:01:28,893 - INFO - Maximum log composite likelihood: -187.44833438885686.
2026-07-16 00:01:28,893 - INFO - Optimal value of theta: 786.292460602491.
2026-07-16 00:01:28,893 - INFO - Beginning optimization with guess, [4.15355019 3.36909438 0.12552147 0.08383667].
2026-07-16 00:01:29,336 - INFO - Finished optimization with guess, [4.15355019 3.36909438 0.12552147 0.08383667].
2026-07-16 00:01:29,337 - INFO - Best fit parameters: [0.94344664 1.90596172 0.02136742 0.0246868 ].
2026-07-16 00:01:29,359 - INFO - Maximum log composite likelihood: -264.66505766156195.
2026-07-16 00:01:29,359 - INFO - Optimal value of theta: 445.6469923600075.
2026-07-16 00:01:29,359 - INFO - Beginning optimization with guess, [2.30862484 5.25958876 0.14871644 0.0598657 ].
2026-07-16 00:01:29,978 - INFO - Finished optimization with guess, [2.30862484 5.25958876 0.14871644 0.0598657 ].
2026-07-16 00:01:29,978 - INFO - Best fit parameters: [0.08733647 3.74968299 0.08433899 0.01691278].
2026-07-16 00:01:30,004 - INFO - Maximum log composite likelihood: -119.11544647291514.
2026-07-16 00:01:30,004 - INFO - Optimal value of theta: 1171.9809394268627.
2026-07-16 00:01:30,004 - INFO - Beginning optimization with guess, [3.65007712 3.0059478  0.08138382 0.11130884].
2026-07-16 00:01:30,449 - INFO - Finished optimization with guess, [3.65007712 3.0059478  0.08138382 0.11130884].
2026-07-16 00:01:30,449 - INFO - Best fit parameters: [1.3697954  1.33790929 0.02036068 0.04107965].
2026-07-16 00:01:30,472 - INFO - Maximum log composite likelihood: -283.49253587361.
2026-07-16 00:01:30,472 - INFO - Optimal value of theta: 443.6543958485745.
2026-07-16 00:01:30,472 - INFO - Beginning optimization with guess, [2.47813037 6.45445471 0.0789658  0.08318664].
2026-07-16 00:01:30,920 - INFO - Finished optimization with guess, [2.47813037 6.45445471 0.0789658  0.08318664].
2026-07-16 00:01:30,921 - INFO - Best fit parameters: [0.23999403 4.45123667 0.03826815 0.01805512].
2026-07-16 00:01:30,943 - INFO - Maximum log composite likelihood: -187.66355018347946.
2026-07-16 00:01:30,943 - INFO - Optimal value of theta: 586.7932961654283.
2026-07-16 00:01:30,944 - INFO - Beginning optimization with guess, [3.1720061  6.42064327 0.13594524 0.06959719].
2026-07-16 00:01:31,399 - INFO - Finished optimization with guess, [3.1720061  6.42064327 0.13594524 0.06959719].
2026-07-16 00:01:31,400 - INFO - Best fit parameters: [0.11356406 4.50451689 0.05233    0.01939643].
2026-07-16 00:01:31,429 - INFO - Maximum log composite likelihood: -132.7371954474824.
2026-07-16 00:01:31,429 - INFO - Optimal value of theta: 810.5533088540077.
2026-07-16 00:01:31,429 - INFO - Beginning optimization with guess, [5.13849601 2.5470912  0.1420767  0.18748539].
2026-07-16 00:01:31,898 - INFO - Finished optimization with guess, [5.13849601 2.5470912  0.1420767  0.18748539].
2026-07-16 00:01:31,898 - INFO - Best fit parameters: [3.82873331 0.58637583 0.079904   0.31786198].
2026-07-16 00:01:31,923 - INFO - Maximum log composite likelihood: -282.6648598077203.
2026-07-16 00:01:31,923 - INFO - Optimal value of theta: 624.2809555156815.
2026-07-16 00:01:31,923 - INFO - Beginning optimization with guess, [2.51253921 6.24337447 0.06901677 0.05014515].
2026-07-16 00:01:32,698 - INFO - Finished optimization with guess, [2.51253921 6.24337447 0.06901677 0.05014515].
2026-07-16 00:01:32,699 - INFO - Best fit parameters: [0.0803614  8.48376303 0.02532375 0.01350862].
2026-07-16 00:01:32,722 - INFO - Maximum log composite likelihood: -187.67253028076368.
2026-07-16 00:01:32,722 - INFO - Optimal value of theta: 779.1706691100517.
2026-07-16 00:01:32,723 - INFO - Beginning optimization with guess, [7.71567055 2.88941116 0.07506676 0.18037763].
2026-07-16 00:01:33,185 - INFO - Finished optimization with guess, [7.71567055 2.88941116 0.07506676 0.18037763].
2026-07-16 00:01:33,185 - INFO - Best fit parameters: [6.6874933  0.68372695 0.03998509 0.18385043].
2026-07-16 00:01:33,208 - INFO - Maximum log composite likelihood: -292.38033662645296.
2026-07-16 00:01:33,208 - INFO - Optimal value of theta: 545.304612451408.
2026-07-16 00:01:33,208 - INFO - Beginning optimization with guess, [4.62653808 8.50514257 0.09184285 0.15890109].
2026-07-16 00:01:33,651 - INFO - Finished optimization with guess, [4.62653808 8.50514257 0.09184285 0.15890109].
2026-07-16 00:01:33,651 - INFO - Best fit parameters: [1.91010036 3.5031536  0.01840979 0.02018115].
2026-07-16 00:01:33,673 - INFO - Maximum log composite likelihood: -260.84338756657667.
2026-07-16 00:01:33,673 - INFO - Optimal value of theta: 416.38267421143524.
2026-07-16 00:01:33,673 - INFO - Beginning optimization with guess, [8.82089936 2.98172555 0.06750096 0.0712596 ].
2026-07-16 00:01:34,115 - INFO - Finished optimization with guess, [8.82089936 2.98172555 0.06750096 0.0712596 ].
2026-07-16 00:01:34,115 - INFO - Best fit parameters: [6.51857899 2.49409243 0.00753445 0.01085182].
2026-07-16 00:01:34,138 - INFO - Maximum log composite likelihood: -257.25528637150165.
2026-07-16 00:01:34,138 - INFO - Optimal value of theta: 438.02619884889805.
2026-07-16 00:01:34,138 - INFO - Beginning optimization with guess, [6.85145323 3.14139863 0.14969999 0.18492615].
2026-07-16 00:01:34,613 - INFO - Finished optimization with guess, [6.85145323 3.14139863 0.14969999 0.18492615].
2026-07-16 00:01:34,613 - INFO - Best fit parameters: [5.03677439 0.43139942 0.06135067 0.37573082].
2026-07-16 00:01:34,638 - INFO - Maximum log composite likelihood: -286.73549496232727.
2026-07-16 00:01:34,638 - INFO - Optimal value of theta: 804.1757129038168.
2026-07-16 00:01:34,639 - INFO - Converting and interpreting Tau estimates.
2026-07-16 00:01:34,643 - INFO - Finished demographic inference.
2026-07-16 00:01:34,643 - INFO - Pipeline executed succesfully.
