2026-07-16 00:01:04,841 - INFO - Beginning execution of fit_demographic_model.py in directory /u/project/kirk-bigdata/jonmah/sample_size_demography/Scripts

2026-07-16 00:01:04,842 - INFO - Progress is being logged to ../Analysis/tennessen_ooa_30/log.log

2026-07-16 00:01:04,842 - INFO - Parsed the following arguments:
	syn_input_sfs = ../Simulations/tennessen/ooa_30_sfs/dadi/pop1.sfs
	mask_singletons = False
	mask_doubletons = False
	sum_alleles = False
	L_syn = 100000000.0
	model_type = three_epoch
	input_params = []
	outprefix = ../Analysis/tennessen_ooa_30/

2026-07-16 00:01:04,844 - INFO - Beginning demographic inference for three-epoch demographic model.
2026-07-16 00:01:04,846 - INFO - Beginning optimization with guess, [0.00760206 0.00603009 0.08665489 0.09825853].
2026-07-16 00:01:08,182 - INFO - Finished optimization with guess, [0.00760206 0.00603009 0.08665489 0.09825853].
2026-07-16 00:01:08,183 - INFO - Best fit parameters: [0.00880449 0.00851944 0.0864433  0.06049565].
2026-07-16 00:01:08,281 - INFO - Maximum log composite likelihood: -129.0171811372419.
2026-07-16 00:01:08,281 - INFO - Optimal value of theta: 52554.37602001331.
2026-07-16 00:01:08,281 - INFO - Beginning optimization with guess, [0.02779105 0.04373251 0.05588805 0.08012982].
2026-07-16 00:01:08,811 - INFO - Finished optimization with guess, [0.02779105 0.04373251 0.05588805 0.08012982].
2026-07-16 00:01:08,812 - INFO - Best fit parameters: [0.03075445 0.04454417 0.05089421 0.07427915].
2026-07-16 00:01:08,840 - INFO - Maximum log composite likelihood: -82.77449196887575.
2026-07-16 00:01:08,841 - INFO - Optimal value of theta: 6620.254252757293.
2026-07-16 00:01:08,841 - INFO - Beginning optimization with guess, [0.0893356  0.02660699 0.10627189 0.14600496].
2026-07-16 00:01:09,566 - INFO - Finished optimization with guess, [0.0893356  0.02660699 0.10627189 0.14600496].
2026-07-16 00:01:09,566 - INFO - Best fit parameters: [0.10190978 0.03642488 0.09508716 0.09314382].
2026-07-16 00:01:09,597 - INFO - Maximum log composite likelihood: -83.71417879857832.
2026-07-16 00:01:09,597 - INFO - Optimal value of theta: 7514.261976285042.
2026-07-16 00:01:09,597 - INFO - Beginning optimization with guess, [0.11502933 0.0941864  0.09362061 0.19116656].
2026-07-16 00:01:10,079 - INFO - Finished optimization with guess, [0.11502933 0.0941864  0.09362061 0.19116656].
2026-07-16 00:01:10,079 - INFO - Best fit parameters: [0.1192902  0.09722765 0.09080611 0.17634858].
2026-07-16 00:01:10,105 - INFO - Maximum log composite likelihood: -82.77532365845299.
2026-07-16 00:01:10,105 - INFO - Optimal value of theta: 3034.248468872863.
2026-07-16 00:01:10,106 - INFO - Beginning optimization with guess, [0.14251279 0.16582462 0.12824607 0.11211786].
2026-07-16 00:01:10,559 - INFO - Finished optimization with guess, [0.14251279 0.16582462 0.12824607 0.11211786].
2026-07-16 00:01:10,559 - INFO - Best fit parameters: [0.12700186 0.18024664 0.13981927 0.11752163].
2026-07-16 00:01:10,580 - INFO - Maximum log composite likelihood: -82.575057278008.
2026-07-16 00:01:10,580 - INFO - Optimal value of theta: 1671.1802197096006.
2026-07-16 00:01:10,581 - INFO - Beginning optimization with guess, [0.48811349 0.41817563 0.14920503 0.06683107].
2026-07-16 00:01:10,886 - INFO - Finished optimization with guess, [0.48811349 0.41817563 0.14920503 0.06683107].
2026-07-16 00:01:10,887 - INFO - Best fit parameters: [0.2238334  0.60155558 0.16689611 0.06332068].
2026-07-16 00:01:10,903 - INFO - Maximum log composite likelihood: -78.56069761223986.
2026-07-16 00:01:10,903 - INFO - Optimal value of theta: 812.6644695921295.
2026-07-16 00:01:10,903 - INFO - Beginning optimization with guess, [0.46975052 0.78794801 0.34836338 0.07496066].
2026-07-16 00:01:11,342 - INFO - Finished optimization with guess, [0.46975052 0.78794801 0.34836338 0.07496066].
2026-07-16 00:01:11,342 - INFO - Best fit parameters: [0.33788644 0.5227813  0.22515064 0.05114025].
2026-07-16 00:01:11,357 - INFO - Maximum log composite likelihood: -78.50513017716985.
2026-07-16 00:01:11,357 - INFO - Optimal value of theta: 745.6180322299604.
2026-07-16 00:01:11,357 - INFO - Beginning optimization with guess, [1.07492638 1.16931963 0.05247746 0.15230681].
2026-07-16 00:01:11,618 - INFO - Finished optimization with guess, [1.07492638 1.16931963 0.05247746 0.15230681].
2026-07-16 00:01:11,618 - INFO - Best fit parameters: [0.722366   0.37762125 0.05293352 0.32602652].
2026-07-16 00:01:11,634 - INFO - Maximum log composite likelihood: -83.28878061026123.
2026-07-16 00:01:11,634 - INFO - Optimal value of theta: 801.3801858851866.
2026-07-16 00:01:11,634 - INFO - Beginning optimization with guess, [0.57785972 1.14849207 0.18614631 0.05238128].
2026-07-16 00:01:11,924 - INFO - Finished optimization with guess, [0.57785972 1.14849207 0.18614631 0.05238128].
2026-07-16 00:01:11,924 - INFO - Best fit parameters: [0.15671571 0.73386726 0.12987003 0.02185974].
2026-07-16 00:01:11,940 - INFO - Maximum log composite likelihood: -59.22853354339004.
2026-07-16 00:01:11,940 - INFO - Optimal value of theta: 963.6240814394642.
2026-07-16 00:01:11,941 - INFO - Beginning optimization with guess, [0.88012527 0.66751623 0.07440251 0.12218258].
2026-07-16 00:01:12,209 - INFO - Finished optimization with guess, [0.88012527 0.66751623 0.07440251 0.12218258].
2026-07-16 00:01:12,209 - INFO - Best fit parameters: [0.56458037 0.42170807 0.08021772 0.24841346].
2026-07-16 00:01:12,223 - INFO - Maximum log composite likelihood: -83.96238173228657.
2026-07-16 00:01:12,223 - INFO - Optimal value of theta: 712.1900551385957.
2026-07-16 00:01:12,224 - INFO - Beginning optimization with guess, [2.90823486 0.79672804 0.05842701 0.14888928].
2026-07-16 00:01:12,487 - INFO - Finished optimization with guess, [2.90823486 0.79672804 0.05842701 0.14888928].
2026-07-16 00:01:12,487 - INFO - Best fit parameters: [2.68221801 0.40142655 0.05147978 0.33349749].
2026-07-16 00:01:12,502 - INFO - Maximum log composite likelihood: -83.50303379758778.
2026-07-16 00:01:12,502 - INFO - Optimal value of theta: 749.3018034493143.
2026-07-16 00:01:12,502 - INFO - Beginning optimization with guess, [3.26738749 2.39431852 0.05288515 0.13520838].
2026-07-16 00:01:12,751 - INFO - Finished optimization with guess, [3.26738749 2.39431852 0.05288515 0.13520838].
2026-07-16 00:01:12,751 - INFO - Best fit parameters: [2.34432825 0.27294965 0.03016223 0.13230426].
2026-07-16 00:01:12,764 - INFO - Maximum log composite likelihood: -99.60789971783201.
2026-07-16 00:01:12,764 - INFO - Optimal value of theta: 737.250434886051.
2026-07-16 00:01:12,764 - INFO - Beginning optimization with guess, [3.37610857 2.34481071 0.08786419 0.05464683].
2026-07-16 00:01:12,994 - INFO - Finished optimization with guess, [3.37610857 2.34481071 0.08786419 0.05464683].
2026-07-16 00:01:12,995 - INFO - Best fit parameters: [1.02548015 0.27398913 0.02525229 0.06782609].
2026-07-16 00:01:13,007 - INFO - Maximum log composite likelihood: -107.15099165561519.
2026-07-16 00:01:13,007 - INFO - Optimal value of theta: 630.0053570733634.
2026-07-16 00:01:13,007 - INFO - Beginning optimization with guess, [1.2313084  1.57209717 0.11548171 0.05663959].
2026-07-16 00:01:13,299 - INFO - Finished optimization with guess, [1.2313084  1.57209717 0.11548171 0.05663959].
2026-07-16 00:01:13,299 - INFO - Best fit parameters: [0.23682589 0.76342102 0.13061725 0.04153345].
2026-07-16 00:01:13,314 - INFO - Maximum log composite likelihood: -67.37300128602661.
2026-07-16 00:01:13,314 - INFO - Optimal value of theta: 727.5693492364167.
2026-07-16 00:01:13,314 - INFO - Beginning optimization with guess, [2.07671467 3.7301637  0.10849576 0.11940288].
2026-07-16 00:01:13,557 - INFO - Finished optimization with guess, [2.07671467 3.7301637  0.10849576 0.11940288].
2026-07-16 00:01:13,558 - INFO - Best fit parameters: [0.12933889 0.58300602 0.09382976 0.03211685].
2026-07-16 00:01:13,573 - INFO - Maximum log composite likelihood: -61.40799159771905.
2026-07-16 00:01:13,573 - INFO - Optimal value of theta: 927.2684324125297.
2026-07-16 00:01:13,574 - INFO - Beginning optimization with guess, [3.35935431 3.05121665 0.05806685 0.11747525].
2026-07-16 00:01:13,851 - INFO - Finished optimization with guess, [3.35935431 3.05121665 0.05806685 0.11747525].
2026-07-16 00:01:13,851 - INFO - Best fit parameters: [1.73471759 0.5102319  0.02135092 0.14399249].
2026-07-16 00:01:13,864 - INFO - Maximum log composite likelihood: -92.79252256546151.
2026-07-16 00:01:13,864 - INFO - Optimal value of theta: 561.3504470589339.
2026-07-16 00:01:13,864 - INFO - Beginning optimization with guess, [1.88596735 4.49934105 0.19710517 0.14386407].
2026-07-16 00:01:14,149 - INFO - Finished optimization with guess, [1.88596735 4.49934105 0.19710517 0.14386407].
2026-07-16 00:01:14,149 - INFO - Best fit parameters: [0.23380427 0.9079986  0.11242389 0.02426837].
2026-07-16 00:01:14,162 - INFO - Maximum log composite likelihood: -64.06551711479608.
2026-07-16 00:01:14,162 - INFO - Optimal value of theta: 716.2652530221845.
2026-07-16 00:01:14,162 - INFO - Beginning optimization with guess, [2.19532689 3.00540609 0.08488494 0.05791286].
2026-07-16 00:01:14,483 - INFO - Finished optimization with guess, [2.19532689 3.00540609 0.08488494 0.05791286].
2026-07-16 00:01:14,484 - INFO - Best fit parameters: [0.13298979 0.77089683 0.05664871 0.02113066].
2026-07-16 00:01:14,497 - INFO - Maximum log composite likelihood: -68.83139847687546.
2026-07-16 00:01:14,498 - INFO - Optimal value of theta: 758.561976825205.
2026-07-16 00:01:14,498 - INFO - Beginning optimization with guess, [5.3898408  2.57115489 0.10757999 0.13831346].
2026-07-16 00:01:14,976 - INFO - Finished optimization with guess, [5.3898408  2.57115489 0.10757999 0.13831346].
2026-07-16 00:01:14,976 - INFO - Best fit parameters: [3.65078464 0.06792385 0.03836666 0.20012387].
2026-07-16 00:01:15,002 - INFO - Maximum log composite likelihood: -82.78586592869048.
2026-07-16 00:01:15,002 - INFO - Optimal value of theta: 4310.779195280714.
2026-07-16 00:01:15,002 - INFO - Beginning optimization with guess, [3.0004037  5.44384042 0.05465373 0.16388072].
2026-07-16 00:01:15,210 - INFO - Finished optimization with guess, [3.0004037  5.44384042 0.05465373 0.16388072].
2026-07-16 00:01:15,210 - INFO - Best fit parameters: [1.12339789 0.61551331 0.02074336 0.03377685].
2026-07-16 00:01:15,220 - INFO - Maximum log composite likelihood: -119.71873840362771.
2026-07-16 00:01:15,220 - INFO - Optimal value of theta: 473.0912604289483.
2026-07-16 00:01:15,220 - INFO - Beginning optimization with guess, [3.30719359 2.08682667 0.05842287 0.05452793].
2026-07-16 00:01:15,434 - INFO - Finished optimization with guess, [3.30719359 2.08682667 0.05842287 0.05452793].
2026-07-16 00:01:15,434 - INFO - Best fit parameters: [1.61513254 0.44451241 0.02071021 0.04966811].
2026-07-16 00:01:15,444 - INFO - Maximum log composite likelihood: -109.923138588204.
2026-07-16 00:01:15,445 - INFO - Optimal value of theta: 513.3512767295257.
2026-07-16 00:01:15,445 - INFO - Beginning optimization with guess, [5.22466983 7.31843835 0.19827913 0.07151661].
2026-07-16 00:01:15,648 - INFO - Finished optimization with guess, [5.22466983 7.31843835 0.19827913 0.07151661].
2026-07-16 00:01:15,648 - INFO - Best fit parameters: [0.61357784 3.34530169 0.03306964 0.01109371].
2026-07-16 00:01:15,659 - INFO - Maximum log composite likelihood: -118.46627586891356.
2026-07-16 00:01:15,659 - INFO - Optimal value of theta: 460.4254244633138.
2026-07-16 00:01:15,659 - INFO - Beginning optimization with guess, [5.50112194 6.22706371 0.19924687 0.15490257].
2026-07-16 00:01:15,934 - INFO - Finished optimization with guess, [5.50112194 6.22706371 0.19924687 0.15490257].
2026-07-16 00:01:15,934 - INFO - Best fit parameters: [1.67180571 0.36985788 0.03079831 0.07005273].
2026-07-16 00:01:15,945 - INFO - Maximum log composite likelihood: -103.00734803526622.
2026-07-16 00:01:15,945 - INFO - Optimal value of theta: 563.1742517995575.
2026-07-16 00:01:15,946 - INFO - Beginning optimization with guess, [7.28408528 5.2841709  0.07267472 0.14049741].
2026-07-16 00:01:16,152 - INFO - Finished optimization with guess, [7.28408528 5.2841709  0.07267472 0.14049741].
2026-07-16 00:01:16,152 - INFO - Best fit parameters: [4.68992998 0.32584268 0.0121709  0.04284511].
2026-07-16 00:01:16,163 - INFO - Maximum log composite likelihood: -110.62386397732833.
2026-07-16 00:01:16,163 - INFO - Optimal value of theta: 542.3841877905633.
2026-07-16 00:01:16,163 - INFO - Beginning optimization with guess, [6.05456697 3.77827222 0.05349453 0.16873565].
2026-07-16 00:01:16,379 - INFO - Finished optimization with guess, [6.05456697 3.77827222 0.05349453 0.16873565].
2026-07-16 00:01:16,380 - INFO - Best fit parameters: [4.85695204 0.31571066 0.02370773 0.09220222].
2026-07-16 00:01:16,392 - INFO - Maximum log composite likelihood: -100.93264306570101.
2026-07-16 00:01:16,392 - INFO - Optimal value of theta: 624.817925163614.
2026-07-16 00:01:16,393 - INFO - Converting and interpreting Tau estimates.
2026-07-16 00:01:16,394 - INFO - Finished demographic inference.
2026-07-16 00:01:16,395 - INFO - Pipeline executed succesfully.
