2026-07-16 00:01:10,047 - INFO - Beginning execution of fit_demographic_model.py in directory /u/project/kirk-bigdata/jonmah/sample_size_demography/Scripts

2026-07-16 00:01:10,047 - INFO - Progress is being logged to ../Analysis/tennessen_ooa_200/log.log

2026-07-16 00:01:10,047 - INFO - Parsed the following arguments:
	syn_input_sfs = ../Simulations/tennessen/ooa_200_sfs/dadi/pop1.sfs
	mask_singletons = False
	mask_doubletons = False
	sum_alleles = False
	L_syn = 100000000.0
	model_type = three_epoch
	input_params = []
	outprefix = ../Analysis/tennessen_ooa_200/

2026-07-16 00:01:10,049 - INFO - Beginning demographic inference for three-epoch demographic model.
2026-07-16 00:01:10,051 - INFO - Beginning optimization with guess, [0.01102378 0.00703353 0.08836082 0.12998547].
2026-07-16 00:01:17,410 - INFO - Finished optimization with guess, [0.01102378 0.00703353 0.08836082 0.12998547].
2026-07-16 00:01:17,410 - INFO - Best fit parameters: [0.00967896 0.00373105 0.09067005 0.27846655].
2026-07-16 00:01:18,378 - INFO - Maximum log composite likelihood: -792.9104837651851.
2026-07-16 00:01:18,379 - INFO - Optimal value of theta: 147372.23976155915.
2026-07-16 00:01:18,380 - INFO - Beginning optimization with guess, [0.04507256 0.02753311 0.13522558 0.09922181].
2026-07-16 00:01:26,345 - INFO - Finished optimization with guess, [0.04507256 0.02753311 0.13522558 0.09922181].
2026-07-16 00:01:26,346 - INFO - Best fit parameters: [0.02685048 0.01847341 0.20101125 0.19143783].
2026-07-16 00:01:26,686 - INFO - Maximum log composite likelihood: -792.9122492862091.
2026-07-16 00:01:26,686 - INFO - Optimal value of theta: 29764.358061796403.
2026-07-16 00:01:26,687 - INFO - Beginning optimization with guess, [0.05172964 0.08771519 0.06181058 0.05635857].
2026-07-16 00:01:30,801 - INFO - Finished optimization with guess, [0.05172964 0.08771519 0.06181058 0.05635857].
2026-07-16 00:01:30,801 - INFO - Best fit parameters: [0.03297342 0.10416603 0.09558537 0.07711156].
2026-07-16 00:01:31,008 - INFO - Maximum log composite likelihood: -783.9354037408087.
2026-07-16 00:01:31,008 - INFO - Optimal value of theta: 5512.57471245179.
2026-07-16 00:01:31,008 - INFO - Beginning optimization with guess, [0.12722273 0.10916699 0.05310738 0.05995714].
2026-07-16 00:01:53,661 - INFO - Finished optimization with guess, [0.12722273 0.10916699 0.05310738 0.05995714].
2026-07-16 00:01:53,662 - INFO - Best fit parameters: [0.04887752 0.31917489 0.1204301  0.1244979 ].
2026-07-16 00:01:53,890 - INFO - Maximum log composite likelihood: -824.2767144861333.
2026-07-16 00:01:53,890 - INFO - Optimal value of theta: 2205.3809446654245.
2026-07-16 00:01:53,890 - INFO - Beginning optimization with guess, [0.12539542 0.06404542 0.09597554 0.06469886].
2026-07-16 00:01:58,140 - INFO - Finished optimization with guess, [0.12539542 0.06404542 0.09597554 0.06469886].
2026-07-16 00:01:58,140 - INFO - Best fit parameters: [0.05150504 0.0685902  0.19526918 0.15345825].
2026-07-16 00:01:58,368 - INFO - Maximum log composite likelihood: -793.7239958055989.
2026-07-16 00:01:58,368 - INFO - Optimal value of theta: 7988.198665310756.
2026-07-16 00:01:58,369 - INFO - Beginning optimization with guess, [0.20622641 0.12984167 0.07541939 0.11063416].
2026-07-16 00:02:06,079 - INFO - Finished optimization with guess, [0.20622641 0.12984167 0.07541939 0.11063416].
2026-07-16 00:02:06,079 - INFO - Best fit parameters: [0.04907958 0.23376157 0.23328809 0.47406186].
2026-07-16 00:02:06,315 - INFO - Maximum log composite likelihood: -786.3356047607886.
2026-07-16 00:02:06,315 - INFO - Optimal value of theta: 2477.1164234662956.
2026-07-16 00:02:06,315 - INFO - Beginning optimization with guess, [0.43858693 0.70729176 0.26664228 0.16874864].
2026-07-16 00:02:10,769 - INFO - Finished optimization with guess, [0.43858693 0.70729176 0.26664228 0.16874864].
2026-07-16 00:02:10,770 - INFO - Best fit parameters: [0.62935117 5.37262934 0.10828233 0.01380071].
2026-07-16 00:02:10,942 - INFO - Maximum log composite likelihood: -445.81068772826785.
2026-07-16 00:02:10,942 - INFO - Optimal value of theta: 557.9574061803155.
2026-07-16 00:02:10,942 - INFO - Beginning optimization with guess, [0.61961857 0.90844091 0.1305054  0.13946983].
2026-07-16 00:02:15,328 - INFO - Finished optimization with guess, [0.61961857 0.90844091 0.1305054  0.13946983].
2026-07-16 00:02:15,329 - INFO - Best fit parameters: [ 0.26777747 12.769043    0.11694274  0.02407814].
2026-07-16 00:02:15,506 - INFO - Maximum log composite likelihood: -274.54681700194214.
2026-07-16 00:02:15,507 - INFO - Optimal value of theta: 637.9126481547338.
2026-07-16 00:02:15,507 - INFO - Beginning optimization with guess, [1.5291743  0.56729872 0.1011376  0.17235258].
2026-07-16 00:02:20,766 - INFO - Finished optimization with guess, [1.5291743  0.56729872 0.1011376  0.17235258].
2026-07-16 00:02:20,766 - INFO - Best fit parameters: [ 0.2722548  24.32297196  0.06535847  0.06973392].
2026-07-16 00:02:20,939 - INFO - Maximum log composite likelihood: -502.2477444009846.
2026-07-16 00:02:20,940 - INFO - Optimal value of theta: 356.03067685522694.
2026-07-16 00:02:20,940 - INFO - Beginning optimization with guess, [1.24710193 1.47294557 0.11880015 0.06040655].
2026-07-16 00:02:24,467 - INFO - Finished optimization with guess, [1.24710193 1.47294557 0.11880015 0.06040655].
2026-07-16 00:02:24,468 - INFO - Best fit parameters: [0.28198552 8.34917693 0.11665911 0.03411412].
2026-07-16 00:02:24,644 - INFO - Maximum log composite likelihood: -283.11208753864526.
2026-07-16 00:02:24,644 - INFO - Optimal value of theta: 573.3418628769516.
2026-07-16 00:02:24,645 - INFO - Beginning optimization with guess, [2.0458463  1.94766432 0.18806814 0.06996837].
2026-07-16 00:02:28,299 - INFO - Finished optimization with guess, [2.0458463  1.94766432 0.18806814 0.06996837].
2026-07-16 00:02:28,299 - INFO - Best fit parameters: [0.32015934 8.26212095 0.11387653 0.04107274].
2026-07-16 00:02:28,474 - INFO - Maximum log composite likelihood: -304.7309751980928.
2026-07-16 00:02:28,474 - INFO - Optimal value of theta: 509.4037430476965.
2026-07-16 00:02:28,474 - INFO - Beginning optimization with guess, [2.08132294 1.21665282 0.0659457  0.09169962].
2026-07-16 00:02:32,805 - INFO - Finished optimization with guess, [2.08132294 1.21665282 0.0659457  0.09169962].
2026-07-16 00:02:32,806 - INFO - Best fit parameters: [ 0.35508774 25.22913944  0.04154107  0.02762235].
2026-07-16 00:02:32,979 - INFO - Maximum log composite likelihood: -316.1147373397355.
2026-07-16 00:02:32,979 - INFO - Optimal value of theta: 481.87655749319833.
2026-07-16 00:02:32,979 - INFO - Beginning optimization with guess, [2.07799775 1.31988047 0.1358005  0.08808155].
2026-07-16 00:02:37,293 - INFO - Finished optimization with guess, [2.07799775 1.31988047 0.1358005  0.08808155].
2026-07-16 00:02:37,295 - INFO - Best fit parameters: [ 0.31580114 22.73078186  0.04529029  0.02972755].
2026-07-16 00:02:37,467 - INFO - Maximum log composite likelihood: -306.8634488040493.
2026-07-16 00:02:37,467 - INFO - Optimal value of theta: 488.2475131630952.
2026-07-16 00:02:37,468 - INFO - Beginning optimization with guess, [3.84279302 2.21941861 0.129676   0.12664683].
2026-07-16 00:02:40,907 - INFO - Finished optimization with guess, [3.84279302 2.21941861 0.129676   0.12664683].
2026-07-16 00:02:40,907 - INFO - Best fit parameters: [2.69602478e-01 1.32925464e+01 2.77388498e-03 2.90940971e-02].
2026-07-16 00:02:41,078 - INFO - Maximum log composite likelihood: -391.5178643821291.
2026-07-16 00:02:41,078 - INFO - Optimal value of theta: 418.89237862200395.
2026-07-16 00:02:41,078 - INFO - Beginning optimization with guess, [4.30162698 4.03750316 0.05206312 0.16300676].
2026-07-16 00:02:44,511 - INFO - Finished optimization with guess, [4.30162698 4.03750316 0.05206312 0.16300676].
2026-07-16 00:02:44,511 - INFO - Best fit parameters: [4.44793343 6.156333   0.01937856 0.01167404].
2026-07-16 00:02:44,683 - INFO - Maximum log composite likelihood: -434.74242319674914.
2026-07-16 00:02:44,683 - INFO - Optimal value of theta: 418.4282155951607.
2026-07-16 00:02:44,683 - INFO - Beginning optimization with guess, [1.67013726 1.37754851 0.10509325 0.06556635].
2026-07-16 00:02:49,012 - INFO - Finished optimization with guess, [1.67013726 1.37754851 0.10509325 0.06556635].
2026-07-16 00:02:49,013 - INFO - Best fit parameters: [ 0.23936773 20.65960433  0.06157407  0.02225523].
2026-07-16 00:02:49,187 - INFO - Maximum log composite likelihood: -294.1810381399972.
2026-07-16 00:02:49,188 - INFO - Optimal value of theta: 604.0032272610051.
2026-07-16 00:02:49,188 - INFO - Beginning optimization with guess, [3.51233978 3.57027112 0.10840292 0.1711552 ].
2026-07-16 00:02:52,623 - INFO - Finished optimization with guess, [3.51233978 3.57027112 0.10840292 0.1711552 ].
2026-07-16 00:02:52,624 - INFO - Best fit parameters: [1.15981374 3.79536893 0.02623862 0.02708199].
2026-07-16 00:02:52,796 - INFO - Maximum log composite likelihood: -480.81535551266484.
2026-07-16 00:02:52,796 - INFO - Optimal value of theta: 435.8567543388259.
2026-07-16 00:02:52,796 - INFO - Beginning optimization with guess, [5.74949061 3.46497273 0.145352   0.15300097].
2026-07-16 00:02:56,230 - INFO - Finished optimization with guess, [5.74949061 3.46497273 0.145352   0.15300097].
2026-07-16 00:02:56,230 - INFO - Best fit parameters: [1.52595567 5.65252957 0.00625007 0.04122843].
2026-07-16 00:02:56,402 - INFO - Maximum log composite likelihood: -443.1482213454663.
2026-07-16 00:02:56,402 - INFO - Optimal value of theta: 386.59572972820087.
2026-07-16 00:02:56,402 - INFO - Beginning optimization with guess, [2.34524085 2.61624034 0.13638247 0.07260183].
2026-07-16 00:02:59,958 - INFO - Finished optimization with guess, [2.34524085 2.61624034 0.13638247 0.07260183].
2026-07-16 00:02:59,958 - INFO - Best fit parameters: [ 0.15047449 13.09233299  0.05167633  0.02009198].
2026-07-16 00:03:00,133 - INFO - Maximum log composite likelihood: -294.4626312989067.
2026-07-16 00:03:00,133 - INFO - Optimal value of theta: 710.6001316224211.
2026-07-16 00:03:00,133 - INFO - Beginning optimization with guess, [2.15327575 2.088843   0.12794755 0.137093  ].
2026-07-16 00:03:04,454 - INFO - Finished optimization with guess, [2.15327575 2.088843   0.12794755 0.137093  ].
2026-07-16 00:03:04,456 - INFO - Best fit parameters: [ 0.11840935 15.09862954  0.02001339  0.03598004].
2026-07-16 00:03:04,629 - INFO - Maximum log composite likelihood: -295.73439465012626.
2026-07-16 00:03:04,629 - INFO - Optimal value of theta: 514.831479947211.
2026-07-16 00:03:04,629 - INFO - Beginning optimization with guess, [5.14425269 4.76739637 0.19649864 0.1497641 ].
2026-07-16 00:03:08,068 - INFO - Finished optimization with guess, [5.14425269 4.76739637 0.19649864 0.1497641 ].
2026-07-16 00:03:08,069 - INFO - Best fit parameters: [0.62725036 5.46312748 0.01668577 0.0441635 ].
2026-07-16 00:03:08,241 - INFO - Maximum log composite likelihood: -423.71885485698334.
2026-07-16 00:03:08,241 - INFO - Optimal value of theta: 404.2702867866301.
2026-07-16 00:03:08,241 - INFO - Beginning optimization with guess, [7.22421887 3.86448541 0.07175398 0.16974063].
2026-07-16 00:03:11,673 - INFO - Finished optimization with guess, [7.22421887 3.86448541 0.07175398 0.16974063].
2026-07-16 00:03:11,674 - INFO - Best fit parameters: [6.8749677  4.69675127 0.01454289 0.00857153].
2026-07-16 00:03:11,846 - INFO - Maximum log composite likelihood: -442.7141880380323.
2026-07-16 00:03:11,847 - INFO - Optimal value of theta: 437.66322447137765.
2026-07-16 00:03:11,847 - INFO - Beginning optimization with guess, [8.56393053 5.82057841 0.15710192 0.06076874].
2026-07-16 00:03:15,273 - INFO - Finished optimization with guess, [8.56393053 5.82057841 0.15710192 0.06076874].
2026-07-16 00:03:15,273 - INFO - Best fit parameters: [ 5.67451455 10.38851271  0.01302247  0.015556  ].
2026-07-16 00:03:15,444 - INFO - Maximum log composite likelihood: -405.21070436068374.
2026-07-16 00:03:15,444 - INFO - Optimal value of theta: 407.8069405588787.
2026-07-16 00:03:15,445 - INFO - Beginning optimization with guess, [3.02570254 7.78583092 0.07176285 0.09709821].
2026-07-16 00:03:18,876 - INFO - Finished optimization with guess, [3.02570254 7.78583092 0.07176285 0.09709821].
2026-07-16 00:03:18,877 - INFO - Best fit parameters: [ 1.04513221 11.67294436  0.02593357  0.02189979].
2026-07-16 00:03:19,048 - INFO - Maximum log composite likelihood: -409.35343406104084.
2026-07-16 00:03:19,049 - INFO - Optimal value of theta: 422.4407699925162.
2026-07-16 00:03:19,049 - INFO - Beginning optimization with guess, [9.50522274 3.43933799 0.10243793 0.07800298].
2026-07-16 00:03:22,474 - INFO - Finished optimization with guess, [9.50522274 3.43933799 0.10243793 0.07800298].
2026-07-16 00:03:22,474 - INFO - Best fit parameters: [7.19754222e+00 1.43231723e+01 7.67650448e-03 1.43516097e-02].
2026-07-16 00:03:22,646 - INFO - Maximum log composite likelihood: -399.41325897031174.
2026-07-16 00:03:22,646 - INFO - Optimal value of theta: 422.0838889884389.
2026-07-16 00:03:22,648 - INFO - Converting and interpreting Tau estimates.
2026-07-16 00:03:22,649 - INFO - Finished demographic inference.
2026-07-16 00:03:22,649 - INFO - Pipeline executed succesfully.
