2026-07-16 00:01:24,012 - INFO - Beginning execution of fit_demographic_model.py in directory /u/project/kirk-bigdata/jonmah/sample_size_demography/Scripts

2026-07-16 00:01:24,013 - INFO - Progress is being logged to ../Analysis/tennessen_ooa_380/log.log

2026-07-16 00:01:24,013 - INFO - Parsed the following arguments:
	syn_input_sfs = ../Simulations/tennessen/ooa_380_sfs/dadi/pop1.sfs
	mask_singletons = False
	mask_doubletons = False
	sum_alleles = False
	L_syn = 100000000.0
	model_type = three_epoch
	input_params = []
	outprefix = ../Analysis/tennessen_ooa_380/

2026-07-16 00:01:24,018 - INFO - Beginning demographic inference for three-epoch demographic model.
2026-07-16 00:01:24,025 - INFO - Beginning optimization with guess, [0.01230178 0.00568399 0.17759504 0.08110912].
2026-07-16 00:01:34,423 - INFO - Finished optimization with guess, [0.01230178 0.00568399 0.17759504 0.08110912].
2026-07-16 00:01:34,426 - INFO - Best fit parameters: [0.01114914 0.0029485  0.17760678 0.1713663 ].
2026-07-16 00:01:35,708 - INFO - Maximum log composite likelihood: -1618.0010296424298.
2026-07-16 00:01:35,708 - INFO - Optimal value of theta: 221481.8547818143.
2026-07-16 00:01:35,708 - INFO - Beginning optimization with guess, [0.02818995 0.02566719 0.12463185 0.17771642].
2026-07-16 00:01:42,291 - INFO - Finished optimization with guess, [0.02818995 0.02566719 0.12463185 0.17771642].
2026-07-16 00:01:42,291 - INFO - Best fit parameters: [0.01649912 0.01729696 0.17647248 0.34403447].
2026-07-16 00:01:43,066 - INFO - Maximum log composite likelihood: -1618.0010296062121.
2026-07-16 00:01:43,070 - INFO - Optimal value of theta: 37754.529958718544.
2026-07-16 00:01:43,071 - INFO - Beginning optimization with guess, [0.05000406 0.06327573 0.08902019 0.07042118].
2026-07-16 00:01:55,769 - INFO - Finished optimization with guess, [0.05000406 0.06327573 0.08902019 0.07042118].
2026-07-16 00:01:55,771 - INFO - Best fit parameters: [0.02273187 0.08744258 0.16982361 0.08624697].
2026-07-16 00:01:56,294 - INFO - Maximum log composite likelihood: -1546.8923174235385.
2026-07-16 00:01:56,294 - INFO - Optimal value of theta: 8544.005955961562.
2026-07-16 00:01:56,294 - INFO - Beginning optimization with guess, [0.12160996 0.10069885 0.06598738 0.0545436 ].
2026-07-16 00:02:30,221 - INFO - Finished optimization with guess, [0.12160996 0.10069885 0.06598738 0.0545436 ].
2026-07-16 00:02:30,223 - INFO - Best fit parameters: [0.03545899 0.29101927 0.18672606 0.10177687].
2026-07-16 00:02:30,703 - INFO - Maximum log composite likelihood: -1731.652776490245.
2026-07-16 00:02:30,703 - INFO - Optimal value of theta: 3195.7131684607893.
2026-07-16 00:02:30,704 - INFO - Beginning optimization with guess, [0.10619629 0.05243963 0.11987324 0.06520694].
2026-07-16 00:02:40,514 - INFO - Finished optimization with guess, [0.10619629 0.05243963 0.11987324 0.06520694].
2026-07-16 00:02:40,515 - INFO - Best fit parameters: [0.04570452 0.05182158 0.22483261 0.13674842].
2026-07-16 00:02:41,015 - INFO - Maximum log composite likelihood: -1618.5393112008253.
2026-07-16 00:02:41,015 - INFO - Optimal value of theta: 12594.30311190385.
2026-07-16 00:02:41,015 - INFO - Beginning optimization with guess, [0.15141166 0.18071061 0.11042571 0.09278793].
2026-07-16 00:02:56,348 - INFO - Finished optimization with guess, [0.15141166 0.18071061 0.11042571 0.09278793].
2026-07-16 00:02:56,349 - INFO - Best fit parameters: [0.12627803 1.42419643 0.10500645 0.01673927].
2026-07-16 00:02:56,772 - INFO - Maximum log composite likelihood: -670.402378853325.
2026-07-16 00:02:56,773 - INFO - Optimal value of theta: 1257.9822095221143.
2026-07-16 00:02:56,773 - INFO - Beginning optimization with guess, [0.57030194 0.49145959 0.71212489 0.0775303 ].
2026-07-16 00:03:05,476 - INFO - Finished optimization with guess, [0.57030194 0.49145959 0.71212489 0.0775303 ].
2026-07-16 00:03:05,477 - INFO - Best fit parameters: [0.44398708 2.77122902 0.55794613 0.02670587].
2026-07-16 00:03:05,906 - INFO - Maximum log composite likelihood: -664.6749060900597.
2026-07-16 00:03:05,906 - INFO - Optimal value of theta: 756.7016183328581.
2026-07-16 00:03:05,906 - INFO - Beginning optimization with guess, [1.32664635 1.49780584 0.13327334 0.06551988].
2026-07-16 00:03:14,303 - INFO - Finished optimization with guess, [1.32664635 1.49780584 0.13327334 0.06551988].
2026-07-16 00:03:14,305 - INFO - Best fit parameters: [ 0.35753868 14.53485931  0.10409463  0.01778157].
2026-07-16 00:03:14,720 - INFO - Maximum log composite likelihood: -473.84110528868723.
2026-07-16 00:03:14,721 - INFO - Optimal value of theta: 640.1472610097313.
2026-07-16 00:03:14,721 - INFO - Beginning optimization with guess, [0.8190232  1.25346235 0.11763597 0.11813778].
2026-07-16 00:03:25,172 - INFO - Finished optimization with guess, [0.8190232  1.25346235 0.11763597 0.11813778].
2026-07-16 00:03:25,174 - INFO - Best fit parameters: [2.28064848e-01 8.59277996e+01 1.19654504e-01 1.16569507e-02].
2026-07-16 00:03:25,592 - INFO - Maximum log composite likelihood: -590.4247303020564.
2026-07-16 00:03:25,592 - INFO - Optimal value of theta: 843.4515544217329.
2026-07-16 00:03:25,593 - INFO - Beginning optimization with guess, [1.32156375 0.77267428 0.05966949 0.16144328].
2026-07-16 00:03:34,230 - INFO - Finished optimization with guess, [1.32156375 0.77267428 0.05966949 0.16144328].
2026-07-16 00:03:34,231 - INFO - Best fit parameters: [3.28459324e-01 1.62755001e+02 5.24633430e-02 1.20377497e-02].
2026-07-16 00:03:34,664 - INFO - Maximum log composite likelihood: -646.3013566811886.
2026-07-16 00:03:34,664 - INFO - Optimal value of theta: 660.1523302676464.
2026-07-16 00:03:34,664 - INFO - Beginning optimization with guess, [2.16796451 1.64959674 0.09797168 0.0669499 ].
2026-07-16 00:03:45,020 - INFO - Finished optimization with guess, [2.16796451 1.64959674 0.09797168 0.0669499 ].
2026-07-16 00:03:45,022 - INFO - Best fit parameters: [ 0.4335926  24.88382847  0.0598392   0.0264032 ].
2026-07-16 00:03:45,436 - INFO - Maximum log composite likelihood: -483.6969185017889.
2026-07-16 00:03:45,436 - INFO - Optimal value of theta: 481.7873429510103.
2026-07-16 00:03:45,436 - INFO - Beginning optimization with guess, [2.50482747 3.11333469 0.05811172 0.14778123].
2026-07-16 00:03:53,820 - INFO - Finished optimization with guess, [2.50482747 3.11333469 0.05811172 0.14778123].
2026-07-16 00:03:53,821 - INFO - Best fit parameters: [ 1.34579891 11.96864193  0.03594044  0.02931391].
2026-07-16 00:03:54,234 - INFO - Maximum log composite likelihood: -630.1396599946445.
2026-07-16 00:03:54,235 - INFO - Optimal value of theta: 394.55871910981875.
2026-07-16 00:03:54,235 - INFO - Beginning optimization with guess, [1.61876316 1.48174786 0.11905407 0.10299528].
2026-07-16 00:04:04,622 - INFO - Finished optimization with guess, [1.61876316 1.48174786 0.11905407 0.10299528].
2026-07-16 00:04:04,623 - INFO - Best fit parameters: [3.71818072e-01 7.52191495e+01 7.19632803e-02 1.71115301e-02].
2026-07-16 00:04:05,056 - INFO - Maximum log composite likelihood: -544.9114878784073.
2026-07-16 00:04:05,057 - INFO - Optimal value of theta: 580.8054828623215.
2026-07-16 00:04:05,057 - INFO - Beginning optimization with guess, [1.93715564 1.80879837 0.15608698 0.06260995].
2026-07-16 00:04:13,772 - INFO - Finished optimization with guess, [1.93715564 1.80879837 0.15608698 0.06260995].
2026-07-16 00:04:13,775 - INFO - Best fit parameters: [4.09288077e-01 1.76713804e+01 8.96756462e-02 1.72731624e-02].
2026-07-16 00:04:14,248 - INFO - Maximum log composite likelihood: -494.7738377025117.
2026-07-16 00:04:14,248 - INFO - Optimal value of theta: 604.5132427995367.
2026-07-16 00:04:14,248 - INFO - Beginning optimization with guess, [3.20013489 3.61211036 0.12913568 0.06618861].
2026-07-16 00:04:22,783 - INFO - Finished optimization with guess, [3.20013489 3.61211036 0.12913568 0.06618861].
2026-07-16 00:04:22,785 - INFO - Best fit parameters: [ 0.41022343 26.3535652   0.04579157  0.03003926].
2026-07-16 00:04:23,210 - INFO - Maximum log composite likelihood: -496.62695760054464.
2026-07-16 00:04:23,210 - INFO - Optimal value of theta: 451.81039695936465.
2026-07-16 00:04:23,210 - INFO - Beginning optimization with guess, [2.06662639 3.39225876 0.07518249 0.11239164].
2026-07-16 00:04:31,695 - INFO - Finished optimization with guess, [2.06662639 3.39225876 0.07518249 0.11239164].
2026-07-16 00:04:31,697 - INFO - Best fit parameters: [ 0.6639416  13.57378214  0.04889079  0.02348326].
2026-07-16 00:04:32,128 - INFO - Maximum log composite likelihood: -555.6729576091728.
2026-07-16 00:04:32,128 - INFO - Optimal value of theta: 475.4899478532756.
2026-07-16 00:04:32,128 - INFO - Beginning optimization with guess, [2.73025499 1.96323362 0.1651283  0.07859244].
2026-07-16 00:04:40,674 - INFO - Finished optimization with guess, [2.73025499 1.96323362 0.1651283  0.07859244].
2026-07-16 00:04:40,676 - INFO - Best fit parameters: [4.71118971e-01 2.85052244e+01 6.90375135e-02 2.41558611e-02].
2026-07-16 00:04:41,108 - INFO - Maximum log composite likelihood: -486.9515697462227.
2026-07-16 00:04:41,109 - INFO - Optimal value of theta: 490.24451135841673.
2026-07-16 00:04:41,109 - INFO - Beginning optimization with guess, [3.3048479  4.29252222 0.05814495 0.05077184].
2026-07-16 00:04:49,644 - INFO - Finished optimization with guess, [3.3048479  4.29252222 0.05814495 0.05077184].
2026-07-16 00:04:49,646 - INFO - Best fit parameters: [2.06446789e+00 3.24389860e+01 1.39220139e-02 2.38251172e-02].
2026-07-16 00:04:50,077 - INFO - Maximum log composite likelihood: -558.5584920017341.
2026-07-16 00:04:50,077 - INFO - Optimal value of theta: 381.40222419882457.
2026-07-16 00:04:50,077 - INFO - Beginning optimization with guess, [3.06243656 6.45601339 0.06175167 0.07826141].
2026-07-16 00:04:58,649 - INFO - Finished optimization with guess, [3.06243656 6.45601339 0.06175167 0.07826141].
2026-07-16 00:04:58,651 - INFO - Best fit parameters: [1.15047825e+00 4.85325531e+01 1.61126239e-02 2.72635825e-02].
2026-07-16 00:04:59,104 - INFO - Maximum log composite likelihood: -555.553241348475.
2026-07-16 00:04:59,104 - INFO - Optimal value of theta: 376.11020710289597.
2026-07-16 00:04:59,104 - INFO - Beginning optimization with guess, [3.73930895 4.70883926 0.07140929 0.06856913].
2026-07-16 00:05:07,407 - INFO - Finished optimization with guess, [3.73930895 4.70883926 0.07140929 0.06856913].
2026-07-16 00:05:07,409 - INFO - Best fit parameters: [1.09510379e+00 4.24204044e+01 9.71598473e-03 2.06197420e-02].
2026-07-16 00:05:07,821 - INFO - Maximum log composite likelihood: -554.9117784918849.
2026-07-16 00:05:07,821 - INFO - Optimal value of theta: 420.34059904540055.
2026-07-16 00:05:07,821 - INFO - Beginning optimization with guess, [2.48846344 3.57541681 0.14430044 0.06780791].
2026-07-16 00:05:16,006 - INFO - Finished optimization with guess, [2.48846344 3.57541681 0.14430044 0.06780791].
2026-07-16 00:05:16,008 - INFO - Best fit parameters: [ 0.33261857 19.61364438  0.09056619  0.02749553].
2026-07-16 00:05:16,422 - INFO - Maximum log composite likelihood: -463.27648929157004.
2026-07-16 00:05:16,422 - INFO - Optimal value of theta: 529.3191957941406.
2026-07-16 00:05:16,423 - INFO - Beginning optimization with guess, [3.37607024 3.2971057  0.08417654 0.05660514].
2026-07-16 00:05:24,661 - INFO - Finished optimization with guess, [3.37607024 3.2971057  0.08417654 0.05660514].
2026-07-16 00:05:24,663 - INFO - Best fit parameters: [1.15736340e+00 2.92960258e+01 1.78072790e-02 2.65606443e-02].
2026-07-16 00:05:25,082 - INFO - Maximum log composite likelihood: -555.4435253914401.
2026-07-16 00:05:25,082 - INFO - Optimal value of theta: 389.02307025657444.
2026-07-16 00:05:25,083 - INFO - Beginning optimization with guess, [2.40042046 5.81519561 0.0873296  0.05278931].
2026-07-16 00:05:33,392 - INFO - Finished optimization with guess, [2.40042046 5.81519561 0.0873296  0.05278931].
2026-07-16 00:05:33,394 - INFO - Best fit parameters: [ 0.41887218 27.80882562  0.05323917  0.03006682].
2026-07-16 00:05:33,812 - INFO - Maximum log composite likelihood: -496.3144190223532.
2026-07-16 00:05:33,812 - INFO - Optimal value of theta: 452.0872995081381.
2026-07-16 00:05:33,812 - INFO - Beginning optimization with guess, [5.74009028 6.71231126 0.05375866 0.14648838].
2026-07-16 00:05:42,296 - INFO - Finished optimization with guess, [5.74009028 6.71231126 0.05375866 0.14648838].
2026-07-16 00:05:42,300 - INFO - Best fit parameters: [4.82199060e+00 2.84463821e+01 1.30125357e-02 1.76677992e-02].
2026-07-16 00:05:42,743 - INFO - Maximum log composite likelihood: -560.1606065110193.
2026-07-16 00:05:42,743 - INFO - Optimal value of theta: 396.12384263286265.
2026-07-16 00:05:42,743 - INFO - Beginning optimization with guess, [6.65720582 7.50338594 0.11474277 0.06447939].
2026-07-16 00:05:51,054 - INFO - Finished optimization with guess, [6.65720582 7.50338594 0.11474277 0.06447939].
2026-07-16 00:05:51,056 - INFO - Best fit parameters: [5.93145332e+00 2.58395272e+01 1.54638278e-02 1.55084502e-02].
2026-07-16 00:05:51,468 - INFO - Maximum log composite likelihood: -565.0981364619655.
2026-07-16 00:05:51,468 - INFO - Optimal value of theta: 396.94256959243245.
2026-07-16 00:05:51,470 - INFO - Converting and interpreting Tau estimates.
2026-07-16 00:05:51,474 - INFO - Finished demographic inference.
2026-07-16 00:05:51,474 - INFO - Pipeline executed succesfully.
