2026-07-21 17:17:45,431 - INFO - Beginning execution of fit_demographic_model.py in directory /u/project/kirk-bigdata/jonmah/sample_size_demography/Scripts

2026-07-21 17:17:45,431 - INFO - Progress is being logged to ../Analysis/1KG_IBS_130/log.log

2026-07-21 17:17:45,431 - INFO - Parsed the following arguments:
	syn_input_sfs = ../Analysis/1KG_IBS_130/syn_downsampled_sfs.txt
	mask_singletons = False
	mask_doubletons = False
	sum_alleles = False
	L_syn = 100000000.0
	model_type = three_epoch
	input_params = []
	outprefix = ../Analysis/1KG_IBS_130/

2026-07-21 17:17:45,434 - INFO - Beginning demographic inference for three-epoch demographic model.
2026-07-21 17:17:45,436 - INFO - Beginning optimization with guess, [0.0122887  0.00668746 0.08146575 0.11387403].
2026-07-21 17:17:51,389 - INFO - Finished optimization with guess, [0.0122887  0.00668746 0.08146575 0.11387403].
2026-07-21 17:17:51,391 - INFO - Best fit parameters: [0.01075976 0.00345369 0.08607491 0.23787738].
2026-07-21 17:17:52,178 - INFO - Maximum log composite likelihood: -3503.90763628557.
2026-07-21 17:17:52,178 - INFO - Optimal value of theta: 2098316.9924644763.
2026-07-21 17:17:52,178 - INFO - Beginning optimization with guess, [0.02152477 0.02563835 0.07320286 0.1335967 ].
2026-07-21 17:18:13,402 - INFO - Finished optimization with guess, [0.02152477 0.02563835 0.07320286 0.1335967 ].
2026-07-21 17:18:13,405 - INFO - Best fit parameters: [0.01003559 0.06587577 0.11675935 0.08134091].
2026-07-21 17:18:13,676 - INFO - Maximum log composite likelihood: -3030.4311717165506.
2026-07-21 17:18:13,676 - INFO - Optimal value of theta: 127076.21676980662.
2026-07-21 17:18:13,676 - INFO - Beginning optimization with guess, [0.0842507  0.02811327 0.09789623 0.06682497].
2026-07-21 17:18:20,868 - INFO - Finished optimization with guess, [0.0842507  0.02811327 0.09789623 0.06682497].
2026-07-21 17:18:20,868 - INFO - Best fit parameters: [0.05656653 0.01643355 0.13719713 0.16481214].
2026-07-21 17:18:21,130 - INFO - Maximum log composite likelihood: -3505.0028129262746.
2026-07-21 17:18:21,130 - INFO - Optimal value of theta: 440902.69712271955.
2026-07-21 17:18:21,131 - INFO - Beginning optimization with guess, [0.04867839 0.04755629 0.11223031 0.18883553].
2026-07-21 17:18:31,161 - INFO - Finished optimization with guess, [0.04867839 0.04755629 0.11223031 0.18883553].
2026-07-21 17:18:31,166 - INFO - Best fit parameters: [0.03003077 0.03111364 0.16656611 0.37603666].
2026-07-21 17:18:31,437 - INFO - Maximum log composite likelihood: -3503.909278720148.
2026-07-21 17:18:31,437 - INFO - Optimal value of theta: 232918.06160260882.
2026-07-21 17:18:31,437 - INFO - Beginning optimization with guess, [0.17618882 0.07304131 0.09889704 0.19676968].
2026-07-21 17:18:37,900 - INFO - Finished optimization with guess, [0.17618882 0.07304131 0.09889704 0.19676968].
2026-07-21 17:18:37,900 - INFO - Best fit parameters: [0.14548306 0.04098731 0.11476901 0.50224989].
2026-07-21 17:18:38,130 - INFO - Maximum log composite likelihood: -3504.0972960796744.
2026-07-21 17:18:38,130 - INFO - Optimal value of theta: 176803.47531850266.
2026-07-21 17:18:38,130 - INFO - Beginning optimization with guess, [0.16546435 0.458963   0.08655845 0.05363968].
2026-07-21 17:18:43,051 - INFO - Finished optimization with guess, [0.16546435 0.458963   0.08655845 0.05363968].
2026-07-21 17:18:43,051 - INFO - Best fit parameters: [0.33107262 3.78201489 0.27871129 0.0235129 ].
2026-07-21 17:18:43,192 - INFO - Maximum log composite likelihood: -417.21371760320153.
2026-07-21 17:18:43,194 - INFO - Optimal value of theta: 10489.668773028583.
2026-07-21 17:18:43,195 - INFO - Beginning optimization with guess, [0.27388543 0.31189116 0.83139363 0.13504491].
2026-07-21 17:18:50,069 - INFO - Finished optimization with guess, [0.27388543 0.31189116 0.83139363 0.13504491].
2026-07-21 17:18:50,069 - INFO - Best fit parameters: [0.37942507 1.38648715 0.65728155 0.02606558].
2026-07-21 17:18:50,221 - INFO - Maximum log composite likelihood: -724.0809056238929.
2026-07-21 17:18:50,221 - INFO - Optimal value of theta: 12474.782023391097.
2026-07-21 17:18:50,221 - INFO - Beginning optimization with guess, [0.59788293 0.44481455 0.05217757 0.05915537].
2026-07-21 17:18:54,421 - INFO - Finished optimization with guess, [0.59788293 0.44481455 0.05217757 0.05915537].
2026-07-21 17:18:54,422 - INFO - Best fit parameters: [0.39768545 5.25464566 0.06267781 0.04534051].
2026-07-21 17:18:54,565 - INFO - Maximum log composite likelihood: -321.7321474735241.
2026-07-21 17:18:54,565 - INFO - Optimal value of theta: 6583.274689987044.
2026-07-21 17:18:54,566 - INFO - Beginning optimization with guess, [1.37246732 0.96381465 0.10892071 0.11681636].
2026-07-21 17:18:58,865 - INFO - Finished optimization with guess, [1.37246732 0.96381465 0.10892071 0.11681636].
2026-07-21 17:18:58,866 - INFO - Best fit parameters: [0.47405526 6.91955942 0.09861528 0.03209483].
2026-07-21 17:18:59,007 - INFO - Maximum log composite likelihood: -364.3778853246307.
2026-07-21 17:18:59,007 - INFO - Optimal value of theta: 7043.700454961434.
2026-07-21 17:18:59,007 - INFO - Beginning optimization with guess, [0.90709528 2.00602251 0.06915439 0.09443297].
2026-07-21 17:19:03,914 - INFO - Finished optimization with guess, [0.90709528 2.00602251 0.06915439 0.09443297].
2026-07-21 17:19:03,914 - INFO - Best fit parameters: [0.49815828 6.87243667 0.07551965 0.04053387].
2026-07-21 17:19:04,065 - INFO - Maximum log composite likelihood: -296.85888908290246.
2026-07-21 17:19:04,066 - INFO - Optimal value of theta: 6389.778468296476.
2026-07-21 17:19:04,066 - INFO - Beginning optimization with guess, [1.26973003 1.89125636 0.16299397 0.13926024].
2026-07-21 17:19:08,789 - INFO - Finished optimization with guess, [1.26973003 1.89125636 0.16299397 0.13926024].
2026-07-21 17:19:08,791 - INFO - Best fit parameters: [0.57314598 7.29574023 0.1256184  0.03725925].
2026-07-21 17:19:08,942 - INFO - Maximum log composite likelihood: -281.1359741192938.
2026-07-21 17:19:08,942 - INFO - Optimal value of theta: 6497.984682828282.
2026-07-21 17:19:08,942 - INFO - Beginning optimization with guess, [1.59483732 1.89555063 0.14590741 0.06080826].
2026-07-21 17:19:13,686 - INFO - Finished optimization with guess, [1.59483732 1.89555063 0.14590741 0.06080826].
2026-07-21 17:19:13,686 - INFO - Best fit parameters: [0.55456217 6.88740052 0.11708223 0.03863615].
2026-07-21 17:19:13,830 - INFO - Maximum log composite likelihood: -284.950736843983.
2026-07-21 17:19:13,830 - INFO - Optimal value of theta: 6489.810771323961.
2026-07-21 17:19:13,830 - INFO - Beginning optimization with guess, [3.16233875 1.35217814 0.08654576 0.16820115].
2026-07-21 17:19:18,726 - INFO - Finished optimization with guess, [3.16233875 1.35217814 0.08654576 0.16820115].
2026-07-21 17:19:18,728 - INFO - Best fit parameters: [1.49160837 4.58175557 0.02905754 0.02883556].
2026-07-21 17:19:18,895 - INFO - Maximum log composite likelihood: -713.9131233331144.
2026-07-21 17:19:18,895 - INFO - Optimal value of theta: 5704.007804423699.
2026-07-21 17:19:18,895 - INFO - Beginning optimization with guess, [1.48136233 3.00511896 0.06549381 0.05313472].
2026-07-21 17:19:23,876 - INFO - Finished optimization with guess, [1.48136233 3.00511896 0.06549381 0.05313472].
2026-07-21 17:19:23,877 - INFO - Best fit parameters: [0.51070604 8.99707371 0.05715655 0.03953883].
2026-07-21 17:19:24,034 - INFO - Maximum log composite likelihood: -301.2945939398955.
2026-07-21 17:19:24,035 - INFO - Optimal value of theta: 6184.792330872035.
2026-07-21 17:19:24,035 - INFO - Beginning optimization with guess, [1.33529107 1.85681357 0.1340581  0.10851699].
2026-07-21 17:19:29,027 - INFO - Finished optimization with guess, [1.33529107 1.85681357 0.1340581  0.10851699].
2026-07-21 17:19:29,027 - INFO - Best fit parameters: [0.54727972 6.78515979 0.11254752 0.03886264].
2026-07-21 17:19:29,197 - INFO - Maximum log composite likelihood: -286.5596550712544.
2026-07-21 17:19:29,197 - INFO - Optimal value of theta: 6493.1420017297205.
2026-07-21 17:19:29,197 - INFO - Beginning optimization with guess, [4.84355287 1.84299808 0.14775348 0.05653169].
2026-07-21 17:19:34,726 - INFO - Finished optimization with guess, [4.84355287 1.84299808 0.14775348 0.05653169].
2026-07-21 17:19:34,727 - INFO - Best fit parameters: [2.16888296e+00 1.78893687e+01 4.48671999e-03 2.99680406e-02].
2026-07-21 17:19:34,914 - INFO - Maximum log composite likelihood: -418.73075895034435.
2026-07-21 17:19:34,914 - INFO - Optimal value of theta: 5444.016996184189.
2026-07-21 17:19:34,914 - INFO - Beginning optimization with guess, [2.25844092 2.69293113 0.19624137 0.19144971].
2026-07-21 17:19:40,775 - INFO - Finished optimization with guess, [2.25844092 2.69293113 0.19624137 0.19144971].
2026-07-21 17:19:40,775 - INFO - Best fit parameters: [0.26281897 2.43089982 0.09162546 0.05779258].
2026-07-21 17:19:40,920 - INFO - Maximum log composite likelihood: -589.1595173978797.
2026-07-21 17:19:40,920 - INFO - Optimal value of theta: 7905.086974672486.
2026-07-21 17:19:40,921 - INFO - Beginning optimization with guess, [3.13214076 5.05220606 0.07802022 0.13961599].
2026-07-21 17:19:45,488 - INFO - Finished optimization with guess, [3.13214076 5.05220606 0.07802022 0.13961599].
2026-07-21 17:19:45,489 - INFO - Best fit parameters: [1.14740625 5.94992102 0.03222224 0.0295474 ].
2026-07-21 17:19:45,647 - INFO - Maximum log composite likelihood: -597.6172137422.
2026-07-21 17:19:45,647 - INFO - Optimal value of theta: 5741.004150517895.
2026-07-21 17:19:45,647 - INFO - Beginning optimization with guess, [3.4976049  2.80061284 0.054999   0.14897138].
2026-07-21 17:19:50,362 - INFO - Finished optimization with guess, [3.4976049  2.80061284 0.054999   0.14897138].
2026-07-21 17:19:50,363 - INFO - Best fit parameters: [5.41761916 6.01904035 0.0199281  0.0215276 ].
2026-07-21 17:19:50,565 - INFO - Maximum log composite likelihood: -548.0755177979579.
2026-07-21 17:19:50,565 - INFO - Optimal value of theta: 5501.846128407148.
2026-07-21 17:19:50,566 - INFO - Beginning optimization with guess, [2.1716613  5.28974144 0.1884786  0.0794107 ].
2026-07-21 17:19:55,160 - INFO - Finished optimization with guess, [2.1716613  5.28974144 0.1884786  0.0794107 ].
2026-07-21 17:19:55,160 - INFO - Best fit parameters: [0.56509401 6.34916489 0.15545299 0.03798008].
2026-07-21 17:19:55,316 - INFO - Maximum log composite likelihood: -283.28036188215395.
2026-07-21 17:19:55,316 - INFO - Optimal value of theta: 6650.107033811288.
2026-07-21 17:19:55,316 - INFO - Beginning optimization with guess, [6.66975277 2.55047663 0.05921786 0.19728715].
2026-07-21 17:19:59,933 - INFO - Finished optimization with guess, [6.66975277 2.55047663 0.05921786 0.19728715].
2026-07-21 17:19:59,936 - INFO - Best fit parameters: [1.45646472e+01 4.84282501e+00 2.71660891e-02 4.27615997e-03].
2026-07-21 17:20:00,090 - INFO - Maximum log composite likelihood: -428.9400879716115.
2026-07-21 17:20:00,090 - INFO - Optimal value of theta: 5582.867882945785.
2026-07-21 17:20:00,090 - INFO - Beginning optimization with guess, [5.6780309  2.89865608 0.10227961 0.06147723].
2026-07-21 17:20:04,519 - INFO - Finished optimization with guess, [5.6780309  2.89865608 0.10227961 0.06147723].
2026-07-21 17:20:04,522 - INFO - Best fit parameters: [3.46716838e+00 2.56688842e+01 6.87457424e-03 2.09127478e-02].
2026-07-21 17:20:04,671 - INFO - Maximum log composite likelihood: -388.0599332731776.
2026-07-21 17:20:04,672 - INFO - Optimal value of theta: 5667.434099541615.
2026-07-21 17:20:04,672 - INFO - Beginning optimization with guess, [7.88040915 8.96573747 0.05072982 0.05965481].
2026-07-21 17:20:09,023 - INFO - Finished optimization with guess, [7.88040915 8.96573747 0.05072982 0.05965481].
2026-07-21 17:20:09,025 - INFO - Best fit parameters: [ 8.63376391 13.07888352  0.01362314  0.0151583 ].
2026-07-21 17:20:09,162 - INFO - Maximum log composite likelihood: -406.65074000077107.
2026-07-21 17:20:09,162 - INFO - Optimal value of theta: 5662.442520600435.
2026-07-21 17:20:09,162 - INFO - Beginning optimization with guess, [6.83598676 2.53241748 0.11378232 0.05309872].
2026-07-21 17:20:13,414 - INFO - Finished optimization with guess, [6.83598676 2.53241748 0.11378232 0.05309872].
2026-07-21 17:20:13,415 - INFO - Best fit parameters: [6.70768867e+00 2.13460865e+01 9.74200009e-03 1.85870564e-02].
2026-07-21 17:20:13,556 - INFO - Maximum log composite likelihood: -388.90010101450986.
2026-07-21 17:20:13,556 - INFO - Optimal value of theta: 5627.816538628659.
2026-07-21 17:20:13,556 - INFO - Beginning optimization with guess, [8.11375164 2.66791957 0.18734463 0.07013971].
2026-07-21 17:20:18,424 - INFO - Finished optimization with guess, [8.11375164 2.66791957 0.18734463 0.07013971].
2026-07-21 17:20:18,426 - INFO - Best fit parameters: [3.91104867 6.33695336 0.01202397 0.02934101].
2026-07-21 17:20:18,562 - INFO - Maximum log composite likelihood: -531.6817495260641.
2026-07-21 17:20:18,562 - INFO - Optimal value of theta: 5507.641652221705.
2026-07-21 17:20:18,564 - INFO - Converting and interpreting Tau estimates.
2026-07-21 17:20:18,567 - INFO - Finished demographic inference.
2026-07-21 17:20:18,567 - INFO - Pipeline executed succesfully.
