2026-07-16 00:01:07,682 - INFO - Beginning execution of fit_demographic_model.py in directory /u/project/kirk-bigdata/jonmah/sample_size_demography/Scripts

2026-07-16 00:01:07,682 - INFO - Progress is being logged to ../Analysis/tennessen_ooa_390/log.log

2026-07-16 00:01:07,682 - INFO - Parsed the following arguments:
	syn_input_sfs = ../Simulations/tennessen/ooa_390_sfs/dadi/pop1.sfs
	mask_singletons = False
	mask_doubletons = False
	sum_alleles = False
	L_syn = 100000000.0
	model_type = three_epoch
	input_params = []
	outprefix = ../Analysis/tennessen_ooa_390/

2026-07-16 00:01:07,688 - INFO - Beginning demographic inference for three-epoch demographic model.
2026-07-16 00:01:07,690 - INFO - Beginning optimization with guess, [0.01445156 0.01028147 0.0563755  0.09898375].
2026-07-16 00:01:21,634 - INFO - Finished optimization with guess, [0.01445156 0.01028147 0.0563755  0.09898375].
2026-07-16 00:01:21,635 - INFO - Best fit parameters: [0.01090965 0.00561108 0.07148151 0.20044363].
2026-07-16 00:01:23,336 - INFO - Maximum log composite likelihood: -1804.4470844940893.
2026-07-16 00:01:23,336 - INFO - Optimal value of theta: 120776.7177786009.
2026-07-16 00:01:23,337 - INFO - Beginning optimization with guess, [0.01565618 0.02008829 0.16147051 0.09058947].
2026-07-16 00:01:57,933 - INFO - Finished optimization with guess, [0.01565618 0.02008829 0.16147051 0.09058947].
2026-07-16 00:01:57,935 - INFO - Best fit parameters: [0.0100357  0.05398459 0.1630098  0.05231689].
2026-07-16 00:01:59,120 - INFO - Maximum log composite likelihood: -1711.9600742139744.
2026-07-16 00:01:59,120 - INFO - Optimal value of theta: 14624.886965134185.
2026-07-16 00:01:59,121 - INFO - Beginning optimization with guess, [0.0412415  0.06055814 0.1567793  0.08976943].
2026-07-16 00:02:20,932 - INFO - Finished optimization with guess, [0.0412415  0.06055814 0.1567793  0.08976943].
2026-07-16 00:02:20,935 - INFO - Best fit parameters: [0.01880234 0.09305439 0.263343   0.08781719].
2026-07-16 00:02:22,067 - INFO - Maximum log composite likelihood: -1711.7543165155955.
2026-07-16 00:02:22,068 - INFO - Optimal value of theta: 8492.503811493387.
2026-07-16 00:02:22,068 - INFO - Beginning optimization with guess, [0.08506852 0.06548734 0.07383974 0.09475215].
2026-07-16 00:02:40,933 - INFO - Finished optimization with guess, [0.08506852 0.06548734 0.07383974 0.09475215].
2026-07-16 00:02:40,937 - INFO - Best fit parameters: [0.04556905 0.05096328 0.12633933 0.23660938].
2026-07-16 00:02:41,921 - INFO - Maximum log composite likelihood: -1809.5883050479747.
2026-07-16 00:02:41,921 - INFO - Optimal value of theta: 13234.69507461189.
2026-07-16 00:02:41,921 - INFO - Beginning optimization with guess, [0.13033403 0.05662787 0.09336306 0.13058719].
2026-07-16 00:03:01,766 - INFO - Finished optimization with guess, [0.13033403 0.05662787 0.09336306 0.13058719].
2026-07-16 00:03:01,767 - INFO - Best fit parameters: [0.09909524 0.03567228 0.11694733 0.31130728].
2026-07-16 00:03:02,791 - INFO - Maximum log composite likelihood: -1805.220460562039.
2026-07-16 00:03:02,791 - INFO - Optimal value of theta: 18983.950520685725.
2026-07-16 00:03:02,792 - INFO - Beginning optimization with guess, [0.30093912 0.26767337 0.17943347 0.19340577].
2026-07-16 00:03:20,337 - INFO - Finished optimization with guess, [0.30093912 0.26767337 0.17943347 0.19340577].
2026-07-16 00:03:20,340 - INFO - Best fit parameters: [0.14344424 0.60014456 0.28698264 0.29226978].
2026-07-16 00:03:21,221 - INFO - Maximum log composite likelihood: -1686.170347349249.
2026-07-16 00:03:21,221 - INFO - Optimal value of theta: 1354.8638641149325.
2026-07-16 00:03:21,221 - INFO - Beginning optimization with guess, [0.59051072 0.70382093 0.4350925  0.19227646].
2026-07-16 00:03:38,337 - INFO - Finished optimization with guess, [0.59051072 0.70382093 0.4350925  0.19227646].
2026-07-16 00:03:38,344 - INFO - Best fit parameters: [0.50895246 8.10814845 0.2867992  0.03618828].
2026-07-16 00:03:39,183 - INFO - Maximum log composite likelihood: -549.0148891874616.
2026-07-16 00:03:39,183 - INFO - Optimal value of theta: 526.8550845567751.
2026-07-16 00:03:39,184 - INFO - Beginning optimization with guess, [0.44963409 1.34868486 0.08871739 0.07246748].
2026-07-16 00:03:56,139 - INFO - Finished optimization with guess, [0.44963409 1.34868486 0.08871739 0.07246748].
2026-07-16 00:03:56,145 - INFO - Best fit parameters: [0.20100268 9.84295674 0.11124094 0.02279548].
2026-07-16 00:03:56,995 - INFO - Maximum log composite likelihood: -456.8632564791033.
2026-07-16 00:03:56,995 - INFO - Optimal value of theta: 746.3695877283083.
2026-07-16 00:03:56,996 - INFO - Beginning optimization with guess, [0.51231338 1.99499907 0.08507833 0.16349195].
2026-07-16 00:04:13,900 - INFO - Finished optimization with guess, [0.51231338 1.99499907 0.08507833 0.16349195].
2026-07-16 00:04:13,904 - INFO - Best fit parameters: [ 0.26964978 13.60855154  0.0962955   0.02777686].
2026-07-16 00:04:14,745 - INFO - Maximum log composite likelihood: -460.7344259176399.
2026-07-16 00:04:14,745 - INFO - Optimal value of theta: 597.2496892828349.
2026-07-16 00:04:14,745 - INFO - Beginning optimization with guess, [1.17788293 1.68746275 0.06665948 0.13903292].
2026-07-16 00:04:35,786 - INFO - Finished optimization with guess, [1.17788293 1.68746275 0.06665948 0.13903292].
2026-07-16 00:04:35,790 - INFO - Best fit parameters: [1.60531848e-01 4.95309827e+02 9.30659860e-02 9.92545794e-03].
2026-07-16 00:04:36,644 - INFO - Maximum log composite likelihood: -749.4100700592793.
2026-07-16 00:04:36,644 - INFO - Optimal value of theta: 1000.7917759605849.
2026-07-16 00:04:36,644 - INFO - Beginning optimization with guess, [1.3828951  2.64876132 0.05688637 0.11945954].
2026-07-16 00:04:53,374 - INFO - Finished optimization with guess, [1.3828951  2.64876132 0.05688637 0.11945954].
2026-07-16 00:04:53,375 - INFO - Best fit parameters: [ 0.31106738 22.90059208  0.06558348  0.03146585].
2026-07-16 00:04:54,214 - INFO - Maximum log composite likelihood: -489.45430768665966.
2026-07-16 00:04:54,214 - INFO - Optimal value of theta: 498.9177327072536.
2026-07-16 00:04:54,215 - INFO - Beginning optimization with guess, [1.74072176 2.6792312  0.08495309 0.09210532].
2026-07-16 00:05:10,960 - INFO - Finished optimization with guess, [1.74072176 2.6792312  0.08495309 0.09210532].
2026-07-16 00:05:10,962 - INFO - Best fit parameters: [ 0.28092247 28.30392824  0.08343535  0.03082088].
2026-07-16 00:05:11,813 - INFO - Maximum log composite likelihood: -520.9271014223133.
2026-07-16 00:05:11,813 - INFO - Optimal value of theta: 515.0146028532153.
2026-07-16 00:05:11,813 - INFO - Beginning optimization with guess, [2.20979796 2.87633712 0.07686147 0.14126577].
2026-07-16 00:05:28,548 - INFO - Finished optimization with guess, [2.20979796 2.87633712 0.07686147 0.14126577].
2026-07-16 00:05:28,549 - INFO - Best fit parameters: [ 1.00286559 17.60598916  0.04930243  0.03011329].
2026-07-16 00:05:29,379 - INFO - Maximum log composite likelihood: -597.4082029234506.
2026-07-16 00:05:29,380 - INFO - Optimal value of theta: 406.57508976968586.
2026-07-16 00:05:29,380 - INFO - Beginning optimization with guess, [3.66679577 2.17710737 0.11422684 0.07175574].
2026-07-16 00:05:46,077 - INFO - Finished optimization with guess, [3.66679577 2.17710737 0.11422684 0.07175574].
2026-07-16 00:05:46,078 - INFO - Best fit parameters: [1.01057031e+00 3.22901682e+01 2.69265057e-02 2.88005142e-02].
2026-07-16 00:05:46,900 - INFO - Maximum log composite likelihood: -567.3729010962495.
2026-07-16 00:05:46,900 - INFO - Optimal value of theta: 393.01761543033774.
2026-07-16 00:05:46,900 - INFO - Beginning optimization with guess, [1.7481527  4.09054081 0.14401961 0.05408542].
2026-07-16 00:06:03,531 - INFO - Finished optimization with guess, [1.7481527  4.09054081 0.14401961 0.05408542].
2026-07-16 00:06:03,534 - INFO - Best fit parameters: [ 0.3497073  14.29113833  0.10579641  0.02246046].
2026-07-16 00:06:04,381 - INFO - Maximum log composite likelihood: -469.2845961111722.
2026-07-16 00:06:04,381 - INFO - Optimal value of theta: 610.7346798970106.
2026-07-16 00:06:04,381 - INFO - Beginning optimization with guess, [2.87286285 1.43806456 0.15121462 0.05311138].
2026-07-16 00:06:25,264 - INFO - Finished optimization with guess, [2.87286285 1.43806456 0.15121462 0.05311138].
2026-07-16 00:06:25,269 - INFO - Best fit parameters: [ 0.4744703  25.12958689  0.06313303  0.0289351 ].
2026-07-16 00:06:26,114 - INFO - Maximum log composite likelihood: -498.5791478054503.
2026-07-16 00:06:26,114 - INFO - Optimal value of theta: 469.3218833732392.
2026-07-16 00:06:26,114 - INFO - Beginning optimization with guess, [5.40721169 1.74754215 0.07332991 0.05213584].
2026-07-16 00:06:42,775 - INFO - Finished optimization with guess, [5.40721169 1.74754215 0.07332991 0.05213584].
2026-07-16 00:06:42,777 - INFO - Best fit parameters: [5.25338894e+00 2.21168218e+01 1.64366217e-02 1.87107977e-02].
2026-07-16 00:06:43,615 - INFO - Maximum log composite likelihood: -594.997956490786.
2026-07-16 00:06:43,615 - INFO - Optimal value of theta: 396.08653382909444.
2026-07-16 00:06:43,616 - INFO - Beginning optimization with guess, [4.63454902 3.90356466 0.14703964 0.06519676].
2026-07-16 00:07:00,297 - INFO - Finished optimization with guess, [4.63454902 3.90356466 0.14703964 0.06519676].
2026-07-16 00:07:00,302 - INFO - Best fit parameters: [1.40112023e+00 2.82554821e+01 2.14688493e-02 2.77069810e-02].
2026-07-16 00:07:01,143 - INFO - Maximum log composite likelihood: -581.6955560431919.
2026-07-16 00:07:01,143 - INFO - Optimal value of theta: 385.7133466493388.
2026-07-16 00:07:01,143 - INFO - Beginning optimization with guess, [2.77679173 4.96807858 0.19371307 0.19710109].
2026-07-16 00:07:17,916 - INFO - Finished optimization with guess, [2.77679173 4.96807858 0.19371307 0.19710109].
2026-07-16 00:07:17,917 - INFO - Best fit parameters: [ 0.58497339 18.15473057  0.09183906  0.0236173 ].
2026-07-16 00:07:18,736 - INFO - Maximum log composite likelihood: -518.0156901625654.
2026-07-16 00:07:18,736 - INFO - Optimal value of theta: 505.451650306921.
2026-07-16 00:07:18,736 - INFO - Beginning optimization with guess, [4.04876457 4.74416249 0.13509093 0.10932999].
2026-07-16 00:07:35,465 - INFO - Finished optimization with guess, [4.04876457 4.74416249 0.13509093 0.10932999].
2026-07-16 00:07:35,466 - INFO - Best fit parameters: [ 1.47034508 15.16803522  0.04941088  0.02485633].
2026-07-16 00:07:36,305 - INFO - Maximum log composite likelihood: -661.0916907409381.
2026-07-16 00:07:36,305 - INFO - Optimal value of theta: 404.3013990315496.
2026-07-16 00:07:36,305 - INFO - Beginning optimization with guess, [4.06839724 5.76492199 0.05390181 0.1360342 ].
2026-07-16 00:07:52,971 - INFO - Finished optimization with guess, [4.06839724 5.76492199 0.05390181 0.1360342 ].
2026-07-16 00:07:52,978 - INFO - Best fit parameters: [2.31940779e+00 4.07512336e+01 1.22882035e-02 2.49388918e-02].
2026-07-16 00:07:53,817 - INFO - Maximum log composite likelihood: -570.1622555445441.
2026-07-16 00:07:53,817 - INFO - Optimal value of theta: 381.82138916225574.
2026-07-16 00:07:53,817 - INFO - Beginning optimization with guess, [4.21124409 5.68096944 0.17391286 0.1766766 ].
2026-07-16 00:08:10,637 - INFO - Finished optimization with guess, [4.21124409 5.68096944 0.17391286 0.1766766 ].
2026-07-16 00:08:10,638 - INFO - Best fit parameters: [ 1.12048584 18.20444253  0.04372864  0.02433714].
2026-07-16 00:08:11,497 - INFO - Maximum log composite likelihood: -615.0738108301642.
2026-07-16 00:08:11,497 - INFO - Optimal value of theta: 424.05956999761383.
2026-07-16 00:08:11,497 - INFO - Beginning optimization with guess, [3.75412115 8.4753204  0.17123227 0.07772672].
2026-07-16 00:08:28,288 - INFO - Finished optimization with guess, [3.75412115 8.4753204  0.17123227 0.07772672].
2026-07-16 00:08:28,294 - INFO - Best fit parameters: [2.36781390e-01 4.33113360e+01 9.38566120e-02 2.78633804e-02].
2026-07-16 00:08:29,144 - INFO - Maximum log composite likelihood: -602.6142115733901.
2026-07-16 00:08:29,144 - INFO - Optimal value of theta: 552.9005036620221.
2026-07-16 00:08:29,144 - INFO - Beginning optimization with guess, [2.64137934 3.75324503 0.17872266 0.06239261].
2026-07-16 00:08:45,916 - INFO - Finished optimization with guess, [2.64137934 3.75324503 0.17872266 0.06239261].
2026-07-16 00:08:45,919 - INFO - Best fit parameters: [4.04287764e-01 2.02427413e+01 8.91096230e-02 1.71983998e-02].
2026-07-16 00:08:46,750 - INFO - Maximum log composite likelihood: -519.8523579743743.
2026-07-16 00:08:46,750 - INFO - Optimal value of theta: 621.2416124519702.
2026-07-16 00:08:46,750 - INFO - Beginning optimization with guess, [4.45635114 5.26218361 0.13872674 0.10474346].
2026-07-16 00:09:03,455 - INFO - Finished optimization with guess, [4.45635114 5.26218361 0.13872674 0.10474346].
2026-07-16 00:09:03,456 - INFO - Best fit parameters: [ 1.60090802 15.04566657  0.04890381  0.02369989].
2026-07-16 00:09:04,301 - INFO - Maximum log composite likelihood: -671.2575969864937.
2026-07-16 00:09:04,301 - INFO - Optimal value of theta: 402.77706865037464.
2026-07-16 00:09:04,305 - INFO - Converting and interpreting Tau estimates.
2026-07-16 00:09:04,310 - INFO - Finished demographic inference.
2026-07-16 00:09:04,310 - INFO - Pipeline executed succesfully.
