2026-07-21 10:25:27,195 - INFO - Beginning execution of fit_demographic_model.py in directory /u/project/kirk-bigdata/jonmah/sample_size_demography/Scripts

2026-07-21 10:25:27,195 - INFO - Progress is being logged to ../Analysis/tennessen_ooa_450/log.log

2026-07-21 10:25:27,195 - INFO - Parsed the following arguments:
	syn_input_sfs = ../Simulations/tennessen/ooa_450_sfs/dadi/pop1.sfs
	mask_singletons = False
	mask_doubletons = False
	sum_alleles = False
	L_syn = 100000000.0
	model_type = two_epoch
	input_params = []
	outprefix = ../Analysis/tennessen_ooa_450/

2026-07-21 10:25:27,208 - INFO - Beginning demographic inference for two-epoch demographic model.
2026-07-21 10:25:27,219 - INFO - Beginning optimization with guess, [0.01096042 0.1793918 ].
2026-07-21 10:25:39,188 - INFO - Finished optimization with guess, [0.01096042 0.1793918 ].
2026-07-21 10:25:39,189 - INFO - Best fit parameters: [0.00550014 0.37012527].
2026-07-21 10:25:41,386 - INFO - Maximum log composite likelihood: -2057.401038038217.
2026-07-21 10:25:41,387 - INFO - Optimal value of theta: 128067.0742431065.
2026-07-21 10:25:41,387 - INFO - Beginning optimization with guess, [0.02742917 0.1588607 ].
2026-07-21 10:26:08,683 - INFO - Finished optimization with guess, [0.02742917 0.1588607 ].
2026-07-21 10:26:08,685 - INFO - Best fit parameters: [0.01451264 0.34351573].
2026-07-21 10:26:10,302 - INFO - Maximum log composite likelihood: -2057.401040198565.
2026-07-21 10:26:10,303 - INFO - Optimal value of theta: 48536.07500878003.
2026-07-21 10:26:10,303 - INFO - Beginning optimization with guess, [0.07668158 0.11740112].
2026-07-21 10:26:24,739 - INFO - Finished optimization with guess, [0.07668158 0.11740112].
2026-07-21 10:26:24,741 - INFO - Best fit parameters: [0.04826736 0.37638111].
2026-07-21 10:26:26,037 - INFO - Maximum log composite likelihood: -2062.1427574467725.
2026-07-21 10:26:26,037 - INFO - Optimal value of theta: 14540.01640995413.
2026-07-21 10:26:26,037 - INFO - Beginning optimization with guess, [0.06271208 0.13243086].
2026-07-21 10:26:40,752 - INFO - Finished optimization with guess, [0.06271208 0.13243086].
2026-07-21 10:26:40,753 - INFO - Best fit parameters: [0.03729493 0.35407588].
2026-07-21 10:26:42,036 - INFO - Maximum log composite likelihood: -2058.5389325559436.
2026-07-21 10:26:42,037 - INFO - Optimal value of theta: 18870.227700434567.
2026-07-21 10:26:42,037 - INFO - Beginning optimization with guess, [0.05503993 0.16553653].
2026-07-21 10:27:01,288 - INFO - Finished optimization with guess, [0.05503993 0.16553653].
2026-07-21 10:27:01,289 - INFO - Best fit parameters: [0.03157394 0.38821762].
2026-07-21 10:27:02,654 - INFO - Maximum log composite likelihood: -2057.4834932419917.
2026-07-21 10:27:02,655 - INFO - Optimal value of theta: 22307.683376130288.
2026-07-21 10:27:02,655 - INFO - Beginning optimization with guess, [0.24310438 0.08223126].
2026-07-21 10:27:15,937 - INFO - Finished optimization with guess, [0.24310438 0.08223126].
2026-07-21 10:27:15,938 - INFO - Best fit parameters: [29.38331708  0.06432337].
2026-07-21 10:27:17,006 - INFO - Maximum log composite likelihood: -765.1712825941852.
2026-07-21 10:27:17,006 - INFO - Optimal value of theta: 279.8181319323637.
2026-07-21 10:27:17,007 - INFO - Beginning optimization with guess, [0.55397958 0.15121251].
2026-07-21 10:27:29,821 - INFO - Finished optimization with guess, [0.55397958 0.15121251].
2026-07-21 10:27:29,822 - INFO - Best fit parameters: [4.40006259e+01 3.60609001e-02].
2026-07-21 10:27:30,776 - INFO - Maximum log composite likelihood: -635.7126343827168.
2026-07-21 10:27:30,776 - INFO - Optimal value of theta: 348.43937029128335.
2026-07-21 10:27:30,777 - INFO - Beginning optimization with guess, [0.38893427 0.09287831].
2026-07-21 10:27:43,817 - INFO - Finished optimization with guess, [0.38893427 0.09287831].
2026-07-21 10:27:43,818 - INFO - Best fit parameters: [35.1700478   0.03571063].
2026-07-21 10:27:44,779 - INFO - Maximum log composite likelihood: -629.4210314565944.
2026-07-21 10:27:44,779 - INFO - Optimal value of theta: 356.2623131936101.
2026-07-21 10:27:44,779 - INFO - Beginning optimization with guess, [1.83904081 0.13453555].
2026-07-21 10:27:57,824 - INFO - Finished optimization with guess, [1.83904081 0.13453555].
2026-07-21 10:27:57,825 - INFO - Best fit parameters: [7.94626395e+01 1.88207546e-02].
2026-07-21 10:27:59,136 - INFO - Maximum log composite likelihood: -631.6744850818699.
2026-07-21 10:27:59,136 - INFO - Optimal value of theta: 441.54280959209353.
2026-07-21 10:27:59,136 - INFO - Beginning optimization with guess, [2.24745835 0.07366836].
2026-07-21 10:28:12,735 - INFO - Finished optimization with guess, [2.24745835 0.07366836].
2026-07-21 10:28:12,736 - INFO - Best fit parameters: [29.38245784  0.02959369].
2026-07-21 10:28:13,928 - INFO - Maximum log composite likelihood: -616.9364177027301.
2026-07-21 10:28:13,928 - INFO - Optimal value of theta: 390.0150484353012.
2026-07-21 10:28:13,929 - INFO - Beginning optimization with guess, [1.83226918 0.10057333].
2026-07-21 10:28:27,293 - INFO - Finished optimization with guess, [1.83226918 0.10057333].
2026-07-21 10:28:27,294 - INFO - Best fit parameters: [2.95707257e+01 2.75256570e-02].
2026-07-21 10:28:28,298 - INFO - Maximum log composite likelihood: -616.1349301197158.
2026-07-21 10:28:28,298 - INFO - Optimal value of theta: 400.6264814345408.
2026-07-21 10:28:28,299 - INFO - Beginning optimization with guess, [0.95021611 0.18077553].
2026-07-21 10:28:40,611 - INFO - Finished optimization with guess, [0.95021611 0.18077553].
2026-07-21 10:28:40,613 - INFO - Best fit parameters: [5.96678830e+01 2.26827298e-02].
2026-07-21 10:28:41,497 - INFO - Maximum log composite likelihood: -614.7024099102156.
2026-07-21 10:28:41,497 - INFO - Optimal value of theta: 415.4782581495083.
2026-07-21 10:28:41,497 - INFO - Beginning optimization with guess, [1.66375681 0.06630785].
2026-07-21 10:28:53,960 - INFO - Finished optimization with guess, [1.66375681 0.06630785].
2026-07-21 10:28:53,962 - INFO - Best fit parameters: [26.98961963  0.03052841].
2026-07-21 10:28:55,049 - INFO - Maximum log composite likelihood: -620.5997617051486.
2026-07-21 10:28:55,050 - INFO - Optimal value of theta: 388.16556606531867.
2026-07-21 10:28:55,050 - INFO - Beginning optimization with guess, [2.81299974 0.12758105].
2026-07-21 10:29:07,221 - INFO - Finished optimization with guess, [2.81299974 0.12758105].
2026-07-21 10:29:07,222 - INFO - Best fit parameters: [13.08368618  0.02612139].
2026-07-21 10:29:08,318 - INFO - Maximum log composite likelihood: -696.6884938696339.
2026-07-21 10:29:08,319 - INFO - Optimal value of theta: 439.847144280673.
2026-07-21 10:29:08,319 - INFO - Beginning optimization with guess, [2.42839008 0.11911511].
2026-07-21 10:29:20,958 - INFO - Finished optimization with guess, [2.42839008 0.11911511].
2026-07-21 10:29:20,958 - INFO - Best fit parameters: [24.71765797  0.02644915].
2026-07-21 10:29:22,050 - INFO - Maximum log composite likelihood: -625.3967968524984.
2026-07-21 10:29:22,050 - INFO - Optimal value of theta: 412.0951700499571.
2026-07-21 10:29:22,050 - INFO - Beginning optimization with guess, [3.47967126 0.05002241].
2026-07-21 10:29:37,375 - INFO - Finished optimization with guess, [3.47967126 0.05002241].
2026-07-21 10:29:37,376 - INFO - Best fit parameters: [16.78349444  0.0517922 ].
2026-07-21 10:29:38,335 - INFO - Maximum log composite likelihood: -708.5372377825914.
2026-07-21 10:29:38,335 - INFO - Optimal value of theta: 336.8907867010992.
2026-07-21 10:29:38,336 - INFO - Beginning optimization with guess, [5.08251001 0.09073534].
2026-07-21 10:29:51,520 - INFO - Finished optimization with guess, [5.08251001 0.09073534].
2026-07-21 10:29:51,521 - INFO - Best fit parameters: [33.81867748  0.03623608].
2026-07-21 10:29:52,836 - INFO - Maximum log composite likelihood: -630.9668751789189.
2026-07-21 10:29:52,836 - INFO - Optimal value of theta: 355.2905963995886.
2026-07-21 10:29:52,837 - INFO - Beginning optimization with guess, [3.99484951 0.07810386].
2026-07-21 10:30:06,276 - INFO - Finished optimization with guess, [3.99484951 0.07810386].
2026-07-21 10:30:06,277 - INFO - Best fit parameters: [1.28997386e+02 2.51956850e-02].
2026-07-21 10:30:07,366 - INFO - Maximum log composite likelihood: -634.2043350168417.
2026-07-21 10:30:07,366 - INFO - Optimal value of theta: 389.71646906530685.
2026-07-21 10:30:07,367 - INFO - Beginning optimization with guess, [4.19991177 0.17781136].
2026-07-21 10:30:20,332 - INFO - Finished optimization with guess, [4.19991177 0.17781136].
2026-07-21 10:30:20,334 - INFO - Best fit parameters: [3.49576758e+01 2.68378197e-02].
2026-07-21 10:30:21,291 - INFO - Maximum log composite likelihood: -612.0548987604141.
2026-07-21 10:30:21,291 - INFO - Optimal value of theta: 399.8251201018548.
2026-07-21 10:30:21,292 - INFO - Beginning optimization with guess, [4.30073599 0.11434691].
2026-07-21 10:30:34,322 - INFO - Finished optimization with guess, [4.30073599 0.11434691].
2026-07-21 10:30:34,324 - INFO - Best fit parameters: [3.27981392e+01 2.83267112e-02].
2026-07-21 10:30:35,410 - INFO - Maximum log composite likelihood: -613.4411406869482.
2026-07-21 10:30:35,411 - INFO - Optimal value of theta: 393.3378994172491.
2026-07-21 10:30:35,411 - INFO - Beginning optimization with guess, [2.3721831  0.17599905].
2026-07-21 10:30:47,361 - INFO - Finished optimization with guess, [2.3721831  0.17599905].
2026-07-21 10:30:47,362 - INFO - Best fit parameters: [4.17940492e+01 1.53118236e-02].
2026-07-21 10:30:48,357 - INFO - Maximum log composite likelihood: -680.1188579682854.
2026-07-21 10:30:48,357 - INFO - Optimal value of theta: 480.10463124650136.
2026-07-21 10:30:48,357 - INFO - Beginning optimization with guess, [2.73119686 0.05883293].
2026-07-21 10:31:01,219 - INFO - Finished optimization with guess, [2.73119686 0.05883293].
2026-07-21 10:31:01,219 - INFO - Best fit parameters: [3.32050002e+01 3.19315069e-02].
2026-07-21 10:31:02,372 - INFO - Maximum log composite likelihood: -618.2956321787884.
2026-07-21 10:31:02,373 - INFO - Optimal value of theta: 374.8747821691084.
2026-07-21 10:31:02,374 - INFO - Beginning optimization with guess, [7.46986085 0.07727103].
2026-07-21 10:31:15,799 - INFO - Finished optimization with guess, [7.46986085 0.07727103].
2026-07-21 10:31:15,800 - INFO - Best fit parameters: [3.67887404e+01 2.77757742e-02].
2026-07-21 10:31:16,890 - INFO - Maximum log composite likelihood: -611.4846957385034.
2026-07-21 10:31:16,890 - INFO - Optimal value of theta: 393.27580739924355.
2026-07-21 10:31:16,891 - INFO - Beginning optimization with guess, [8.54231152 0.17740697].
2026-07-21 10:31:31,033 - INFO - Finished optimization with guess, [8.54231152 0.17740697].
2026-07-21 10:31:31,035 - INFO - Best fit parameters: [2.78532397e+01 2.70118630e-02].
2026-07-21 10:31:32,125 - INFO - Maximum log composite likelihood: -618.6907392826729.
2026-07-21 10:31:32,126 - INFO - Optimal value of theta: 405.2251770016409.
2026-07-21 10:31:32,126 - INFO - Beginning optimization with guess, [7.13654023 0.07952826].
2026-07-21 10:31:46,204 - INFO - Finished optimization with guess, [7.13654023 0.07952826].
2026-07-21 10:31:46,205 - INFO - Best fit parameters: [3.68445300e+01 2.76240828e-02].
2026-07-21 10:31:47,372 - INFO - Maximum log composite likelihood: -611.3992440876737.
2026-07-21 10:31:47,372 - INFO - Optimal value of theta: 394.0770520906716.
2026-07-21 10:31:47,376 - INFO - Converting and interpreting Tau estimates.
2026-07-21 10:31:47,383 - INFO - Finished demographic inference.
2026-07-21 10:31:47,383 - INFO - Pipeline executed succesfully.
