2026-07-16 00:01:05,660 - INFO - Beginning execution of fit_demographic_model.py in directory /u/project/kirk-bigdata/jonmah/sample_size_demography/Scripts

2026-07-16 00:01:05,660 - INFO - Progress is being logged to ../Analysis/tennessen_ooa_180/log.log

2026-07-16 00:01:05,660 - INFO - Parsed the following arguments:
	syn_input_sfs = ../Simulations/tennessen/ooa_180_sfs/dadi/pop1.sfs
	mask_singletons = False
	mask_doubletons = False
	sum_alleles = False
	L_syn = 100000000.0
	model_type = three_epoch
	input_params = []
	outprefix = ../Analysis/tennessen_ooa_180/

2026-07-16 00:01:05,666 - INFO - Beginning demographic inference for three-epoch demographic model.
2026-07-16 00:01:05,673 - INFO - Beginning optimization with guess, [0.00630522 0.00749427 0.139194   0.15685042].
2026-07-16 00:01:08,264 - INFO - Finished optimization with guess, [0.00630522 0.00749427 0.139194   0.15685042].
2026-07-16 00:01:08,265 - INFO - Best fit parameters: [0.00630522 0.00749427 0.139194   0.15685042].
2026-07-16 00:01:08,782 - INFO - Maximum log composite likelihood: -715.3431072324091.
2026-07-16 00:01:08,783 - INFO - Optimal value of theta: 71997.6326228515.
2026-07-16 00:01:08,783 - INFO - Beginning optimization with guess, [0.04717728 0.03321677 0.1258587  0.16829211].
2026-07-16 00:01:21,490 - INFO - Finished optimization with guess, [0.04717728 0.03321677 0.1258587  0.16829211].
2026-07-16 00:01:21,492 - INFO - Best fit parameters: [0.03208768 0.01983676 0.17127884 0.34279296].
2026-07-16 00:01:21,830 - INFO - Maximum log composite likelihood: -715.3431095783048.
2026-07-16 00:01:21,831 - INFO - Optimal value of theta: 27200.492262948555.
2026-07-16 00:01:21,831 - INFO - Beginning optimization with guess, [0.05226913 0.06143551 0.05758745 0.09817019].
2026-07-16 00:01:25,667 - INFO - Finished optimization with guess, [0.05226913 0.06143551 0.05758745 0.09817019].
2026-07-16 00:01:25,668 - INFO - Best fit parameters: [0.0290729  0.05163757 0.09763208 0.19938309].
2026-07-16 00:01:25,872 - INFO - Maximum log composite likelihood: -715.7489976130533.
2026-07-16 00:01:25,872 - INFO - Optimal value of theta: 10423.956316549633.
2026-07-16 00:01:25,873 - INFO - Beginning optimization with guess, [0.08010091 0.05316575 0.14359489 0.1409399 ].
2026-07-16 00:01:31,782 - INFO - Finished optimization with guess, [0.08010091 0.05316575 0.14359489 0.1409399 ].
2026-07-16 00:01:31,783 - INFO - Best fit parameters: [0.04824313 0.03679014 0.21505903 0.28745427].
2026-07-16 00:01:32,035 - INFO - Maximum log composite likelihood: -715.3644090556139.
2026-07-16 00:01:32,035 - INFO - Optimal value of theta: 14664.24875321769.
2026-07-16 00:01:32,035 - INFO - Beginning optimization with guess, [0.08005116 0.0722615  0.07978807 0.1070154 ].
2026-07-16 00:01:35,866 - INFO - Finished optimization with guess, [0.08005116 0.0722615  0.07978807 0.1070154 ].
2026-07-16 00:01:35,867 - INFO - Best fit parameters: [0.04076539 0.06329227 0.14130916 0.23241049].
2026-07-16 00:01:36,073 - INFO - Maximum log composite likelihood: -715.6078822851571.
2026-07-16 00:01:36,073 - INFO - Optimal value of theta: 8511.516702447117.
2026-07-16 00:01:36,073 - INFO - Beginning optimization with guess, [0.19072405 0.43136342 0.0912612  0.15771635].
2026-07-16 00:01:41,265 - INFO - Finished optimization with guess, [0.19072405 0.43136342 0.0912612  0.15771635].
2026-07-16 00:01:41,267 - INFO - Best fit parameters: [0.23273743 3.06263993 0.05991296 0.0326001 ].
2026-07-16 00:01:41,412 - INFO - Maximum log composite likelihood: -288.6345425453972.
2026-07-16 00:01:41,412 - INFO - Optimal value of theta: 614.4853965578686.
2026-07-16 00:01:41,413 - INFO - Beginning optimization with guess, [0.43932717 0.25693614 0.26020925 0.05912733].
2026-07-16 00:01:44,525 - INFO - Finished optimization with guess, [0.43932717 0.25693614 0.26020925 0.05912733].
2026-07-16 00:01:44,526 - INFO - Best fit parameters: [0.20776616 1.11009132 0.31569938 0.04238048].
2026-07-16 00:01:44,682 - INFO - Maximum log composite likelihood: -458.5597043599186.
2026-07-16 00:01:44,682 - INFO - Optimal value of theta: 1031.468096909235.
2026-07-16 00:01:44,682 - INFO - Beginning optimization with guess, [0.46027119 1.02451647 0.08813759 0.07199692].
2026-07-16 00:01:48,346 - INFO - Finished optimization with guess, [0.46027119 1.02451647 0.08813759 0.07199692].
2026-07-16 00:01:48,348 - INFO - Best fit parameters: [0.20463842 6.02214993 0.09967578 0.02567715].
2026-07-16 00:01:48,524 - INFO - Maximum log composite likelihood: -247.22516817605614.
2026-07-16 00:01:48,524 - INFO - Optimal value of theta: 706.8144993727246.
2026-07-16 00:01:48,524 - INFO - Beginning optimization with guess, [0.73641124 0.85630119 0.10342787 0.07859726].
2026-07-16 00:01:51,917 - INFO - Finished optimization with guess, [0.73641124 0.85630119 0.10342787 0.07859726].
2026-07-16 00:01:51,918 - INFO - Best fit parameters: [ 0.27761478 11.40349082  0.08962313  0.01873453].
2026-07-16 00:01:52,086 - INFO - Maximum log composite likelihood: -270.7440322159875.
2026-07-16 00:01:52,087 - INFO - Optimal value of theta: 658.6814547706799.
2026-07-16 00:01:52,087 - INFO - Beginning optimization with guess, [1.69962466 1.24480308 0.06165354 0.10242172].
2026-07-16 00:01:55,962 - INFO - Finished optimization with guess, [1.69962466 1.24480308 0.06165354 0.10242172].
2026-07-16 00:01:55,964 - INFO - Best fit parameters: [2.23791497e-01 3.51097161e+01 4.99446011e-02 2.76203447e-02].
2026-07-16 00:01:56,108 - INFO - Maximum log composite likelihood: -297.15105274762305.
2026-07-16 00:01:56,108 - INFO - Optimal value of theta: 546.6790309048178.
2026-07-16 00:01:56,109 - INFO - Beginning optimization with guess, [0.90760601 1.11702154 0.14516269 0.0689529 ].
2026-07-16 00:01:58,959 - INFO - Finished optimization with guess, [0.90760601 1.11702154 0.14516269 0.0689529 ].
2026-07-16 00:01:58,959 - INFO - Best fit parameters: [ 0.24661712 10.18585443  0.10776208  0.01554427].
2026-07-16 00:01:59,103 - INFO - Maximum log composite likelihood: -278.7896558752804.
2026-07-16 00:01:59,103 - INFO - Optimal value of theta: 751.1581398666115.
2026-07-16 00:01:59,103 - INFO - Beginning optimization with guess, [3.14294217 1.98988123 0.11240896 0.09471823].
2026-07-16 00:02:01,862 - INFO - Finished optimization with guess, [3.14294217 1.98988123 0.11240896 0.09471823].
2026-07-16 00:02:01,866 - INFO - Best fit parameters: [4.36088150e-01 1.45006615e+01 1.26007825e-02 3.13398555e-02].
2026-07-16 00:02:02,004 - INFO - Maximum log composite likelihood: -351.0480290238845.
2026-07-16 00:02:02,005 - INFO - Optimal value of theta: 422.1081821121559.
2026-07-16 00:02:02,005 - INFO - Beginning optimization with guess, [3.63117001 2.0405277  0.13049454 0.05640119].
2026-07-16 00:02:04,748 - INFO - Finished optimization with guess, [3.63117001 2.0405277  0.13049454 0.05640119].
2026-07-16 00:02:04,748 - INFO - Best fit parameters: [ 0.9568078  12.30950672  0.02236092  0.02567309].
2026-07-16 00:02:04,886 - INFO - Maximum log composite likelihood: -378.4686708300728.
2026-07-16 00:02:04,886 - INFO - Optimal value of theta: 412.2118026641494.
2026-07-16 00:02:04,886 - INFO - Beginning optimization with guess, [4.19515907 3.65135413 0.16622124 0.05479744].
2026-07-16 00:02:07,620 - INFO - Finished optimization with guess, [4.19515907 3.65135413 0.16622124 0.05479744].
2026-07-16 00:02:07,621 - INFO - Best fit parameters: [ 0.70155697 16.32435367  0.0234539   0.02896917].
2026-07-16 00:02:07,757 - INFO - Maximum log composite likelihood: -357.12198942950977.
2026-07-16 00:02:07,757 - INFO - Optimal value of theta: 412.95954065046993.
2026-07-16 00:02:07,757 - INFO - Beginning optimization with guess, [1.95638973 1.79432512 0.0501463  0.11330867].
2026-07-16 00:02:11,176 - INFO - Finished optimization with guess, [1.95638973 1.79432512 0.0501463  0.11330867].
2026-07-16 00:02:11,176 - INFO - Best fit parameters: [4.52501336e-01 8.61939681e+01 1.68006589e-02 2.40889928e-02].
2026-07-16 00:02:11,313 - INFO - Maximum log composite likelihood: -349.7653972496146.
2026-07-16 00:02:11,313 - INFO - Optimal value of theta: 439.57148337728717.
2026-07-16 00:02:11,313 - INFO - Beginning optimization with guess, [4.17955992 2.70242886 0.08189872 0.12439378].
2026-07-16 00:02:14,050 - INFO - Finished optimization with guess, [4.17955992 2.70242886 0.08189872 0.12439378].
2026-07-16 00:02:14,052 - INFO - Best fit parameters: [1.01953224 4.17101086 0.00584414 0.00852192].
2026-07-16 00:02:14,189 - INFO - Maximum log composite likelihood: -526.0800092559464.
2026-07-16 00:02:14,189 - INFO - Optimal value of theta: 495.7885017644239.
2026-07-16 00:02:14,189 - INFO - Beginning optimization with guess, [4.40079676 5.8880692  0.06880168 0.0725286 ].
2026-07-16 00:02:16,927 - INFO - Finished optimization with guess, [4.40079676 5.8880692  0.06880168 0.0725286 ].
2026-07-16 00:02:16,927 - INFO - Best fit parameters: [ 2.83672073 12.13620849  0.0135171   0.01696625].
2026-07-16 00:02:17,064 - INFO - Maximum log composite likelihood: -385.77698882326524.
2026-07-16 00:02:17,064 - INFO - Optimal value of theta: 410.49239037049824.
2026-07-16 00:02:17,064 - INFO - Beginning optimization with guess, [6.21741806 3.79106404 0.16265235 0.09836211].
2026-07-16 00:02:19,799 - INFO - Finished optimization with guess, [6.21741806 3.79106404 0.16265235 0.09836211].
2026-07-16 00:02:19,801 - INFO - Best fit parameters: [1.98521135e+00 1.03005674e+01 7.36773043e-03 2.58498213e-02].
2026-07-16 00:02:19,937 - INFO - Maximum log composite likelihood: -386.1136317472654.
2026-07-16 00:02:19,937 - INFO - Optimal value of theta: 401.41932174716914.
2026-07-16 00:02:19,937 - INFO - Beginning optimization with guess, [3.49706301 4.49166423 0.17667433 0.16999289].
2026-07-16 00:02:22,692 - INFO - Finished optimization with guess, [3.49706301 4.49166423 0.17667433 0.16999289].
2026-07-16 00:02:22,692 - INFO - Best fit parameters: [0.18119291 3.0745193  0.05340992 0.029806  ].
2026-07-16 00:02:22,831 - INFO - Maximum log composite likelihood: -276.27552511891395.
2026-07-16 00:02:22,831 - INFO - Optimal value of theta: 661.4637426439307.
2026-07-16 00:02:22,831 - INFO - Beginning optimization with guess, [1.9034795  5.79667809 0.0966159  0.16636174].
2026-07-16 00:02:25,627 - INFO - Finished optimization with guess, [1.9034795  5.79667809 0.0966159  0.16636174].
2026-07-16 00:02:25,628 - INFO - Best fit parameters: [0.33089802 4.56677853 0.08156889 0.02914062].
2026-07-16 00:02:25,768 - INFO - Maximum log composite likelihood: -281.363272229071.
2026-07-16 00:02:25,768 - INFO - Optimal value of theta: 574.2038892109238.
2026-07-16 00:02:25,768 - INFO - Beginning optimization with guess, [6.68378705 3.85806081 0.10765144 0.06502738].
2026-07-16 00:02:28,503 - INFO - Finished optimization with guess, [6.68378705 3.85806081 0.10765144 0.06502738].
2026-07-16 00:02:28,503 - INFO - Best fit parameters: [ 5.39936167 12.05361079  0.01227376  0.01525081].
2026-07-16 00:02:28,640 - INFO - Maximum log composite likelihood: -380.64932967018956.
2026-07-16 00:02:28,640 - INFO - Optimal value of theta: 408.93020737460233.
2026-07-16 00:02:28,640 - INFO - Beginning optimization with guess, [4.89953872 4.77412648 0.09399381 0.1840616 ].
2026-07-16 00:02:31,469 - INFO - Finished optimization with guess, [4.89953872 4.77412648 0.09399381 0.1840616 ].
2026-07-16 00:02:31,470 - INFO - Best fit parameters: [2.32483653 5.19357292 0.0148725  0.00867847].
2026-07-16 00:02:31,613 - INFO - Maximum log composite likelihood: -450.318282254873.
2026-07-16 00:02:31,613 - INFO - Optimal value of theta: 455.4252334926776.
2026-07-16 00:02:31,613 - INFO - Beginning optimization with guess, [6.49663574 8.85744156 0.13932247 0.09559362].
2026-07-16 00:02:34,471 - INFO - Finished optimization with guess, [6.49663574 8.85744156 0.13932247 0.09559362].
2026-07-16 00:02:34,471 - INFO - Best fit parameters: [ 3.00762023 10.00882271  0.01529849  0.01669414].
2026-07-16 00:02:34,614 - INFO - Maximum log composite likelihood: -391.3476168216614.
2026-07-16 00:02:34,614 - INFO - Optimal value of theta: 409.7310387127979.
2026-07-16 00:02:34,614 - INFO - Beginning optimization with guess, [6.80658496 3.12761837 0.13358283 0.11862937].
2026-07-16 00:02:37,472 - INFO - Finished optimization with guess, [6.80658496 3.12761837 0.13358283 0.11862937].
2026-07-16 00:02:37,474 - INFO - Best fit parameters: [2.04312015e+00 9.07987182e+00 3.65004250e-03 3.37028053e-02].
2026-07-16 00:02:37,616 - INFO - Maximum log composite likelihood: -393.55088638996307.
2026-07-16 00:02:37,616 - INFO - Optimal value of theta: 388.5458715026236.
2026-07-16 00:02:37,617 - INFO - Beginning optimization with guess, [8.50046587 9.45141807 0.08663289 0.08149836].
2026-07-16 00:02:40,470 - INFO - Finished optimization with guess, [8.50046587 9.45141807 0.08663289 0.08149836].
2026-07-16 00:02:40,470 - INFO - Best fit parameters: [ 6.57312516 10.66042053  0.01336982  0.01465671].
2026-07-16 00:02:40,613 - INFO - Maximum log composite likelihood: -381.6238695131343.
2026-07-16 00:02:40,613 - INFO - Optimal value of theta: 407.1311943045544.
2026-07-16 00:02:40,615 - INFO - Converting and interpreting Tau estimates.
2026-07-16 00:02:40,617 - INFO - Finished demographic inference.
2026-07-16 00:02:40,617 - INFO - Pipeline executed succesfully.
