2026-07-21 17:17:44,659 - INFO - Beginning execution of fit_demographic_model.py in directory /u/project/kirk-bigdata/jonmah/sample_size_demography/Scripts

2026-07-21 17:17:44,659 - INFO - Progress is being logged to ../Analysis/1KG_IBS_20/log.log

2026-07-21 17:17:44,659 - INFO - Parsed the following arguments:
	syn_input_sfs = ../Analysis/1KG_IBS_20/syn_downsampled_sfs.txt
	mask_singletons = False
	mask_doubletons = False
	sum_alleles = False
	L_syn = 100000000.0
	model_type = three_epoch
	input_params = []
	outprefix = ../Analysis/1KG_IBS_20/

2026-07-21 17:17:44,662 - INFO - Beginning demographic inference for three-epoch demographic model.
2026-07-21 17:17:44,664 - INFO - Beginning optimization with guess, [0.01318625 0.00734849 0.13764178 0.06726997].
2026-07-21 17:17:46,809 - INFO - Finished optimization with guess, [0.01318625 0.00734849 0.13764178 0.06726997].
2026-07-21 17:17:46,810 - INFO - Best fit parameters: [0.01526694 0.0114035  0.1371855  0.03769082].
2026-07-21 17:17:46,869 - INFO - Maximum log composite likelihood: -127.31693592432839.
2026-07-21 17:17:46,869 - INFO - Optimal value of theta: 533489.2608639807.
2026-07-21 17:17:46,870 - INFO - Beginning optimization with guess, [0.01509689 0.01791949 0.13256553 0.19972149].
2026-07-21 17:17:48,419 - INFO - Finished optimization with guess, [0.01509689 0.01791949 0.13256553 0.19972149].
2026-07-21 17:17:48,421 - INFO - Best fit parameters: [0.02020183 0.00804485 0.1294488  0.33684517].
2026-07-21 17:17:48,636 - INFO - Maximum log composite likelihood: -127.64993420118935.
2026-07-21 17:17:48,636 - INFO - Optimal value of theta: 763700.0404034129.
2026-07-21 17:17:48,636 - INFO - Beginning optimization with guess, [0.02744533 0.06846693 0.05694621 0.1445002 ].
2026-07-21 17:17:50,227 - INFO - Finished optimization with guess, [0.02744533 0.06846693 0.05694621 0.1445002 ].
2026-07-21 17:17:50,227 - INFO - Best fit parameters: [0.01410871 0.05025846 0.10596939 0.27952565].
2026-07-21 17:17:50,291 - INFO - Maximum log composite likelihood: -127.8099941170749.
2026-07-21 17:17:50,291 - INFO - Optimal value of theta: 122503.29515148133.
2026-07-21 17:17:50,291 - INFO - Beginning optimization with guess, [0.10575979 0.04006042 0.1536754  0.06950675].
2026-07-21 17:17:51,464 - INFO - Finished optimization with guess, [0.10575979 0.04006042 0.1536754  0.06950675].
2026-07-21 17:17:51,465 - INFO - Best fit parameters: [0.05927068 0.03085083 0.24081602 0.14397231].
2026-07-21 17:17:51,510 - INFO - Maximum log composite likelihood: -127.31856583749868.
2026-07-21 17:17:51,510 - INFO - Optimal value of theta: 197069.77617414287.
2026-07-21 17:17:51,511 - INFO - Beginning optimization with guess, [0.18410914 0.07807301 0.0859224  0.07502317].
2026-07-21 17:18:12,765 - INFO - Finished optimization with guess, [0.18410914 0.07807301 0.0859224  0.07502317].
2026-07-21 17:18:12,767 - INFO - Best fit parameters: [5.93559204e-03 3.76020000e-02 1.34970463e+00 2.74468416e+01].
2026-07-21 17:18:16,961 - INFO - Maximum log composite likelihood: -127.6499342011748.
2026-07-21 17:18:16,962 - INFO - Optimal value of theta: 163391.53950320598.
2026-07-21 17:18:16,962 - INFO - Beginning optimization with guess, [0.21351057 0.17777991 0.19742036 0.07835065].
2026-07-21 17:18:17,791 - INFO - Finished optimization with guess, [0.21351057 0.17777991 0.19742036 0.07835065].
2026-07-21 17:18:17,792 - INFO - Best fit parameters: [0.12752766 0.25594689 0.28437385 0.08379466].
2026-07-21 17:18:17,809 - INFO - Maximum log composite likelihood: -111.5835740835796.
2026-07-21 17:18:17,809 - INFO - Optimal value of theta: 26287.31647751659.
2026-07-21 17:18:17,809 - INFO - Beginning optimization with guess, [0.44466062 0.27061182 0.38055033 0.12026487].
2026-07-21 17:18:18,256 - INFO - Finished optimization with guess, [0.44466062 0.27061182 0.38055033 0.12026487].
2026-07-21 17:18:18,256 - INFO - Best fit parameters: [0.27900586 0.44862302 0.47997553 0.12951857].
2026-07-21 17:18:18,271 - INFO - Maximum log composite likelihood: -108.20493935748846.
2026-07-21 17:18:18,271 - INFO - Optimal value of theta: 14628.269826597789.
2026-07-21 17:18:18,271 - INFO - Beginning optimization with guess, [0.94030234 0.54053524 0.16812966 0.07091188].
2026-07-21 17:18:18,489 - INFO - Finished optimization with guess, [0.94030234 0.54053524 0.16812966 0.07091188].
2026-07-21 17:18:18,490 - INFO - Best fit parameters: [0.45348931 1.91953204 0.18154036 0.06616414].
2026-07-21 17:18:18,497 - INFO - Maximum log composite likelihood: -47.61568486588294.
2026-07-21 17:18:18,497 - INFO - Optimal value of theta: 7197.876220928863.
2026-07-21 17:18:18,498 - INFO - Beginning optimization with guess, [1.78938624 1.3715466  0.09183224 0.09399176].
2026-07-21 17:18:18,694 - INFO - Finished optimization with guess, [1.78938624 1.3715466  0.09183224 0.09399176].
2026-07-21 17:18:18,694 - INFO - Best fit parameters: [0.30713398 1.38740258 0.03792883 0.08676115].
2026-07-21 17:18:18,700 - INFO - Maximum log composite likelihood: -70.39723657635614.
2026-07-21 17:18:18,700 - INFO - Optimal value of theta: 6542.997203832492.
2026-07-21 17:18:18,701 - INFO - Beginning optimization with guess, [1.30912646 1.83247974 0.14252725 0.07535734].
2026-07-21 17:18:18,914 - INFO - Finished optimization with guess, [1.30912646 1.83247974 0.14252725 0.07535734].
2026-07-21 17:18:18,914 - INFO - Best fit parameters: [0.4722305  2.04392009 0.14429975 0.06837678].
2026-07-21 17:18:18,921 - INFO - Maximum log composite likelihood: -47.70082846727564.
2026-07-21 17:18:18,921 - INFO - Optimal value of theta: 6826.430011391923.
2026-07-21 17:18:18,921 - INFO - Beginning optimization with guess, [1.04550033 1.55239702 0.14239133 0.1741616 ].
2026-07-21 17:18:19,191 - INFO - Finished optimization with guess, [1.04550033 1.55239702 0.14239133 0.1741616 ].
2026-07-21 17:18:19,191 - INFO - Best fit parameters: [0.40197885 1.23300914 0.14826298 0.13275261].
2026-07-21 17:18:19,199 - INFO - Maximum log composite likelihood: -64.09848785912209.
2026-07-21 17:18:19,199 - INFO - Optimal value of theta: 7098.868020197598.
2026-07-21 17:18:19,199 - INFO - Beginning optimization with guess, [1.82009436 1.0635982  0.16567423 0.08915215].
2026-07-21 17:18:19,530 - INFO - Finished optimization with guess, [1.82009436 1.0635982  0.16567423 0.08915215].
2026-07-21 17:18:19,530 - INFO - Best fit parameters: [0.30289419 1.64740125 0.08700553 0.10656518].
2026-07-21 17:18:19,538 - INFO - Maximum log composite likelihood: -53.43293909266549.
2026-07-21 17:18:19,538 - INFO - Optimal value of theta: 6955.362192909434.
2026-07-21 17:18:19,538 - INFO - Beginning optimization with guess, [1.57912313 1.72571431 0.143083   0.11462508].
2026-07-21 17:18:20,427 - INFO - Finished optimization with guess, [1.57912313 1.72571431 0.143083   0.11462508].
2026-07-21 17:18:20,428 - INFO - Best fit parameters: [0.47475614 1.55090533 0.12817637 0.08565708].
2026-07-21 17:18:20,435 - INFO - Maximum log composite likelihood: -53.49105785186384.
2026-07-21 17:18:20,435 - INFO - Optimal value of theta: 6733.224914204333.
2026-07-21 17:18:20,435 - INFO - Beginning optimization with guess, [4.31452538 1.40342453 0.0663107  0.15205721].
2026-07-21 17:18:20,635 - INFO - Finished optimization with guess, [4.31452538 1.40342453 0.0663107  0.15205721].
2026-07-21 17:18:20,635 - INFO - Best fit parameters: [3.35807757 0.97497107 0.03302921 0.21592997].
2026-07-21 17:18:20,641 - INFO - Maximum log composite likelihood: -139.10872417158726.
2026-07-21 17:18:20,641 - INFO - Optimal value of theta: 6066.381483716448.
2026-07-21 17:18:20,642 - INFO - Beginning optimization with guess, [2.87422185 2.5031127  0.13158993 0.12165724].
2026-07-21 17:18:20,834 - INFO - Finished optimization with guess, [2.87422185 2.5031127  0.13158993 0.12165724].
2026-07-21 17:18:20,834 - INFO - Best fit parameters: [0.64316335 1.41975477 0.03997017 0.10585138].
2026-07-21 17:18:20,840 - INFO - Maximum log composite likelihood: -106.48585089083508.
2026-07-21 17:18:20,840 - INFO - Optimal value of theta: 5939.086895869734.
2026-07-21 17:18:20,840 - INFO - Beginning optimization with guess, [1.57556409 3.91303469 0.10041507 0.17590282].
2026-07-21 17:18:21,039 - INFO - Finished optimization with guess, [1.57556409 3.91303469 0.10041507 0.17590282].
2026-07-21 17:18:21,040 - INFO - Best fit parameters: [0.377131   1.68177957 0.10402037 0.07118763].
2026-07-21 17:18:21,047 - INFO - Maximum log composite likelihood: -54.52376244187235.
2026-07-21 17:18:21,047 - INFO - Optimal value of theta: 7056.752066134249.
2026-07-21 17:18:21,047 - INFO - Beginning optimization with guess, [2.27742356 5.79385261 0.06597628 0.11462729].
2026-07-21 17:18:21,230 - INFO - Finished optimization with guess, [2.27742356 5.79385261 0.06597628 0.11462729].
2026-07-21 17:18:21,230 - INFO - Best fit parameters: [0.4452365  3.42843459 0.05214434 0.03448634].
2026-07-21 17:18:21,237 - INFO - Maximum log composite likelihood: -82.43716320327394.
2026-07-21 17:18:21,237 - INFO - Optimal value of theta: 6469.859614229832.
2026-07-21 17:18:21,237 - INFO - Beginning optimization with guess, [3.14344545 3.04220548 0.0880735  0.0632731 ].
2026-07-21 17:18:21,418 - INFO - Finished optimization with guess, [3.14344545 3.04220548 0.0880735  0.0632731 ].
2026-07-21 17:18:21,418 - INFO - Best fit parameters: [0.64901138 1.7092708  0.02577306 0.02780558].
2026-07-21 17:18:21,424 - INFO - Maximum log composite likelihood: -107.50015765481157.
2026-07-21 17:18:21,424 - INFO - Optimal value of theta: 6140.821060789272.
2026-07-21 17:18:21,424 - INFO - Beginning optimization with guess, [1.78245617 4.26682931 0.06038384 0.16018023].
2026-07-21 17:18:21,651 - INFO - Finished optimization with guess, [1.78245617 4.26682931 0.06038384 0.16018023].
2026-07-21 17:18:21,651 - INFO - Best fit parameters: [0.60969507 1.47839046 0.0507912  0.05207706].
2026-07-21 17:18:21,657 - INFO - Maximum log composite likelihood: -91.41405843966322.
2026-07-21 17:18:21,657 - INFO - Optimal value of theta: 6227.830767291995.
2026-07-21 17:18:21,657 - INFO - Beginning optimization with guess, [2.16572576 5.23007881 0.06811767 0.11394579].
2026-07-21 17:18:21,906 - INFO - Finished optimization with guess, [2.16572576 5.23007881 0.06811767 0.11394579].
2026-07-21 17:18:21,906 - INFO - Best fit parameters: [0.50916013 3.98073288 0.05872448 0.04999246].
2026-07-21 17:18:21,912 - INFO - Maximum log composite likelihood: -63.74146680082595.
2026-07-21 17:18:21,912 - INFO - Optimal value of theta: 6151.75556044111.
2026-07-21 17:18:21,912 - INFO - Beginning optimization with guess, [3.45830493 2.69762907 0.06868247 0.05213994].
2026-07-21 17:18:22,091 - INFO - Finished optimization with guess, [3.45830493 2.69762907 0.06868247 0.05213994].
2026-07-21 17:18:22,092 - INFO - Best fit parameters: [1.16187904 1.54627536 0.01573828 0.02053819].
2026-07-21 17:18:22,097 - INFO - Maximum log composite likelihood: -108.26701964329641.
2026-07-21 17:18:22,097 - INFO - Optimal value of theta: 5999.66016726829.
2026-07-21 17:18:22,098 - INFO - Beginning optimization with guess, [6.84962245 3.50374646 0.1736577  0.11355489].
2026-07-21 17:18:22,287 - INFO - Finished optimization with guess, [6.84962245 3.50374646 0.1736577  0.11355489].
2026-07-21 17:18:22,287 - INFO - Best fit parameters: [4.69946791 0.91311535 0.05836678 0.09833649].
2026-07-21 17:18:22,293 - INFO - Maximum log composite likelihood: -161.41406242364747.
2026-07-21 17:18:22,293 - INFO - Optimal value of theta: 5882.055535308176.
2026-07-21 17:18:22,293 - INFO - Beginning optimization with guess, [5.65157275 6.35478743 0.10642645 0.12875157].
2026-07-21 17:18:22,472 - INFO - Finished optimization with guess, [5.65157275 6.35478743 0.10642645 0.12875157].
2026-07-21 17:18:22,472 - INFO - Best fit parameters: [2.6476555  1.18605157 0.01980918 0.03154894].
2026-07-21 17:18:22,478 - INFO - Maximum log composite likelihood: -116.90738334690286.
2026-07-21 17:18:22,478 - INFO - Optimal value of theta: 5913.428935034244.
2026-07-21 17:18:22,478 - INFO - Beginning optimization with guess, [3.5810625  7.32635772 0.10868438 0.18026865].
2026-07-21 17:18:22,660 - INFO - Finished optimization with guess, [3.5810625  7.32635772 0.10868438 0.18026865].
2026-07-21 17:18:22,660 - INFO - Best fit parameters: [0.7747394  1.70563009 0.03940101 0.0333497 ].
2026-07-21 17:18:22,666 - INFO - Maximum log composite likelihood: -100.66455549772672.
2026-07-21 17:18:22,666 - INFO - Optimal value of theta: 6068.908866601726.
2026-07-21 17:18:22,666 - INFO - Beginning optimization with guess, [4.64573915 4.49807741 0.18760402 0.16767116].
2026-07-21 17:18:22,859 - INFO - Finished optimization with guess, [4.64573915 4.49807741 0.18760402 0.16767116].
2026-07-21 17:18:22,859 - INFO - Best fit parameters: [2.38333649 0.94864712 0.0766135  0.1175144 ].
2026-07-21 17:18:22,865 - INFO - Maximum log composite likelihood: -158.25499781114604.
2026-07-21 17:18:22,865 - INFO - Optimal value of theta: 5893.067191706764.
2026-07-21 17:18:22,866 - INFO - Converting and interpreting Tau estimates.
2026-07-21 17:18:22,868 - INFO - Finished demographic inference.
2026-07-21 17:18:22,869 - INFO - Pipeline executed succesfully.
