2026-07-16 00:02:47,783 - INFO - Beginning execution of fit_demographic_model.py in directory /u/project/kirk-bigdata/jonmah/sample_size_demography/Scripts

2026-07-16 00:02:47,783 - INFO - Progress is being logged to ../Analysis/tennessen_ooa_550/log.log

2026-07-16 00:02:47,783 - INFO - Parsed the following arguments:
	syn_input_sfs = ../Simulations/tennessen/ooa_550_sfs/dadi/pop1.sfs
	mask_singletons = False
	mask_doubletons = False
	sum_alleles = False
	L_syn = 100000000.0
	model_type = three_epoch
	input_params = []
	outprefix = ../Analysis/tennessen_ooa_550/

2026-07-16 00:02:47,788 - INFO - Beginning demographic inference for three-epoch demographic model.
2026-07-16 00:02:47,793 - INFO - Beginning optimization with guess, [0.00964318 0.00853756 0.16463    0.16076179].
2026-07-16 00:03:03,484 - INFO - Finished optimization with guess, [0.00964318 0.00853756 0.16463    0.16076179].
2026-07-16 00:03:03,486 - INFO - Best fit parameters: [0.00736674 0.01018301 0.16460453 0.41435479].
2026-07-16 00:03:05,297 - INFO - Maximum log composite likelihood: -2484.0255352326653.
2026-07-16 00:03:05,298 - INFO - Optimal value of theta: 73557.1056307877.
2026-07-16 00:03:05,298 - INFO - Beginning optimization with guess, [0.03755872 0.01736113 0.18275633 0.11761694].
2026-07-16 00:03:30,146 - INFO - Finished optimization with guess, [0.03755872 0.01736113 0.18275633 0.11761694].
2026-07-16 00:03:30,148 - INFO - Best fit parameters: [0.02792586 0.00979256 0.21146095 0.24907873].
2026-07-16 00:03:31,515 - INFO - Maximum log composite likelihood: -2484.0255352513486.
2026-07-16 00:03:31,515 - INFO - Optimal value of theta: 76489.99325423167.
2026-07-16 00:03:31,515 - INFO - Beginning optimization with guess, [0.09374402 0.07368151 0.08057583 0.14756191].
2026-07-16 00:03:49,985 - INFO - Finished optimization with guess, [0.09374402 0.07368151 0.08057583 0.14756191].
2026-07-16 00:03:49,987 - INFO - Best fit parameters: [0.0621265  0.04824356 0.11472681 0.36889617].
2026-07-16 00:03:50,941 - INFO - Maximum log composite likelihood: -2485.1824732160076.
2026-07-16 00:03:50,941 - INFO - Optimal value of theta: 15515.066048850227.
2026-07-16 00:03:50,941 - INFO - Beginning optimization with guess, [0.04799615 0.04337624 0.0664684  0.15260644].
2026-07-16 00:04:21,320 - INFO - Finished optimization with guess, [0.04799615 0.04337624 0.0664684  0.15260644].
2026-07-16 00:04:21,322 - INFO - Best fit parameters: [0.03465038 0.02589701 0.0891466  0.32903429].
2026-07-16 00:04:22,382 - INFO - Maximum log composite likelihood: -2484.0325822181767.
2026-07-16 00:04:22,382 - INFO - Optimal value of theta: 28923.383213263554.
2026-07-16 00:04:22,382 - INFO - Beginning optimization with guess, [0.0998244  0.07250269 0.19515105 0.09102095].
2026-07-16 00:04:41,173 - INFO - Finished optimization with guess, [0.0998244  0.07250269 0.19515105 0.09102095].
2026-07-16 00:04:41,175 - INFO - Best fit parameters: [0.03495416 0.12897025 0.35915369 0.11088842].
2026-07-16 00:04:42,129 - INFO - Maximum log composite likelihood: -2319.952225992906.
2026-07-16 00:04:42,129 - INFO - Optimal value of theta: 6713.0231988925725.
2026-07-16 00:04:42,129 - INFO - Beginning optimization with guess, [0.30207831 0.27207646 0.1747521  0.11294603].
2026-07-16 00:04:58,497 - INFO - Finished optimization with guess, [0.30207831 0.27207646 0.1747521  0.11294603].
2026-07-16 00:04:58,499 - INFO - Best fit parameters: [0.13939575 0.83105612 0.27924343 0.12586461].
2026-07-16 00:04:59,319 - INFO - Maximum log composite likelihood: -2038.674115671781.
2026-07-16 00:04:59,319 - INFO - Optimal value of theta: 1334.9124203194835.
2026-07-16 00:04:59,319 - INFO - Beginning optimization with guess, [0.36041223 0.35435826 0.97892718 0.16838975].
2026-07-16 00:05:21,140 - INFO - Finished optimization with guess, [0.36041223 0.35435826 0.97892718 0.16838975].
2026-07-16 00:05:21,141 - INFO - Best fit parameters: [0.28190323 0.62950258 1.13983186 0.11479272].
2026-07-16 00:05:22,018 - INFO - Maximum log composite likelihood: -2141.6550708603368.
2026-07-16 00:05:22,018 - INFO - Optimal value of theta: 1540.8551558966014.
2026-07-16 00:05:22,018 - INFO - Beginning optimization with guess, [0.79246701 1.47218139 0.06159606 0.07753995].
2026-07-16 00:05:38,163 - INFO - Finished optimization with guess, [0.79246701 1.47218139 0.06159606 0.07753995].
2026-07-16 00:05:38,169 - INFO - Best fit parameters: [3.13660667e-01 2.12454035e+01 8.75758219e-02 2.10515467e-02].
2026-07-16 00:05:38,964 - INFO - Maximum log composite likelihood: -604.0352832548119.
2026-07-16 00:05:38,964 - INFO - Optimal value of theta: 605.8661014044438.
2026-07-16 00:05:38,964 - INFO - Beginning optimization with guess, [0.79308868 0.70282859 0.18682172 0.082941  ].
2026-07-16 00:05:55,042 - INFO - Finished optimization with guess, [0.79308868 0.70282859 0.18682172 0.082941  ].
2026-07-16 00:05:55,044 - INFO - Best fit parameters: [3.38291497e-01 3.56710444e+01 1.52836722e-01 1.69438437e-02].
2026-07-16 00:05:55,840 - INFO - Maximum log composite likelihood: -633.940382619271.
2026-07-16 00:05:55,841 - INFO - Optimal value of theta: 663.8010752301107.
2026-07-16 00:05:55,841 - INFO - Beginning optimization with guess, [1.39797072 0.96163035 0.08587142 0.1601422 ].
2026-07-16 00:06:11,716 - INFO - Finished optimization with guess, [1.39797072 0.96163035 0.08587142 0.1601422 ].
2026-07-16 00:06:11,717 - INFO - Best fit parameters: [9.17644237e-01 6.06998636e+01 6.26905109e-02 2.73641478e-02].
2026-07-16 00:06:12,505 - INFO - Maximum log composite likelihood: -685.1131478564185.
2026-07-16 00:06:12,505 - INFO - Optimal value of theta: 387.68838772378103.
2026-07-16 00:06:12,505 - INFO - Beginning optimization with guess, [1.5059963  2.59920223 0.0689411  0.09633296].
2026-07-16 00:06:28,522 - INFO - Finished optimization with guess, [1.5059963  2.59920223 0.0689411  0.09633296].
2026-07-16 00:06:28,524 - INFO - Best fit parameters: [3.63094475e-01 3.13146347e+01 7.68977988e-02 2.86671984e-02].
2026-07-16 00:06:29,349 - INFO - Maximum log composite likelihood: -640.4389690343424.
2026-07-16 00:06:29,349 - INFO - Optimal value of theta: 482.35346477005476.
2026-07-16 00:06:29,350 - INFO - Beginning optimization with guess, [1.37597201 1.09262977 0.11856892 0.08371347].
2026-07-16 00:06:45,706 - INFO - Finished optimization with guess, [1.37597201 1.09262977 0.11856892 0.08371347].
2026-07-16 00:06:45,707 - INFO - Best fit parameters: [6.45136650e-01 9.65875641e+01 7.87503923e-02 1.10085440e-02].
2026-07-16 00:06:46,497 - INFO - Maximum log composite likelihood: -817.7583666122408.
2026-07-16 00:06:46,497 - INFO - Optimal value of theta: 603.5652004661825.
2026-07-16 00:06:46,497 - INFO - Beginning optimization with guess, [1.07111693 3.44400798 0.128439   0.07144117].
2026-07-16 00:07:02,296 - INFO - Finished optimization with guess, [1.07111693 3.44400798 0.128439   0.07144117].
2026-07-16 00:07:02,298 - INFO - Best fit parameters: [ 0.32716954 15.74051445  0.14075954  0.02099023].
2026-07-16 00:07:03,091 - INFO - Maximum log composite likelihood: -586.2713250165309.
2026-07-16 00:07:03,092 - INFO - Optimal value of theta: 645.8318176808061.
2026-07-16 00:07:03,092 - INFO - Beginning optimization with guess, [1.13494745 4.18843085 0.13541048 0.1020907 ].
2026-07-16 00:07:23,293 - INFO - Finished optimization with guess, [1.13494745 4.18843085 0.13541048 0.1020907 ].
2026-07-16 00:07:23,295 - INFO - Best fit parameters: [ 0.27976535 17.7246535   0.15538469  0.01805327].
2026-07-16 00:07:24,112 - INFO - Maximum log composite likelihood: -592.5576905314009.
2026-07-16 00:07:24,112 - INFO - Optimal value of theta: 720.9669634106119.
2026-07-16 00:07:24,113 - INFO - Beginning optimization with guess, [2.85011941 1.89684036 0.16085104 0.13646852].
2026-07-16 00:07:40,378 - INFO - Finished optimization with guess, [2.85011941 1.89684036 0.16085104 0.13646852].
2026-07-16 00:07:40,380 - INFO - Best fit parameters: [1.41729602e+00 3.11877057e+02 3.00226895e-02 1.06883657e-02].
2026-07-16 00:07:41,190 - INFO - Maximum log composite likelihood: -811.1123966119656.
2026-07-16 00:07:41,191 - INFO - Optimal value of theta: 488.09862803864394.
2026-07-16 00:07:41,191 - INFO - Beginning optimization with guess, [4.08998323 1.37910714 0.0892459  0.1418148 ].
2026-07-16 00:07:57,353 - INFO - Finished optimization with guess, [4.08998323 1.37910714 0.0892459  0.1418148 ].
2026-07-16 00:07:57,355 - INFO - Best fit parameters: [1.68986865e+00 1.48391363e+02 2.76657253e-02 1.69931362e-02].
2026-07-16 00:07:58,161 - INFO - Maximum log composite likelihood: -705.4055545585376.
2026-07-16 00:07:58,161 - INFO - Optimal value of theta: 412.6670748180959.
2026-07-16 00:07:58,161 - INFO - Beginning optimization with guess, [4.46229575 5.6557375  0.10693953 0.17776836].
2026-07-16 00:08:14,270 - INFO - Finished optimization with guess, [4.46229575 5.6557375  0.10693953 0.17776836].
2026-07-16 00:08:14,271 - INFO - Best fit parameters: [ 1.88556809 15.72046009  0.04309584  0.02774107].
2026-07-16 00:08:15,089 - INFO - Maximum log composite likelihood: -822.9187335488484.
2026-07-16 00:08:15,089 - INFO - Optimal value of theta: 380.8676257822571.
2026-07-16 00:08:15,090 - INFO - Beginning optimization with guess, [1.87799108 1.81478876 0.11109075 0.17758367].
2026-07-16 00:08:31,229 - INFO - Finished optimization with guess, [1.87799108 1.81478876 0.11109075 0.17758367].
2026-07-16 00:08:31,231 - INFO - Best fit parameters: [1.00676144e+00 1.83608786e+03 9.24548352e-02 1.06778481e-02].
2026-07-16 00:08:32,034 - INFO - Maximum log composite likelihood: -837.8953248020377.
2026-07-16 00:08:32,034 - INFO - Optimal value of theta: 520.0544959704613.
2026-07-16 00:08:32,034 - INFO - Beginning optimization with guess, [4.48577655 3.14546334 0.0534035  0.19448829].
2026-07-16 00:08:51,995 - INFO - Finished optimization with guess, [4.48577655 3.14546334 0.0534035  0.19448829].
2026-07-16 00:08:51,997 - INFO - Best fit parameters: [3.32227168e+00 1.92025697e+02 1.98135030e-02 1.66255589e-02].
2026-07-16 00:08:52,804 - INFO - Maximum log composite likelihood: -688.0508897013393.
2026-07-16 00:08:52,804 - INFO - Optimal value of theta: 386.45997176592135.
2026-07-16 00:08:52,804 - INFO - Beginning optimization with guess, [5.263845   6.52262917 0.06722201 0.09037744].
2026-07-16 00:09:08,893 - INFO - Finished optimization with guess, [5.263845   6.52262917 0.06722201 0.09037744].
2026-07-16 00:09:08,895 - INFO - Best fit parameters: [3.75365148e+00 3.42963401e+01 1.43651974e-02 2.16013028e-02].
2026-07-16 00:09:09,723 - INFO - Maximum log composite likelihood: -696.1530109469146.
2026-07-16 00:09:09,724 - INFO - Optimal value of theta: 384.0169778318097.
2026-07-16 00:09:09,724 - INFO - Beginning optimization with guess, [4.223355   7.21032147 0.13670677 0.18050945].
2026-07-16 00:09:25,875 - INFO - Finished optimization with guess, [4.223355   7.21032147 0.13670677 0.18050945].
2026-07-16 00:09:25,876 - INFO - Best fit parameters: [ 1.20208769 20.04225122  0.06099927  0.03161005].
2026-07-16 00:09:26,682 - INFO - Maximum log composite likelihood: -746.648227645638.
2026-07-16 00:09:26,682 - INFO - Optimal value of theta: 381.16134753501825.
2026-07-16 00:09:26,682 - INFO - Beginning optimization with guess, [7.08200199 2.40983903 0.19307745 0.05464453].
2026-07-16 00:09:42,815 - INFO - Finished optimization with guess, [7.08200199 2.40983903 0.19307745 0.05464453].
2026-07-16 00:09:42,816 - INFO - Best fit parameters: [3.99342645e+00 3.33440698e+01 1.88848434e-02 1.87322225e-02].
2026-07-16 00:09:43,623 - INFO - Maximum log composite likelihood: -706.8514329431993.
2026-07-16 00:09:43,623 - INFO - Optimal value of theta: 387.5601179832444.
2026-07-16 00:09:43,623 - INFO - Beginning optimization with guess, [2.7341972  2.49259838 0.17941596 0.05076418].
2026-07-16 00:09:59,791 - INFO - Finished optimization with guess, [2.7341972  2.49259838 0.17941596 0.05076418].
2026-07-16 00:09:59,792 - INFO - Best fit parameters: [4.59222966e-01 2.39343242e+01 1.03196057e-01 2.20013914e-02].
2026-07-16 00:10:00,602 - INFO - Maximum log composite likelihood: -606.1670908449626.
2026-07-16 00:10:00,602 - INFO - Optimal value of theta: 541.7752918107085.
2026-07-16 00:10:00,602 - INFO - Beginning optimization with guess, [9.20750162 6.7837593  0.07908591 0.06856467].
2026-07-16 00:10:16,735 - INFO - Finished optimization with guess, [9.20750162 6.7837593  0.07908591 0.06856467].
2026-07-16 00:10:16,736 - INFO - Best fit parameters: [1.07577798e+01 2.83264200e+01 1.31885613e-02 1.56589334e-02].
2026-07-16 00:10:17,557 - INFO - Maximum log composite likelihood: -692.6088400682332.
2026-07-16 00:10:17,557 - INFO - Optimal value of theta: 400.83492542751236.
2026-07-16 00:10:17,558 - INFO - Beginning optimization with guess, [8.79186747 5.10154586 0.1712376  0.07236359].
2026-07-16 00:10:33,591 - INFO - Finished optimization with guess, [8.79186747 5.10154586 0.1712376  0.07236359].
2026-07-16 00:10:33,592 - INFO - Best fit parameters: [6.69082999e+00 3.36069048e+01 1.39988341e-02 1.79361038e-02].
2026-07-16 00:10:34,379 - INFO - Maximum log composite likelihood: -692.7504225139489.
2026-07-16 00:10:34,379 - INFO - Optimal value of theta: 390.80662743055404.
2026-07-16 00:10:34,382 - INFO - Converting and interpreting Tau estimates.
2026-07-16 00:10:34,384 - INFO - Finished demographic inference.
2026-07-16 00:10:34,384 - INFO - Pipeline executed succesfully.
