2026-07-16 00:03:38,981 - INFO - Beginning execution of fit_demographic_model.py in directory /u/project/kirk-bigdata/jonmah/sample_size_demography/Scripts

2026-07-16 00:03:38,982 - INFO - Progress is being logged to ../Analysis/tennessen_ooa_600/log.log

2026-07-16 00:03:38,982 - INFO - Parsed the following arguments:
	syn_input_sfs = ../Simulations/tennessen/ooa_600_sfs/dadi/pop1.sfs
	mask_singletons = False
	mask_doubletons = False
	sum_alleles = False
	L_syn = 100000000.0
	model_type = three_epoch
	input_params = []
	outprefix = ../Analysis/tennessen_ooa_600/

2026-07-16 00:03:38,985 - INFO - Beginning demographic inference for three-epoch demographic model.
2026-07-16 00:03:38,987 - INFO - Beginning optimization with guess, [0.01812661 0.01834546 0.0840668  0.16450292].
2026-07-16 00:04:31,079 - INFO - Finished optimization with guess, [0.01812661 0.01834546 0.0840668  0.16450292].
2026-07-16 00:04:31,081 - INFO - Best fit parameters: [0.01106567 0.01175957 0.11933082 0.31837715].
2026-07-16 00:04:33,269 - INFO - Maximum log composite likelihood: -2693.316520771613.
2026-07-16 00:04:33,269 - INFO - Optimal value of theta: 65217.26999425029.
2026-07-16 00:04:33,269 - INFO - Beginning optimization with guess, [0.01744255 0.02163957 0.14704952 0.05513751].
2026-07-16 00:05:23,168 - INFO - Finished optimization with guess, [0.01744255 0.02163957 0.14704952 0.05513751].
2026-07-16 00:05:23,170 - INFO - Best fit parameters: [0.00946914 0.05221724 0.15580818 0.04002006].
2026-07-16 00:05:24,922 - INFO - Maximum log composite likelihood: -2500.278518827818.
2026-07-16 00:05:24,922 - INFO - Optimal value of theta: 17585.080005851683.
2026-07-16 00:05:24,923 - INFO - Beginning optimization with guess, [0.0276121  0.05724991 0.05284907 0.07832461].
2026-07-16 00:05:56,017 - INFO - Finished optimization with guess, [0.0276121  0.05724991 0.05284907 0.07832461].
2026-07-16 00:05:56,018 - INFO - Best fit parameters: [0.01199128 0.09541039 0.10722213 0.07718649].
2026-07-16 00:05:57,623 - INFO - Maximum log composite likelihood: -2502.091367216013.
2026-07-16 00:05:57,623 - INFO - Optimal value of theta: 9662.811711198063.
2026-07-16 00:05:57,623 - INFO - Beginning optimization with guess, [0.1059002  0.06283489 0.11697221 0.10386157].
2026-07-16 00:06:28,123 - INFO - Finished optimization with guess, [0.1059002  0.06283489 0.11697221 0.10386157].
2026-07-16 00:06:28,125 - INFO - Best fit parameters: [0.05702133 0.04699514 0.19176109 0.24630368].
2026-07-16 00:06:29,700 - INFO - Maximum log composite likelihood: -2697.031543166493.
2026-07-16 00:06:29,700 - INFO - Optimal value of theta: 16285.177887376847.
2026-07-16 00:06:29,700 - INFO - Beginning optimization with guess, [0.05666694 0.07649155 0.0627142  0.12748252].
2026-07-16 00:07:00,494 - INFO - Finished optimization with guess, [0.05666694 0.07649155 0.0627142  0.12748252].
2026-07-16 00:07:00,496 - INFO - Best fit parameters: [0.02392868 0.07429577 0.13165796 0.25804662].
2026-07-16 00:07:02,143 - INFO - Maximum log composite likelihood: -2678.6668333523744.
2026-07-16 00:07:02,143 - INFO - Optimal value of theta: 10409.574243327925.
2026-07-16 00:07:02,144 - INFO - Beginning optimization with guess, [0.41370211 0.27038892 0.06750108 0.05511593].
2026-07-16 00:07:32,131 - INFO - Finished optimization with guess, [0.41370211 0.27038892 0.06750108 0.05511593].
2026-07-16 00:07:32,133 - INFO - Best fit parameters: [0.18404858 3.52444849 0.10502299 0.05564097].
2026-07-16 00:07:33,600 - INFO - Maximum log composite likelihood: -1051.0029823840616.
2026-07-16 00:07:33,600 - INFO - Optimal value of theta: 649.2655710417554.
2026-07-16 00:07:33,601 - INFO - Beginning optimization with guess, [0.25287149 0.75288068 0.55164989 0.11989075].
2026-07-16 00:08:12,617 - INFO - Finished optimization with guess, [0.25287149 0.75288068 0.55164989 0.11989075].
2026-07-16 00:08:12,619 - INFO - Best fit parameters: [6.31515262e-02 3.94622253e+02 4.62289286e-01 1.00840884e-03].
2026-07-16 00:08:14,205 - INFO - Maximum log composite likelihood: -813.1185431081509.
2026-07-16 00:08:14,205 - INFO - Optimal value of theta: 7046.674859049361.
2026-07-16 00:08:14,205 - INFO - Beginning optimization with guess, [1.32203092 0.4909554  0.08252551 0.06357626].
2026-07-16 00:08:42,992 - INFO - Finished optimization with guess, [1.32203092 0.4909554  0.08252551 0.06357626].
2026-07-16 00:08:42,994 - INFO - Best fit parameters: [7.56568963e-01 6.73451919e+01 6.03412296e-02 1.82213974e-02].
2026-07-16 00:08:44,446 - INFO - Maximum log composite likelihood: -737.0149193154792.
2026-07-16 00:08:44,446 - INFO - Optimal value of theta: 476.7820473208544.
2026-07-16 00:08:44,447 - INFO - Beginning optimization with guess, [1.06051627 0.94158337 0.13850299 0.10728387].
2026-07-16 00:09:13,314 - INFO - Finished optimization with guess, [1.06051627 0.94158337 0.13850299 0.10728387].
2026-07-16 00:09:13,316 - INFO - Best fit parameters: [5.09514495e-01 2.17798019e+02 8.71781360e-02 1.11099551e-02].
2026-07-16 00:09:14,771 - INFO - Maximum log composite likelihood: -865.5894188248191.
2026-07-16 00:09:14,771 - INFO - Optimal value of theta: 644.1688770050941.
2026-07-16 00:09:14,771 - INFO - Beginning optimization with guess, [0.89613114 1.3117557  0.0565108  0.08686543].
2026-07-16 00:09:43,561 - INFO - Finished optimization with guess, [0.89613114 1.3117557  0.0565108  0.08686543].
2026-07-16 00:09:43,562 - INFO - Best fit parameters: [4.22245867e-01 4.89674186e+01 8.51894390e-02 1.73820620e-02].
2026-07-16 00:09:45,011 - INFO - Maximum log composite likelihood: -708.3955638033201.
2026-07-16 00:09:45,011 - INFO - Optimal value of theta: 575.7675693058959.
2026-07-16 00:09:45,011 - INFO - Beginning optimization with guess, [1.32483238 1.61002447 0.10376039 0.09110126].
2026-07-16 00:10:13,890 - INFO - Finished optimization with guess, [1.32483238 1.61002447 0.10376039 0.09110126].
2026-07-16 00:10:13,891 - INFO - Best fit parameters: [5.17760052e-01 6.36042629e+01 1.12056907e-01 1.27613379e-02].
2026-07-16 00:10:15,324 - INFO - Maximum log composite likelihood: -764.110178203267.
2026-07-16 00:10:15,325 - INFO - Optimal value of theta: 626.7892428162345.
2026-07-16 00:10:15,325 - INFO - Beginning optimization with guess, [1.53053381 1.48336534 0.14754639 0.1000248 ].
2026-07-16 00:10:51,471 - INFO - Finished optimization with guess, [1.53053381 1.48336534 0.14754639 0.1000248 ].
2026-07-16 00:10:51,474 - INFO - Best fit parameters: [2.83981675e-01 2.71638744e+02 9.75382961e-02 1.00668842e-02].
2026-07-16 00:10:52,933 - INFO - Maximum log composite likelihood: -947.0164108958874.
2026-07-16 00:10:52,933 - INFO - Optimal value of theta: 810.4514956213601.
2026-07-16 00:10:52,934 - INFO - Beginning optimization with guess, [2.80541744 3.82934055 0.06268474 0.06140778].
2026-07-16 00:11:21,797 - INFO - Finished optimization with guess, [2.80541744 3.82934055 0.06268474 0.06140778].
2026-07-16 00:11:21,798 - INFO - Best fit parameters: [5.15058982e-01 5.91794415e+01 2.89710695e-02 1.98771338e-02].
2026-07-16 00:11:23,228 - INFO - Maximum log composite likelihood: -750.5015939441173.
2026-07-16 00:11:23,228 - INFO - Optimal value of theta: 486.489503840508.
2026-07-16 00:11:23,228 - INFO - Beginning optimization with guess, [3.29602117 2.71520081 0.16843802 0.11629671].
2026-07-16 00:11:52,139 - INFO - Finished optimization with guess, [3.29602117 2.71520081 0.16843802 0.11629671].
2026-07-16 00:11:52,141 - INFO - Best fit parameters: [7.07474772e-01 1.28835550e+02 6.24052079e-02 2.33209936e-02].
2026-07-16 00:11:53,570 - INFO - Maximum log composite likelihood: -775.0783761205496.
2026-07-16 00:11:53,570 - INFO - Optimal value of theta: 423.7088194301384.
2026-07-16 00:11:53,571 - INFO - Beginning optimization with guess, [2.18281601 1.64406178 0.1313348  0.12012638].
2026-07-16 00:12:22,232 - INFO - Finished optimization with guess, [2.18281601 1.64406178 0.1313348  0.12012638].
2026-07-16 00:12:22,233 - INFO - Best fit parameters: [1.33141694e+00 3.51255355e+02 4.81164725e-02 9.13734459e-03].
2026-07-16 00:12:23,684 - INFO - Maximum log composite likelihood: -938.1326354046008.
2026-07-16 00:12:23,684 - INFO - Optimal value of theta: 509.48207937351003.
2026-07-16 00:12:23,684 - INFO - Beginning optimization with guess, [4.39302912 3.39479307 0.10946371 0.0822741 ].
2026-07-16 00:12:52,428 - INFO - Finished optimization with guess, [4.39302912 3.39479307 0.10946371 0.0822741 ].
2026-07-16 00:12:52,429 - INFO - Best fit parameters: [1.11330817e+00 4.74591572e+01 2.16191537e-02 1.82315988e-02].
2026-07-16 00:12:53,885 - INFO - Maximum log composite likelihood: -748.4155747268034.
2026-07-16 00:12:53,885 - INFO - Optimal value of theta: 444.9579187487437.
2026-07-16 00:12:53,885 - INFO - Beginning optimization with guess, [2.04427271 1.8974684  0.18562783 0.18558267].
2026-07-16 00:13:22,769 - INFO - Finished optimization with guess, [2.04427271 1.8974684  0.18562783 0.18558267].
2026-07-16 00:13:22,771 - INFO - Best fit parameters: [ 0.59732486 51.37381706  0.11134695  0.0738031 ].
2026-07-16 00:13:24,211 - INFO - Maximum log composite likelihood: -1071.6646407686735.
2026-07-16 00:13:24,211 - INFO - Optimal value of theta: 246.58707097566761.
2026-07-16 00:13:24,211 - INFO - Beginning optimization with guess, [3.37357687 2.85106867 0.1249654  0.07336335].
2026-07-16 00:13:52,975 - INFO - Finished optimization with guess, [3.37357687 2.85106867 0.1249654  0.07336335].
2026-07-16 00:13:52,983 - INFO - Best fit parameters: [5.54746930e-01 3.93042628e+01 4.90627929e-02 2.94078734e-02].
2026-07-16 00:13:54,413 - INFO - Maximum log composite likelihood: -701.0535748071509.
2026-07-16 00:13:54,413 - INFO - Optimal value of theta: 418.0522172151903.
2026-07-16 00:13:54,413 - INFO - Beginning optimization with guess, [3.14715594 5.09680647 0.07879956 0.09263106].
2026-07-16 00:14:23,231 - INFO - Finished optimization with guess, [3.14715594 5.09680647 0.07879956 0.09263106].
2026-07-16 00:14:23,232 - INFO - Best fit parameters: [6.89485189e-01 3.95104429e+01 3.10148308e-02 2.81557705e-02].
2026-07-16 00:14:24,688 - INFO - Maximum log composite likelihood: -711.5144510704598.
2026-07-16 00:14:24,688 - INFO - Optimal value of theta: 406.4529111517583.
2026-07-16 00:14:24,688 - INFO - Beginning optimization with guess, [4.38602727 3.25014247 0.06683051 0.16861711].
2026-07-16 00:14:53,452 - INFO - Finished optimization with guess, [4.38602727 3.25014247 0.06683051 0.16861711].
2026-07-16 00:14:53,455 - INFO - Best fit parameters: [2.42274972e+00 1.08504593e+02 2.10275247e-02 1.22607642e-02].
2026-07-16 00:14:54,911 - INFO - Maximum log composite likelihood: -774.7441301250313.
2026-07-16 00:14:54,911 - INFO - Optimal value of theta: 440.0231224880228.
2026-07-16 00:14:54,911 - INFO - Beginning optimization with guess, [2.49169515 3.93871832 0.18152437 0.09900232].
2026-07-16 00:15:31,050 - INFO - Finished optimization with guess, [2.49169515 3.93871832 0.18152437 0.09900232].
2026-07-16 00:15:31,051 - INFO - Best fit parameters: [3.97059480e-01 2.56971668e+01 1.18400432e-01 1.99417726e-02].
2026-07-16 00:15:32,506 - INFO - Maximum log composite likelihood: -643.8307075769703.
2026-07-16 00:15:32,506 - INFO - Optimal value of theta: 584.8502867449288.
2026-07-16 00:15:32,506 - INFO - Beginning optimization with guess, [4.27808958 6.70530736 0.1144064  0.10570817].
2026-07-16 00:16:01,322 - INFO - Finished optimization with guess, [4.27808958 6.70530736 0.1144064  0.10570817].
2026-07-16 00:16:01,323 - INFO - Best fit parameters: [8.98761606e-01 3.43625167e+01 2.65657376e-02 3.00447565e-02].
2026-07-16 00:16:02,779 - INFO - Maximum log composite likelihood: -724.3415428275958.
2026-07-16 00:16:02,779 - INFO - Optimal value of theta: 383.75013358061875.
2026-07-16 00:16:02,779 - INFO - Beginning optimization with guess, [4.99556823 5.96161594 0.17952081 0.08916607].
2026-07-16 00:16:31,603 - INFO - Finished optimization with guess, [4.99556823 5.96161594 0.17952081 0.08916607].
2026-07-16 00:16:31,606 - INFO - Best fit parameters: [7.64075053e-01 3.65139751e+01 4.74472400e-02 3.03183662e-02].
2026-07-16 00:16:33,034 - INFO - Maximum log composite likelihood: -710.9595559505098.
2026-07-16 00:16:33,034 - INFO - Optimal value of theta: 392.41886247919666.
2026-07-16 00:16:33,034 - INFO - Beginning optimization with guess, [9.1745441  5.11738261 0.06295086 0.16870246].
2026-07-16 00:17:01,935 - INFO - Finished optimization with guess, [9.1745441  5.11738261 0.06295086 0.16870246].
2026-07-16 00:17:01,936 - INFO - Best fit parameters: [7.34518896e+00 2.34011519e+01 1.65714104e-02 1.32615745e-02].
2026-07-16 00:17:03,366 - INFO - Maximum log composite likelihood: -773.12525237842.
2026-07-16 00:17:03,368 - INFO - Optimal value of theta: 415.37209833459906.
2026-07-16 00:17:03,368 - INFO - Beginning optimization with guess, [3.10231862 3.75571168 0.07427717 0.08821225].
2026-07-16 00:17:32,245 - INFO - Finished optimization with guess, [3.10231862 3.75571168 0.07427717 0.08821225].
2026-07-16 00:17:32,247 - INFO - Best fit parameters: [1.07260753e+00 3.56589737e+01 3.07771532e-02 2.75493572e-02].
2026-07-16 00:17:33,696 - INFO - Maximum log composite likelihood: -728.3600125362366.
2026-07-16 00:17:33,697 - INFO - Optimal value of theta: 386.7112664788459.
2026-07-16 00:17:33,700 - INFO - Converting and interpreting Tau estimates.
2026-07-16 00:17:33,703 - INFO - Finished demographic inference.
2026-07-16 00:17:33,703 - INFO - Pipeline executed succesfully.
