2026-07-21 17:17:45,185 - INFO - Beginning execution of fit_demographic_model.py in directory /u/project/kirk-bigdata/jonmah/sample_size_demography/Scripts

2026-07-21 17:17:45,185 - INFO - Progress is being logged to ../Analysis/1KG_IBS_60/log.log

2026-07-21 17:17:45,185 - INFO - Parsed the following arguments:
	syn_input_sfs = ../Analysis/1KG_IBS_60/syn_downsampled_sfs.txt
	mask_singletons = False
	mask_doubletons = False
	sum_alleles = False
	L_syn = 100000000.0
	model_type = three_epoch
	input_params = []
	outprefix = ../Analysis/1KG_IBS_60/

2026-07-21 17:17:45,187 - INFO - Beginning demographic inference for three-epoch demographic model.
2026-07-21 17:17:45,189 - INFO - Beginning optimization with guess, [0.01194652 0.00672982 0.05082388 0.05080449].
2026-07-21 17:17:46,875 - INFO - Finished optimization with guess, [0.01194652 0.00672982 0.05082388 0.05080449].
2026-07-21 17:17:46,876 - INFO - Best fit parameters: [0.00848876 0.00380463 0.0675719  0.10134411].
2026-07-21 17:17:47,105 - INFO - Maximum log composite likelihood: -1025.2653784006134.
2026-07-21 17:17:47,105 - INFO - Optimal value of theta: 1719803.4143634934.
2026-07-21 17:17:47,105 - INFO - Beginning optimization with guess, [0.04045347 0.02317296 0.05710951 0.08059206].
2026-07-21 17:17:50,285 - INFO - Finished optimization with guess, [0.04045347 0.02317296 0.05710951 0.08059206].
2026-07-21 17:17:50,285 - INFO - Best fit parameters: [0.02962841 0.0137274  0.07596247 0.17209885].
2026-07-21 17:17:50,402 - INFO - Maximum log composite likelihood: -1025.2928481199388.
2026-07-21 17:17:50,402 - INFO - Optimal value of theta: 476646.0168080395.
2026-07-21 17:17:50,402 - INFO - Beginning optimization with guess, [0.08744286 0.04891187 0.05287049 0.06315178].
2026-07-21 17:17:52,547 - INFO - Finished optimization with guess, [0.08744286 0.04891187 0.05287049 0.06315178].
2026-07-21 17:17:52,547 - INFO - Best fit parameters: [0.04897638 0.02843673 0.08829081 0.24008336].
2026-07-21 17:17:52,636 - INFO - Maximum log composite likelihood: -1026.8133701562178.
2026-07-21 17:17:52,636 - INFO - Optimal value of theta: 229901.10081072157.
2026-07-21 17:17:52,636 - INFO - Beginning optimization with guess, [0.08552179 0.04796943 0.1566336  0.05374953].
2026-07-21 17:17:54,927 - INFO - Finished optimization with guess, [0.08552179 0.04796943 0.1566336  0.05374953].
2026-07-21 17:17:54,928 - INFO - Best fit parameters: [0.03491517 0.06304971 0.28638353 0.07786786].
2026-07-21 17:17:55,014 - INFO - Maximum log composite likelihood: -944.8845075832377.
2026-07-21 17:17:55,014 - INFO - Optimal value of theta: 112832.64943833058.
2026-07-21 17:17:55,014 - INFO - Beginning optimization with guess, [0.13724116 0.06728724 0.115813   0.16531224].
2026-07-21 17:17:57,578 - INFO - Finished optimization with guess, [0.13724116 0.06728724 0.115813   0.16531224].
2026-07-21 17:17:57,579 - INFO - Best fit parameters: [0.10050115 0.03923299 0.14867161 0.42150784].
2026-07-21 17:17:57,679 - INFO - Maximum log composite likelihood: -1025.4341158407387.
2026-07-21 17:17:57,679 - INFO - Optimal value of theta: 166762.71936783555.
2026-07-21 17:17:57,679 - INFO - Beginning optimization with guess, [0.18726565 0.29521764 0.09971453 0.14376891].
2026-07-21 17:17:58,834 - INFO - Finished optimization with guess, [0.18726565 0.29521764 0.09971453 0.14376891].
2026-07-21 17:17:58,835 - INFO - Best fit parameters: [0.13651991 1.22917352 0.11447901 0.09720854].
2026-07-21 17:17:58,872 - INFO - Maximum log composite likelihood: -420.43820548008046.
2026-07-21 17:17:58,872 - INFO - Optimal value of theta: 10275.383212569099.
2026-07-21 17:17:58,872 - INFO - Beginning optimization with guess, [0.87426857 0.41132216 0.43269391 0.12340136].
2026-07-21 17:17:59,962 - INFO - Finished optimization with guess, [0.87426857 0.41132216 0.43269391 0.12340136].
2026-07-21 17:17:59,962 - INFO - Best fit parameters: [0.5311086  2.08625448 0.26943318 0.03480401].
2026-07-21 17:17:59,997 - INFO - Maximum log composite likelihood: -270.2586334740838.
2026-07-21 17:17:59,997 - INFO - Optimal value of theta: 7788.63240622083.
2026-07-21 17:17:59,997 - INFO - Beginning optimization with guess, [1.48966588 0.49291875 0.07214975 0.12816526].
2026-07-21 17:18:01,342 - INFO - Finished optimization with guess, [1.48966588 0.49291875 0.07214975 0.12816526].
2026-07-21 17:18:01,343 - INFO - Best fit parameters: [0.421298   5.11616441 0.05749337 0.04779927].
2026-07-21 17:18:01,378 - INFO - Maximum log composite likelihood: -141.89221107096728.
2026-07-21 17:18:01,378 - INFO - Optimal value of theta: 6350.205474973233.
2026-07-21 17:18:01,379 - INFO - Beginning optimization with guess, [1.04427157 1.59738996 0.19624632 0.14281123].
2026-07-21 17:18:02,497 - INFO - Finished optimization with guess, [1.04427157 1.59738996 0.19624632 0.14281123].
2026-07-21 17:18:02,497 - INFO - Best fit parameters: [0.55072754 3.59380647 0.15190016 0.04669273].
2026-07-21 17:18:02,531 - INFO - Maximum log composite likelihood: -137.2755962783881.
2026-07-21 17:18:02,531 - INFO - Optimal value of theta: 6636.388766680657.
2026-07-21 17:18:02,531 - INFO - Beginning optimization with guess, [1.54656305 0.7513977  0.05931018 0.15269076].
2026-07-21 17:18:03,517 - INFO - Finished optimization with guess, [1.54656305 0.7513977  0.05931018 0.15269076].
2026-07-21 17:18:03,517 - INFO - Best fit parameters: [0.78190492 1.753398   0.04770513 0.06095415].
2026-07-21 17:18:03,549 - INFO - Maximum log composite likelihood: -469.9049895403725.
2026-07-21 17:18:03,549 - INFO - Optimal value of theta: 6040.582237577911.
2026-07-21 17:18:03,550 - INFO - Beginning optimization with guess, [1.0764307  2.27207167 0.0738518  0.12636337].
2026-07-21 17:18:04,528 - INFO - Finished optimization with guess, [1.0764307  2.27207167 0.0738518  0.12636337].
2026-07-21 17:18:04,529 - INFO - Best fit parameters: [0.38573537 3.14016445 0.08335264 0.05898161].
2026-07-21 17:18:04,561 - INFO - Maximum log composite likelihood: -140.35446420599135.
2026-07-21 17:18:04,561 - INFO - Optimal value of theta: 6684.799720904191.
2026-07-21 17:18:04,562 - INFO - Beginning optimization with guess, [1.9649396  1.35987502 0.13055995 0.06121792].
2026-07-21 17:18:05,531 - INFO - Finished optimization with guess, [1.9649396  1.35987502 0.13055995 0.06121792].
2026-07-21 17:18:05,531 - INFO - Best fit parameters: [0.43825724 5.92873211 0.06447672 0.04686254].
2026-07-21 17:18:05,563 - INFO - Maximum log composite likelihood: -141.80102195461154.
2026-07-21 17:18:05,563 - INFO - Optimal value of theta: 6348.077052083186.
2026-07-21 17:18:05,564 - INFO - Beginning optimization with guess, [2.29974859 2.3349016  0.18501414 0.14695501].
2026-07-21 17:18:06,591 - INFO - Finished optimization with guess, [2.29974859 2.3349016  0.18501414 0.14695501].
2026-07-21 17:18:06,591 - INFO - Best fit parameters: [0.30883601 3.33032757 0.1041102  0.06463431].
2026-07-21 17:18:06,624 - INFO - Maximum log composite likelihood: -215.33879551141854.
2026-07-21 17:18:06,624 - INFO - Optimal value of theta: 7130.646067374726.
2026-07-21 17:18:06,625 - INFO - Beginning optimization with guess, [1.49120332 1.14663771 0.0827264  0.05931953].
2026-07-21 17:18:07,606 - INFO - Finished optimization with guess, [1.49120332 1.14663771 0.0827264  0.05931953].
2026-07-21 17:18:07,606 - INFO - Best fit parameters: [0.41885619 5.63420534 0.06829715 0.04274193].
2026-07-21 17:18:07,639 - INFO - Maximum log composite likelihood: -149.4037825593939.
2026-07-21 17:18:07,639 - INFO - Optimal value of theta: 6589.735412950243.
2026-07-21 17:18:07,639 - INFO - Beginning optimization with guess, [2.07373333 1.53736639 0.08369828 0.09381325].
2026-07-21 17:18:08,609 - INFO - Finished optimization with guess, [2.07373333 1.53736639 0.08369828 0.09381325].
2026-07-21 17:18:08,609 - INFO - Best fit parameters: [0.33810039 8.60627268 0.03490797 0.04086337].
2026-07-21 17:18:08,642 - INFO - Maximum log composite likelihood: -173.0756072506847.
2026-07-21 17:18:08,642 - INFO - Optimal value of theta: 6405.13716299813.
2026-07-21 17:18:08,642 - INFO - Beginning optimization with guess, [2.36048929 4.27990894 0.07536707 0.0860952 ].
2026-07-21 17:18:09,609 - INFO - Finished optimization with guess, [2.36048929 4.27990894 0.07536707 0.0860952 ].
2026-07-21 17:18:09,610 - INFO - Best fit parameters: [0.46686811 7.76017455 0.0331915  0.05006887].
2026-07-21 17:18:09,643 - INFO - Maximum log composite likelihood: -198.72998593600596.
2026-07-21 17:18:09,643 - INFO - Optimal value of theta: 5790.456128934857.
2026-07-21 17:18:09,643 - INFO - Beginning optimization with guess, [1.76869634 2.10192902 0.09946233 0.0970419 ].
2026-07-21 17:18:10,795 - INFO - Finished optimization with guess, [1.76869634 2.10192902 0.09946233 0.0970419 ].
2026-07-21 17:18:10,796 - INFO - Best fit parameters: [0.35130055 3.31426703 0.06240446 0.05975163].
2026-07-21 17:18:10,829 - INFO - Maximum log composite likelihood: -139.23560945023337.
2026-07-21 17:18:10,829 - INFO - Optimal value of theta: 6565.530919194172.
2026-07-21 17:18:10,829 - INFO - Beginning optimization with guess, [3.22683877 1.74665378 0.0816294  0.08920582].
2026-07-21 17:18:11,793 - INFO - Finished optimization with guess, [3.22683877 1.74665378 0.0816294  0.08920582].
2026-07-21 17:18:11,794 - INFO - Best fit parameters: [8.68594238e-01 6.36045498e+00 5.43234764e-03 3.19491621e-02].
2026-07-21 17:18:11,825 - INFO - Maximum log composite likelihood: -272.115545153257.
2026-07-21 17:18:11,825 - INFO - Optimal value of theta: 5683.016727869816.
2026-07-21 17:18:11,825 - INFO - Beginning optimization with guess, [2.05983023 3.71927879 0.08318053 0.08021292].
2026-07-21 17:18:12,959 - INFO - Finished optimization with guess, [2.05983023 3.71927879 0.08318053 0.08021292].
2026-07-21 17:18:12,959 - INFO - Best fit parameters: [0.42735429 5.25683709 0.05627919 0.04381194].
2026-07-21 17:18:12,991 - INFO - Maximum log composite likelihood: -151.37701112067657.
2026-07-21 17:18:12,991 - INFO - Optimal value of theta: 6421.757236225077.
2026-07-21 17:18:12,992 - INFO - Beginning optimization with guess, [3.26414988 5.97760572 0.10978695 0.1229003 ].
2026-07-21 17:18:13,950 - INFO - Finished optimization with guess, [3.26414988 5.97760572 0.10978695 0.1229003 ].
2026-07-21 17:18:13,950 - INFO - Best fit parameters: [0.47828328 5.21371972 0.03754588 0.03926618].
2026-07-21 17:18:13,982 - INFO - Maximum log composite likelihood: -200.08768482691892.
2026-07-21 17:18:13,982 - INFO - Optimal value of theta: 6192.8069251394.
2026-07-21 17:18:13,983 - INFO - Beginning optimization with guess, [2.24934228 6.42188624 0.18387254 0.17126236].
2026-07-21 17:18:14,975 - INFO - Finished optimization with guess, [2.24934228 6.42188624 0.18387254 0.17126236].
2026-07-21 17:18:14,975 - INFO - Best fit parameters: [0.46394577 2.93147365 0.16791359 0.05233921].
2026-07-21 17:18:15,009 - INFO - Maximum log composite likelihood: -142.57813234390096.
2026-07-21 17:18:15,009 - INFO - Optimal value of theta: 7071.2351225877355.
2026-07-21 17:18:15,010 - INFO - Beginning optimization with guess, [3.1003424  5.17025614 0.05818201 0.05258282].
2026-07-21 17:18:15,962 - INFO - Finished optimization with guess, [3.1003424  5.17025614 0.05818201 0.05258282].
2026-07-21 17:18:15,962 - INFO - Best fit parameters: [1.85431917e+00 1.12189062e+01 1.01110499e-02 2.56444015e-02].
2026-07-21 17:18:15,993 - INFO - Maximum log composite likelihood: -262.4071257020621.
2026-07-21 17:18:15,993 - INFO - Optimal value of theta: 5609.069400609175.
2026-07-21 17:18:15,993 - INFO - Beginning optimization with guess, [3.17606941 3.59819917 0.11335469 0.0878372 ].
2026-07-21 17:18:16,953 - INFO - Finished optimization with guess, [3.17606941 3.59819917 0.11335469 0.0878372 ].
2026-07-21 17:18:16,953 - INFO - Best fit parameters: [0.61342084 4.34142682 0.03836814 0.03688936].
2026-07-21 17:18:16,985 - INFO - Maximum log composite likelihood: -247.13131372145585.
2026-07-21 17:18:16,985 - INFO - Optimal value of theta: 6054.14765469852.
2026-07-21 17:18:16,986 - INFO - Beginning optimization with guess, [4.69676357 4.47565475 0.09347129 0.13074129].
2026-07-21 17:18:17,939 - INFO - Finished optimization with guess, [4.69676357 4.47565475 0.09347129 0.13074129].
2026-07-21 17:18:17,939 - INFO - Best fit parameters: [2.36449999 2.9785659  0.01415304 0.02684304].
2026-07-21 17:18:17,971 - INFO - Maximum log composite likelihood: -342.623264927091.
2026-07-21 17:18:17,971 - INFO - Optimal value of theta: 5757.978749739637.
2026-07-21 17:18:17,971 - INFO - Beginning optimization with guess, [6.89319009 4.81531442 0.10660322 0.11159714].
2026-07-21 17:18:18,921 - INFO - Finished optimization with guess, [6.89319009 4.81531442 0.10660322 0.11159714].
2026-07-21 17:18:18,921 - INFO - Best fit parameters: [4.02236581 3.10010964 0.01210655 0.02317893].
2026-07-21 17:18:18,953 - INFO - Maximum log composite likelihood: -331.1723529940133.
2026-07-21 17:18:18,953 - INFO - Optimal value of theta: 5773.68256512272.
2026-07-21 17:18:18,954 - INFO - Converting and interpreting Tau estimates.
2026-07-21 17:18:18,956 - INFO - Finished demographic inference.
2026-07-21 17:18:18,956 - INFO - Pipeline executed succesfully.
