2026-07-21 17:17:44,735 - INFO - Beginning execution of fit_demographic_model.py in directory /u/project/kirk-bigdata/jonmah/sample_size_demography/Scripts

2026-07-21 17:17:44,735 - INFO - Progress is being logged to ../Analysis/1KG_IBS_30/log.log

2026-07-21 17:17:44,735 - INFO - Parsed the following arguments:
	syn_input_sfs = ../Analysis/1KG_IBS_30/syn_downsampled_sfs.txt
	mask_singletons = False
	mask_doubletons = False
	sum_alleles = False
	L_syn = 100000000.0
	model_type = three_epoch
	input_params = []
	outprefix = ../Analysis/1KG_IBS_30/

2026-07-21 17:17:44,737 - INFO - Beginning demographic inference for three-epoch demographic model.
2026-07-21 17:17:44,741 - INFO - Beginning optimization with guess, [0.00586294 0.0166815  0.06710164 0.13645593].
2026-07-21 17:17:47,658 - INFO - Finished optimization with guess, [0.00586294 0.0166815  0.06710164 0.13645593].
2026-07-21 17:17:47,659 - INFO - Best fit parameters: [0.00568211 0.02734318 0.0671451  0.08611512].
2026-07-21 17:17:47,738 - INFO - Maximum log composite likelihood: -281.0921771802027.
2026-07-21 17:17:47,739 - INFO - Optimal value of theta: 233375.48518083888.
2026-07-21 17:17:47,741 - INFO - Beginning optimization with guess, [0.01809107 0.01537948 0.11823434 0.18833098].
2026-07-21 17:17:49,966 - INFO - Finished optimization with guess, [0.01809107 0.01537948 0.11823434 0.18833098].
2026-07-21 17:17:49,966 - INFO - Best fit parameters: [0.01193466 0.00958115 0.1362704  0.40409611].
2026-07-21 17:17:50,344 - INFO - Maximum log composite likelihood: -284.51405883897905.
2026-07-21 17:17:50,344 - INFO - Optimal value of theta: 649890.9387208449.
2026-07-21 17:17:50,344 - INFO - Beginning optimization with guess, [0.05998672 0.03657231 0.17331256 0.12683242].
2026-07-21 17:17:53,218 - INFO - Finished optimization with guess, [0.05998672 0.03657231 0.17331256 0.12683242].
2026-07-21 17:17:53,220 - INFO - Best fit parameters: [0.03517143 0.02463659 0.2539316  0.25161646].
2026-07-21 17:17:53,359 - INFO - Maximum log composite likelihood: -284.5173667701256.
2026-07-21 17:17:53,359 - INFO - Optimal value of theta: 252738.93847687094.
2026-07-21 17:17:53,360 - INFO - Beginning optimization with guess, [0.06580017 0.12374053 0.18469138 0.05635598].
2026-07-21 17:17:54,475 - INFO - Finished optimization with guess, [0.06580017 0.12374053 0.18469138 0.05635598].
2026-07-21 17:17:54,475 - INFO - Best fit parameters: [0.06862901 0.16493741 0.16315956 0.04292507].
2026-07-21 17:17:54,500 - INFO - Maximum log composite likelihood: -226.47790722494483.
2026-07-21 17:17:54,500 - INFO - Optimal value of theta: 40028.78702361537.
2026-07-21 17:17:54,500 - INFO - Beginning optimization with guess, [0.12637847 0.12756776 0.06438263 0.12514258].
2026-07-21 17:17:55,416 - INFO - Finished optimization with guess, [0.12637847 0.12756776 0.06438263 0.12514258].
2026-07-21 17:17:55,416 - INFO - Best fit parameters: [0.05188604 0.16413661 0.13655675 0.33883965].
2026-07-21 17:17:55,451 - INFO - Maximum log composite likelihood: -281.0907242707817.
2026-07-21 17:17:55,451 - INFO - Optimal value of theta: 38870.229216257416.
2026-07-21 17:17:55,451 - INFO - Beginning optimization with guess, [0.27351038 0.28808823 0.09951005 0.08763747].
2026-07-21 17:17:55,844 - INFO - Finished optimization with guess, [0.27351038 0.28808823 0.09951005 0.08763747].
2026-07-21 17:17:55,844 - INFO - Best fit parameters: [0.17869812 0.92516807 0.13910615 0.10198231].
2026-07-21 17:17:55,857 - INFO - Maximum log composite likelihood: -107.8202950775094.
2026-07-21 17:17:55,857 - INFO - Optimal value of theta: 10302.987300108101.
2026-07-21 17:17:55,857 - INFO - Beginning optimization with guess, [0.84821217 0.59382608 0.68593228 0.17467602].
2026-07-21 17:17:56,294 - INFO - Finished optimization with guess, [0.84821217 0.59382608 0.68593228 0.17467602].
2026-07-21 17:17:56,294 - INFO - Best fit parameters: [0.64551981 0.96721081 0.63152665 0.14318168].
2026-07-21 17:17:56,308 - INFO - Maximum log composite likelihood: -206.10625356911214.
2026-07-21 17:17:56,308 - INFO - Optimal value of theta: 7563.465606264283.
2026-07-21 17:17:56,308 - INFO - Beginning optimization with guess, [0.57427238 0.74307573 0.10695647 0.19726186].
2026-07-21 17:17:56,634 - INFO - Finished optimization with guess, [0.57427238 0.74307573 0.10695647 0.19726186].
2026-07-21 17:17:56,634 - INFO - Best fit parameters: [0.17548397 1.50424735 0.14181341 0.04391435].
2026-07-21 17:17:56,647 - INFO - Maximum log composite likelihood: -165.6923492895371.
2026-07-21 17:17:56,647 - INFO - Optimal value of theta: 11313.713121682746.
2026-07-21 17:17:56,647 - INFO - Beginning optimization with guess, [1.90217427 0.50162309 0.13124196 0.11348928].
2026-07-21 17:17:56,990 - INFO - Finished optimization with guess, [1.90217427 0.50162309 0.13124196 0.11348928].
2026-07-21 17:17:56,990 - INFO - Best fit parameters: [0.26062346 1.43717696 0.05383384 0.09215782].
2026-07-21 17:17:57,000 - INFO - Maximum log composite likelihood: -103.22893024165796.
2026-07-21 17:17:57,000 - INFO - Optimal value of theta: 6991.613797644349.
2026-07-21 17:17:57,000 - INFO - Beginning optimization with guess, [0.88339088 1.05425015 0.06011552 0.09149549].
2026-07-21 17:17:57,345 - INFO - Finished optimization with guess, [0.88339088 1.05425015 0.06011552 0.09149549].
2026-07-21 17:17:57,345 - INFO - Best fit parameters: [0.3321006  2.32972497 0.07100784 0.0623233 ].
2026-07-21 17:17:57,355 - INFO - Maximum log composite likelihood: -77.39432653938593.
2026-07-21 17:17:57,355 - INFO - Optimal value of theta: 6877.656414476465.
2026-07-21 17:17:57,356 - INFO - Beginning optimization with guess, [2.07752463 1.60477543 0.15333182 0.11619831].
2026-07-21 17:17:57,771 - INFO - Finished optimization with guess, [2.07752463 1.60477543 0.15333182 0.11619831].
2026-07-21 17:17:57,771 - INFO - Best fit parameters: [0.2166558  2.01520005 0.05853762 0.10107325].
2026-07-21 17:17:57,781 - INFO - Maximum log composite likelihood: -91.24224178281293.
2026-07-21 17:17:57,782 - INFO - Optimal value of theta: 6942.661366717549.
2026-07-21 17:17:57,782 - INFO - Beginning optimization with guess, [1.69089429 2.21363745 0.14571427 0.07770875].
2026-07-21 17:17:58,138 - INFO - Finished optimization with guess, [1.69089429 2.21363745 0.14571427 0.07770875].
2026-07-21 17:17:58,140 - INFO - Best fit parameters: [0.44219776 2.39720835 0.126785   0.06440613].
2026-07-21 17:17:58,171 - INFO - Maximum log composite likelihood: -69.17746964554863.
2026-07-21 17:17:58,172 - INFO - Optimal value of theta: 6814.232720956458.
2026-07-21 17:17:58,172 - INFO - Beginning optimization with guess, [1.45884401 3.05237203 0.08627318 0.18433943].
2026-07-21 17:17:58,713 - INFO - Finished optimization with guess, [1.45884401 3.05237203 0.08627318 0.18433943].
2026-07-21 17:17:58,713 - INFO - Best fit parameters: [0.40381678 1.37118673 0.07243646 0.07219176].
2026-07-21 17:17:58,725 - INFO - Maximum log composite likelihood: -145.26128228934977.
2026-07-21 17:17:58,725 - INFO - Optimal value of theta: 6830.828382816311.
2026-07-21 17:17:58,725 - INFO - Beginning optimization with guess, [1.38407958 4.30457967 0.11142638 0.12854246].
2026-07-21 17:17:59,025 - INFO - Finished optimization with guess, [1.38407958 4.30457967 0.11142638 0.12854246].
2026-07-21 17:17:59,025 - INFO - Best fit parameters: [0.44032447 2.61055183 0.12034908 0.05928359].
2026-07-21 17:17:59,035 - INFO - Maximum log composite likelihood: -68.38161748148241.
2026-07-21 17:17:59,035 - INFO - Optimal value of theta: 6817.325235452895.
2026-07-21 17:17:59,035 - INFO - Beginning optimization with guess, [3.10511518 1.46770584 0.06169506 0.09158936].
2026-07-21 17:17:59,420 - INFO - Finished optimization with guess, [3.10511518 1.46770584 0.06169506 0.09158936].
2026-07-21 17:17:59,420 - INFO - Best fit parameters: [0.69842814 2.23601781 0.00707231 0.01294852].
2026-07-21 17:17:59,430 - INFO - Maximum log composite likelihood: -225.13146751567228.
2026-07-21 17:17:59,430 - INFO - Optimal value of theta: 6130.976165956501.
2026-07-21 17:17:59,430 - INFO - Beginning optimization with guess, [2.96893157 3.50329448 0.06542397 0.13343874].
2026-07-21 17:17:59,806 - INFO - Finished optimization with guess, [2.96893157 3.50329448 0.06542397 0.13343874].
2026-07-21 17:17:59,806 - INFO - Best fit parameters: [1.06759416 1.77570179 0.01573703 0.03305904].
2026-07-21 17:17:59,815 - INFO - Maximum log composite likelihood: -184.19252218824067.
2026-07-21 17:17:59,815 - INFO - Optimal value of theta: 5929.22792339122.
2026-07-21 17:17:59,815 - INFO - Beginning optimization with guess, [5.52034315 1.90265779 0.08818944 0.09001705].
2026-07-21 17:18:00,094 - INFO - Finished optimization with guess, [5.52034315 1.90265779 0.08818944 0.09001705].
2026-07-21 17:18:00,094 - INFO - Best fit parameters: [2.40888336 1.79680033 0.00637997 0.01489497].
2026-07-21 17:18:00,103 - INFO - Maximum log composite likelihood: -193.17687087794138.
2026-07-21 17:18:00,103 - INFO - Optimal value of theta: 6014.399169685007.
2026-07-21 17:18:00,103 - INFO - Beginning optimization with guess, [3.00137012 2.42532006 0.0820637  0.12622415].
2026-07-21 17:18:00,381 - INFO - Finished optimization with guess, [3.00137012 2.42532006 0.0820637  0.12622415].
2026-07-21 17:18:00,381 - INFO - Best fit parameters: [0.39389309 3.51478393 0.00762892 0.02055282].
2026-07-21 17:18:00,390 - INFO - Maximum log composite likelihood: -199.12362707584134.
2026-07-21 17:18:00,391 - INFO - Optimal value of theta: 6126.243687705104.
2026-07-21 17:18:00,391 - INFO - Beginning optimization with guess, [2.72974135 2.83079534 0.18261235 0.12788887].
2026-07-21 17:18:00,803 - INFO - Finished optimization with guess, [2.72974135 2.83079534 0.18261235 0.12788887].
2026-07-21 17:18:00,803 - INFO - Best fit parameters: [0.2315644  1.48408006 0.06524278 0.09199233].
2026-07-21 17:18:00,816 - INFO - Maximum log composite likelihood: -89.89069740003106.
2026-07-21 17:18:00,816 - INFO - Optimal value of theta: 7364.686999794615.
2026-07-21 17:18:00,816 - INFO - Beginning optimization with guess, [4.71360794 3.63913637 0.08890177 0.09914171].
2026-07-21 17:18:01,113 - INFO - Finished optimization with guess, [4.71360794 3.63913637 0.08890177 0.09914171].
2026-07-21 17:18:01,113 - INFO - Best fit parameters: [2.01373437 2.26622248 0.00864184 0.02453747].
2026-07-21 17:18:01,122 - INFO - Maximum log composite likelihood: -170.76858443792253.
2026-07-21 17:18:01,123 - INFO - Optimal value of theta: 5869.826762145045.
2026-07-21 17:18:01,123 - INFO - Beginning optimization with guess, [6.49006249 5.58734698 0.0613663  0.12034561].
2026-07-21 17:18:01,412 - INFO - Finished optimization with guess, [6.49006249 5.58734698 0.0613663  0.12034561].
2026-07-21 17:18:01,412 - INFO - Best fit parameters: [4.24418802 1.88737932 0.0124258  0.020969  ].
2026-07-21 17:18:01,421 - INFO - Maximum log composite likelihood: -174.0799544132642.
2026-07-21 17:18:01,421 - INFO - Optimal value of theta: 5852.707125378814.
2026-07-21 17:18:01,421 - INFO - Beginning optimization with guess, [2.57870577 8.49694512 0.05780138 0.05370128].
2026-07-21 17:18:01,923 - INFO - Finished optimization with guess, [2.57870577 8.49694512 0.05780138 0.05370128].
2026-07-21 17:18:01,924 - INFO - Best fit parameters: [1.99750693e-01 1.98757459e+01 1.74963839e-02 4.70730803e-02].
2026-07-21 17:18:01,935 - INFO - Maximum log composite likelihood: -88.55859709620836.
2026-07-21 17:18:01,935 - INFO - Optimal value of theta: 6244.489733167528.
2026-07-21 17:18:01,935 - INFO - Beginning optimization with guess, [2.34530313 5.84118595 0.13751734 0.0846973 ].
2026-07-21 17:18:02,297 - INFO - Finished optimization with guess, [2.34530313 5.84118595 0.13751734 0.0846973 ].
2026-07-21 17:18:02,297 - INFO - Best fit parameters: [0.54184241 3.95147633 0.10571892 0.04735451].
2026-07-21 17:18:02,310 - INFO - Maximum log composite likelihood: -74.00645904864405.
2026-07-21 17:18:02,310 - INFO - Optimal value of theta: 6397.8807019315145.
2026-07-21 17:18:02,310 - INFO - Beginning optimization with guess, [2.5478688  6.68364902 0.15465574 0.05784486].
2026-07-21 17:18:02,648 - INFO - Finished optimization with guess, [2.5478688  6.68364902 0.15465574 0.05784486].
2026-07-21 17:18:02,648 - INFO - Best fit parameters: [0.53114874 5.62010619 0.11587434 0.04592813].
2026-07-21 17:18:02,659 - INFO - Maximum log composite likelihood: -72.11187703147698.
2026-07-21 17:18:02,659 - INFO - Optimal value of theta: 6440.942233853418.
2026-07-21 17:18:02,660 - INFO - Beginning optimization with guess, [4.41144818 3.66694521 0.05304333 0.08194313].
2026-07-21 17:18:03,030 - INFO - Finished optimization with guess, [4.41144818 3.66694521 0.05304333 0.08194313].
2026-07-21 17:18:03,030 - INFO - Best fit parameters: [2.77674743 2.20306062 0.01285957 0.01766497].
2026-07-21 17:18:03,039 - INFO - Maximum log composite likelihood: -170.4470918451184.
2026-07-21 17:18:03,039 - INFO - Optimal value of theta: 5872.307398627789.
2026-07-21 17:18:03,040 - INFO - Converting and interpreting Tau estimates.
2026-07-21 17:18:03,042 - INFO - Finished demographic inference.
2026-07-21 17:18:03,042 - INFO - Pipeline executed succesfully.
