2026-07-16 00:01:16,330 - INFO - Beginning execution of fit_demographic_model.py in directory /u/project/kirk-bigdata/jonmah/sample_size_demography/Scripts

2026-07-16 00:01:16,337 - INFO - Progress is being logged to ../Analysis/tennessen_ooa_360/log.log

2026-07-16 00:01:16,337 - INFO - Parsed the following arguments:
	syn_input_sfs = ../Simulations/tennessen/ooa_360_sfs/dadi/pop1.sfs
	mask_singletons = False
	mask_doubletons = False
	sum_alleles = False
	L_syn = 100000000.0
	model_type = three_epoch
	input_params = []
	outprefix = ../Analysis/tennessen_ooa_360/

2026-07-16 00:01:16,341 - INFO - Beginning demographic inference for three-epoch demographic model.
2026-07-16 00:01:16,343 - INFO - Beginning optimization with guess, [0.00510192 0.01256368 0.11650116 0.06731862].
2026-07-16 00:01:47,360 - INFO - Finished optimization with guess, [0.00510192 0.01256368 0.11650116 0.06731862].
2026-07-16 00:01:47,362 - INFO - Best fit parameters: [0.00464968 0.02853814 0.11650116 0.03264217].
2026-07-16 00:01:48,509 - INFO - Maximum log composite likelihood: -1478.25761205838.
2026-07-16 00:01:48,510 - INFO - Optimal value of theta: 25717.30804034135.
2026-07-16 00:01:48,510 - INFO - Beginning optimization with guess, [0.01891306 0.03665583 0.057638   0.08755971].
2026-07-16 00:02:17,156 - INFO - Finished optimization with guess, [0.01891306 0.03665583 0.057638   0.08755971].
2026-07-16 00:02:17,157 - INFO - Best fit parameters: [0.00799773 0.06293317 0.11788804 0.07492517].
2026-07-16 00:02:18,142 - INFO - Maximum log composite likelihood: -1478.366300652761.
2026-07-16 00:02:18,143 - INFO - Optimal value of theta: 11653.75798847691.
2026-07-16 00:02:18,143 - INFO - Beginning optimization with guess, [0.0917836  0.05742079 0.10616965 0.11445024].
2026-07-16 00:02:34,985 - INFO - Finished optimization with guess, [0.0917836  0.05742079 0.10616965 0.11445024].
2026-07-16 00:02:34,986 - INFO - Best fit parameters: [0.0551641  0.03891267 0.16200585 0.26918795].
2026-07-16 00:02:35,860 - INFO - Maximum log composite likelihood: -1541.0621951635978.
2026-07-16 00:02:35,860 - INFO - Optimal value of theta: 16516.948772462703.
2026-07-16 00:02:35,860 - INFO - Beginning optimization with guess, [0.04534259 0.09550353 0.05395109 0.12979219].
2026-07-16 00:02:51,888 - INFO - Finished optimization with guess, [0.04534259 0.09550353 0.05395109 0.12979219].
2026-07-16 00:02:51,889 - INFO - Best fit parameters: [0.0192937  0.13602565 0.11425417 0.17787902].
2026-07-16 00:02:52,723 - INFO - Maximum log composite likelihood: -1480.1320084912095.
2026-07-16 00:02:52,723 - INFO - Optimal value of theta: 5283.776032728523.
2026-07-16 00:02:52,723 - INFO - Beginning optimization with guess, [0.07574977 0.0514145  0.13281948 0.07413722].
2026-07-16 00:03:14,229 - INFO - Finished optimization with guess, [0.07574977 0.0514145  0.13281948 0.07413722].
2026-07-16 00:03:14,232 - INFO - Best fit parameters: [0.0218647  0.08839851 0.27308441 0.10534502].
2026-07-16 00:03:15,163 - INFO - Maximum log composite likelihood: -1479.832311447652.
2026-07-16 00:03:15,163 - INFO - Optimal value of theta: 8138.2366019396095.
2026-07-16 00:03:15,164 - INFO - Beginning optimization with guess, [0.27911536 0.1634112  0.13204947 0.08810486].
2026-07-16 00:03:31,711 - INFO - Finished optimization with guess, [0.27911536 0.1634112  0.13204947 0.08810486].
2026-07-16 00:03:31,713 - INFO - Best fit parameters: [0.1184678  0.44757874 0.23731405 0.14742063].
2026-07-16 00:03:32,453 - INFO - Maximum log composite likelihood: -1416.9564721437848.
2026-07-16 00:03:32,453 - INFO - Optimal value of theta: 1741.0781696788702.
2026-07-16 00:03:32,453 - INFO - Beginning optimization with guess, [0.28038668 0.89489447 0.38341091 0.12260526].
2026-07-16 00:03:52,497 - INFO - Finished optimization with guess, [0.28038668 0.89489447 0.38341091 0.12260526].
2026-07-16 00:03:52,500 - INFO - Best fit parameters: [1.44090297e-01 3.95284059e+01 2.69686608e-01 5.22386984e-03].
2026-07-16 00:03:53,303 - INFO - Maximum log composite likelihood: -493.1383902056657.
2026-07-16 00:03:53,303 - INFO - Optimal value of theta: 1854.4780349158257.
2026-07-16 00:03:53,304 - INFO - Beginning optimization with guess, [1.08141125 0.6782148  0.05952585 0.16169535].
2026-07-16 00:04:09,311 - INFO - Finished optimization with guess, [1.08141125 0.6782148  0.05952585 0.16169535].
2026-07-16 00:04:09,312 - INFO - Best fit parameters: [3.08475949e-01 8.04321270e+01 6.16018249e-02 1.86155903e-02].
2026-07-16 00:04:10,043 - INFO - Maximum log composite likelihood: -537.5543402376312.
2026-07-16 00:04:10,044 - INFO - Optimal value of theta: 580.641932464435.
2026-07-16 00:04:10,044 - INFO - Beginning optimization with guess, [1.46218833 1.01774438 0.11740956 0.06081362].
2026-07-16 00:04:24,815 - INFO - Finished optimization with guess, [1.46218833 1.01774438 0.11740956 0.06081362].
2026-07-16 00:04:24,820 - INFO - Best fit parameters: [4.42702010e-01 2.35546052e+01 8.05397433e-02 1.63778366e-02].
2026-07-16 00:04:25,553 - INFO - Maximum log composite likelihood: -494.2813142807316.
2026-07-16 00:04:25,553 - INFO - Optimal value of theta: 586.5617747786727.
2026-07-16 00:04:25,553 - INFO - Beginning optimization with guess, [2.07096038 2.23818951 0.07243699 0.09975446].
2026-07-16 00:04:40,445 - INFO - Finished optimization with guess, [2.07096038 2.23818951 0.07243699 0.09975446].
2026-07-16 00:04:40,451 - INFO - Best fit parameters: [ 0.51303026 27.72594214  0.04780336  0.03023509].
2026-07-16 00:04:41,192 - INFO - Maximum log composite likelihood: -484.85625321581495.
2026-07-16 00:04:41,192 - INFO - Optimal value of theta: 432.00806336780266.
2026-07-16 00:04:41,193 - INFO - Beginning optimization with guess, [0.79913618 2.93701468 0.14100887 0.08867948].
2026-07-16 00:04:56,125 - INFO - Finished optimization with guess, [0.79913618 2.93701468 0.14100887 0.08867948].
2026-07-16 00:04:56,127 - INFO - Best fit parameters: [ 0.21792727 10.73213912  0.15704799  0.02119753].
2026-07-16 00:04:56,891 - INFO - Maximum log composite likelihood: -428.4622040197853.
2026-07-16 00:04:56,891 - INFO - Optimal value of theta: 761.2591517345644.
2026-07-16 00:04:56,891 - INFO - Beginning optimization with guess, [1.34376039 2.93014122 0.05769672 0.15794768].
2026-07-16 00:05:21,049 - INFO - Finished optimization with guess, [1.34376039 2.93014122 0.05769672 0.15794768].
2026-07-16 00:05:21,051 - INFO - Best fit parameters: [ 0.58599032 12.90415322  0.05282633  0.0271074 ].
2026-07-16 00:05:21,855 - INFO - Maximum log composite likelihood: -509.63428178975397.
2026-07-16 00:05:21,855 - INFO - Optimal value of theta: 469.50442459316355.
2026-07-16 00:05:21,855 - INFO - Beginning optimization with guess, [1.47870898 1.7519027  0.0641704  0.15260385].
2026-07-16 00:05:36,949 - INFO - Finished optimization with guess, [1.47870898 1.7519027  0.0641704  0.15260385].
2026-07-16 00:05:36,950 - INFO - Best fit parameters: [5.31692506e-01 6.29825286e+01 4.87666726e-02 2.81774528e-02].
2026-07-16 00:05:37,707 - INFO - Maximum log composite likelihood: -522.6448568819858.
2026-07-16 00:05:37,708 - INFO - Optimal value of theta: 424.16719303933564.
2026-07-16 00:05:37,708 - INFO - Beginning optimization with guess, [1.12739948 1.65971718 0.08955305 0.05171242].
2026-07-16 00:05:52,457 - INFO - Finished optimization with guess, [1.12739948 1.65971718 0.08955305 0.05171242].
2026-07-16 00:05:52,458 - INFO - Best fit parameters: [ 0.3149044  12.49512204  0.08922146  0.02057068].
2026-07-16 00:05:53,196 - INFO - Maximum log composite likelihood: -438.16771378867605.
2026-07-16 00:05:53,197 - INFO - Optimal value of theta: 627.6515467017476.
2026-07-16 00:05:53,197 - INFO - Beginning optimization with guess, [2.13565236 3.64275831 0.14146669 0.06882563].
2026-07-16 00:06:08,464 - INFO - Finished optimization with guess, [2.13565236 3.64275831 0.14146669 0.06882563].
2026-07-16 00:06:08,467 - INFO - Best fit parameters: [3.28619128e-01 1.77791758e+01 9.04419759e-02 1.39570293e-02].
2026-07-16 00:06:09,209 - INFO - Maximum log composite likelihood: -500.65311610951875.
2026-07-16 00:06:09,209 - INFO - Optimal value of theta: 694.0202603823245.
2026-07-16 00:06:09,209 - INFO - Beginning optimization with guess, [2.70090978 3.58576868 0.163927   0.06582483].
2026-07-16 00:06:24,273 - INFO - Finished optimization with guess, [2.70090978 3.58576868 0.163927   0.06582483].
2026-07-16 00:06:24,275 - INFO - Best fit parameters: [ 0.33518841 19.71616833  0.08841951  0.02505189].
2026-07-16 00:06:25,012 - INFO - Maximum log composite likelihood: -436.6745996974937.
2026-07-16 00:06:25,012 - INFO - Optimal value of theta: 549.5877767229081.
2026-07-16 00:06:25,012 - INFO - Beginning optimization with guess, [1.54630382 2.65770319 0.11238384 0.16917701].
2026-07-16 00:06:44,191 - INFO - Finished optimization with guess, [1.54630382 2.65770319 0.11238384 0.16917701].
2026-07-16 00:06:44,192 - INFO - Best fit parameters: [2.59911498e-01 8.33561809e+01 8.26219074e-02 1.78190717e-02].
2026-07-16 00:06:44,963 - INFO - Maximum log composite likelihood: -553.7625686242634.
2026-07-16 00:06:44,963 - INFO - Optimal value of theta: 639.2717834065081.
2026-07-16 00:06:44,964 - INFO - Beginning optimization with guess, [3.72221751 1.83752063 0.06243745 0.1635808 ].
2026-07-16 00:07:00,208 - INFO - Finished optimization with guess, [3.72221751 1.83752063 0.06243745 0.1635808 ].
2026-07-16 00:07:00,210 - INFO - Best fit parameters: [1.97897409e+00 2.67233800e+02 1.45443653e-02 2.02346491e-02].
2026-07-16 00:07:00,971 - INFO - Maximum log composite likelihood: -540.3034694042087.
2026-07-16 00:07:00,971 - INFO - Optimal value of theta: 385.02213980395203.
2026-07-16 00:07:00,971 - INFO - Beginning optimization with guess, [2.71672269 2.26450773 0.1092703  0.17979704].
2026-07-16 00:07:19,915 - INFO - Finished optimization with guess, [2.71672269 2.26450773 0.1092703  0.17979704].
2026-07-16 00:07:19,918 - INFO - Best fit parameters: [5.90316571e-01 1.85060114e+02 2.16039278e-02 2.28386114e-02].
2026-07-16 00:07:20,677 - INFO - Maximum log composite likelihood: -562.9170264055299.
2026-07-16 00:07:20,677 - INFO - Optimal value of theta: 430.42185581004105.
2026-07-16 00:07:20,678 - INFO - Beginning optimization with guess, [4.48320361 5.53741879 0.05394929 0.07526751].
2026-07-16 00:07:35,278 - INFO - Finished optimization with guess, [4.48320361 5.53741879 0.05394929 0.07526751].
2026-07-16 00:07:35,280 - INFO - Best fit parameters: [4.03208533e+00 3.20409153e+01 1.08583600e-02 2.05558041e-02].
2026-07-16 00:07:36,007 - INFO - Maximum log composite likelihood: -537.3954334465421.
2026-07-16 00:07:36,007 - INFO - Optimal value of theta: 388.6381484253737.
2026-07-16 00:07:36,007 - INFO - Beginning optimization with guess, [7.28360142 5.51937761 0.18957054 0.10217801].
2026-07-16 00:07:50,534 - INFO - Finished optimization with guess, [7.28360142 5.51937761 0.18957054 0.10217801].
2026-07-16 00:07:50,536 - INFO - Best fit parameters: [ 2.84406363 14.54745203  0.02278799  0.01878808].
2026-07-16 00:07:51,262 - INFO - Maximum log composite likelihood: -593.9127416412798.
2026-07-16 00:07:51,262 - INFO - Optimal value of theta: 398.73604184961306.
2026-07-16 00:07:51,262 - INFO - Beginning optimization with guess, [5.15079119 5.8298981  0.05797883 0.12690844].
2026-07-16 00:08:06,537 - INFO - Finished optimization with guess, [5.15079119 5.8298981  0.05797883 0.12690844].
2026-07-16 00:08:06,538 - INFO - Best fit parameters: [3.80070089e+00 3.40067209e+01 1.00335683e-02 1.98393612e-02].
2026-07-16 00:08:07,294 - INFO - Maximum log composite likelihood: -535.9623308459165.
2026-07-16 00:08:07,294 - INFO - Optimal value of theta: 394.7537142862616.
2026-07-16 00:08:07,295 - INFO - Beginning optimization with guess, [5.25993128 5.56963681 0.05906507 0.05194177].
2026-07-16 00:08:22,271 - INFO - Finished optimization with guess, [5.25993128 5.56963681 0.05906507 0.05194177].
2026-07-16 00:08:22,274 - INFO - Best fit parameters: [5.73602852e+00 2.98445904e+01 1.15223513e-02 1.82104014e-02].
2026-07-16 00:08:23,031 - INFO - Maximum log composite likelihood: -537.7650412521057.
2026-07-16 00:08:23,031 - INFO - Optimal value of theta: 393.32517118059616.
2026-07-16 00:08:23,031 - INFO - Beginning optimization with guess, [6.02286386 7.72455969 0.069182   0.19083805].
2026-07-16 00:08:38,158 - INFO - Finished optimization with guess, [6.02286386 7.72455969 0.069182   0.19083805].
2026-07-16 00:08:38,160 - INFO - Best fit parameters: [5.99027753e+00 2.01268227e+01 1.61500777e-02 1.15452540e-02].
2026-07-16 00:08:38,916 - INFO - Maximum log composite likelihood: -567.7552921524671.
2026-07-16 00:08:38,916 - INFO - Optimal value of theta: 419.50736468816365.
2026-07-16 00:08:38,917 - INFO - Beginning optimization with guess, [7.19489183 5.02143149 0.08755755 0.09398201].
2026-07-16 00:08:54,135 - INFO - Finished optimization with guess, [7.19489183 5.02143149 0.08755755 0.09398201].
2026-07-16 00:08:54,136 - INFO - Best fit parameters: [8.00667120e+00 1.88826264e+01 1.78195044e-02 8.92918278e-03].
2026-07-16 00:08:54,893 - INFO - Maximum log composite likelihood: -568.9071732471778.
2026-07-16 00:08:54,893 - INFO - Optimal value of theta: 420.8649030949521.
2026-07-16 00:08:54,896 - INFO - Converting and interpreting Tau estimates.
2026-07-16 00:08:54,899 - INFO - Finished demographic inference.
2026-07-16 00:08:54,899 - INFO - Pipeline executed succesfully.
