2026-07-16 00:01:04,753 - INFO - Beginning execution of fit_demographic_model.py in directory /u/project/kirk-bigdata/jonmah/sample_size_demography/Scripts

2026-07-16 00:01:04,753 - INFO - Progress is being logged to ../Analysis/tennessen_ooa_40/log.log

2026-07-16 00:01:04,753 - INFO - Parsed the following arguments:
	syn_input_sfs = ../Simulations/tennessen/ooa_40_sfs/dadi/pop1.sfs
	mask_singletons = False
	mask_doubletons = False
	sum_alleles = False
	L_syn = 100000000.0
	model_type = three_epoch
	input_params = []
	outprefix = ../Analysis/tennessen_ooa_40/

2026-07-16 00:01:04,757 - INFO - Beginning demographic inference for three-epoch demographic model.
2026-07-16 00:01:04,766 - INFO - Beginning optimization with guess, [0.01452354 0.01796999 0.05869749 0.07201425].
2026-07-16 00:01:05,960 - INFO - Finished optimization with guess, [0.01452354 0.01796999 0.05869749 0.07201425].
2026-07-16 00:01:05,961 - INFO - Best fit parameters: [0.02265322 0.02038221 0.04059731 0.05370282].
2026-07-16 00:01:06,015 - INFO - Maximum log composite likelihood: -115.44066564198408.
2026-07-16 00:01:06,016 - INFO - Optimal value of theta: 15943.084092850964.
2026-07-16 00:01:06,016 - INFO - Beginning optimization with guess, [0.04095241 0.04549992 0.09495138 0.17390987].
2026-07-16 00:01:07,076 - INFO - Finished optimization with guess, [0.04095241 0.04549992 0.09495138 0.17390987].
2026-07-16 00:01:07,076 - INFO - Best fit parameters: [0.05492974 0.05776968 0.07387474 0.11730613].
2026-07-16 00:01:07,124 - INFO - Maximum log composite likelihood: -115.44571033307031.
2026-07-16 00:01:07,124 - INFO - Optimal value of theta: 5705.748185220318.
2026-07-16 00:01:07,125 - INFO - Beginning optimization with guess, [0.03724288 0.05199288 0.09557189 0.13789562].
2026-07-16 00:01:08,321 - INFO - Finished optimization with guess, [0.03724288 0.05199288 0.09557189 0.13789562].
2026-07-16 00:01:08,323 - INFO - Best fit parameters: [0.05115472 0.05582006 0.07295194 0.10896241].
2026-07-16 00:01:08,370 - INFO - Maximum log composite likelihood: -115.42932420088412.
2026-07-16 00:01:08,370 - INFO - Optimal value of theta: 5862.020904082252.
2026-07-16 00:01:08,370 - INFO - Beginning optimization with guess, [0.1362456  0.05441111 0.10098266 0.09655441].
2026-07-16 00:01:09,427 - INFO - Finished optimization with guess, [0.1362456  0.05441111 0.10098266 0.09655441].
2026-07-16 00:01:09,427 - INFO - Best fit parameters: [0.11930657 0.04812346 0.1124493  0.13195919].
2026-07-16 00:01:09,475 - INFO - Maximum log composite likelihood: -115.44207539117154.
2026-07-16 00:01:09,476 - INFO - Optimal value of theta: 6843.177749896155.
2026-07-16 00:01:09,476 - INFO - Beginning optimization with guess, [0.09601114 0.18288226 0.06470576 0.08223791].
2026-07-16 00:01:10,300 - INFO - Finished optimization with guess, [0.09601114 0.18288226 0.06470576 0.08223791].
2026-07-16 00:01:10,300 - INFO - Best fit parameters: [0.07564227 0.23933834 0.07924555 0.08851146].
2026-07-16 00:01:10,332 - INFO - Maximum log composite likelihood: -111.21124923232733.
2026-07-16 00:01:10,333 - INFO - Optimal value of theta: 1458.6743159668015.
2026-07-16 00:01:10,333 - INFO - Beginning optimization with guess, [0.20380671 0.14587626 0.09071431 0.09359212].
2026-07-16 00:01:10,970 - INFO - Finished optimization with guess, [0.20380671 0.14587626 0.09071431 0.09359212].
2026-07-16 00:01:10,971 - INFO - Best fit parameters: [0.14110932 0.24168624 0.11918206 0.15611721].
2026-07-16 00:01:11,002 - INFO - Maximum log composite likelihood: -114.96859140615759.
2026-07-16 00:01:11,003 - INFO - Optimal value of theta: 1347.3466883257872.
2026-07-16 00:01:11,003 - INFO - Beginning optimization with guess, [0.37549232 0.99813545 0.27232931 0.06857235].
2026-07-16 00:01:11,739 - INFO - Finished optimization with guess, [0.37549232 0.99813545 0.27232931 0.06857235].
2026-07-16 00:01:11,739 - INFO - Best fit parameters: [0.23965847 1.00002848 0.1719541  0.03039944].
2026-07-16 00:01:11,765 - INFO - Maximum log composite likelihood: -83.04631409018376.
2026-07-16 00:01:11,765 - INFO - Optimal value of theta: 798.3720343366799.
2026-07-16 00:01:11,765 - INFO - Beginning optimization with guess, [0.52294758 0.80353088 0.18977442 0.07668825].
2026-07-16 00:01:12,674 - INFO - Finished optimization with guess, [0.52294758 0.80353088 0.18977442 0.07668825].
2026-07-16 00:01:12,674 - INFO - Best fit parameters: [0.06358932 0.65110395 0.09598713 0.011463  ].
2026-07-16 00:01:12,707 - INFO - Maximum log composite likelihood: -68.66276760995885.
2026-07-16 00:01:12,707 - INFO - Optimal value of theta: 1876.1717666116006.
2026-07-16 00:01:12,708 - INFO - Beginning optimization with guess, [0.76554973 0.70022111 0.10055584 0.13012836].
2026-07-16 00:01:13,216 - INFO - Finished optimization with guess, [0.76554973 0.70022111 0.10055584 0.13012836].
2026-07-16 00:01:13,217 - INFO - Best fit parameters: [0.55310529 0.4961238  0.10640613 0.15452959].
2026-07-16 00:01:13,242 - INFO - Maximum log composite likelihood: -119.0773573406557.
2026-07-16 00:01:13,242 - INFO - Optimal value of theta: 635.9404293323014.
2026-07-16 00:01:13,242 - INFO - Beginning optimization with guess, [1.22849271 0.74744955 0.06093756 0.1445022 ].
2026-07-16 00:01:13,767 - INFO - Finished optimization with guess, [1.22849271 0.74744955 0.06093756 0.1445022 ].
2026-07-16 00:01:13,767 - INFO - Best fit parameters: [0.94222914 0.46928231 0.05898061 0.33387309].
2026-07-16 00:01:13,794 - INFO - Maximum log composite likelihood: -116.4371706363662.
2026-07-16 00:01:13,795 - INFO - Optimal value of theta: 702.2622401177023.
2026-07-16 00:01:13,795 - INFO - Beginning optimization with guess, [2.42035108 1.2069857  0.13978778 0.05360575].
2026-07-16 00:01:14,270 - INFO - Finished optimization with guess, [2.42035108 1.2069857  0.13978778 0.05360575].
2026-07-16 00:01:14,271 - INFO - Best fit parameters: [0.64125784 0.45505115 0.07932522 0.13809836].
2026-07-16 00:01:14,295 - INFO - Maximum log composite likelihood: -123.4431046293471.
2026-07-16 00:01:14,295 - INFO - Optimal value of theta: 631.6690428155102.
2026-07-16 00:01:14,296 - INFO - Beginning optimization with guess, [1.21854544 1.27029932 0.06802253 0.05840287].
2026-07-16 00:01:20,139 - INFO - Finished optimization with guess, [1.21854544 1.27029932 0.06802253 0.05840287].
2026-07-16 00:01:20,141 - INFO - Best fit parameters: [0.17137216 0.55798579 0.07842401 0.05815297].
2026-07-16 00:01:20,167 - INFO - Maximum log composite likelihood: -96.68640081033834.
2026-07-16 00:01:20,167 - INFO - Optimal value of theta: 757.664269545321.
2026-07-16 00:01:20,167 - INFO - Beginning optimization with guess, [1.50106285 3.78140001 0.10145967 0.06678578].
2026-07-16 00:01:20,691 - INFO - Finished optimization with guess, [1.50106285 3.78140001 0.10145967 0.06678578].
2026-07-16 00:01:20,692 - INFO - Best fit parameters: [0.32203526 2.22241804 0.0933641  0.02673768].
2026-07-16 00:01:20,716 - INFO - Maximum log composite likelihood: -85.08809084281876.
2026-07-16 00:01:20,716 - INFO - Optimal value of theta: 583.3384181993162.
2026-07-16 00:01:20,716 - INFO - Beginning optimization with guess, [2.9821156  3.03943216 0.08670692 0.05904373].
2026-07-16 00:01:21,159 - INFO - Finished optimization with guess, [2.9821156  3.03943216 0.08670692 0.05904373].
2026-07-16 00:01:21,159 - INFO - Best fit parameters: [0.31930151 0.53881495 0.03369443 0.03046707].
2026-07-16 00:01:21,182 - INFO - Maximum log composite likelihood: -130.2239219389499.
2026-07-16 00:01:21,182 - INFO - Optimal value of theta: 562.4085804529025.
2026-07-16 00:01:21,182 - INFO - Beginning optimization with guess, [3.80499628 2.60378645 0.10916869 0.10948877].
2026-07-16 00:01:21,675 - INFO - Finished optimization with guess, [3.80499628 2.60378645 0.10916869 0.10948877].
2026-07-16 00:01:21,675 - INFO - Best fit parameters: [1.90596007 0.27755309 0.0385789  0.1869134 ].
2026-07-16 00:01:21,701 - INFO - Maximum log composite likelihood: -137.00979028645003.
2026-07-16 00:01:21,702 - INFO - Optimal value of theta: 847.263666556824.
2026-07-16 00:01:21,702 - INFO - Beginning optimization with guess, [3.68758376 3.53796079 0.13023765 0.1436054 ].
2026-07-16 00:01:22,178 - INFO - Finished optimization with guess, [3.68758376 3.53796079 0.13023765 0.1436054 ].
2026-07-16 00:01:22,178 - INFO - Best fit parameters: [1.50619415 0.36800704 0.04786277 0.14449822].
2026-07-16 00:01:22,203 - INFO - Maximum log composite likelihood: -132.6749341181052.
2026-07-16 00:01:22,203 - INFO - Optimal value of theta: 669.5838580812622.
2026-07-16 00:01:22,203 - INFO - Beginning optimization with guess, [1.64426183 2.79393915 0.06233097 0.1431417 ].
2026-07-16 00:01:22,775 - INFO - Finished optimization with guess, [1.64426183 2.79393915 0.06233097 0.1431417 ].
2026-07-16 00:01:22,775 - INFO - Best fit parameters: [0.40232534 0.56865362 0.05447989 0.15328359].
2026-07-16 00:01:22,800 - INFO - Maximum log composite likelihood: -118.6773649731901.
2026-07-16 00:01:22,800 - INFO - Optimal value of theta: 599.6157814144865.
2026-07-16 00:01:22,800 - INFO - Beginning optimization with guess, [1.65157316 2.34980545 0.12247206 0.05455576].
2026-07-16 00:01:23,304 - INFO - Finished optimization with guess, [1.65157316 2.34980545 0.12247206 0.05455576].
2026-07-16 00:01:23,305 - INFO - Best fit parameters: [0.43578253 1.33073158 0.10005473 0.03618963].
2026-07-16 00:01:23,327 - INFO - Maximum log composite likelihood: -104.34606410240883.
2026-07-16 00:01:23,327 - INFO - Optimal value of theta: 535.9067162598982.
2026-07-16 00:01:23,327 - INFO - Beginning optimization with guess, [2.24064206 2.06687259 0.08812746 0.07454463].
2026-07-16 00:01:23,758 - INFO - Finished optimization with guess, [2.24064206 2.06687259 0.08812746 0.07454463].
2026-07-16 00:01:23,759 - INFO - Best fit parameters: [0.5914724  0.52963458 0.05164779 0.07825139].
2026-07-16 00:01:23,780 - INFO - Maximum log composite likelihood: -129.57809961853476.
2026-07-16 00:01:23,780 - INFO - Optimal value of theta: 559.1346540255469.
2026-07-16 00:01:23,780 - INFO - Beginning optimization with guess, [2.66611386 5.89504549 0.09784381 0.17224537].
2026-07-16 00:01:24,213 - INFO - Finished optimization with guess, [2.66611386 5.89504549 0.09784381 0.17224537].
2026-07-16 00:01:24,213 - INFO - Best fit parameters: [0.33504281 0.83492557 0.04889343 0.03040141].
2026-07-16 00:01:24,236 - INFO - Maximum log composite likelihood: -113.27556900377024.
2026-07-16 00:01:24,236 - INFO - Optimal value of theta: 551.9547081979931.
2026-07-16 00:01:24,236 - INFO - Beginning optimization with guess, [3.25348821 2.36217334 0.13536308 0.15895117].
2026-07-16 00:01:25,089 - INFO - Finished optimization with guess, [3.25348821 2.36217334 0.13536308 0.15895117].
2026-07-16 00:01:25,089 - INFO - Best fit parameters: [2.00665359 0.17168449 0.08192942 0.32993263].
2026-07-16 00:01:25,125 - INFO - Maximum log composite likelihood: -117.02198267868968.
2026-07-16 00:01:25,125 - INFO - Optimal value of theta: 1759.674917621437.
2026-07-16 00:01:25,125 - INFO - Beginning optimization with guess, [5.11681584 4.41935257 0.11103276 0.06635605].
2026-07-16 00:01:25,559 - INFO - Finished optimization with guess, [5.11681584 4.41935257 0.11103276 0.06635605].
2026-07-16 00:01:25,559 - INFO - Best fit parameters: [1.81686102 0.95814484 0.01964251 0.02022499].
2026-07-16 00:01:25,581 - INFO - Maximum log composite likelihood: -161.47577756912372.
2026-07-16 00:01:25,581 - INFO - Optimal value of theta: 442.2443013505936.
2026-07-16 00:01:25,582 - INFO - Beginning optimization with guess, [8.1545309  7.86253965 0.07453761 0.1324342 ].
2026-07-16 00:01:26,016 - INFO - Finished optimization with guess, [8.1545309  7.86253965 0.07453761 0.1324342 ].
2026-07-16 00:01:26,016 - INFO - Best fit parameters: [5.3481673  2.33975667 0.01173983 0.01913021].
2026-07-16 00:01:26,038 - INFO - Maximum log composite likelihood: -170.44810156540927.
2026-07-16 00:01:26,038 - INFO - Optimal value of theta: 417.677442265341.
2026-07-16 00:01:26,039 - INFO - Beginning optimization with guess, [6.57755556 7.22640317 0.08977537 0.05932825].
2026-07-16 00:01:26,472 - INFO - Finished optimization with guess, [6.57755556 7.22640317 0.08977537 0.05932825].
2026-07-16 00:01:26,472 - INFO - Best fit parameters: [3.8448558  3.99395154 0.01276775 0.01095564].
2026-07-16 00:01:26,493 - INFO - Maximum log composite likelihood: -166.25363258266597.
2026-07-16 00:01:26,494 - INFO - Optimal value of theta: 420.56473549545933.
2026-07-16 00:01:26,494 - INFO - Beginning optimization with guess, [2.71210587 6.21611806 0.05339731 0.13958065].
2026-07-16 00:01:26,927 - INFO - Finished optimization with guess, [2.71210587 6.21611806 0.05339731 0.13958065].
2026-07-16 00:01:26,927 - INFO - Best fit parameters: [0.74974496 1.83966454 0.02303408 0.02014933].
2026-07-16 00:01:26,949 - INFO - Maximum log composite likelihood: -152.03671192505595.
2026-07-16 00:01:26,949 - INFO - Optimal value of theta: 446.44299404373305.
2026-07-16 00:01:26,950 - INFO - Converting and interpreting Tau estimates.
2026-07-16 00:01:26,954 - INFO - Finished demographic inference.
2026-07-16 00:01:26,954 - INFO - Pipeline executed succesfully.
