2026-07-21 11:24:52,467 - INFO - Beginning execution of fit_demographic_model.py in directory /u/project/kirk-bigdata/jonmah/sample_size_demography/Scripts

2026-07-21 11:24:52,467 - INFO - Progress is being logged to ../Analysis/tennessen_ooa_770/log.log

2026-07-21 11:24:52,468 - INFO - Parsed the following arguments:
	syn_input_sfs = ../Simulations/tennessen/ooa_770_sfs/dadi/pop1.sfs
	mask_singletons = False
	mask_doubletons = False
	sum_alleles = False
	L_syn = 100000000.0
	model_type = two_epoch
	input_params = []
	outprefix = ../Analysis/tennessen_ooa_770/

2026-07-21 11:24:52,473 - INFO - Beginning demographic inference for two-epoch demographic model.
2026-07-21 11:24:52,476 - INFO - Beginning optimization with guess, [0.00651039 0.12308496].
2026-07-21 11:25:20,463 - INFO - Finished optimization with guess, [0.00651039 0.12308496].
2026-07-21 11:25:20,465 - INFO - Best fit parameters: [0.00325488 0.25304749].
2026-07-21 11:25:25,900 - INFO - Maximum log composite likelihood: -3434.8333730756967.
2026-07-21 11:25:25,901 - INFO - Optimal value of theta: 257874.7273888123.
2026-07-21 11:25:25,901 - INFO - Beginning optimization with guess, [0.0455255  0.05054879].
2026-07-21 11:28:13,668 - INFO - Finished optimization with guess, [0.0455255  0.05054879].
2026-07-21 11:28:13,668 - INFO - Best fit parameters: [0.03438976 7.44325869].
2026-07-21 11:28:21,924 - INFO - Maximum log composite likelihood: -3434.833373095872.
2026-07-21 11:28:21,925 - INFO - Optimal value of theta: 24406.996600147206.
2026-07-21 11:28:21,925 - INFO - Beginning optimization with guess, [0.08154973 0.05519305].
2026-07-21 11:34:26,072 - INFO - Finished optimization with guess, [0.08154973 0.05519305].
2026-07-21 11:34:26,075 - INFO - Best fit parameters: [   1.56614102 1471.81324388].
2026-07-21 11:34:53,224 - INFO - Maximum log composite likelihood: -3434.8333730687737.
2026-07-21 11:34:53,225 - INFO - Optimal value of theta: 535.9356949997666.
2026-07-21 11:34:53,225 - INFO - Beginning optimization with guess, [0.0620131  0.06252436].
2026-07-21 11:35:26,812 - INFO - Finished optimization with guess, [0.0620131  0.06252436].
2026-07-21 11:35:26,813 - INFO - Best fit parameters: [0.08186087 9.20811053].
2026-07-21 11:35:32,447 - INFO - Maximum log composite likelihood: -3434.83337309045.
2026-07-21 11:35:32,448 - INFO - Optimal value of theta: 10253.382677630017.
2026-07-21 11:35:32,448 - INFO - Beginning optimization with guess, [0.12365765 0.13134204].
2026-07-21 11:38:20,079 - INFO - Finished optimization with guess, [0.12365765 0.13134204].
2026-07-21 11:38:20,082 - INFO - Best fit parameters: [0.04497197 7.24947164].
2026-07-21 11:38:27,670 - INFO - Maximum log composite likelihood: -3434.833373043142.
2026-07-21 11:38:27,670 - INFO - Optimal value of theta: 18663.866019488152.
2026-07-21 11:38:27,671 - INFO - Beginning optimization with guess, [0.43231257 0.15172975].
2026-07-21 11:39:01,351 - INFO - Finished optimization with guess, [0.43231257 0.15172975].
2026-07-21 11:39:01,353 - INFO - Best fit parameters: [1.32040367e+02 5.36185616e-02].
2026-07-21 11:39:03,839 - INFO - Maximum log composite likelihood: -1212.6536327908464.
2026-07-21 11:39:03,839 - INFO - Optimal value of theta: 240.46377050684734.
2026-07-21 11:39:03,840 - INFO - Beginning optimization with guess, [0.5838979  0.07901003].
2026-07-21 11:39:35,879 - INFO - Finished optimization with guess, [0.5838979  0.07901003].
2026-07-21 11:39:35,880 - INFO - Best fit parameters: [9.09241961e+01 2.16875424e-02].
2026-07-21 11:39:38,574 - INFO - Maximum log composite likelihood: -874.1360500001714.
2026-07-21 11:39:38,575 - INFO - Optimal value of theta: 408.69400680817597.
2026-07-21 11:39:38,575 - INFO - Beginning optimization with guess, [0.72082304 0.1372315 ].
2026-07-21 11:40:08,615 - INFO - Finished optimization with guess, [0.72082304 0.1372315 ].
2026-07-21 11:40:08,616 - INFO - Best fit parameters: [7.92357037e+01 2.73859916e-02].
2026-07-21 11:40:11,101 - INFO - Maximum log composite likelihood: -876.7715322156467.
2026-07-21 11:40:11,101 - INFO - Optimal value of theta: 366.9992129905831.
2026-07-21 11:40:11,101 - INFO - Beginning optimization with guess, [1.08316857 0.19020997].
2026-07-21 11:40:48,852 - INFO - Finished optimization with guess, [1.08316857 0.19020997].
2026-07-21 11:40:48,853 - INFO - Best fit parameters: [6.32796395e+02 1.60698035e-02].
2026-07-21 11:40:51,450 - INFO - Maximum log composite likelihood: -987.5031435920175.
2026-07-21 11:40:51,450 - INFO - Optimal value of theta: 454.02272313000384.
2026-07-21 11:40:51,450 - INFO - Beginning optimization with guess, [0.81593689 0.06454294].
2026-07-21 11:41:21,639 - INFO - Finished optimization with guess, [0.81593689 0.06454294].
2026-07-21 11:41:21,640 - INFO - Best fit parameters: [7.93213411e+01 2.35390876e-02].
2026-07-21 11:41:24,102 - INFO - Maximum log composite likelihood: -864.8945118415504.
2026-07-21 11:41:24,102 - INFO - Optimal value of theta: 395.54290358931877.
2026-07-21 11:41:24,102 - INFO - Beginning optimization with guess, [2.43208932 0.07294827].
2026-07-21 11:41:54,672 - INFO - Finished optimization with guess, [2.43208932 0.07294827].
2026-07-21 11:41:54,675 - INFO - Best fit parameters: [3.48212517e+01 2.79565927e-02].
2026-07-21 11:41:57,206 - INFO - Maximum log composite likelihood: -842.8970031104255.
2026-07-21 11:41:57,207 - INFO - Optimal value of theta: 389.6988553426419.
2026-07-21 11:41:57,207 - INFO - Beginning optimization with guess, [2.51432393 0.16165374].
2026-07-21 11:42:27,097 - INFO - Finished optimization with guess, [2.51432393 0.16165374].
2026-07-21 11:42:27,098 - INFO - Best fit parameters: [3.72271153e+01 2.13958195e-02].
2026-07-21 11:42:29,563 - INFO - Maximum log composite likelihood: -851.2287800767649.
2026-07-21 11:42:29,563 - INFO - Optimal value of theta: 434.2541789603538.
2026-07-21 11:42:29,564 - INFO - Beginning optimization with guess, [1.41913495 0.12523472].
2026-07-21 11:42:59,169 - INFO - Finished optimization with guess, [1.41913495 0.12523472].
2026-07-21 11:42:59,170 - INFO - Best fit parameters: [5.45077130e+02 1.84541237e-02].
2026-07-21 11:43:01,646 - INFO - Maximum log composite likelihood: -992.0929457857994.
2026-07-21 11:43:01,647 - INFO - Optimal value of theta: 425.9529723303771.
2026-07-21 11:43:01,647 - INFO - Beginning optimization with guess, [2.39101504 0.07764572].
2026-07-21 11:43:31,234 - INFO - Finished optimization with guess, [2.39101504 0.07764572].
2026-07-21 11:43:31,235 - INFO - Best fit parameters: [3.45158347e+01 2.75089278e-02].
2026-07-21 11:43:33,697 - INFO - Maximum log composite likelihood: -842.7049817089385.
2026-07-21 11:43:33,697 - INFO - Optimal value of theta: 392.8564501584607.
2026-07-21 11:43:33,697 - INFO - Beginning optimization with guess, [3.98384155 0.06154281].
2026-07-21 11:44:10,690 - INFO - Finished optimization with guess, [3.98384155 0.06154281].
2026-07-21 11:44:10,691 - INFO - Best fit parameters: [23.45479405  0.0537808 ].
2026-07-21 11:44:13,160 - INFO - Maximum log composite likelihood: -987.4891753295753.
2026-07-21 11:44:13,160 - INFO - Optimal value of theta: 310.53494306422834.
2026-07-21 11:44:13,160 - INFO - Beginning optimization with guess, [5.2784304 0.0691728].
2026-07-21 11:44:42,751 - INFO - Finished optimization with guess, [5.2784304 0.0691728].
2026-07-21 11:44:42,752 - INFO - Best fit parameters: [3.71667354e+01 2.63942733e-02].
2026-07-21 11:44:45,208 - INFO - Maximum log composite likelihood: -839.8557975765693.
2026-07-21 11:44:45,208 - INFO - Optimal value of theta: 396.98645695507724.
2026-07-21 11:44:45,208 - INFO - Beginning optimization with guess, [1.7169277  0.07460847].
2026-07-21 11:45:15,742 - INFO - Finished optimization with guess, [1.7169277  0.07460847].
2026-07-21 11:45:15,744 - INFO - Best fit parameters: [4.18226361e+01 2.58617580e-02].
2026-07-21 11:45:18,216 - INFO - Maximum log composite likelihood: -838.3325254966976.
2026-07-21 11:45:18,216 - INFO - Optimal value of theta: 396.09895747616633.
2026-07-21 11:45:18,216 - INFO - Beginning optimization with guess, [2.82132628 0.13668346].
2026-07-21 11:45:51,639 - INFO - Finished optimization with guess, [2.82132628 0.13668346].
2026-07-21 11:45:51,640 - INFO - Best fit parameters: [19.41169459  0.02446931].
2026-07-21 11:45:54,117 - INFO - Maximum log composite likelihood: -912.9953084632923.
2026-07-21 11:45:54,117 - INFO - Optimal value of theta: 441.6605887798404.
2026-07-21 11:45:54,117 - INFO - Beginning optimization with guess, [2.94758794 0.05861714].
2026-07-21 11:46:24,654 - INFO - Finished optimization with guess, [2.94758794 0.05861714].
2026-07-21 11:46:24,655 - INFO - Best fit parameters: [3.53190318e+01 2.82273727e-02].
2026-07-21 11:46:27,522 - INFO - Maximum log composite likelihood: -842.8472713634131.
2026-07-21 11:46:27,522 - INFO - Optimal value of theta: 387.43339765158.
2026-07-21 11:46:27,522 - INFO - Beginning optimization with guess, [2.92477228 0.05945677].
2026-07-21 11:46:59,445 - INFO - Finished optimization with guess, [2.92477228 0.05945677].
2026-07-21 11:46:59,446 - INFO - Best fit parameters: [3.54649913e+01 2.85452845e-02].
2026-07-21 11:47:02,040 - INFO - Maximum log composite likelihood: -843.2496449452995.
2026-07-21 11:47:02,040 - INFO - Optimal value of theta: 385.33246938934843.
2026-07-21 11:47:02,041 - INFO - Beginning optimization with guess, [3.41159088 0.15294096].
2026-07-21 11:47:32,993 - INFO - Finished optimization with guess, [3.41159088 0.15294096].
2026-07-21 11:47:32,995 - INFO - Best fit parameters: [16.88007521  0.02583621].
2026-07-21 11:47:35,690 - INFO - Maximum log composite likelihood: -940.9347026971416.
2026-07-21 11:47:35,690 - INFO - Optimal value of theta: 441.77237447595536.
2026-07-21 11:47:35,690 - INFO - Beginning optimization with guess, [7.23783492 0.05316992].
2026-07-21 11:48:09,430 - INFO - Finished optimization with guess, [7.23783492 0.05316992].
2026-07-21 11:48:09,431 - INFO - Best fit parameters: [3.86883812e+01 2.56772384e-02].
2026-07-21 11:48:12,502 - INFO - Maximum log composite likelihood: -839.0006300906215.
2026-07-21 11:48:12,502 - INFO - Optimal value of theta: 400.2674417705001.
2026-07-21 11:48:12,503 - INFO - Beginning optimization with guess, [7.26547868 0.11581193].
2026-07-21 11:48:46,017 - INFO - Finished optimization with guess, [7.26547868 0.11581193].
2026-07-21 11:48:46,018 - INFO - Best fit parameters: [4.0621456e+01 2.6287483e-02].
2026-07-21 11:48:49,086 - INFO - Maximum log composite likelihood: -838.5949806282898.
2026-07-21 11:48:49,086 - INFO - Optimal value of theta: 394.27175266034965.
2026-07-21 11:48:49,086 - INFO - Beginning optimization with guess, [4.01250566 0.17581824].
2026-07-21 11:49:25,986 - INFO - Finished optimization with guess, [4.01250566 0.17581824].
2026-07-21 11:49:25,987 - INFO - Best fit parameters: [15.06554282  0.02986764].
2026-07-21 11:49:29,052 - INFO - Maximum log composite likelihood: -968.4390037398449.
2026-07-21 11:49:29,053 - INFO - Optimal value of theta: 427.6058531512595.
2026-07-21 11:49:29,053 - INFO - Beginning optimization with guess, [8.68706186 0.10240636].
2026-07-21 11:50:05,173 - INFO - Finished optimization with guess, [8.68706186 0.10240636].
2026-07-21 11:50:05,174 - INFO - Best fit parameters: [4.08921943e+01 2.61905077e-02].
2026-07-21 11:50:08,247 - INFO - Maximum log composite likelihood: -838.5153927641223.
2026-07-21 11:50:08,247 - INFO - Optimal value of theta: 394.67936295501215.
2026-07-21 11:50:08,253 - INFO - Converting and interpreting Tau estimates.
2026-07-21 11:50:08,264 - INFO - Finished demographic inference.
2026-07-21 11:50:08,264 - INFO - Pipeline executed succesfully.
