2026-07-16 00:01:08,374 - INFO - Beginning execution of fit_demographic_model.py in directory /u/project/kirk-bigdata/jonmah/sample_size_demography/Scripts

2026-07-16 00:01:08,375 - INFO - Progress is being logged to ../Analysis/tennessen_ooa_230/log.log

2026-07-16 00:01:08,375 - INFO - Parsed the following arguments:
	syn_input_sfs = ../Simulations/tennessen/ooa_230_sfs/dadi/pop1.sfs
	mask_singletons = False
	mask_doubletons = False
	sum_alleles = False
	L_syn = 100000000.0
	model_type = three_epoch
	input_params = []
	outprefix = ../Analysis/tennessen_ooa_230/

2026-07-16 00:01:08,378 - INFO - Beginning demographic inference for three-epoch demographic model.
2026-07-16 00:01:08,380 - INFO - Beginning optimization with guess, [0.01356189 0.01628203 0.15742984 0.16802136].
2026-07-16 00:01:48,334 - INFO - Finished optimization with guess, [0.01356189 0.01628203 0.15742984 0.16802136].
2026-07-16 00:01:48,335 - INFO - Best fit parameters: [0.00943924 0.04923329 0.15787172 0.08044475].
2026-07-16 00:01:49,009 - INFO - Maximum log composite likelihood: -929.0084404625932.
2026-07-16 00:01:49,009 - INFO - Optimal value of theta: 12592.140869426288.
2026-07-16 00:01:49,010 - INFO - Beginning optimization with guess, [0.0189643  0.03642649 0.07519943 0.09992275].
2026-07-16 00:02:01,750 - INFO - Finished optimization with guess, [0.0189643  0.03642649 0.07519943 0.09992275].
2026-07-16 00:02:01,751 - INFO - Best fit parameters: [0.00830986 0.05342351 0.14421654 0.09570973].
2026-07-16 00:02:02,394 - INFO - Maximum log composite likelihood: -929.2037063605903.
2026-07-16 00:02:02,394 - INFO - Optimal value of theta: 11499.663143142187.
2026-07-16 00:02:02,394 - INFO - Beginning optimization with guess, [0.05742145 0.05235084 0.08715694 0.07562183].
2026-07-16 00:02:13,850 - INFO - Finished optimization with guess, [0.05742145 0.05235084 0.08715694 0.07562183].
2026-07-16 00:02:13,851 - INFO - Best fit parameters: [0.0214162  0.07004853 0.18288126 0.11090548].
2026-07-16 00:02:14,354 - INFO - Maximum log composite likelihood: -929.162509181302.
2026-07-16 00:02:14,355 - INFO - Optimal value of theta: 8775.743717108258.
2026-07-16 00:02:14,355 - INFO - Beginning optimization with guess, [0.05069367 0.0901979  0.07009768 0.05602831].
2026-07-16 00:02:22,535 - INFO - Finished optimization with guess, [0.05069367 0.0901979  0.07009768 0.05602831].
2026-07-16 00:02:22,536 - INFO - Best fit parameters: [0.03410932 0.09760889 0.10593113 0.07659015].
2026-07-16 00:02:22,944 - INFO - Maximum log composite likelihood: -929.5987324762837.
2026-07-16 00:02:22,944 - INFO - Optimal value of theta: 6145.298191276897.
2026-07-16 00:02:22,944 - INFO - Beginning optimization with guess, [0.12069187 0.15882105 0.12531292 0.15406675].
2026-07-16 00:02:31,063 - INFO - Finished optimization with guess, [0.12069187 0.15882105 0.12531292 0.15406675].
2026-07-16 00:02:31,064 - INFO - Best fit parameters: [0.06368967 0.20448892 0.21033915 0.24160014].
2026-07-16 00:02:31,481 - INFO - Maximum log composite likelihood: -928.7721013651845.
2026-07-16 00:02:31,481 - INFO - Optimal value of theta: 3034.2730409135047.
2026-07-16 00:02:31,482 - INFO - Beginning optimization with guess, [0.44150846 0.28457209 0.06775997 0.13505435].
2026-07-16 00:02:38,551 - INFO - Finished optimization with guess, [0.44150846 0.28457209 0.06775997 0.13505435].
2026-07-16 00:02:38,551 - INFO - Best fit parameters: [0.29714249 3.24307494 0.0780973  0.14115675].
2026-07-16 00:02:38,902 - INFO - Maximum log composite likelihood: -635.00524351762.
2026-07-16 00:02:38,902 - INFO - Optimal value of theta: 396.4831218109751.
2026-07-16 00:02:38,902 - INFO - Beginning optimization with guess, [0.29983307 0.3481484  0.70246259 0.05526024].
2026-07-16 00:02:50,742 - INFO - Finished optimization with guess, [0.29983307 0.3481484  0.70246259 0.05526024].
2026-07-16 00:02:50,744 - INFO - Best fit parameters: [0.325426   4.66157977 0.34019314 0.00638764].
2026-07-16 00:02:51,107 - INFO - Maximum log composite likelihood: -473.7709193059845.
2026-07-16 00:02:51,107 - INFO - Optimal value of theta: 1052.77454622384.
2026-07-16 00:02:51,108 - INFO - Beginning optimization with guess, [0.5882449  0.44684939 0.16944592 0.06185468].
2026-07-16 00:02:58,290 - INFO - Finished optimization with guess, [0.5882449  0.44684939 0.16944592 0.06185468].
2026-07-16 00:02:58,290 - INFO - Best fit parameters: [0.20881439 7.76543268 0.18130531 0.02061568].
2026-07-16 00:02:58,649 - INFO - Maximum log composite likelihood: -302.236437798879.
2026-07-16 00:02:58,649 - INFO - Optimal value of theta: 839.8116446206648.
2026-07-16 00:02:58,650 - INFO - Beginning optimization with guess, [0.66715424 0.54585108 0.16542537 0.09239313].
2026-07-16 00:03:05,747 - INFO - Finished optimization with guess, [0.66715424 0.54585108 0.16542537 0.09239313].
2026-07-16 00:03:05,747 - INFO - Best fit parameters: [ 0.24615811 13.29178278  0.15434361  0.02108366].
2026-07-16 00:03:06,103 - INFO - Maximum log composite likelihood: -305.1198101564813.
2026-07-16 00:03:06,103 - INFO - Optimal value of theta: 723.3122420516662.
2026-07-16 00:03:06,103 - INFO - Beginning optimization with guess, [0.95801857 2.14404089 0.08661142 0.14475698].
2026-07-16 00:03:15,711 - INFO - Finished optimization with guess, [0.95801857 2.14404089 0.08661142 0.14475698].
2026-07-16 00:03:15,713 - INFO - Best fit parameters: [9.50871623e-02 5.38253526e+01 1.00527101e-01 6.28726721e-03].
2026-07-16 00:03:16,076 - INFO - Maximum log composite likelihood: -451.679683124902.
2026-07-16 00:03:16,076 - INFO - Optimal value of theta: 1545.3205724542263.
2026-07-16 00:03:16,077 - INFO - Beginning optimization with guess, [1.84979614 2.37944262 0.17270087 0.05513973].
2026-07-16 00:03:23,232 - INFO - Finished optimization with guess, [1.84979614 2.37944262 0.17270087 0.05513973].
2026-07-16 00:03:23,233 - INFO - Best fit parameters: [0.33378782 8.76941418 0.1348095  0.03371428].
2026-07-16 00:03:23,586 - INFO - Maximum log composite likelihood: -314.4978575551387.
2026-07-16 00:03:23,587 - INFO - Optimal value of theta: 557.2021456926346.
2026-07-16 00:03:23,587 - INFO - Beginning optimization with guess, [0.90529639 0.96948216 0.12475551 0.1078477 ].
2026-07-16 00:03:30,606 - INFO - Finished optimization with guess, [0.90529639 0.96948216 0.12475551 0.1078477 ].
2026-07-16 00:03:30,606 - INFO - Best fit parameters: [ 0.35481509 18.01427425  0.09357623  0.02160365].
2026-07-16 00:03:30,956 - INFO - Maximum log composite likelihood: -316.1162987238429.
2026-07-16 00:03:30,956 - INFO - Optimal value of theta: 579.2629639025067.
2026-07-16 00:03:30,957 - INFO - Beginning optimization with guess, [3.88491605 3.73996056 0.07426085 0.10803361].
2026-07-16 00:03:37,888 - INFO - Finished optimization with guess, [3.88491605 3.73996056 0.07426085 0.10803361].
2026-07-16 00:03:37,889 - INFO - Best fit parameters: [ 1.90558354 14.81746625  0.02131165  0.02035565].
2026-07-16 00:03:38,235 - INFO - Maximum log composite likelihood: -440.2222666977004.
2026-07-16 00:03:38,235 - INFO - Optimal value of theta: 400.804338303111.
2026-07-16 00:03:38,235 - INFO - Beginning optimization with guess, [1.39708573 1.23002895 0.08333663 0.06864416].
2026-07-16 00:03:45,208 - INFO - Finished optimization with guess, [1.39708573 1.23002895 0.08333663 0.06864416].
2026-07-16 00:03:45,210 - INFO - Best fit parameters: [ 0.28283865 14.71390304  0.07746225  0.02578058].
2026-07-16 00:03:45,562 - INFO - Maximum log composite likelihood: -305.7025926838667.
2026-07-16 00:03:45,562 - INFO - Optimal value of theta: 576.4371801264994.
2026-07-16 00:03:45,562 - INFO - Beginning optimization with guess, [3.16439302 1.49570283 0.14941921 0.12355377].
2026-07-16 00:03:54,250 - INFO - Finished optimization with guess, [3.16439302 1.49570283 0.14941921 0.12355377].
2026-07-16 00:03:54,252 - INFO - Best fit parameters: [4.15255713e-01 2.73270921e+01 2.41220043e-02 4.02768176e-02].
2026-07-16 00:03:54,600 - INFO - Maximum log composite likelihood: -391.0603925630588.
2026-07-16 00:03:54,600 - INFO - Optimal value of theta: 391.0284189934.
2026-07-16 00:03:54,600 - INFO - Beginning optimization with guess, [2.56497612 3.62424987 0.15213449 0.10650776].
2026-07-16 00:04:45,538 - INFO - Finished optimization with guess, [2.56497612 3.62424987 0.15213449 0.10650776].
2026-07-16 00:04:45,539 - INFO - Best fit parameters: [ 0.26378953 10.65128759  0.06213764  0.02067039].
2026-07-16 00:04:45,890 - INFO - Maximum log composite likelihood: -326.1143715110766.
2026-07-16 00:04:45,890 - INFO - Optimal value of theta: 627.5220267396559.
2026-07-16 00:04:45,891 - INFO - Beginning optimization with guess, [2.50909022 3.19482902 0.05021017 0.06453665].
2026-07-16 00:04:52,815 - INFO - Finished optimization with guess, [2.50909022 3.19482902 0.05021017 0.06453665].
2026-07-16 00:04:52,815 - INFO - Best fit parameters: [9.10972039e-01 1.82573151e+01 1.76050591e-02 2.55893394e-02].
2026-07-16 00:04:53,163 - INFO - Maximum log composite likelihood: -416.74034467329807.
2026-07-16 00:04:53,163 - INFO - Optimal value of theta: 411.2243863128115.
2026-07-16 00:04:53,163 - INFO - Beginning optimization with guess, [4.31194701 3.40392773 0.06251345 0.13260581].
2026-07-16 00:05:01,815 - INFO - Finished optimization with guess, [4.31194701 3.40392773 0.06251345 0.13260581].
2026-07-16 00:05:01,816 - INFO - Best fit parameters: [2.57158243 7.90393632 0.0195212  0.01785716].
2026-07-16 00:05:02,164 - INFO - Maximum log composite likelihood: -471.9514921710607.
2026-07-16 00:05:02,164 - INFO - Optimal value of theta: 415.34765739561453.
2026-07-16 00:05:02,164 - INFO - Beginning optimization with guess, [2.17345436 5.48759855 0.18750533 0.06595116].
2026-07-16 00:05:10,807 - INFO - Finished optimization with guess, [2.17345436 5.48759855 0.18750533 0.06595116].
2026-07-16 00:05:10,808 - INFO - Best fit parameters: [0.57369088 8.0560554  0.14576321 0.03777519].
2026-07-16 00:05:11,159 - INFO - Maximum log composite likelihood: -361.50418756852866.
2026-07-16 00:05:11,159 - INFO - Optimal value of theta: 458.875363801275.
2026-07-16 00:05:11,160 - INFO - Beginning optimization with guess, [6.69932274 5.12952721 0.05732283 0.1247799 ].
2026-07-16 00:05:18,083 - INFO - Finished optimization with guess, [6.69932274 5.12952721 0.05732283 0.1247799 ].
2026-07-16 00:05:18,084 - INFO - Best fit parameters: [6.52572494e+00 1.32020363e+01 1.41340164e-02 1.27942606e-02].
2026-07-16 00:05:18,432 - INFO - Maximum log composite likelihood: -432.81427195280946.
2026-07-16 00:05:18,432 - INFO - Optimal value of theta: 414.26337781456596.
2026-07-16 00:05:18,432 - INFO - Beginning optimization with guess, [2.22550113 3.53810581 0.19275516 0.08669065].
2026-07-16 00:05:37,913 - INFO - Finished optimization with guess, [2.22550113 3.53810581 0.19275516 0.08669065].
2026-07-16 00:05:37,914 - INFO - Best fit parameters: [0.46299792 7.72096077 0.13141584 0.03788979].
2026-07-16 00:05:38,266 - INFO - Maximum log composite likelihood: -340.56924088250895.
2026-07-16 00:05:38,266 - INFO - Optimal value of theta: 485.6836922984362.
2026-07-16 00:05:38,267 - INFO - Beginning optimization with guess, [8.33483113 2.51223349 0.12651089 0.12626492].
2026-07-16 00:05:45,193 - INFO - Finished optimization with guess, [8.33483113 2.51223349 0.12651089 0.12626492].
2026-07-16 00:05:45,194 - INFO - Best fit parameters: [2.24200144e+00 3.50535124e+01 8.03719142e-04 2.43903445e-02].
2026-07-16 00:05:45,541 - INFO - Maximum log composite likelihood: -409.0828730753754.
2026-07-16 00:05:45,542 - INFO - Optimal value of theta: 399.7724659661439.
2026-07-16 00:05:45,542 - INFO - Beginning optimization with guess, [6.81503337 2.95401137 0.10879341 0.08213923].
2026-07-16 00:05:52,467 - INFO - Finished optimization with guess, [6.81503337 2.95401137 0.10879341 0.08213923].
2026-07-16 00:05:52,467 - INFO - Best fit parameters: [ 4.05324771 10.18797255  0.01469476  0.01809295].
2026-07-16 00:05:52,813 - INFO - Maximum log composite likelihood: -446.0949723870719.
2026-07-16 00:05:52,813 - INFO - Optimal value of theta: 406.711525314018.
2026-07-16 00:05:52,814 - INFO - Beginning optimization with guess, [6.33469885 8.26909944 0.0979191  0.05908815].
2026-07-16 00:05:59,732 - INFO - Finished optimization with guess, [6.33469885 8.26909944 0.0979191  0.05908815].
2026-07-16 00:05:59,732 - INFO - Best fit parameters: [3.93027825e+00 1.59714638e+01 1.51816322e-02 1.75116827e-02].
2026-07-16 00:06:00,078 - INFO - Maximum log composite likelihood: -430.3354896627318.
2026-07-16 00:06:00,078 - INFO - Optimal value of theta: 399.76551781016764.
2026-07-16 00:06:00,078 - INFO - Beginning optimization with guess, [7.66642451 5.52966638 0.11061497 0.07732736].
2026-07-16 00:06:06,997 - INFO - Finished optimization with guess, [7.66642451 5.52966638 0.11061497 0.07732736].
2026-07-16 00:06:06,997 - INFO - Best fit parameters: [6.15366796e+00 1.49109044e+01 1.28026899e-02 1.49673337e-02].
2026-07-16 00:06:07,343 - INFO - Maximum log composite likelihood: -427.00734114676294.
2026-07-16 00:06:07,343 - INFO - Optimal value of theta: 408.7092674816767.
2026-07-16 00:06:07,347 - INFO - Converting and interpreting Tau estimates.
2026-07-16 00:06:07,349 - INFO - Finished demographic inference.
2026-07-16 00:06:07,349 - INFO - Pipeline executed succesfully.
