2026-07-16 00:01:20,175 - INFO - Beginning execution of fit_demographic_model.py in directory /u/project/kirk-bigdata/jonmah/sample_size_demography/Scripts

2026-07-16 00:01:20,175 - INFO - Progress is being logged to ../Analysis/tennessen_ooa_340/log.log

2026-07-16 00:01:20,175 - INFO - Parsed the following arguments:
	syn_input_sfs = ../Simulations/tennessen/ooa_340_sfs/dadi/pop1.sfs
	mask_singletons = False
	mask_doubletons = False
	sum_alleles = False
	L_syn = 100000000.0
	model_type = three_epoch
	input_params = []
	outprefix = ../Analysis/tennessen_ooa_340/

2026-07-16 00:01:20,178 - INFO - Beginning demographic inference for three-epoch demographic model.
2026-07-16 00:01:20,180 - INFO - Beginning optimization with guess, [0.00840609 0.00518706 0.18033114 0.07427361].
2026-07-16 00:01:44,297 - INFO - Finished optimization with guess, [0.00840609 0.00518706 0.18033114 0.07427361].
2026-07-16 00:01:44,302 - INFO - Best fit parameters: [0.00730431 0.00276057 0.18033162 0.15932317].
2026-07-16 00:01:46,015 - INFO - Maximum log composite likelihood: -1454.2359601995813.
2026-07-16 00:01:46,015 - INFO - Optimal value of theta: 229207.16925862318.
2026-07-16 00:01:46,015 - INFO - Beginning optimization with guess, [0.01350295 0.04673108 0.05969934 0.08032938].
2026-07-16 00:02:10,415 - INFO - Finished optimization with guess, [0.01350295 0.04673108 0.05969934 0.08032938].
2026-07-16 00:02:10,416 - INFO - Best fit parameters: [0.01052677 0.05961792 0.07270652 0.06930571].
2026-07-16 00:02:11,548 - INFO - Maximum log composite likelihood: -1401.069365917775.
2026-07-16 00:02:11,548 - INFO - Optimal value of theta: 12031.435517590658.
2026-07-16 00:02:11,549 - INFO - Beginning optimization with guess, [0.04523447 0.09703389 0.12504507 0.19721042].
2026-07-16 00:02:34,831 - INFO - Finished optimization with guess, [0.04523447 0.09703389 0.12504507 0.19721042].
2026-07-16 00:02:34,833 - INFO - Best fit parameters: [0.02025935 0.14968063 0.23502324 0.19289535].
2026-07-16 00:02:36,092 - INFO - Maximum log composite likelihood: -1401.408316903066.
2026-07-16 00:02:36,093 - INFO - Optimal value of theta: 4756.847152220353.
2026-07-16 00:02:36,093 - INFO - Beginning optimization with guess, [0.03814611 0.07380047 0.06115712 0.16307885].
2026-07-16 00:03:38,516 - INFO - Finished optimization with guess, [0.03814611 0.07380047 0.06115712 0.16307885].
2026-07-16 00:03:38,518 - INFO - Best fit parameters: [0.01651649 0.12822413 0.12256298 0.15885272].
2026-07-16 00:03:39,467 - INFO - Maximum log composite likelihood: -1401.2174563302847.
2026-07-16 00:03:39,468 - INFO - Optimal value of theta: 5590.347819152061.
2026-07-16 00:03:39,468 - INFO - Beginning optimization with guess, [0.11269955 0.19376394 0.05455352 0.09689682].
2026-07-16 00:03:58,027 - INFO - Finished optimization with guess, [0.11269955 0.19376394 0.05455352 0.09689682].
2026-07-16 00:03:58,028 - INFO - Best fit parameters: [0.06017653 0.45440515 0.09328418 0.13219486].
2026-07-16 00:03:59,010 - INFO - Maximum log composite likelihood: -1312.9490567487912.
2026-07-16 00:03:59,010 - INFO - Optimal value of theta: 1692.666458059967.
2026-07-16 00:03:59,011 - INFO - Beginning optimization with guess, [0.29032419 0.4624305  0.08989663 0.08852888].
2026-07-16 00:04:16,593 - INFO - Finished optimization with guess, [0.29032419 0.4624305  0.08989663 0.08852888].
2026-07-16 00:04:16,594 - INFO - Best fit parameters: [0.17168582 7.02930729 0.10440945 0.02687783].
2026-07-16 00:04:17,525 - INFO - Maximum log composite likelihood: -417.05964396250346.
2026-07-16 00:04:17,525 - INFO - Optimal value of theta: 738.7089577303789.
2026-07-16 00:04:17,526 - INFO - Beginning optimization with guess, [0.71507861 0.42775689 0.69502916 0.05463523].
2026-07-16 00:04:35,800 - INFO - Finished optimization with guess, [0.71507861 0.42775689 0.69502916 0.05463523].
2026-07-16 00:04:35,805 - INFO - Best fit parameters: [0.27097387 4.22311324 0.58601217 0.0200892 ].
2026-07-16 00:04:36,760 - INFO - Maximum log composite likelihood: -546.1830387896905.
2026-07-16 00:04:36,760 - INFO - Optimal value of theta: 988.900541651275.
2026-07-16 00:04:36,761 - INFO - Beginning optimization with guess, [0.95905683 0.48812554 0.07948095 0.15836779].
2026-07-16 00:04:54,561 - INFO - Finished optimization with guess, [0.95905683 0.48812554 0.07948095 0.15836779].
2026-07-16 00:04:54,562 - INFO - Best fit parameters: [3.04960413e-01 5.45607134e+01 8.68092060e-02 3.61049409e-02].
2026-07-16 00:04:55,258 - INFO - Maximum log composite likelihood: -601.178856136324.
2026-07-16 00:04:55,258 - INFO - Optimal value of theta: 440.49153356686026.
2026-07-16 00:04:55,258 - INFO - Beginning optimization with guess, [0.68108937 1.69021315 0.10357033 0.05555705].
2026-07-16 00:05:13,657 - INFO - Finished optimization with guess, [0.68108937 1.69021315 0.10357033 0.05555705].
2026-07-16 00:05:13,659 - INFO - Best fit parameters: [0.23956615 9.110844   0.11574202 0.02113956].
2026-07-16 00:05:14,600 - INFO - Maximum log composite likelihood: -406.7078184149622.
2026-07-16 00:05:14,600 - INFO - Optimal value of theta: 717.952078479251.
2026-07-16 00:05:14,601 - INFO - Beginning optimization with guess, [1.06930884 1.0949781  0.09016739 0.08961676].
2026-07-16 00:05:31,751 - INFO - Finished optimization with guess, [1.06930884 1.0949781  0.09016739 0.08961676].
2026-07-16 00:05:31,752 - INFO - Best fit parameters: [4.79704164e-01 3.46430313e+01 7.14326237e-02 1.47588379e-02].
2026-07-16 00:05:32,637 - INFO - Maximum log composite likelihood: -513.3113046866644.
2026-07-16 00:05:32,638 - INFO - Optimal value of theta: 577.9055895919458.
2026-07-16 00:05:32,639 - INFO - Beginning optimization with guess, [0.81288446 1.17298676 0.09155706 0.06684926].
2026-07-16 00:05:50,264 - INFO - Finished optimization with guess, [0.81288446 1.17298676 0.09155706 0.06684926].
2026-07-16 00:05:50,265 - INFO - Best fit parameters: [ 0.29764651 12.82737711  0.09435635  0.0174298 ].
2026-07-16 00:05:51,184 - INFO - Maximum log composite likelihood: -438.39159840963043.
2026-07-16 00:05:51,184 - INFO - Optimal value of theta: 678.3988878134298.
2026-07-16 00:05:51,185 - INFO - Beginning optimization with guess, [0.87800042 3.32449193 0.15991763 0.1401575 ].
2026-07-16 00:06:08,742 - INFO - Finished optimization with guess, [0.87800042 3.32449193 0.15991763 0.1401575 ].
2026-07-16 00:06:08,743 - INFO - Best fit parameters: [0.38452749 6.84819386 0.14472948 0.02442371].
2026-07-16 00:06:09,649 - INFO - Maximum log composite likelihood: -455.23812711484806.
2026-07-16 00:06:09,649 - INFO - Optimal value of theta: 623.7090224274551.
2026-07-16 00:06:09,650 - INFO - Beginning optimization with guess, [3.87591516 1.29944705 0.18061551 0.09652002].
2026-07-16 00:06:27,910 - INFO - Finished optimization with guess, [3.87591516 1.29944705 0.18061551 0.09652002].
2026-07-16 00:06:27,911 - INFO - Best fit parameters: [4.23047475e-01 5.54128116e+01 2.55995572e-02 2.00688689e-02].
2026-07-16 00:06:28,655 - INFO - Maximum log composite likelihood: -521.9851365025125.
2026-07-16 00:06:28,655 - INFO - Optimal value of theta: 493.44430315935404.
2026-07-16 00:06:28,655 - INFO - Beginning optimization with guess, [1.2069636  1.41366366 0.17117366 0.17035687].
2026-07-16 00:06:46,318 - INFO - Finished optimization with guess, [1.2069636  1.41366366 0.17117366 0.17035687].
2026-07-16 00:06:46,320 - INFO - Best fit parameters: [ 0.42530798 14.06325078  0.1563081   0.07823302].
2026-07-16 00:06:47,260 - INFO - Maximum log composite likelihood: -692.168540019227.
2026-07-16 00:06:47,261 - INFO - Optimal value of theta: 330.38691480761287.
2026-07-16 00:06:47,261 - INFO - Beginning optimization with guess, [1.68869752 2.43477007 0.06165586 0.08842404].
2026-07-16 00:07:04,489 - INFO - Finished optimization with guess, [1.68869752 2.43477007 0.06165586 0.08842404].
2026-07-16 00:07:04,490 - INFO - Best fit parameters: [ 0.35395008 22.85805787  0.05483019  0.02942597].
2026-07-16 00:07:05,409 - INFO - Maximum log composite likelihood: -444.65753981067576.
2026-07-16 00:07:05,409 - INFO - Optimal value of theta: 482.42328543330615.
2026-07-16 00:07:05,410 - INFO - Beginning optimization with guess, [2.12610535 1.76460338 0.1496356  0.07261679].
2026-07-16 00:07:27,897 - INFO - Finished optimization with guess, [2.12610535 1.76460338 0.1496356  0.07261679].
2026-07-16 00:07:27,898 - INFO - Best fit parameters: [3.15029875e-01 2.50984408e+01 7.85439884e-02 2.11372055e-02].
2026-07-16 00:07:28,834 - INFO - Maximum log composite likelihood: -438.9242344206845.
2026-07-16 00:07:28,835 - INFO - Optimal value of theta: 583.7457174986963.
2026-07-16 00:07:28,835 - INFO - Beginning optimization with guess, [4.92978748 4.55098714 0.06425074 0.18534295].
2026-07-16 00:07:50,736 - INFO - Finished optimization with guess, [4.92978748 4.55098714 0.06425074 0.18534295].
2026-07-16 00:07:50,737 - INFO - Best fit parameters: [ 3.28838256 11.96929593  0.02269824  0.01599229].
2026-07-16 00:07:51,650 - INFO - Maximum log composite likelihood: -594.9629426210063.
2026-07-16 00:07:51,651 - INFO - Optimal value of theta: 408.1418150190605.
2026-07-16 00:07:51,651 - INFO - Beginning optimization with guess, [1.7671187  3.5599066  0.05017462 0.12520487].
2026-07-16 00:08:08,926 - INFO - Finished optimization with guess, [1.7671187  3.5599066  0.05017462 0.12520487].
2026-07-16 00:08:08,928 - INFO - Best fit parameters: [ 0.5450671  13.32941205  0.03696061  0.02391905].
2026-07-16 00:08:09,831 - INFO - Maximum log composite likelihood: -513.6636485328978.
2026-07-16 00:08:09,831 - INFO - Optimal value of theta: 484.36043265913145.
2026-07-16 00:08:09,832 - INFO - Beginning optimization with guess, [4.4437144  4.58975049 0.0770595  0.15618136].
2026-07-16 00:08:27,425 - INFO - Finished optimization with guess, [4.4437144  4.58975049 0.0770595  0.15618136].
2026-07-16 00:08:27,426 - INFO - Best fit parameters: [1.70985307e+00 3.62816441e+01 1.18011457e-02 8.62933975e-03].
2026-07-16 00:08:28,103 - INFO - Maximum log composite likelihood: -652.7226297377337.
2026-07-16 00:08:28,103 - INFO - Optimal value of theta: 489.9894603529484.
2026-07-16 00:08:28,104 - INFO - Beginning optimization with guess, [6.68989216 2.97640636 0.16543907 0.17134327].
2026-07-16 00:08:46,182 - INFO - Finished optimization with guess, [6.68989216 2.97640636 0.16543907 0.17134327].
2026-07-16 00:08:46,184 - INFO - Best fit parameters: [5.56725261e-01 1.76006251e+02 2.71833155e-04 2.43886102e-02].
2026-07-16 00:08:47,111 - INFO - Maximum log composite likelihood: -535.7804062226834.
2026-07-16 00:08:47,112 - INFO - Optimal value of theta: 389.5782712690548.
2026-07-16 00:08:47,112 - INFO - Beginning optimization with guess, [3.51075834 3.5301942  0.14437159 0.05951954].
2026-07-16 00:09:04,270 - INFO - Finished optimization with guess, [3.51075834 3.5301942  0.14437159 0.05951954].
2026-07-16 00:09:04,272 - INFO - Best fit parameters: [ 0.42364865 24.9986749   0.03894854  0.02991575].
2026-07-16 00:09:05,204 - INFO - Maximum log composite likelihood: -466.2151210063411.
2026-07-16 00:09:05,205 - INFO - Optimal value of theta: 448.6973919620537.
2026-07-16 00:09:05,205 - INFO - Beginning optimization with guess, [2.89799854 3.04923511 0.18838234 0.12167036].
2026-07-16 00:09:22,581 - INFO - Finished optimization with guess, [2.89799854 3.04923511 0.18838234 0.12167036].
2026-07-16 00:09:22,585 - INFO - Best fit parameters: [ 0.40190115 25.45823778  0.05930734  0.03459878].
2026-07-16 00:09:23,502 - INFO - Maximum log composite likelihood: -465.64594248262256.
2026-07-16 00:09:23,502 - INFO - Optimal value of theta: 436.7675556107445.
2026-07-16 00:09:23,503 - INFO - Beginning optimization with guess, [5.35314544 7.86640398 0.05530245 0.0570043 ].
2026-07-16 00:09:40,697 - INFO - Finished optimization with guess, [5.35314544 7.86640398 0.05530245 0.0570043 ].
2026-07-16 00:09:40,698 - INFO - Best fit parameters: [5.20779424e+00 3.59917241e+01 1.07408886e-02 1.86018810e-02].
2026-07-16 00:09:41,600 - INFO - Maximum log composite likelihood: -523.7410655159292.
2026-07-16 00:09:41,600 - INFO - Optimal value of theta: 392.4725626449067.
2026-07-16 00:09:41,600 - INFO - Beginning optimization with guess, [2.41044983 3.41027957 0.19189277 0.08837444].
2026-07-16 00:10:00,247 - INFO - Finished optimization with guess, [2.41044983 3.41027957 0.19189277 0.08837444].
2026-07-16 00:10:00,248 - INFO - Best fit parameters: [ 0.27133715 18.97818593  0.11565716  0.02247106].
2026-07-16 00:10:01,187 - INFO - Maximum log composite likelihood: -426.1056259313826.
2026-07-16 00:10:01,187 - INFO - Optimal value of theta: 630.3033074772899.
2026-07-16 00:10:01,187 - INFO - Beginning optimization with guess, [9.74447316 7.04785491 0.15573271 0.17593687].
2026-07-16 00:10:18,313 - INFO - Finished optimization with guess, [9.74447316 7.04785491 0.15573271 0.17593687].
2026-07-16 00:10:18,314 - INFO - Best fit parameters: [2.89569376e+00 1.25255782e+01 4.03757668e-03 3.80754832e-03].
2026-07-16 00:10:19,243 - INFO - Maximum log composite likelihood: -872.0058897603108.
2026-07-16 00:10:19,243 - INFO - Optimal value of theta: 552.770120609804.
2026-07-16 00:10:19,248 - INFO - Converting and interpreting Tau estimates.
2026-07-16 00:10:19,251 - INFO - Finished demographic inference.
2026-07-16 00:10:19,251 - INFO - Pipeline executed succesfully.
