2026-07-16 00:01:13,061 - INFO - Beginning execution of fit_demographic_model.py in directory /u/project/kirk-bigdata/jonmah/sample_size_demography/Scripts

2026-07-16 00:01:13,062 - INFO - Progress is being logged to ../Analysis/tennessen_ooa_320/log.log

2026-07-16 00:01:13,062 - INFO - Parsed the following arguments:
	syn_input_sfs = ../Simulations/tennessen/ooa_320_sfs/dadi/pop1.sfs
	mask_singletons = False
	mask_doubletons = False
	sum_alleles = False
	L_syn = 100000000.0
	model_type = three_epoch
	input_params = []
	outprefix = ../Analysis/tennessen_ooa_320/

2026-07-16 00:01:13,067 - INFO - Beginning demographic inference for three-epoch demographic model.
2026-07-16 00:01:13,071 - INFO - Beginning optimization with guess, [0.00762243 0.01467678 0.06683269 0.05806923].
2026-07-16 00:01:21,981 - INFO - Finished optimization with guess, [0.00762243 0.01467678 0.06683269 0.05806923].
2026-07-16 00:01:21,988 - INFO - Best fit parameters: [0.00641869 0.02866756 0.06860362 0.03455657].
2026-07-16 00:01:22,415 - INFO - Maximum log composite likelihood: -1321.768562276953.
2026-07-16 00:01:22,416 - INFO - Optimal value of theta: 24393.754009589997.
2026-07-16 00:01:22,416 - INFO - Beginning optimization with guess, [0.01618332 0.01458693 0.18239274 0.07524887].
2026-07-16 00:18:28,631 - INFO - Finished optimization with guess, [0.01618332 0.01458693 0.18239274 0.07524887].
2026-07-16 00:18:28,633 - INFO - Best fit parameters: [7.42837498e-05 4.03343680e-01 1.91121860e-01 5.75227379e-01].
2026-07-16 00:18:54,218 - INFO - Maximum log composite likelihood: -1321.9756659581112.
2026-07-16 00:18:54,221 - INFO - Optimal value of theta: 1741.0515488410508.
2026-07-16 00:18:54,221 - INFO - Beginning optimization with guess, [0.05047222 0.08998404 0.05488222 0.06358622].
2026-07-16 00:19:00,593 - INFO - Finished optimization with guess, [0.05047222 0.08998404 0.05488222 0.06358622].
2026-07-16 00:19:00,593 - INFO - Best fit parameters: [0.02776802 0.12003416 0.0952081  0.0881278 ].
2026-07-16 00:19:00,919 - INFO - Maximum log composite likelihood: -1316.7668725710562.
2026-07-16 00:19:00,919 - INFO - Optimal value of theta: 5866.193152338091.
2026-07-16 00:19:00,919 - INFO - Beginning optimization with guess, [0.03850408 0.14730024 0.19913763 0.13234646].
2026-07-16 00:19:07,754 - INFO - Finished optimization with guess, [0.03850408 0.14730024 0.19913763 0.13234646].
2026-07-16 00:19:07,757 - INFO - Best fit parameters: [0.04025113 0.13842231 0.19521643 0.13675337].
2026-07-16 00:19:08,229 - INFO - Maximum log composite likelihood: -1321.029575718446.
2026-07-16 00:19:08,229 - INFO - Optimal value of theta: 5083.842838555221.
2026-07-16 00:19:08,229 - INFO - Beginning optimization with guess, [0.0610821  0.15444253 0.16537078 0.07535809].
2026-07-16 00:19:20,944 - INFO - Finished optimization with guess, [0.0610821  0.15444253 0.16537078 0.07535809].
2026-07-16 00:19:20,948 - INFO - Best fit parameters: [0.11298927 0.61250266 0.08644973 0.01601132].
2026-07-16 00:19:21,241 - INFO - Maximum log composite likelihood: -1009.8860446571792.
2026-07-16 00:19:21,241 - INFO - Optimal value of theta: 1448.7805731510687.
2026-07-16 00:19:21,241 - INFO - Beginning optimization with guess, [0.39990195 0.21987952 0.1591703  0.06062153].
2026-07-16 00:19:28,130 - INFO - Finished optimization with guess, [0.39990195 0.21987952 0.1591703  0.06062153].
2026-07-16 00:19:28,130 - INFO - Best fit parameters: [0.17171767 0.963417   0.25167475 0.06788044].
2026-07-16 00:19:28,426 - INFO - Maximum log composite likelihood: -966.595686478277.
2026-07-16 00:19:28,427 - INFO - Optimal value of theta: 1098.0204224074014.
2026-07-16 00:19:28,427 - INFO - Beginning optimization with guess, [0.30356458 0.33430427 0.7281162  0.07958385].
2026-07-16 00:19:34,910 - INFO - Finished optimization with guess, [0.30356458 0.33430427 0.7281162  0.07958385].
2026-07-16 00:19:34,912 - INFO - Best fit parameters: [0.26932798 0.56322347 0.77355557 0.0538503 ].
2026-07-16 00:19:35,217 - INFO - Maximum log composite likelihood: -1127.0357287916693.
2026-07-16 00:19:35,217 - INFO - Optimal value of theta: 1496.0255013555977.
2026-07-16 00:19:35,217 - INFO - Beginning optimization with guess, [1.49515778 1.04525779 0.07341859 0.05415612].
2026-07-16 00:19:42,313 - INFO - Finished optimization with guess, [1.49515778 1.04525779 0.07341859 0.05415612].
2026-07-16 00:19:42,314 - INFO - Best fit parameters: [ 0.33616143 18.52661228  0.06736351  0.02884724].
2026-07-16 00:19:42,603 - INFO - Maximum log composite likelihood: -414.1555721278758.
2026-07-16 00:19:42,603 - INFO - Optimal value of theta: 510.08982219912934.
2026-07-16 00:19:42,603 - INFO - Beginning optimization with guess, [1.17813024 1.44074098 0.14532187 0.05437972].
2026-07-16 00:19:48,375 - INFO - Finished optimization with guess, [1.17813024 1.44074098 0.14532187 0.05437972].
2026-07-16 00:19:48,376 - INFO - Best fit parameters: [ 0.3096869  11.28856225  0.11984854  0.01802982].
2026-07-16 00:19:48,668 - INFO - Maximum log composite likelihood: -412.29085523514027.
2026-07-16 00:19:48,668 - INFO - Optimal value of theta: 687.1542039156487.
2026-07-16 00:19:48,668 - INFO - Beginning optimization with guess, [1.80361878 1.75166193 0.05010283 0.18919816].
2026-07-16 00:19:54,378 - INFO - Finished optimization with guess, [1.80361878 1.75166193 0.05010283 0.18919816].
2026-07-16 00:19:54,379 - INFO - Best fit parameters: [8.93302004e-01 7.25923605e+01 3.32899233e-02 3.42411478e-02].
2026-07-16 00:19:54,664 - INFO - Maximum log composite likelihood: -542.8113352048026.
2026-07-16 00:19:54,665 - INFO - Optimal value of theta: 352.92883362574935.
2026-07-16 00:19:54,665 - INFO - Beginning optimization with guess, [2.66749726 1.80635537 0.12611194 0.08369301].
2026-07-16 00:20:00,504 - INFO - Finished optimization with guess, [2.66749726 1.80635537 0.12611194 0.08369301].
2026-07-16 00:20:00,505 - INFO - Best fit parameters: [3.52270978e-01 3.17186851e+01 5.47516180e-02 3.13663888e-02].
2026-07-16 00:20:00,791 - INFO - Maximum log composite likelihood: -456.1899614533917.
2026-07-16 00:20:00,792 - INFO - Optimal value of theta: 460.6129131049288.
2026-07-16 00:20:00,792 - INFO - Beginning optimization with guess, [3.40244741 1.67415433 0.05614719 0.06402455].
2026-07-16 00:20:06,591 - INFO - Finished optimization with guess, [3.40244741 1.67415433 0.05614719 0.06402455].
2026-07-16 00:20:06,591 - INFO - Best fit parameters: [2.09274389e+00 2.23848957e+01 1.61653222e-02 2.17827852e-02].
2026-07-16 00:20:06,875 - INFO - Maximum log composite likelihood: -527.3767285714589.
2026-07-16 00:20:06,875 - INFO - Optimal value of theta: 394.7626885816376.
2026-07-16 00:20:06,876 - INFO - Beginning optimization with guess, [2.73331269 1.10165124 0.12515045 0.10266063].
2026-07-16 00:20:12,552 - INFO - Finished optimization with guess, [2.73331269 1.10165124 0.12515045 0.10266063].
2026-07-16 00:20:12,556 - INFO - Best fit parameters: [3.45410985e-01 5.68397850e+01 4.18402936e-02 1.95245783e-02].
2026-07-16 00:20:12,842 - INFO - Maximum log composite likelihood: -492.5211907242324.
2026-07-16 00:20:12,842 - INFO - Optimal value of theta: 539.949520372326.
2026-07-16 00:20:12,843 - INFO - Beginning optimization with guess, [1.39822606 1.15232237 0.0774496  0.13859214].
2026-07-16 00:20:18,569 - INFO - Finished optimization with guess, [1.39822606 1.15232237 0.0774496  0.13859214].
2026-07-16 00:20:18,570 - INFO - Best fit parameters: [5.87746369e-01 4.18724063e+01 5.74468796e-02 2.13404109e-02].
2026-07-16 00:20:18,858 - INFO - Maximum log composite likelihood: -473.8314779842477.
2026-07-16 00:20:18,858 - INFO - Optimal value of theta: 475.2497171011201.
2026-07-16 00:20:18,858 - INFO - Beginning optimization with guess, [2.38959709 3.31231438 0.07683997 0.15404837].
2026-07-16 00:20:24,597 - INFO - Finished optimization with guess, [2.38959709 3.31231438 0.07683997 0.15404837].
2026-07-16 00:20:24,597 - INFO - Best fit parameters: [ 1.14253351 13.23756551  0.04037234  0.02413312].
2026-07-16 00:20:24,883 - INFO - Maximum log composite likelihood: -559.3931441110899.
2026-07-16 00:20:24,883 - INFO - Optimal value of theta: 417.7176922524511.
2026-07-16 00:20:24,883 - INFO - Beginning optimization with guess, [4.67238442 4.67574574 0.09898014 0.13986536].
2026-07-16 00:20:30,615 - INFO - Finished optimization with guess, [4.67238442 4.67574574 0.09898014 0.13986536].
2026-07-16 00:20:30,617 - INFO - Best fit parameters: [1.90727964e+00 4.04394977e+01 1.53393390e-02 1.07115973e-02].
2026-07-16 00:20:30,902 - INFO - Maximum log composite likelihood: -579.2107883327767.
2026-07-16 00:20:30,902 - INFO - Optimal value of theta: 458.2340419065447.
2026-07-16 00:20:30,903 - INFO - Beginning optimization with guess, [5.27699853 2.15436179 0.1029179  0.12524186].
2026-07-16 00:20:36,614 - INFO - Finished optimization with guess, [5.27699853 2.15436179 0.1029179  0.12524186].
2026-07-16 00:20:36,614 - INFO - Best fit parameters: [1.76393178e+00 1.19284059e+02 6.44993585e-03 2.17629902e-02].
2026-07-16 00:20:36,899 - INFO - Maximum log composite likelihood: -513.5336313315944.
2026-07-16 00:20:36,899 - INFO - Optimal value of theta: 394.77895104160825.
2026-07-16 00:20:36,900 - INFO - Beginning optimization with guess, [1.90429924 5.26358908 0.09981316 0.1364307 ].
2026-07-16 00:20:42,653 - INFO - Finished optimization with guess, [1.90429924 5.26358908 0.09981316 0.1364307 ].
2026-07-16 00:20:42,654 - INFO - Best fit parameters: [ 0.22241918 15.64962208  0.09334853  0.02465439].
2026-07-16 00:20:42,942 - INFO - Maximum log composite likelihood: -411.0530194102356.
2026-07-16 00:20:42,942 - INFO - Optimal value of theta: 635.7863761723094.
2026-07-16 00:20:42,943 - INFO - Beginning optimization with guess, [6.24796523 4.8398982  0.10394425 0.07205423].
2026-07-16 00:20:48,639 - INFO - Finished optimization with guess, [6.24796523 4.8398982  0.10394425 0.07205423].
2026-07-16 00:20:48,640 - INFO - Best fit parameters: [6.00207078e+00 1.87320299e+01 1.66507254e-02 1.35614604e-02].
2026-07-16 00:20:48,924 - INFO - Maximum log composite likelihood: -533.646262537688.
2026-07-16 00:20:48,926 - INFO - Optimal value of theta: 406.2427698045572.
2026-07-16 00:20:48,926 - INFO - Beginning optimization with guess, [5.44852122 6.42223992 0.07142012 0.05997832].
2026-07-16 00:20:54,569 - INFO - Finished optimization with guess, [5.44852122 6.42223992 0.07142012 0.05997832].
2026-07-16 00:20:54,569 - INFO - Best fit parameters: [5.30209468e+00 3.14040176e+01 1.26684683e-02 1.76966733e-02].
2026-07-16 00:20:54,855 - INFO - Maximum log composite likelihood: -514.240299737215.
2026-07-16 00:20:54,856 - INFO - Optimal value of theta: 392.8941335885828.
2026-07-16 00:20:54,856 - INFO - Beginning optimization with guess, [2.82184754 3.75721113 0.1411879  0.07761639].
2026-07-16 00:21:00,578 - INFO - Finished optimization with guess, [2.82184754 3.75721113 0.1411879  0.07761639].
2026-07-16 00:21:00,578 - INFO - Best fit parameters: [ 0.48408901 15.85321585  0.06598328  0.02198803].
2026-07-16 00:21:00,864 - INFO - Maximum log composite likelihood: -452.8328408637952.
2026-07-16 00:21:00,864 - INFO - Optimal value of theta: 520.6863242845856.
2026-07-16 00:21:00,864 - INFO - Beginning optimization with guess, [3.0494789  5.55084405 0.08764249 0.10081887].
2026-07-16 00:21:06,554 - INFO - Finished optimization with guess, [3.0494789  5.55084405 0.08764249 0.10081887].
2026-07-16 00:21:06,556 - INFO - Best fit parameters: [5.08366880e-01 3.00222620e+01 2.62011529e-02 3.17376314e-02].
2026-07-16 00:21:06,840 - INFO - Maximum log composite likelihood: -482.05356546816057.
2026-07-16 00:21:06,840 - INFO - Optimal value of theta: 411.63553287838306.
2026-07-16 00:21:06,841 - INFO - Beginning optimization with guess, [3.98897712 2.31841313 0.10937797 0.1723036 ].
2026-07-16 00:21:13,956 - INFO - Finished optimization with guess, [3.98897712 2.31841313 0.10937797 0.1723036 ].
2026-07-16 00:21:13,957 - INFO - Best fit parameters: [7.38024481e-01 1.65322397e+02 7.09365338e-03 2.29565291e-02].
2026-07-16 00:21:14,243 - INFO - Maximum log composite likelihood: -522.44883113416.
2026-07-16 00:21:14,244 - INFO - Optimal value of theta: 407.55037661819335.
2026-07-16 00:21:14,244 - INFO - Beginning optimization with guess, [7.62226417 4.89107859 0.08317757 0.08706375].
2026-07-16 00:21:19,937 - INFO - Finished optimization with guess, [7.62226417 4.89107859 0.08317757 0.08706375].
2026-07-16 00:21:19,938 - INFO - Best fit parameters: [8.57323196e+00 1.67075551e+01 1.73578863e-02 1.06473586e-02].
2026-07-16 00:21:20,223 - INFO - Maximum log composite likelihood: -533.6716474818999.
2026-07-16 00:21:20,224 - INFO - Optimal value of theta: 411.11252513675737.
2026-07-16 00:21:20,224 - INFO - Beginning optimization with guess, [6.86027561 8.32106178 0.15966253 0.12583141].
2026-07-16 00:21:25,928 - INFO - Finished optimization with guess, [6.86027561 8.32106178 0.15966253 0.12583141].
2026-07-16 00:21:25,928 - INFO - Best fit parameters: [ 2.94083636 16.38208661  0.02387481  0.01852289].
2026-07-16 00:21:26,213 - INFO - Maximum log composite likelihood: -554.0483405539887.
2026-07-16 00:21:26,214 - INFO - Optimal value of theta: 391.56318386484327.
2026-07-16 00:21:26,215 - INFO - Converting and interpreting Tau estimates.
2026-07-16 00:21:26,221 - INFO - Finished demographic inference.
2026-07-16 00:21:26,221 - INFO - Pipeline executed succesfully.
