2026-07-21 10:49:21,562 - INFO - Beginning execution of fit_demographic_model.py in directory /u/project/kirk-bigdata/jonmah/sample_size_demography/Scripts

2026-07-21 10:49:21,563 - INFO - Progress is being logged to ../Analysis/tennessen_ooa_500/log.log

2026-07-21 10:49:21,563 - INFO - Parsed the following arguments:
	syn_input_sfs = ../Simulations/tennessen/ooa_500_sfs/dadi/pop1.sfs
	mask_singletons = False
	mask_doubletons = False
	sum_alleles = False
	L_syn = 100000000.0
	model_type = two_epoch
	input_params = []
	outprefix = ../Analysis/tennessen_ooa_500/

2026-07-21 10:49:21,569 - INFO - Beginning demographic inference for two-epoch demographic model.
2026-07-21 10:49:21,575 - INFO - Beginning optimization with guess, [0.01157271 0.0621996 ].
2026-07-21 10:50:24,026 - INFO - Finished optimization with guess, [0.01157271 0.0621996 ].
2026-07-21 10:50:24,027 - INFO - Best fit parameters: [0.00615323 0.13504171].
2026-07-21 10:50:25,862 - INFO - Maximum log composite likelihood: -2269.149369871887.
2026-07-21 10:50:25,862 - INFO - Optimal value of theta: 118196.7399100206.
2026-07-21 10:50:25,862 - INFO - Beginning optimization with guess, [0.04249898 0.06168216].
2026-07-21 10:50:47,242 - INFO - Finished optimization with guess, [0.04249898 0.06168216].
2026-07-21 10:50:47,244 - INFO - Best fit parameters: [0.02159489 0.24818441].
2026-07-21 10:50:48,819 - INFO - Maximum log composite likelihood: -2269.453797500495.
2026-07-21 10:50:48,819 - INFO - Optimal value of theta: 33671.878179479994.
2026-07-21 10:50:48,819 - INFO - Beginning optimization with guess, [0.06920098 0.11223354].
2026-07-21 10:51:06,408 - INFO - Finished optimization with guess, [0.06920098 0.11223354].
2026-07-21 10:51:06,409 - INFO - Best fit parameters: [0.0432174  0.34259365].
2026-07-21 10:51:07,938 - INFO - Maximum log composite likelihood: -2274.3939167022977.
2026-07-21 10:51:07,938 - INFO - Optimal value of theta: 16768.804437119383.
2026-07-21 10:51:07,938 - INFO - Beginning optimization with guess, [0.09537082 0.05110571].
2026-07-21 10:51:22,112 - INFO - Finished optimization with guess, [0.09537082 0.05110571].
2026-07-21 10:51:22,112 - INFO - Best fit parameters: [5.5973912  0.39317534].
2026-07-21 10:51:23,249 - INFO - Maximum log composite likelihood: -1813.1937389182012.
2026-07-21 10:51:23,249 - INFO - Optimal value of theta: 245.02774338022775.
2026-07-21 10:51:23,250 - INFO - Beginning optimization with guess, [0.1089278  0.16670538].
2026-07-21 10:51:39,865 - INFO - Finished optimization with guess, [0.1089278  0.16670538].
2026-07-21 10:51:39,867 - INFO - Best fit parameters: [0.07051433 0.53585049].
2026-07-21 10:51:41,212 - INFO - Maximum log composite likelihood: -2273.478231686162.
2026-07-21 10:51:41,213 - INFO - Optimal value of theta: 10283.767306083299.
2026-07-21 10:51:41,213 - INFO - Beginning optimization with guess, [0.23575814 0.05242956].
2026-07-21 10:51:55,647 - INFO - Finished optimization with guess, [0.23575814 0.05242956].
2026-07-21 10:51:55,648 - INFO - Best fit parameters: [2.00881713e+02 1.72506634e-02].
2026-07-21 10:51:56,862 - INFO - Maximum log composite likelihood: -687.8548222623158.
2026-07-21 10:51:56,862 - INFO - Optimal value of theta: 449.1754500576853.
2026-07-21 10:51:56,862 - INFO - Beginning optimization with guess, [0.37524328 0.09470282].
2026-07-21 10:52:11,619 - INFO - Finished optimization with guess, [0.37524328 0.09470282].
2026-07-21 10:52:11,620 - INFO - Best fit parameters: [36.84212746  0.03991689].
2026-07-21 10:52:12,949 - INFO - Maximum log composite likelihood: -682.6242982254356.
2026-07-21 10:52:12,949 - INFO - Optimal value of theta: 335.84805580404566.
2026-07-21 10:52:12,949 - INFO - Beginning optimization with guess, [0.81944756 0.12100196].
2026-07-21 10:52:28,673 - INFO - Finished optimization with guess, [0.81944756 0.12100196].
2026-07-21 10:52:28,674 - INFO - Best fit parameters: [5.50831802e+01 2.34942599e-02].
2026-07-21 10:52:30,167 - INFO - Maximum log composite likelihood: -645.642243285377.
2026-07-21 10:52:30,167 - INFO - Optimal value of theta: 410.0448985562169.
2026-07-21 10:52:30,168 - INFO - Beginning optimization with guess, [1.63278874 0.18547311].
2026-07-21 10:52:45,485 - INFO - Finished optimization with guess, [1.63278874 0.18547311].
2026-07-21 10:52:45,487 - INFO - Best fit parameters: [9.80875202e+01 2.93630621e-02].
2026-07-21 10:52:46,853 - INFO - Maximum log composite likelihood: -680.331864890043.
2026-07-21 10:52:46,853 - INFO - Optimal value of theta: 363.6622612956697.
2026-07-21 10:52:46,854 - INFO - Beginning optimization with guess, [1.41377364 0.06212248].
2026-07-21 10:53:02,409 - INFO - Finished optimization with guess, [1.41377364 0.06212248].
2026-07-21 10:53:02,411 - INFO - Best fit parameters: [28.23977957  0.02953331].
2026-07-21 10:53:03,833 - INFO - Maximum log composite likelihood: -651.3436886319425.
2026-07-21 10:53:03,833 - INFO - Optimal value of theta: 391.04489312174877.
2026-07-21 10:53:03,834 - INFO - Beginning optimization with guess, [1.51552956 0.09374276].
2026-07-21 10:53:18,982 - INFO - Finished optimization with guess, [1.51552956 0.09374276].
2026-07-21 10:53:18,983 - INFO - Best fit parameters: [3.96023595e+01 2.68159978e-02].
2026-07-21 10:53:20,172 - INFO - Maximum log composite likelihood: -642.846056676472.
2026-07-21 10:53:20,173 - INFO - Optimal value of theta: 395.8259915812395.
2026-07-21 10:53:20,173 - INFO - Beginning optimization with guess, [2.10714591 0.05776775].
2026-07-21 10:53:33,212 - INFO - Finished optimization with guess, [2.10714591 0.05776775].
2026-07-21 10:53:33,212 - INFO - Best fit parameters: [3.95637983e+01 1.83571721e-02].
2026-07-21 10:53:34,281 - INFO - Maximum log composite likelihood: -675.9792962543451.
2026-07-21 10:53:34,281 - INFO - Optimal value of theta: 455.7439582557593.
2026-07-21 10:53:34,281 - INFO - Beginning optimization with guess, [2.98287846 0.09349531].
2026-07-21 10:53:47,138 - INFO - Finished optimization with guess, [2.98287846 0.09349531].
2026-07-21 10:53:47,139 - INFO - Best fit parameters: [6.55483016e+01 2.26512668e-02].
2026-07-21 10:53:48,207 - INFO - Maximum log composite likelihood: -649.2769308928628.
2026-07-21 10:53:48,207 - INFO - Optimal value of theta: 413.1876862011494.
2026-07-21 10:53:48,208 - INFO - Beginning optimization with guess, [4.13038183 0.09624062].
2026-07-21 10:54:01,007 - INFO - Finished optimization with guess, [4.13038183 0.09624062].
2026-07-21 10:54:01,010 - INFO - Best fit parameters: [3.49192843e+01 2.77738235e-02].
2026-07-21 10:54:02,114 - INFO - Maximum log composite likelihood: -644.4877663003195.
2026-07-21 10:54:02,115 - INFO - Optimal value of theta: 393.73049090253977.
2026-07-21 10:54:02,115 - INFO - Beginning optimization with guess, [2.2657164  0.07482767].
2026-07-21 10:54:15,067 - INFO - Finished optimization with guess, [2.2657164  0.07482767].
2026-07-21 10:54:15,068 - INFO - Best fit parameters: [2.97528973e+01 2.92230077e-02].
2026-07-21 10:54:16,198 - INFO - Maximum log composite likelihood: -649.2343509213548.
2026-07-21 10:54:16,198 - INFO - Optimal value of theta: 390.8598323291829.
2026-07-21 10:54:16,198 - INFO - Beginning optimization with guess, [1.98511293 0.14067475].
2026-07-21 10:54:29,301 - INFO - Finished optimization with guess, [1.98511293 0.14067475].
2026-07-21 10:54:29,301 - INFO - Best fit parameters: [24.96684455  0.02631376].
2026-07-21 10:54:30,369 - INFO - Maximum log composite likelihood: -658.6744139387146.
2026-07-21 10:54:30,370 - INFO - Optimal value of theta: 412.88063545964803.
2026-07-21 10:54:30,370 - INFO - Beginning optimization with guess, [1.88855393 0.1098076 ].
2026-07-21 10:54:43,188 - INFO - Finished optimization with guess, [1.88855393 0.1098076 ].
2026-07-21 10:54:43,189 - INFO - Best fit parameters: [3.95207570e+01 2.51059177e-02].
2026-07-21 10:54:44,257 - INFO - Maximum log composite likelihood: -643.4664580902644.
2026-07-21 10:54:44,257 - INFO - Optimal value of theta: 406.3728470878763.
2026-07-21 10:54:44,257 - INFO - Beginning optimization with guess, [3.08992295 0.19120534].
2026-07-21 10:54:57,060 - INFO - Finished optimization with guess, [3.08992295 0.19120534].
2026-07-21 10:54:57,061 - INFO - Best fit parameters: [2.60520584e+01 9.57312243e-03].
2026-07-21 10:54:58,128 - INFO - Maximum log composite likelihood: -912.1654822796323.
2026-07-21 10:54:58,128 - INFO - Optimal value of theta: 554.1855205165657.
2026-07-21 10:54:58,128 - INFO - Beginning optimization with guess, [3.5034928  0.15783112].
2026-07-21 10:55:11,089 - INFO - Finished optimization with guess, [3.5034928  0.15783112].
2026-07-21 10:55:11,090 - INFO - Best fit parameters: [11.96877301  0.02848688].
2026-07-21 10:55:12,212 - INFO - Maximum log composite likelihood: -754.0381795961599.
2026-07-21 10:55:12,212 - INFO - Optimal value of theta: 436.51596220391184.
2026-07-21 10:55:12,212 - INFO - Beginning optimization with guess, [3.58634298 0.16964963].
2026-07-21 10:55:26,664 - INFO - Finished optimization with guess, [3.58634298 0.16964963].
2026-07-21 10:55:26,664 - INFO - Best fit parameters: [10.93532611  0.03224781].
2026-07-21 10:55:27,734 - INFO - Maximum log composite likelihood: -771.8023942576219.
2026-07-21 10:55:27,734 - INFO - Optimal value of theta: 426.34929506947117.
2026-07-21 10:55:27,734 - INFO - Beginning optimization with guess, [2.23985113 0.16308924].
2026-07-21 10:55:40,548 - INFO - Finished optimization with guess, [2.23985113 0.16308924].
2026-07-21 10:55:40,549 - INFO - Best fit parameters: [22.6872004   0.02789241].
2026-07-21 10:55:41,672 - INFO - Maximum log composite likelihood: -663.9439926005201.
2026-07-21 10:55:41,672 - INFO - Optimal value of theta: 407.8118326531477.
2026-07-21 10:55:41,672 - INFO - Beginning optimization with guess, [7.22774813 0.18493466].
2026-07-21 10:55:55,042 - INFO - Finished optimization with guess, [7.22774813 0.18493466].
2026-07-21 10:55:55,043 - INFO - Best fit parameters: [3.24219863e+01 2.75365032e-02].
2026-07-21 10:55:56,116 - INFO - Maximum log composite likelihood: -645.9488720488822.
2026-07-21 10:55:56,116 - INFO - Optimal value of theta: 397.2816669743552.
2026-07-21 10:55:56,116 - INFO - Beginning optimization with guess, [2.47790717 0.07769396].
2026-07-21 10:56:13,638 - INFO - Finished optimization with guess, [2.47790717 0.07769396].
2026-07-21 10:56:13,639 - INFO - Best fit parameters: [3.32406477e+01 2.90541879e-02].
2026-07-21 10:56:15,357 - INFO - Maximum log composite likelihood: -646.3220939122426.
2026-07-21 10:56:15,358 - INFO - Optimal value of theta: 388.1689248310934.
2026-07-21 10:56:15,358 - INFO - Beginning optimization with guess, [6.84179671 0.08878898].
2026-07-21 10:56:34,055 - INFO - Finished optimization with guess, [6.84179671 0.08878898].
2026-07-21 10:56:34,056 - INFO - Best fit parameters: [3.70052832e+01 2.70279651e-02].
2026-07-21 10:56:35,445 - INFO - Maximum log composite likelihood: -643.444458741582.
2026-07-21 10:56:35,446 - INFO - Optimal value of theta: 396.380000310477.
2026-07-21 10:56:35,446 - INFO - Beginning optimization with guess, [3.61999599 0.07549109].
2026-07-21 10:56:53,293 - INFO - Finished optimization with guess, [3.61999599 0.07549109].
2026-07-21 10:56:53,295 - INFO - Best fit parameters: [4.21280417e+01 2.90954914e-02].
2026-07-21 10:56:54,740 - INFO - Maximum log composite likelihood: -645.521552600538.
2026-07-21 10:56:54,741 - INFO - Optimal value of theta: 381.20502890783837.
2026-07-21 10:56:54,745 - INFO - Converting and interpreting Tau estimates.
2026-07-21 10:56:54,752 - INFO - Finished demographic inference.
2026-07-21 10:56:54,752 - INFO - Pipeline executed succesfully.
