2026-07-16 00:05:14,880 - INFO - Beginning execution of fit_demographic_model.py in directory /u/project/kirk-bigdata/jonmah/sample_size_demography/Scripts

2026-07-16 00:05:14,881 - INFO - Progress is being logged to ../Analysis/tennessen_ooa_650/log.log

2026-07-16 00:05:14,881 - INFO - Parsed the following arguments:
	syn_input_sfs = ../Simulations/tennessen/ooa_650_sfs/dadi/pop1.sfs
	mask_singletons = False
	mask_doubletons = False
	sum_alleles = False
	L_syn = 100000000.0
	model_type = three_epoch
	input_params = []
	outprefix = ../Analysis/tennessen_ooa_650/

2026-07-16 00:05:14,883 - INFO - Beginning demographic inference for three-epoch demographic model.
2026-07-16 00:05:14,885 - INFO - Beginning optimization with guess, [0.00608414 0.00740676 0.05333067 0.19157318].
2026-07-16 00:06:20,426 - INFO - Finished optimization with guess, [0.00608414 0.00740676 0.05333067 0.19157318].
2026-07-16 00:06:20,428 - INFO - Best fit parameters: [0.00608355 0.00694559 0.0533277  0.18206068].
2026-07-16 00:06:23,394 - INFO - Maximum log composite likelihood: -2894.715331909921.
2026-07-16 00:06:23,395 - INFO - Optimal value of theta: 113161.17805874838.
2026-07-16 00:06:23,395 - INFO - Beginning optimization with guess, [0.01440357 0.03853602 0.07281933 0.16668748].
2026-07-16 00:07:34,776 - INFO - Finished optimization with guess, [0.01440357 0.03853602 0.07281933 0.16668748].
2026-07-16 00:07:34,779 - INFO - Best fit parameters: [0.00921591 0.09873737 0.09904347 0.07969342].
2026-07-16 00:07:37,173 - INFO - Maximum log composite likelihood: -2681.3127269647903.
2026-07-16 00:07:37,174 - INFO - Optimal value of theta: 9625.168926697157.
2026-07-16 00:07:37,174 - INFO - Beginning optimization with guess, [0.02839546 0.08592464 0.09031396 0.18069577].
2026-07-16 00:08:28,173 - INFO - Finished optimization with guess, [0.02839546 0.08592464 0.09031396 0.18069577].
2026-07-16 00:08:28,175 - INFO - Best fit parameters: [0.01333836 0.15254447 0.16740427 0.14271013].
2026-07-16 00:08:30,697 - INFO - Maximum log composite likelihood: -2686.0665522635322.
2026-07-16 00:08:30,698 - INFO - Optimal value of theta: 6080.864320173031.
2026-07-16 00:08:30,698 - INFO - Beginning optimization with guess, [0.05988721 0.09528898 0.08487531 0.15832991].
2026-07-16 00:09:49,869 - INFO - Finished optimization with guess, [0.05988721 0.09528898 0.08487531 0.15832991].
2026-07-16 00:09:49,872 - INFO - Best fit parameters: [0.02164054 0.1989218  0.18841855 0.15589244].
2026-07-16 00:09:52,141 - INFO - Maximum log composite likelihood: -2680.554734360933.
2026-07-16 00:09:52,141 - INFO - Optimal value of theta: 4783.993847408359.
2026-07-16 00:09:52,141 - INFO - Beginning optimization with guess, [0.1901527  0.12060565 0.08191893 0.18294584].
2026-07-16 00:10:35,291 - INFO - Finished optimization with guess, [0.1901527  0.12060565 0.08191893 0.18294584].
2026-07-16 00:10:35,294 - INFO - Best fit parameters: [0.13698216 0.08277885 0.10570044 0.57169735].
2026-07-16 00:10:37,470 - INFO - Maximum log composite likelihood: -2899.2622079010016.
2026-07-16 00:10:37,470 - INFO - Optimal value of theta: 9472.475748824701.
2026-07-16 00:10:37,471 - INFO - Beginning optimization with guess, [0.30469661 0.37856084 0.08744796 0.09280004].
2026-07-16 00:11:19,009 - INFO - Finished optimization with guess, [0.30469661 0.37856084 0.08744796 0.09280004].
2026-07-16 00:11:19,010 - INFO - Best fit parameters: [0.13131849 3.36278167 0.14592674 0.07169538].
2026-07-16 00:11:21,115 - INFO - Maximum log composite likelihood: -1453.1242343866047.
2026-07-16 00:11:21,115 - INFO - Optimal value of theta: 672.0487141489889.
2026-07-16 00:11:21,115 - INFO - Beginning optimization with guess, [0.35456807 0.85112992 0.95819466 0.09521637].
2026-07-16 00:12:03,986 - INFO - Finished optimization with guess, [0.35456807 0.85112992 0.95819466 0.09521637].
2026-07-16 00:12:03,988 - INFO - Best fit parameters: [2.50894130e-01 1.28897330e+01 9.91051855e-01 9.14465707e-03].
2026-07-16 00:12:06,180 - INFO - Maximum log composite likelihood: -777.569564584717.
2026-07-16 00:12:06,181 - INFO - Optimal value of theta: 1304.9510784654046.
2026-07-16 00:12:06,181 - INFO - Beginning optimization with guess, [1.05276996 0.53337024 0.17328647 0.0626266 ].
2026-07-16 00:12:48,247 - INFO - Finished optimization with guess, [1.05276996 0.53337024 0.17328647 0.0626266 ].
2026-07-16 00:12:48,249 - INFO - Best fit parameters: [ 0.31014166 10.28738218  0.1953112   0.04537813].
2026-07-16 00:12:50,272 - INFO - Maximum log composite likelihood: -860.2538142089145.
2026-07-16 00:12:50,272 - INFO - Optimal value of theta: 501.50992437958536.
2026-07-16 00:12:50,272 - INFO - Beginning optimization with guess, [0.69798855 0.86038921 0.06190346 0.09555337].
2026-07-16 00:13:30,501 - INFO - Finished optimization with guess, [0.69798855 0.86038921 0.06190346 0.09555337].
2026-07-16 00:13:30,503 - INFO - Best fit parameters: [6.07303314e-01 2.23625446e+02 6.67559864e-02 7.69213055e-03].
2026-07-16 00:13:32,526 - INFO - Maximum log composite likelihood: -1090.3639154989557.
2026-07-16 00:13:32,526 - INFO - Optimal value of theta: 683.7804676840137.
2026-07-16 00:13:32,527 - INFO - Beginning optimization with guess, [0.69685536 0.70651128 0.05658946 0.14278783].
2026-07-16 00:14:12,706 - INFO - Finished optimization with guess, [0.69685536 0.70651128 0.05658946 0.14278783].
2026-07-16 00:14:12,709 - INFO - Best fit parameters: [6.77640243e-01 6.52318944e+01 5.13014926e-02 2.87166556e-02].
2026-07-16 00:14:14,715 - INFO - Maximum log composite likelihood: -780.4465238815877.
2026-07-16 00:14:14,715 - INFO - Optimal value of theta: 390.47211866962255.
2026-07-16 00:14:14,715 - INFO - Beginning optimization with guess, [2.71793866 2.27736118 0.06889455 0.16264935].
2026-07-16 00:14:54,926 - INFO - Finished optimization with guess, [2.71793866 2.27736118 0.06889455 0.16264935].
2026-07-16 00:14:54,928 - INFO - Best fit parameters: [1.39520947e+00 1.17707707e+02 3.40561084e-02 2.58383027e-02].
2026-07-16 00:14:56,933 - INFO - Maximum log composite likelihood: -796.2631861109903.
2026-07-16 00:14:56,933 - INFO - Optimal value of theta: 353.6483125980495.
2026-07-16 00:14:56,933 - INFO - Beginning optimization with guess, [2.89229561 2.1312928  0.10427337 0.05174384].
2026-07-16 00:15:37,044 - INFO - Finished optimization with guess, [2.89229561 2.1312928  0.10427337 0.05174384].
2026-07-16 00:15:37,046 - INFO - Best fit parameters: [4.48206922e-01 3.91838223e+01 5.01691115e-02 2.26707742e-02].
2026-07-16 00:15:39,055 - INFO - Maximum log composite likelihood: -731.037586237878.
2026-07-16 00:15:39,055 - INFO - Optimal value of theta: 490.20670584968894.
2026-07-16 00:15:39,056 - INFO - Beginning optimization with guess, [3.35193831 2.32198691 0.13576741 0.07283445].
2026-07-16 00:16:19,226 - INFO - Finished optimization with guess, [3.35193831 2.32198691 0.13576741 0.07283445].
2026-07-16 00:16:19,227 - INFO - Best fit parameters: [6.98049777e-01 4.79703864e+01 5.36372479e-02 2.80326127e-02].
2026-07-16 00:16:21,268 - INFO - Maximum log composite likelihood: -748.3989883262619.
2026-07-16 00:16:21,268 - INFO - Optimal value of theta: 402.4704796330902.
2026-07-16 00:16:21,268 - INFO - Beginning optimization with guess, [1.48413149 3.26122089 0.13065744 0.09448902].
2026-07-16 00:17:01,495 - INFO - Finished optimization with guess, [1.48413149 3.26122089 0.13065744 0.09448902].
2026-07-16 00:17:01,496 - INFO - Best fit parameters: [3.84595044e-01 2.10985672e+01 1.35201909e-01 2.00769777e-02].
2026-07-16 00:17:03,510 - INFO - Maximum log composite likelihood: -670.2427630474392.
2026-07-16 00:17:03,510 - INFO - Optimal value of theta: 602.3324598784814.
2026-07-16 00:17:03,510 - INFO - Beginning optimization with guess, [1.33509317 4.22836172 0.10180159 0.05820153].
2026-07-16 00:17:44,254 - INFO - Finished optimization with guess, [1.33509317 4.22836172 0.10180159 0.05820153].
2026-07-16 00:17:44,255 - INFO - Best fit parameters: [2.19458428e-01 2.30367150e+01 1.02568168e-01 2.10598132e-02].
2026-07-16 00:17:46,288 - INFO - Maximum log composite likelihood: -731.1398935485958.
2026-07-16 00:17:46,288 - INFO - Optimal value of theta: 651.5159026007842.
2026-07-16 00:17:46,288 - INFO - Beginning optimization with guess, [2.15191698 2.11087293 0.06448578 0.13370615].
2026-07-16 00:18:26,846 - INFO - Finished optimization with guess, [2.15191698 2.11087293 0.06448578 0.13370615].
2026-07-16 00:18:26,849 - INFO - Best fit parameters: [8.58695780e-01 1.77141406e+02 4.08593752e-02 2.23325638e-02].
2026-07-16 00:18:28,836 - INFO - Maximum log composite likelihood: -829.6761240004463.
2026-07-16 00:18:28,836 - INFO - Optimal value of theta: 407.2983486009439.
2026-07-16 00:18:28,836 - INFO - Beginning optimization with guess, [2.15367678 4.38130728 0.05094958 0.08640948].
2026-07-16 00:19:09,174 - INFO - Finished optimization with guess, [2.15367678 4.38130728 0.05094958 0.08640948].
2026-07-16 00:19:09,177 - INFO - Best fit parameters: [6.01518490e-01 3.88868274e+01 3.24998819e-02 2.76762956e-02].
2026-07-16 00:19:11,189 - INFO - Maximum log composite likelihood: -743.3734452969298.
2026-07-16 00:19:11,190 - INFO - Optimal value of theta: 417.1293826811302.
2026-07-16 00:19:11,190 - INFO - Beginning optimization with guess, [4.12701154 3.24755566 0.15749905 0.1594673 ].
2026-07-16 00:19:51,289 - INFO - Finished optimization with guess, [4.12701154 3.24755566 0.15749905 0.1594673 ].
2026-07-16 00:19:51,291 - INFO - Best fit parameters: [1.05800457e+00 1.27370335e+02 3.27868767e-02 2.81561269e-02].
2026-07-16 00:19:53,346 - INFO - Maximum log composite likelihood: -825.2599668589525.
2026-07-16 00:19:53,346 - INFO - Optimal value of theta: 353.28451990802756.
2026-07-16 00:19:53,346 - INFO - Beginning optimization with guess, [2.71632935 2.65585769 0.13377041 0.06272086].
2026-07-16 00:20:33,572 - INFO - Finished optimization with guess, [2.71632935 2.65585769 0.13377041 0.06272086].
2026-07-16 00:20:33,574 - INFO - Best fit parameters: [3.53120721e-01 3.16691965e+01 8.46940684e-02 2.08008995e-02].
2026-07-16 00:20:35,591 - INFO - Maximum log composite likelihood: -706.2440289622548.
2026-07-16 00:20:35,591 - INFO - Optimal value of theta: 562.6921768480485.
2026-07-16 00:20:35,591 - INFO - Beginning optimization with guess, [4.86775293 6.13011116 0.0571473  0.07358176].
2026-07-16 00:21:16,104 - INFO - Finished optimization with guess, [4.86775293 6.13011116 0.0571473  0.07358176].
2026-07-16 00:21:16,106 - INFO - Best fit parameters: [3.54079463e+00 4.29749261e+01 1.30899400e-02 2.10507960e-02].
2026-07-16 00:21:18,126 - INFO - Maximum log composite likelihood: -764.7674681210036.
2026-07-16 00:21:18,126 - INFO - Optimal value of theta: 382.98313155034214.
2026-07-16 00:21:18,126 - INFO - Beginning optimization with guess, [3.49169053 3.39251064 0.18291802 0.16086574].
2026-07-16 00:21:58,597 - INFO - Finished optimization with guess, [3.49169053 3.39251064 0.18291802 0.16086574].
2026-07-16 00:21:58,600 - INFO - Best fit parameters: [6.78623069e-01 1.07642623e+02 4.88886385e-02 2.67861322e-02].
2026-07-16 00:22:00,605 - INFO - Maximum log composite likelihood: -829.4138536030924.
2026-07-16 00:22:00,606 - INFO - Optimal value of theta: 393.9033387954785.
2026-07-16 00:22:00,606 - INFO - Beginning optimization with guess, [4.29607516 2.57309397 0.09913724 0.11343516].
2026-07-16 00:22:41,010 - INFO - Finished optimization with guess, [4.29607516 2.57309397 0.09913724 0.11343516].
2026-07-16 00:22:41,012 - INFO - Best fit parameters: [2.34198794e+00 1.16878806e+02 1.83695861e-02 2.16894455e-02].
2026-07-16 00:22:43,017 - INFO - Maximum log composite likelihood: -771.0857375637221.
2026-07-16 00:22:43,017 - INFO - Optimal value of theta: 365.63674155423746.
2026-07-16 00:22:43,017 - INFO - Beginning optimization with guess, [5.72789021 6.11495073 0.11220535 0.17677893].
2026-07-16 00:23:23,393 - INFO - Finished optimization with guess, [5.72789021 6.11495073 0.11220535 0.17677893].
2026-07-16 00:23:23,395 - INFO - Best fit parameters: [ 2.64299973 19.56962935  0.02777929  0.02134373].
2026-07-16 00:23:25,398 - INFO - Maximum log composite likelihood: -872.8210520323474.
2026-07-16 00:23:25,399 - INFO - Optimal value of theta: 391.882867145838.
2026-07-16 00:23:25,399 - INFO - Beginning optimization with guess, [3.87658943 8.68351403 0.05486378 0.06836422].
2026-07-16 00:24:05,776 - INFO - Finished optimization with guess, [3.87658943 8.68351403 0.05486378 0.06836422].
2026-07-16 00:24:05,778 - INFO - Best fit parameters: [2.07758414e+00 5.28787647e+01 1.44446526e-02 2.38872244e-02].
2026-07-16 00:24:07,783 - INFO - Maximum log composite likelihood: -762.0019561664874.
2026-07-16 00:24:07,783 - INFO - Optimal value of theta: 373.045805550518.
2026-07-16 00:24:07,783 - INFO - Beginning optimization with guess, [4.44951157 2.89435241 0.10531986 0.11779744].
2026-07-16 00:24:48,013 - INFO - Finished optimization with guess, [4.44951157 2.89435241 0.10531986 0.11779744].
2026-07-16 00:24:48,015 - INFO - Best fit parameters: [2.44826972e+00 1.19449567e+02 1.84998187e-02 2.07049746e-02].
2026-07-16 00:24:50,042 - INFO - Maximum log composite likelihood: -768.0760026280644.
2026-07-16 00:24:50,043 - INFO - Optimal value of theta: 370.276833176595.
2026-07-16 00:24:50,048 - INFO - Converting and interpreting Tau estimates.
2026-07-16 00:24:50,051 - INFO - Finished demographic inference.
2026-07-16 00:24:50,051 - INFO - Pipeline executed succesfully.
