2026-07-16 00:01:07,564 - INFO - Beginning execution of fit_demographic_model.py in directory /u/project/kirk-bigdata/jonmah/sample_size_demography/Scripts

2026-07-16 00:01:07,565 - INFO - Progress is being logged to ../Analysis/tennessen_ooa_50/log.log

2026-07-16 00:01:07,565 - INFO - Parsed the following arguments:
	syn_input_sfs = ../Simulations/tennessen/ooa_50_sfs/dadi/pop1.sfs
	mask_singletons = False
	mask_doubletons = False
	sum_alleles = False
	L_syn = 100000000.0
	model_type = three_epoch
	input_params = []
	outprefix = ../Analysis/tennessen_ooa_50/

2026-07-16 00:01:07,569 - INFO - Beginning demographic inference for three-epoch demographic model.
2026-07-16 00:01:07,573 - INFO - Beginning optimization with guess, [0.00686008 0.01047032 0.12787546 0.09111869].
2026-07-16 00:01:09,013 - INFO - Finished optimization with guess, [0.00686008 0.01047032 0.12787546 0.09111869].
2026-07-16 00:01:09,013 - INFO - Best fit parameters: [0.00787023 0.00485579 0.12787507 0.17024714].
2026-07-16 00:01:09,196 - INFO - Maximum log composite likelihood: -183.3433817182283.
2026-07-16 00:01:09,196 - INFO - Optimal value of theta: 94170.15673423394.
2026-07-16 00:01:09,196 - INFO - Beginning optimization with guess, [0.02082526 0.03883129 0.13785997 0.10184889].
2026-07-16 00:01:11,456 - INFO - Finished optimization with guess, [0.02082526 0.03883129 0.13785997 0.10184889].
2026-07-16 00:01:11,458 - INFO - Best fit parameters: [0.04155245 0.03903011 0.0987315  0.06634734].
2026-07-16 00:01:11,489 - INFO - Maximum log composite likelihood: -153.7596277696042.
2026-07-16 00:01:11,489 - INFO - Optimal value of theta: 9166.635373780935.
2026-07-16 00:01:11,490 - INFO - Beginning optimization with guess, [0.07314514 0.09479599 0.05443322 0.13676964].
2026-07-16 00:01:11,973 - INFO - Finished optimization with guess, [0.07314514 0.09479599 0.05443322 0.13676964].
2026-07-16 00:01:11,973 - INFO - Best fit parameters: [0.06096046 0.09054343 0.06408591 0.18456081].
2026-07-16 00:01:11,996 - INFO - Maximum log composite likelihood: -153.7592890787035.
2026-07-16 00:01:11,996 - INFO - Optimal value of theta: 3951.1159277004203.
2026-07-16 00:01:11,996 - INFO - Beginning optimization with guess, [0.05941173 0.04007632 0.06658318 0.09265054].
2026-07-16 00:01:12,616 - INFO - Finished optimization with guess, [0.05941173 0.04007632 0.06658318 0.09265054].
2026-07-16 00:01:12,616 - INFO - Best fit parameters: [0.05493644 0.03724043 0.0714134  0.10763037].
2026-07-16 00:01:12,644 - INFO - Maximum log composite likelihood: -153.7909314176618.
2026-07-16 00:01:12,645 - INFO - Optimal value of theta: 9694.992435378814.
2026-07-16 00:01:12,645 - INFO - Beginning optimization with guess, [0.18471625 0.06134181 0.07168781 0.12337264].
2026-07-16 00:01:13,632 - INFO - Finished optimization with guess, [0.18471625 0.06134181 0.07168781 0.12337264].
2026-07-16 00:01:13,632 - INFO - Best fit parameters: [0.16044939 0.0596007  0.0800256  0.19034749].
2026-07-16 00:01:13,657 - INFO - Maximum log composite likelihood: -153.7667953570264.
2026-07-16 00:01:13,658 - INFO - Optimal value of theta: 6029.518288250841.
2026-07-16 00:01:13,658 - INFO - Beginning optimization with guess, [0.22753508 0.15168024 0.10480594 0.14183066].
2026-07-16 00:01:14,064 - INFO - Finished optimization with guess, [0.22753508 0.15168024 0.10480594 0.14183066].
2026-07-16 00:01:14,064 - INFO - Best fit parameters: [0.16268419 0.19585678 0.13312023 0.27087745].
2026-07-16 00:01:14,084 - INFO - Maximum log composite likelihood: -153.75655964919605.
2026-07-16 00:01:14,085 - INFO - Optimal value of theta: 1826.3202296322766.
2026-07-16 00:01:14,085 - INFO - Beginning optimization with guess, [0.4912456  0.46033395 0.62156355 0.08049648].
2026-07-16 00:01:14,514 - INFO - Finished optimization with guess, [0.4912456  0.46033395 0.62156355 0.08049648].
2026-07-16 00:01:14,514 - INFO - Best fit parameters: [0.19437586 0.52259836 0.1290474  0.07748758].
2026-07-16 00:01:14,529 - INFO - Maximum log composite likelihood: -134.2677840532533.
2026-07-16 00:01:14,530 - INFO - Optimal value of theta: 845.6822352046026.
2026-07-16 00:01:14,530 - INFO - Beginning optimization with guess, [0.66328162 0.50675871 0.08403809 0.15841392].
2026-07-16 00:01:14,815 - INFO - Finished optimization with guess, [0.66328162 0.50675871 0.08403809 0.15841392].
2026-07-16 00:01:14,815 - INFO - Best fit parameters: [0.54461539 0.630202   0.08862871 0.18855702].
2026-07-16 00:01:14,830 - INFO - Maximum log composite likelihood: -156.56886567368602.
2026-07-16 00:01:14,830 - INFO - Optimal value of theta: 588.3829481732732.
2026-07-16 00:01:14,830 - INFO - Beginning optimization with guess, [1.69742235 1.40374819 0.11939983 0.07900033].
2026-07-16 00:01:15,688 - INFO - Finished optimization with guess, [1.69742235 1.40374819 0.11939983 0.07900033].
2026-07-16 00:01:15,690 - INFO - Best fit parameters: [0.38740427 0.66907665 0.09433686 0.09537266].
2026-07-16 00:01:15,709 - INFO - Maximum log composite likelihood: -147.16809500465547.
2026-07-16 00:01:15,709 - INFO - Optimal value of theta: 597.9436473198991.
2026-07-16 00:01:15,709 - INFO - Beginning optimization with guess, [2.34307369 0.91633728 0.14209953 0.08973236].
2026-07-16 00:01:15,991 - INFO - Finished optimization with guess, [2.34307369 0.91633728 0.14209953 0.08973236].
2026-07-16 00:01:15,991 - INFO - Best fit parameters: [1.06483768 0.65187738 0.08397416 0.31188526].
2026-07-16 00:01:16,006 - INFO - Maximum log composite likelihood: -158.0278375506419.
2026-07-16 00:01:16,006 - INFO - Optimal value of theta: 573.5105064297695.
2026-07-16 00:01:16,006 - INFO - Beginning optimization with guess, [1.20879605 0.84765384 0.09420073 0.10324302].
2026-07-16 00:01:16,289 - INFO - Finished optimization with guess, [1.20879605 0.84765384 0.09420073 0.10324302].
2026-07-16 00:01:16,289 - INFO - Best fit parameters: [0.45405151 0.63382548 0.09201698 0.19401896].
2026-07-16 00:01:16,304 - INFO - Maximum log composite likelihood: -154.9392978145826.
2026-07-16 00:01:16,304 - INFO - Optimal value of theta: 602.1744544892845.
2026-07-16 00:01:16,304 - INFO - Beginning optimization with guess, [2.21298021 0.94112534 0.050493   0.09916333].
2026-07-16 00:01:16,576 - INFO - Finished optimization with guess, [2.21298021 0.94112534 0.050493   0.09916333].
2026-07-16 00:01:16,576 - INFO - Best fit parameters: [1.70497908 0.60530171 0.03964848 0.1827758 ].
2026-07-16 00:01:16,590 - INFO - Maximum log composite likelihood: -164.52721005409595.
2026-07-16 00:01:16,590 - INFO - Optimal value of theta: 558.8828645948627.
2026-07-16 00:01:16,590 - INFO - Beginning optimization with guess, [1.20133555 3.5907749  0.05417712 0.15715185].
2026-07-16 00:01:16,858 - INFO - Finished optimization with guess, [1.20133555 3.5907749  0.05417712 0.15715185].
2026-07-16 00:01:16,858 - INFO - Best fit parameters: [0.17488175 0.78442753 0.07183685 0.03278926].
2026-07-16 00:01:16,872 - INFO - Maximum log composite likelihood: -112.3360409131412.
2026-07-16 00:01:16,872 - INFO - Optimal value of theta: 736.4811255025363.
2026-07-16 00:01:16,872 - INFO - Beginning optimization with guess, [1.18929282 2.08234184 0.06047657 0.0639779 ].
2026-07-16 00:01:17,665 - INFO - Finished optimization with guess, [1.18929282 2.08234184 0.06047657 0.0639779 ].
2026-07-16 00:01:17,665 - INFO - Best fit parameters: [0.08992319 0.90173237 0.07788649 0.02255638].
2026-07-16 00:01:17,681 - INFO - Maximum log composite likelihood: -88.49648230746803.
2026-07-16 00:01:17,681 - INFO - Optimal value of theta: 1094.0684033080236.
2026-07-16 00:01:17,681 - INFO - Beginning optimization with guess, [1.33721141 1.73883901 0.10877214 0.12145639].
2026-07-16 00:01:18,044 - INFO - Finished optimization with guess, [1.33721141 1.73883901 0.10877214 0.12145639].
2026-07-16 00:01:18,044 - INFO - Best fit parameters: [0.28976253 0.62761936 0.11430951 0.10588583].
2026-07-16 00:01:18,059 - INFO - Maximum log composite likelihood: -142.08697443587715.
2026-07-16 00:01:18,059 - INFO - Optimal value of theta: 671.0697026074497.
2026-07-16 00:01:18,059 - INFO - Beginning optimization with guess, [4.37986928 5.39626926 0.08720935 0.07156965].
2026-07-16 00:01:18,317 - INFO - Finished optimization with guess, [4.37986928 5.39626926 0.08720935 0.07156965].
2026-07-16 00:01:18,318 - INFO - Best fit parameters: [1.32900464 2.27957722 0.01813838 0.01609387].
2026-07-16 00:01:18,331 - INFO - Maximum log composite likelihood: -182.81522657421013.
2026-07-16 00:01:18,331 - INFO - Optimal value of theta: 429.9845431664512.
2026-07-16 00:01:18,331 - INFO - Beginning optimization with guess, [3.78035562 2.32756939 0.10700089 0.07236246].
2026-07-16 00:01:18,664 - INFO - Finished optimization with guess, [3.78035562 2.32756939 0.10700089 0.07236246].
2026-07-16 00:01:18,664 - INFO - Best fit parameters: [0.93046162 0.5651457  0.01919208 0.27145249].
2026-07-16 00:01:18,679 - INFO - Maximum log composite likelihood: -157.17292080547836.
2026-07-16 00:01:18,679 - INFO - Optimal value of theta: 615.4695169826588.
2026-07-16 00:01:18,679 - INFO - Beginning optimization with guess, [3.0434766  3.94193627 0.06705268 0.09341331].
2026-07-16 00:01:18,939 - INFO - Finished optimization with guess, [3.0434766  3.94193627 0.06705268 0.09341331].
2026-07-16 00:01:18,939 - INFO - Best fit parameters: [0.89065779 1.02143778 0.02357597 0.03139777].
2026-07-16 00:01:18,952 - INFO - Maximum log composite likelihood: -181.25009757885454.
2026-07-16 00:01:18,952 - INFO - Optimal value of theta: 459.64608943524985.
2026-07-16 00:01:18,952 - INFO - Beginning optimization with guess, [2.54543302 2.05901094 0.05416432 0.1091973 ].
2026-07-16 00:01:19,291 - INFO - Finished optimization with guess, [2.54543302 2.05901094 0.05416432 0.1091973 ].
2026-07-16 00:01:19,291 - INFO - Best fit parameters: [1.06583992 0.51611283 0.02378561 0.28953838].
2026-07-16 00:01:19,306 - INFO - Maximum log composite likelihood: -156.913988912124.
2026-07-16 00:01:19,306 - INFO - Optimal value of theta: 654.9453453847996.
2026-07-16 00:01:19,306 - INFO - Beginning optimization with guess, [5.72486873 6.17400732 0.14063822 0.14186555].
2026-07-16 00:01:19,563 - INFO - Finished optimization with guess, [5.72486873 6.17400732 0.14063822 0.14186555].
2026-07-16 00:01:19,564 - INFO - Best fit parameters: [2.24367952 0.66985748 0.02379489 0.05684566].
2026-07-16 00:01:19,576 - INFO - Maximum log composite likelihood: -188.89579406937509.
2026-07-16 00:01:19,576 - INFO - Optimal value of theta: 486.80315416925464.
2026-07-16 00:01:19,576 - INFO - Beginning optimization with guess, [3.5032948  2.79617314 0.19247112 0.15749854].
2026-07-16 00:01:19,945 - INFO - Finished optimization with guess, [3.5032948  2.79617314 0.19247112 0.15749854].
2026-07-16 00:01:19,945 - INFO - Best fit parameters: [1.25944726 0.13592404 0.08815356 0.65473042].
2026-07-16 00:01:19,974 - INFO - Maximum log composite likelihood: -174.97738057798745.
2026-07-16 00:01:19,974 - INFO - Optimal value of theta: 3253.222035111478.
2026-07-16 00:01:19,975 - INFO - Beginning optimization with guess, [5.4765728  7.63024943 0.06646848 0.0655782 ].
2026-07-16 00:01:20,239 - INFO - Finished optimization with guess, [5.4765728  7.63024943 0.06646848 0.0655782 ].
2026-07-16 00:01:20,239 - INFO - Best fit parameters: [2.85175314 4.80335934 0.01271039 0.01198206].
2026-07-16 00:01:20,252 - INFO - Maximum log composite likelihood: -183.3780844133108.
2026-07-16 00:01:20,252 - INFO - Optimal value of theta: 419.49367998712.
2026-07-16 00:01:20,252 - INFO - Beginning optimization with guess, [3.63097435 4.33769254 0.07954611 0.09568095].
2026-07-16 00:01:20,512 - INFO - Finished optimization with guess, [3.63097435 4.33769254 0.07954611 0.09568095].
2026-07-16 00:01:20,513 - INFO - Best fit parameters: [1.12325499 1.06360925 0.02207899 0.03068521].
2026-07-16 00:01:20,526 - INFO - Maximum log composite likelihood: -184.85179760901303.
2026-07-16 00:01:20,526 - INFO - Optimal value of theta: 450.7077082746987.
2026-07-16 00:01:20,526 - INFO - Beginning optimization with guess, [8.44243038 4.63860732 0.12237115 0.11612764].
2026-07-16 00:01:20,795 - INFO - Finished optimization with guess, [8.44243038 4.63860732 0.12237115 0.11612764].
2026-07-16 00:01:20,797 - INFO - Best fit parameters: [6.05590805 0.56969504 0.02430126 0.07603471].
2026-07-16 00:01:20,816 - INFO - Maximum log composite likelihood: -187.0644775683438.
2026-07-16 00:01:20,816 - INFO - Optimal value of theta: 516.8125929385475.
2026-07-16 00:01:20,816 - INFO - Beginning optimization with guess, [3.25916841 3.46488234 0.19921712 0.06483634].
2026-07-16 00:01:21,186 - INFO - Finished optimization with guess, [3.25916841 3.46488234 0.19921712 0.06483634].
2026-07-16 00:01:21,186 - INFO - Best fit parameters: [0.15833436 1.27902728 0.10094874 0.02838251].
2026-07-16 00:01:21,202 - INFO - Maximum log composite likelihood: -88.85086415595688.
2026-07-16 00:01:21,202 - INFO - Optimal value of theta: 830.7694477603661.
2026-07-16 00:01:21,202 - INFO - Converting and interpreting Tau estimates.
2026-07-16 00:01:21,204 - INFO - Finished demographic inference.
2026-07-16 00:01:21,204 - INFO - Pipeline executed succesfully.
