2026-07-21 17:17:45,091 - INFO - Beginning execution of fit_demographic_model.py in directory /u/project/kirk-bigdata/jonmah/sample_size_demography/Scripts

2026-07-21 17:17:45,091 - INFO - Progress is being logged to ../Analysis/1KG_IBS_80/log.log

2026-07-21 17:17:45,091 - INFO - Parsed the following arguments:
	syn_input_sfs = ../Analysis/1KG_IBS_80/syn_downsampled_sfs.txt
	mask_singletons = False
	mask_doubletons = False
	sum_alleles = False
	L_syn = 100000000.0
	model_type = three_epoch
	input_params = []
	outprefix = ../Analysis/1KG_IBS_80/

2026-07-21 17:17:45,096 - INFO - Beginning demographic inference for three-epoch demographic model.
2026-07-21 17:17:45,099 - INFO - Beginning optimization with guess, [0.0097485  0.00533835 0.05401208 0.06859965].
2026-07-21 17:17:48,474 - INFO - Finished optimization with guess, [0.0097485  0.00533835 0.05401208 0.06859965].
2026-07-21 17:17:48,475 - INFO - Best fit parameters: [0.00786655 0.00281901 0.0626084  0.14152588].
2026-07-21 17:17:48,960 - INFO - Maximum log composite likelihood: -1658.9143410186077.
2026-07-21 17:17:48,960 - INFO - Optimal value of theta: 2396024.878188192.
2026-07-21 17:17:48,961 - INFO - Beginning optimization with guess, [0.01419735 0.03082361 0.0615669  0.1739378 ].
2026-07-21 17:19:00,483 - INFO - Finished optimization with guess, [0.01419735 0.03082361 0.0615669  0.1739378 ].
2026-07-21 17:19:00,486 - INFO - Best fit parameters: [0.00416124 0.07086378 0.16398378 0.12205191].
2026-07-21 17:19:00,842 - INFO - Maximum log composite likelihood: -1488.471309048563.
2026-07-21 17:19:00,842 - INFO - Optimal value of theta: 105869.55450788193.
2026-07-21 17:19:00,843 - INFO - Beginning optimization with guess, [0.03808834 0.06046372 0.13868882 0.18967032].
2026-07-21 17:19:11,269 - INFO - Finished optimization with guess, [0.03808834 0.06046372 0.13868882 0.18967032].
2026-07-21 17:19:11,272 - INFO - Best fit parameters: [0.01215475 0.11001975 0.31053314 0.18339519].
2026-07-21 17:19:11,527 - INFO - Maximum log composite likelihood: -1488.4557531280936.
2026-07-21 17:19:11,527 - INFO - Optimal value of theta: 68181.3810358022.
2026-07-21 17:19:11,527 - INFO - Beginning optimization with guess, [0.12986244 0.12801913 0.19098614 0.13290039].
2026-07-21 17:19:14,359 - INFO - Finished optimization with guess, [0.12986244 0.12801913 0.19098614 0.13290039].
2026-07-21 17:19:14,359 - INFO - Best fit parameters: [0.06332265 0.1610617  0.32663032 0.19226515].
2026-07-21 17:19:14,455 - INFO - Maximum log composite likelihood: -1487.3765319518511.
2026-07-21 17:19:14,455 - INFO - Optimal value of theta: 46749.875539895234.
2026-07-21 17:19:14,456 - INFO - Beginning optimization with guess, [0.15220749 0.11533823 0.1509018  0.05081051].
2026-07-21 17:19:16,646 - INFO - Finished optimization with guess, [0.15220749 0.11533823 0.1509018  0.05081051].
2026-07-21 17:19:16,647 - INFO - Best fit parameters: [0.09076521 0.90050521 0.17638383 0.02096808].
2026-07-21 17:19:16,716 - INFO - Maximum log composite likelihood: -454.1103651654548.
2026-07-21 17:19:16,716 - INFO - Optimal value of theta: 24906.071454889698.
2026-07-21 17:19:16,717 - INFO - Beginning optimization with guess, [0.19079348 0.41745199 0.14898652 0.15439286].
2026-07-21 17:19:18,980 - INFO - Finished optimization with guess, [0.19079348 0.41745199 0.14898652 0.15439286].
2026-07-21 17:19:18,980 - INFO - Best fit parameters: [0.15800663 1.77476195 0.14168388 0.04862378].
2026-07-21 17:19:19,042 - INFO - Maximum log composite likelihood: -442.0429038371668.
2026-07-21 17:19:19,042 - INFO - Optimal value of theta: 11392.531263507391.
2026-07-21 17:19:19,043 - INFO - Beginning optimization with guess, [0.51272925 0.28532942 0.502754   0.16575612].
2026-07-21 17:19:22,222 - INFO - Finished optimization with guess, [0.51272925 0.28532942 0.502754   0.16575612].
2026-07-21 17:19:22,223 - INFO - Best fit parameters: [0.37265616 5.70932374 0.32223453 0.02359661].
2026-07-21 17:19:22,351 - INFO - Maximum log composite likelihood: -232.4715192396401.
2026-07-21 17:19:22,351 - INFO - Optimal value of theta: 9856.713555875234.
2026-07-21 17:19:22,352 - INFO - Beginning optimization with guess, [0.41212522 0.43128276 0.06817378 0.09419302].
2026-07-21 17:19:24,187 - INFO - Finished optimization with guess, [0.41212522 0.43128276 0.06817378 0.09419302].
2026-07-21 17:19:24,187 - INFO - Best fit parameters: [0.32257435 2.84563179 0.07373645 0.05752568].
2026-07-21 17:19:24,244 - INFO - Maximum log composite likelihood: -225.72569243215105.
2026-07-21 17:19:24,244 - INFO - Optimal value of theta: 7024.867850618745.
2026-07-21 17:19:24,245 - INFO - Beginning optimization with guess, [0.89793694 0.88947562 0.16246141 0.14348797].
2026-07-21 17:19:25,989 - INFO - Finished optimization with guess, [0.89793694 0.88947562 0.16246141 0.14348797].
2026-07-21 17:19:25,991 - INFO - Best fit parameters: [0.42127333 2.88531903 0.16014963 0.04675436].
2026-07-21 17:19:26,049 - INFO - Maximum log composite likelihood: -220.24704703896123.
2026-07-21 17:19:26,049 - INFO - Optimal value of theta: 7476.9429120761315.
2026-07-21 17:19:26,049 - INFO - Beginning optimization with guess, [0.9822365  1.37226311 0.06361297 0.16548956].
2026-07-21 17:19:27,820 - INFO - Finished optimization with guess, [0.9822365  1.37226311 0.06361297 0.16548956].
2026-07-21 17:19:27,820 - INFO - Best fit parameters: [0.42697774 4.1618822  0.06979773 0.04893647].
2026-07-21 17:19:27,875 - INFO - Maximum log composite likelihood: -189.24070258462166.
2026-07-21 17:19:27,875 - INFO - Optimal value of theta: 6515.573176745979.
2026-07-21 17:19:27,876 - INFO - Beginning optimization with guess, [1.49898612 2.35703833 0.11009366 0.09533136].
2026-07-21 17:19:29,538 - INFO - Finished optimization with guess, [1.49898612 2.35703833 0.11009366 0.09533136].
2026-07-21 17:19:29,538 - INFO - Best fit parameters: [0.42228274 3.81917635 0.08471237 0.05201039].
2026-07-21 17:19:29,593 - INFO - Maximum log composite likelihood: -187.96857654475366.
2026-07-21 17:19:29,593 - INFO - Optimal value of theta: 6611.1406281059435.
2026-07-21 17:19:29,594 - INFO - Beginning optimization with guess, [0.98142445 1.0351462  0.10593407 0.12892992].
2026-07-21 17:19:31,382 - INFO - Finished optimization with guess, [0.98142445 1.0351462  0.10593407 0.12892992].
2026-07-21 17:19:31,384 - INFO - Best fit parameters: [0.42655657 3.39398618 0.11190404 0.05086787].
2026-07-21 17:19:31,506 - INFO - Maximum log composite likelihood: -196.50391381937538.
2026-07-21 17:19:31,506 - INFO - Optimal value of theta: 6898.33646454393.
2026-07-21 17:19:31,507 - INFO - Beginning optimization with guess, [2.55378087 1.08544128 0.10493648 0.15196057].
2026-07-21 17:19:33,186 - INFO - Finished optimization with guess, [2.55378087 1.08544128 0.10493648 0.15196057].
2026-07-21 17:19:33,186 - INFO - Best fit parameters: [0.92848315 2.11082919 0.04830705 0.05045677].
2026-07-21 17:19:33,241 - INFO - Maximum log composite likelihood: -639.1262825678658.
2026-07-21 17:19:33,241 - INFO - Optimal value of theta: 5945.070343518689.
2026-07-21 17:19:33,242 - INFO - Beginning optimization with guess, [2.66798688 2.94838334 0.16194976 0.09719549].
2026-07-21 17:19:35,207 - INFO - Finished optimization with guess, [2.66798688 2.94838334 0.16194976 0.09719549].
2026-07-21 17:19:35,207 - INFO - Best fit parameters: [0.35457002 3.30262676 0.07645722 0.057183  ].
2026-07-21 17:19:35,264 - INFO - Maximum log composite likelihood: -202.46617922534347.
2026-07-21 17:19:35,266 - INFO - Optimal value of theta: 6782.583708397462.
2026-07-21 17:19:35,266 - INFO - Beginning optimization with guess, [3.32735538 1.72606317 0.09337101 0.16674647].
2026-07-21 17:19:37,012 - INFO - Finished optimization with guess, [3.32735538 1.72606317 0.09337101 0.16674647].
2026-07-21 17:19:37,014 - INFO - Best fit parameters: [0.67157012 6.34323304 0.00643379 0.03498001].
2026-07-21 17:19:37,134 - INFO - Maximum log composite likelihood: -334.22283438428803.
2026-07-21 17:19:37,134 - INFO - Optimal value of theta: 5684.866258347737.
2026-07-21 17:19:37,135 - INFO - Beginning optimization with guess, [1.81539561 2.66936364 0.17942702 0.10598006].
2026-07-21 17:19:38,986 - INFO - Finished optimization with guess, [1.81539561 2.66936364 0.17942702 0.10598006].
2026-07-21 17:19:38,986 - INFO - Best fit parameters: [0.50306335 3.43917834 0.12306358 0.05330532].
2026-07-21 17:19:39,041 - INFO - Maximum log composite likelihood: -199.51703197282643.
2026-07-21 17:19:39,041 - INFO - Optimal value of theta: 6565.140674041836.
2026-07-21 17:19:39,042 - INFO - Beginning optimization with guess, [4.28985766 3.5245205  0.06525632 0.07770357].
2026-07-21 17:19:40,700 - INFO - Finished optimization with guess, [4.28985766 3.5245205  0.06525632 0.07770357].
2026-07-21 17:19:40,700 - INFO - Best fit parameters: [3.64073686 6.35011839 0.01333523 0.02626947].
2026-07-21 17:19:40,754 - INFO - Maximum log composite likelihood: -353.89005962370436.
2026-07-21 17:19:40,754 - INFO - Optimal value of theta: 5546.388660886562.
2026-07-21 17:19:40,754 - INFO - Beginning optimization with guess, [3.49955292 2.40664335 0.14467725 0.0589146 ].
2026-07-21 17:19:42,436 - INFO - Finished optimization with guess, [3.49955292 2.40664335 0.14467725 0.0589146 ].
2026-07-21 17:19:42,438 - INFO - Best fit parameters: [0.38848444 7.48236904 0.02090126 0.04490806].
2026-07-21 17:19:42,500 - INFO - Maximum log composite likelihood: -227.93708307892257.
2026-07-21 17:19:42,500 - INFO - Optimal value of theta: 5896.9628381493185.
2026-07-21 17:19:42,500 - INFO - Beginning optimization with guess, [5.46219441 3.35174601 0.06224039 0.12033475].
2026-07-21 17:19:44,666 - INFO - Finished optimization with guess, [5.46219441 3.35174601 0.06224039 0.12033475].
2026-07-21 17:19:44,666 - INFO - Best fit parameters: [4.40070788 5.0099683  0.01563716 0.01690873].
2026-07-21 17:19:44,751 - INFO - Maximum log composite likelihood: -377.4394019091942.
2026-07-21 17:19:44,751 - INFO - Optimal value of theta: 5744.923843040605.
2026-07-21 17:19:44,751 - INFO - Beginning optimization with guess, [2.44870475 4.14841457 0.10033112 0.06766442].
2026-07-21 17:19:46,763 - INFO - Finished optimization with guess, [2.44870475 4.14841457 0.10033112 0.06766442].
2026-07-21 17:19:46,763 - INFO - Best fit parameters: [0.41126487 7.24896088 0.04202381 0.04468347].
2026-07-21 17:19:46,819 - INFO - Maximum log composite likelihood: -198.96211292753196.
2026-07-21 17:19:46,819 - INFO - Optimal value of theta: 6185.3132897229125.
2026-07-21 17:19:46,820 - INFO - Beginning optimization with guess, [2.50524791 2.51442173 0.0718528  0.0672802 ].
2026-07-21 17:19:49,032 - INFO - Finished optimization with guess, [2.50524791 2.51442173 0.0718528  0.0672802 ].
2026-07-21 17:19:49,032 - INFO - Best fit parameters: [3.95353582e-01 1.55584599e+01 1.16480136e-02 3.92913668e-02].
2026-07-21 17:19:49,088 - INFO - Maximum log composite likelihood: -263.8866257610348.
2026-07-21 17:19:49,088 - INFO - Optimal value of theta: 5703.343950344332.
2026-07-21 17:19:49,088 - INFO - Beginning optimization with guess, [6.00053486 5.63176264 0.0598634  0.0950945 ].
2026-07-21 17:19:50,817 - INFO - Finished optimization with guess, [6.00053486 5.63176264 0.0598634  0.0950945 ].
2026-07-21 17:19:50,818 - INFO - Best fit parameters: [4.5228527  5.54124122 0.01987045 0.0189134 ].
2026-07-21 17:19:50,872 - INFO - Maximum log composite likelihood: -360.4877770817602.
2026-07-21 17:19:50,872 - INFO - Optimal value of theta: 5580.545970843815.
2026-07-21 17:19:50,872 - INFO - Beginning optimization with guess, [3.10668324 7.29957023 0.13517578 0.05434663].
2026-07-21 17:19:52,548 - INFO - Finished optimization with guess, [3.10668324 7.29957023 0.13517578 0.05434663].
2026-07-21 17:19:52,549 - INFO - Best fit parameters: [0.45581659 6.764217   0.08027113 0.0418892 ].
2026-07-21 17:19:52,604 - INFO - Maximum log composite likelihood: -189.80198515283882.
2026-07-21 17:19:52,604 - INFO - Optimal value of theta: 6523.3046783214795.
2026-07-21 17:19:52,604 - INFO - Beginning optimization with guess, [4.72445594 6.48651369 0.12677716 0.08194494].
2026-07-21 17:19:54,247 - INFO - Finished optimization with guess, [4.72445594 6.48651369 0.12677716 0.08194494].
2026-07-21 17:19:54,249 - INFO - Best fit parameters: [1.17305872 7.68889496 0.01771044 0.0318951 ].
2026-07-21 17:19:54,369 - INFO - Maximum log composite likelihood: -341.26440176756364.
2026-07-21 17:19:54,369 - INFO - Optimal value of theta: 5578.766584435336.
2026-07-21 17:19:54,369 - INFO - Beginning optimization with guess, [2.99575901 7.4832138  0.14214561 0.14890503].
2026-07-21 17:19:56,279 - INFO - Finished optimization with guess, [2.99575901 7.4832138  0.14214561 0.14890503].
2026-07-21 17:19:56,280 - INFO - Best fit parameters: [0.44138999 4.07027346 0.09113282 0.05059159].
2026-07-21 17:19:56,345 - INFO - Maximum log composite likelihood: -184.4904271731541.
2026-07-21 17:19:56,345 - INFO - Optimal value of theta: 6590.9335894786345.
2026-07-21 17:19:56,346 - INFO - Converting and interpreting Tau estimates.
2026-07-21 17:19:56,349 - INFO - Finished demographic inference.
2026-07-21 17:19:56,349 - INFO - Pipeline executed succesfully.
