2026-07-16 00:07:45,389 - INFO - Beginning execution of fit_demographic_model.py in directory /u/project/kirk-bigdata/jonmah/sample_size_demography/Scripts

2026-07-16 00:07:45,390 - INFO - Progress is being logged to ../Analysis/tennessen_ooa_750/log.log

2026-07-16 00:07:45,390 - INFO - Parsed the following arguments:
	syn_input_sfs = ../Simulations/tennessen/ooa_750_sfs/dadi/pop1.sfs
	mask_singletons = False
	mask_doubletons = False
	sum_alleles = False
	L_syn = 100000000.0
	model_type = three_epoch
	input_params = []
	outprefix = ../Analysis/tennessen_ooa_750/

2026-07-16 00:07:45,394 - INFO - Beginning demographic inference for three-epoch demographic model.
2026-07-16 00:07:45,398 - INFO - Beginning optimization with guess, [0.01017375 0.01234489 0.15699871 0.12200672].
2026-07-16 00:09:55,238 - INFO - Finished optimization with guess, [0.01017375 0.01234489 0.15699871 0.12200672].
2026-07-16 00:09:55,240 - INFO - Best fit parameters: [0.00613595 0.05985121 0.15702297 0.04232758].
2026-07-16 00:09:57,187 - INFO - Maximum log composite likelihood: -3083.4822164367647.
2026-07-16 00:09:57,187 - INFO - Optimal value of theta: 17092.8599025999.
2026-07-16 00:09:57,187 - INFO - Beginning optimization with guess, [0.01899697 0.03930606 0.07977998 0.09586969].
2026-07-16 00:12:26,540 - INFO - Finished optimization with guess, [0.01899697 0.03930606 0.07977998 0.09586969].
2026-07-16 00:12:26,542 - INFO - Best fit parameters: [0.00741643 0.07168912 0.16323726 0.07822548].
2026-07-16 00:12:28,401 - INFO - Maximum log composite likelihood: -3124.520266843055.
2026-07-16 00:12:28,401 - INFO - Optimal value of theta: 13279.400651867732.
2026-07-16 00:12:28,401 - INFO - Beginning optimization with guess, [0.03938627 0.06232043 0.17956674 0.15441225].
2026-07-16 00:14:09,337 - INFO - Finished optimization with guess, [0.03938627 0.06232043 0.17956674 0.15441225].
2026-07-16 00:14:09,340 - INFO - Best fit parameters: [0.01808384 0.13089034 0.27352902 0.11574568].
2026-07-16 00:14:11,033 - INFO - Maximum log composite likelihood: -3099.650562442709.
2026-07-16 00:14:11,033 - INFO - Optimal value of theta: 7472.336179087125.
2026-07-16 00:14:11,034 - INFO - Beginning optimization with guess, [0.11977881 0.13105162 0.06376984 0.19482591].
2026-07-16 00:14:40,532 - INFO - Finished optimization with guess, [0.11977881 0.13105162 0.06376984 0.19482591].
2026-07-16 00:14:40,534 - INFO - Best fit parameters: [0.07665973 0.0951808  0.09322587 0.59248349].
2026-07-16 00:14:42,060 - INFO - Maximum log composite likelihood: -3366.8770359912583.
2026-07-16 00:14:42,061 - INFO - Optimal value of theta: 8725.429331531455.
2026-07-16 00:14:42,061 - INFO - Beginning optimization with guess, [0.1685039  0.19552124 0.09899219 0.07409649].
2026-07-16 00:15:11,033 - INFO - Finished optimization with guess, [0.1685039  0.19552124 0.09899219 0.07409649].
2026-07-16 00:15:11,034 - INFO - Best fit parameters: [0.07389768 0.55206406 0.18524493 0.08314212].
2026-07-16 00:15:12,469 - INFO - Maximum log composite likelihood: -2714.753759498388.
2026-07-16 00:15:12,469 - INFO - Optimal value of theta: 2243.2616872019985.
2026-07-16 00:15:12,469 - INFO - Beginning optimization with guess, [0.15075934 0.28571635 0.08784423 0.09758519].
2026-07-16 00:15:41,374 - INFO - Finished optimization with guess, [0.15075934 0.28571635 0.08784423 0.09758519].
2026-07-16 00:15:41,376 - INFO - Best fit parameters: [0.074415   1.5480288  0.14774225 0.0544126 ].
2026-07-16 00:15:42,795 - INFO - Maximum log composite likelihood: -2020.18506248812.
2026-07-16 00:15:42,795 - INFO - Optimal value of theta: 1261.3363121160583.
2026-07-16 00:15:42,795 - INFO - Beginning optimization with guess, [0.7169139  0.97049579 0.59917998 0.09132966].
2026-07-16 00:16:11,174 - INFO - Finished optimization with guess, [0.7169139  0.97049579 0.59917998 0.09132966].
2026-07-16 00:16:11,176 - INFO - Best fit parameters: [3.77216979e-01 2.28241979e+01 3.94034590e-01 1.42250346e-02].
2026-07-16 00:16:12,607 - INFO - Maximum log composite likelihood: -750.6848438996639.
2026-07-16 00:16:12,607 - INFO - Optimal value of theta: 773.1391465785842.
2026-07-16 00:16:12,607 - INFO - Beginning optimization with guess, [0.54074532 1.09735764 0.18872937 0.08129137].
2026-07-16 00:16:40,880 - INFO - Finished optimization with guess, [0.54074532 1.09735764 0.18872937 0.08129137].
2026-07-16 00:16:40,882 - INFO - Best fit parameters: [3.30422846e-01 2.06328091e+01 1.70428828e-01 1.34040926e-02].
2026-07-16 00:16:42,271 - INFO - Maximum log composite likelihood: -769.682571539911.
2026-07-16 00:16:42,271 - INFO - Optimal value of theta: 776.9277583317674.
2026-07-16 00:16:42,271 - INFO - Beginning optimization with guess, [0.50139934 1.50467256 0.06731254 0.06559059].
2026-07-16 00:17:09,977 - INFO - Finished optimization with guess, [0.50139934 1.50467256 0.06731254 0.06559059].
2026-07-16 00:17:09,979 - INFO - Best fit parameters: [ 0.23040062 14.93624493  0.09612027  0.01933402].
2026-07-16 00:17:11,370 - INFO - Maximum log composite likelihood: -751.9473941749591.
2026-07-16 00:17:11,370 - INFO - Optimal value of theta: 709.275596679594.
2026-07-16 00:17:11,370 - INFO - Beginning optimization with guess, [0.63801577 2.10787473 0.05251349 0.11516966].
2026-07-16 00:17:39,063 - INFO - Finished optimization with guess, [0.63801577 2.10787473 0.05251349 0.11516966].
2026-07-16 00:17:39,065 - INFO - Best fit parameters: [1.80995411e-01 4.48738751e+01 1.35423993e-01 1.71369326e-02].
2026-07-16 00:17:40,455 - INFO - Maximum log composite likelihood: -1038.4473022172838.
2026-07-16 00:17:40,455 - INFO - Optimal value of theta: 735.1842661296672.
2026-07-16 00:17:40,455 - INFO - Beginning optimization with guess, [1.10654184 1.0218489  0.08211616 0.1549375 ].
2026-07-16 00:18:08,158 - INFO - Finished optimization with guess, [1.10654184 1.0218489  0.08211616 0.1549375 ].
2026-07-16 00:18:08,160 - INFO - Best fit parameters: [1.38483666e+00 1.58598944e+03 5.51275222e-02 7.90196207e-03].
2026-07-16 00:18:09,542 - INFO - Maximum log composite likelihood: -1144.2761001951276.
2026-07-16 00:18:09,542 - INFO - Optimal value of theta: 531.4670360339661.
2026-07-16 00:18:09,542 - INFO - Beginning optimization with guess, [1.12768114 2.10815565 0.07845946 0.10243205].
2026-07-16 00:18:37,111 - INFO - Finished optimization with guess, [1.12768114 2.10815565 0.07845946 0.10243205].
2026-07-16 00:18:37,113 - INFO - Best fit parameters: [2.73027452e-01 6.37843860e+01 1.55179466e-01 1.79284871e-02].
2026-07-16 00:18:38,506 - INFO - Maximum log composite likelihood: -977.8989641699097.
2026-07-16 00:18:38,506 - INFO - Optimal value of theta: 641.9403288239655.
2026-07-16 00:18:38,506 - INFO - Beginning optimization with guess, [2.95190554 2.52314695 0.07460446 0.05313761].
2026-07-16 00:19:05,976 - INFO - Finished optimization with guess, [2.95190554 2.52314695 0.07460446 0.05313761].
2026-07-16 00:19:05,978 - INFO - Best fit parameters: [9.27322203e-01 4.03975867e+01 3.30834449e-02 2.78075342e-02].
2026-07-16 00:19:07,356 - INFO - Maximum log composite likelihood: -826.3944908041126.
2026-07-16 00:19:07,356 - INFO - Optimal value of theta: 389.627116703823.
2026-07-16 00:19:07,356 - INFO - Beginning optimization with guess, [2.08038032 1.23402211 0.13867288 0.05265227].
2026-07-16 00:19:35,329 - INFO - Finished optimization with guess, [2.08038032 1.23402211 0.13867288 0.05265227].
2026-07-16 00:19:35,331 - INFO - Best fit parameters: [5.74716461e-01 4.30960292e+01 9.28174486e-02 1.73486423e-02].
2026-07-16 00:19:36,741 - INFO - Maximum log composite likelihood: -814.1713100269683.
2026-07-16 00:19:36,742 - INFO - Optimal value of theta: 539.894110680048.
2026-07-16 00:19:36,742 - INFO - Beginning optimization with guess, [1.93940169 1.68968387 0.16560932 0.06898618].
2026-07-16 00:20:04,893 - INFO - Finished optimization with guess, [1.93940169 1.68968387 0.16560932 0.06898618].
2026-07-16 00:20:04,896 - INFO - Best fit parameters: [5.80125088e-01 6.07172682e+01 1.09759230e-01 1.18379044e-02].
2026-07-16 00:20:06,310 - INFO - Maximum log composite likelihood: -924.5459642192662.
2026-07-16 00:20:06,310 - INFO - Optimal value of theta: 630.1063807854724.
2026-07-16 00:20:06,310 - INFO - Beginning optimization with guess, [2.43706478 1.54755004 0.17725437 0.12589123].
2026-07-16 00:20:34,384 - INFO - Finished optimization with guess, [2.43706478 1.54755004 0.17725437 0.12589123].
2026-07-16 00:20:34,387 - INFO - Best fit parameters: [1.22873875e+00 9.30331415e+02 3.48924658e-02 9.94556803e-03].
2026-07-16 00:20:35,766 - INFO - Maximum log composite likelihood: -1038.5016990487186.
2026-07-16 00:20:35,766 - INFO - Optimal value of theta: 521.4378625845487.
2026-07-16 00:20:35,767 - INFO - Beginning optimization with guess, [2.34938981 2.30678804 0.09965127 0.12707531].
2026-07-16 00:21:03,332 - INFO - Finished optimization with guess, [2.34938981 2.30678804 0.09965127 0.12707531].
2026-07-16 00:21:03,334 - INFO - Best fit parameters: [8.51265842e-01 7.25544970e+01 5.58104062e-02 2.56064465e-02].
2026-07-16 00:21:04,712 - INFO - Maximum log composite likelihood: -851.3824532178674.
2026-07-16 00:21:04,713 - INFO - Optimal value of theta: 394.2213758248612.
2026-07-16 00:21:04,713 - INFO - Beginning optimization with guess, [2.05482302 4.51167756 0.11769683 0.11501451].
2026-07-16 00:21:32,257 - INFO - Finished optimization with guess, [2.05482302 4.51167756 0.11769683 0.11501451].
2026-07-16 00:21:32,259 - INFO - Best fit parameters: [3.50550056e-01 3.94883930e+01 1.26315597e-01 2.53967318e-02].
2026-07-16 00:21:33,645 - INFO - Maximum log composite likelihood: -842.7951374344723.
2026-07-16 00:21:33,645 - INFO - Optimal value of theta: 507.4904038536306.
2026-07-16 00:21:33,646 - INFO - Beginning optimization with guess, [3.9709685  5.10029001 0.11908648 0.15807486].
2026-07-16 00:22:01,129 - INFO - Finished optimization with guess, [3.9709685  5.10029001 0.11908648 0.15807486].
2026-07-16 00:22:01,131 - INFO - Best fit parameters: [1.71881162e+00 2.66653205e+01 5.50838437e-02 2.66496249e-02].
2026-07-16 00:22:02,510 - INFO - Maximum log composite likelihood: -926.6227010840265.
2026-07-16 00:22:02,510 - INFO - Optimal value of theta: 369.31992480592.
2026-07-16 00:22:02,510 - INFO - Beginning optimization with guess, [3.31131821 2.69917509 0.10942575 0.07811642].
2026-07-16 00:22:30,070 - INFO - Finished optimization with guess, [3.31131821 2.69917509 0.10942575 0.07811642].
2026-07-16 00:22:30,072 - INFO - Best fit parameters: [8.61847707e-01 4.90726943e+01 4.59132625e-02 2.81592421e-02].
2026-07-16 00:22:31,487 - INFO - Maximum log composite likelihood: -829.1224750567488.
2026-07-16 00:22:31,488 - INFO - Optimal value of theta: 385.65252136969565.
2026-07-16 00:22:31,488 - INFO - Beginning optimization with guess, [3.35380107 7.59775091 0.1208839  0.13313649].
2026-07-16 00:22:59,957 - INFO - Finished optimization with guess, [3.35380107 7.59775091 0.1208839  0.13313649].
2026-07-16 00:22:59,959 - INFO - Best fit parameters: [5.44763231e-01 3.86183833e+01 5.92148137e-02 3.05420365e-02].
2026-07-16 00:23:01,373 - INFO - Maximum log composite likelihood: -811.3595756671455.
2026-07-16 00:23:01,373 - INFO - Optimal value of theta: 411.38529721957315.
2026-07-16 00:23:01,373 - INFO - Beginning optimization with guess, [2.92222586 2.77108814 0.14308764 0.07125398].
2026-07-16 00:23:29,468 - INFO - Finished optimization with guess, [2.92222586 2.77108814 0.14308764 0.07125398].
2026-07-16 00:23:29,470 - INFO - Best fit parameters: [5.47355520e-01 3.61112606e+01 8.27457847e-02 2.69408523e-02].
2026-07-16 00:23:30,885 - INFO - Maximum log composite likelihood: -785.912064958727.
2026-07-16 00:23:30,885 - INFO - Optimal value of theta: 446.3173024389785.
2026-07-16 00:23:30,885 - INFO - Beginning optimization with guess, [2.51216871 8.54815249 0.14350138 0.07009499].
2026-07-16 00:23:59,072 - INFO - Finished optimization with guess, [2.51216871 8.54815249 0.14350138 0.07009499].
2026-07-16 00:23:59,074 - INFO - Best fit parameters: [6.26724131e-01 3.29500439e+01 1.04744354e-01 2.33403071e-02].
2026-07-16 00:24:00,460 - INFO - Maximum log composite likelihood: -775.6886701158993.
2026-07-16 00:24:00,460 - INFO - Optimal value of theta: 473.16605199077736.
2026-07-16 00:24:00,460 - INFO - Beginning optimization with guess, [2.89889433 3.29027878 0.07864025 0.0597477 ].
2026-07-16 00:24:27,961 - INFO - Finished optimization with guess, [2.89889433 3.29027878 0.07864025 0.0597477 ].
2026-07-16 00:24:27,962 - INFO - Best fit parameters: [7.28940278e-01 4.18129267e+01 3.70631613e-02 2.80357581e-02].
2026-07-16 00:24:29,339 - INFO - Maximum log composite likelihood: -819.7494425434598.
2026-07-16 00:24:29,339 - INFO - Optimal value of theta: 401.80910889418817.
2026-07-16 00:24:29,340 - INFO - Beginning optimization with guess, [3.46269417 2.81926277 0.06892924 0.07963712].
2026-07-16 00:24:56,918 - INFO - Finished optimization with guess, [3.46269417 2.81926277 0.06892924 0.07963712].
2026-07-16 00:24:56,919 - INFO - Best fit parameters: [1.42289762e+00 4.34916655e+01 2.43450066e-02 2.55885885e-02].
2026-07-16 00:24:58,299 - INFO - Maximum log composite likelihood: -836.7315435143963.
2026-07-16 00:24:58,299 - INFO - Optimal value of theta: 378.40411580173895.
2026-07-16 00:24:58,302 - INFO - Converting and interpreting Tau estimates.
2026-07-16 00:24:58,307 - INFO - Finished demographic inference.
2026-07-16 00:24:58,307 - INFO - Pipeline executed succesfully.
