2026-07-16 00:03:35,793 - INFO - Beginning execution of fit_demographic_model.py in directory /u/project/kirk-bigdata/jonmah/sample_size_demography/Scripts

2026-07-16 00:03:35,793 - INFO - Progress is being logged to ../Analysis/tennessen_ooa_570/log.log

2026-07-16 00:03:35,793 - INFO - Parsed the following arguments:
	syn_input_sfs = ../Simulations/tennessen/ooa_570_sfs/dadi/pop1.sfs
	mask_singletons = False
	mask_doubletons = False
	sum_alleles = False
	L_syn = 100000000.0
	model_type = three_epoch
	input_params = []
	outprefix = ../Analysis/tennessen_ooa_570/

2026-07-16 00:03:35,796 - INFO - Beginning demographic inference for three-epoch demographic model.
2026-07-16 00:03:35,799 - INFO - Beginning optimization with guess, [0.00875531 0.00700857 0.07986374 0.15330113].
2026-07-16 00:03:46,982 - INFO - Finished optimization with guess, [0.00875531 0.00700857 0.07986374 0.15330113].
2026-07-16 00:03:46,983 - INFO - Best fit parameters: [0.00875531 0.00700857 0.07986374 0.15330113].
2026-07-16 00:03:49,190 - INFO - Maximum log composite likelihood: -2560.6006752611734.
2026-07-16 00:03:49,190 - INFO - Optimal value of theta: 107794.79804726667.
2026-07-16 00:03:49,191 - INFO - Beginning optimization with guess, [0.0364939  0.04596799 0.06214982 0.06491328].
2026-07-16 00:04:40,295 - INFO - Finished optimization with guess, [0.0364939  0.04596799 0.06214982 0.06491328].
2026-07-16 00:04:40,296 - INFO - Best fit parameters: [0.01371542 0.08159029 0.13250441 0.06850994].
2026-07-16 00:04:41,967 - INFO - Maximum log composite likelihood: -2382.970878767595.
2026-07-16 00:04:41,967 - INFO - Optimal value of theta: 10973.797473266248.
2026-07-16 00:04:41,968 - INFO - Beginning optimization with guess, [0.03732752 0.08871859 0.17191875 0.06574612].
2026-07-16 00:05:47,755 - INFO - Finished optimization with guess, [0.03732752 0.08871859 0.17191875 0.06574612].
2026-07-16 00:05:47,756 - INFO - Best fit parameters: [0.05403959 0.15854697 0.1637655  0.02675315].
2026-07-16 00:05:49,357 - INFO - Maximum log composite likelihood: -2195.116128536565.
2026-07-16 00:05:49,358 - INFO - Optimal value of theta: 5818.098561560946.
2026-07-16 00:05:49,358 - INFO - Beginning optimization with guess, [0.07150387 0.06909081 0.06343956 0.13439391].
2026-07-16 00:06:22,390 - INFO - Finished optimization with guess, [0.07150387 0.06909081 0.06343956 0.13439391].
2026-07-16 00:06:22,392 - INFO - Best fit parameters: [0.04600629 0.04601774 0.09383916 0.33257997].
2026-07-16 00:06:24,126 - INFO - Maximum log composite likelihood: -2562.050676470897.
2026-07-16 00:06:24,126 - INFO - Optimal value of theta: 16403.174980158812.
2026-07-16 00:06:24,126 - INFO - Beginning optimization with guess, [0.05889496 0.05732452 0.11611028 0.10523513].
2026-07-16 00:07:26,753 - INFO - Finished optimization with guess, [0.05889496 0.05732452 0.11611028 0.10523513].
2026-07-16 00:07:26,754 - INFO - Best fit parameters: [0.0206377  0.12301385 0.22452602 0.10034905].
2026-07-16 00:07:28,537 - INFO - Maximum log composite likelihood: -2382.0388323268526.
2026-07-16 00:07:28,537 - INFO - Optimal value of theta: 7313.874625592798.
2026-07-16 00:07:28,537 - INFO - Beginning optimization with guess, [0.42253091 0.15209588 0.17937657 0.06651497].
2026-07-16 00:09:03,189 - INFO - Finished optimization with guess, [0.42253091 0.15209588 0.17937657 0.06651497].
2026-07-16 00:09:03,190 - INFO - Best fit parameters: [0.11404195 0.91920412 0.37527601 0.13343471].
2026-07-16 00:09:04,741 - INFO - Maximum log composite likelihood: -2322.3212442399663.
2026-07-16 00:09:04,741 - INFO - Optimal value of theta: 1340.6726125352343.
2026-07-16 00:09:04,741 - INFO - Beginning optimization with guess, [0.26217706 0.99499909 0.58343073 0.09750322].
2026-07-16 00:09:35,687 - INFO - Finished optimization with guess, [0.26217706 0.99499909 0.58343073 0.09750322].
2026-07-16 00:09:35,688 - INFO - Best fit parameters: [0.33704604 6.57043499 0.36003976 0.01384921].
2026-07-16 00:09:37,222 - INFO - Maximum log composite likelihood: -683.8164754169034.
2026-07-16 00:09:37,222 - INFO - Optimal value of theta: 933.1315245053164.
2026-07-16 00:09:37,223 - INFO - Beginning optimization with guess, [0.59298605 1.14867289 0.05697026 0.10393895].
2026-07-16 00:10:07,168 - INFO - Finished optimization with guess, [0.59298605 1.14867289 0.05697026 0.10393895].
2026-07-16 00:10:07,169 - INFO - Best fit parameters: [4.60709642e-01 9.70986758e+01 9.71149425e-02 8.53092792e-03].
2026-07-16 00:10:08,683 - INFO - Maximum log composite likelihood: -910.4115763665761.
2026-07-16 00:10:08,683 - INFO - Optimal value of theta: 741.4644470835555.
2026-07-16 00:10:08,683 - INFO - Beginning optimization with guess, [0.63967643 1.07059577 0.06148684 0.0643311 ].
2026-07-16 00:10:38,965 - INFO - Finished optimization with guess, [0.63967643 1.07059577 0.06148684 0.0643311 ].
2026-07-16 00:10:38,966 - INFO - Best fit parameters: [2.87501492e-01 1.98101173e+01 8.54999795e-02 1.66672570e-02].
2026-07-16 00:10:40,441 - INFO - Maximum log composite likelihood: -643.793622926836.
2026-07-16 00:10:40,442 - INFO - Optimal value of theta: 687.4957940854788.
2026-07-16 00:10:40,442 - INFO - Beginning optimization with guess, [1.21767499 2.32701685 0.13195744 0.09835264].
2026-07-16 00:11:10,889 - INFO - Finished optimization with guess, [1.21767499 2.32701685 0.13195744 0.09835264].
2026-07-16 00:11:10,890 - INFO - Best fit parameters: [3.08441694e-01 2.95866944e+01 1.85503869e-01 1.58972743e-02].
2026-07-16 00:11:12,410 - INFO - Maximum log composite likelihood: -640.4388500535619.
2026-07-16 00:11:12,410 - INFO - Optimal value of theta: 722.5863233986383.
2026-07-16 00:11:12,411 - INFO - Beginning optimization with guess, [1.23673463 2.21167612 0.19782431 0.06373844].
2026-07-16 00:11:42,508 - INFO - Finished optimization with guess, [1.23673463 2.21167612 0.19782431 0.06373844].
2026-07-16 00:11:42,509 - INFO - Best fit parameters: [3.73723155e-01 1.64816073e+01 1.78328236e-01 1.64748144e-02].
2026-07-16 00:11:44,045 - INFO - Maximum log composite likelihood: -615.8193919007654.
2026-07-16 00:11:44,045 - INFO - Optimal value of theta: 697.152878695379.
2026-07-16 00:11:44,045 - INFO - Beginning optimization with guess, [1.35627995 2.25657316 0.14866803 0.08205157].
2026-07-16 00:12:14,760 - INFO - Finished optimization with guess, [1.35627995 2.25657316 0.14866803 0.08205157].
2026-07-16 00:12:14,762 - INFO - Best fit parameters: [3.97587984e-01 1.86495079e+01 1.32112781e-01 1.69797912e-02].
2026-07-16 00:12:16,280 - INFO - Maximum log composite likelihood: -629.5619736796893.
2026-07-16 00:12:16,280 - INFO - Optimal value of theta: 651.2532896130695.
2026-07-16 00:12:16,281 - INFO - Beginning optimization with guess, [2.09483823 3.19301802 0.0723283  0.08558509].
2026-07-16 00:12:46,896 - INFO - Finished optimization with guess, [2.09483823 3.19301802 0.0723283  0.08558509].
2026-07-16 00:12:46,897 - INFO - Best fit parameters: [5.00741307e-01 3.32432105e+01 5.26967879e-02 2.96949815e-02].
2026-07-16 00:12:48,385 - INFO - Maximum log composite likelihood: -662.5009066488853.
2026-07-16 00:12:48,385 - INFO - Optimal value of theta: 433.39789416985167.
2026-07-16 00:12:48,385 - INFO - Beginning optimization with guess, [1.14389721 1.69761481 0.18906382 0.09645935].
2026-07-16 00:13:26,756 - INFO - Finished optimization with guess, [1.14389721 1.69761481 0.18906382 0.09645935].
2026-07-16 00:13:26,758 - INFO - Best fit parameters: [2.87973332e-01 4.54480065e+01 1.71856290e-01 1.18527141e-02].
2026-07-16 00:13:28,287 - INFO - Maximum log composite likelihood: -703.8578144761038.
2026-07-16 00:13:28,287 - INFO - Optimal value of theta: 826.3699239879641.
2026-07-16 00:13:28,287 - INFO - Beginning optimization with guess, [2.40629908 4.51418289 0.09256696 0.07638593].
2026-07-16 00:14:06,399 - INFO - Finished optimization with guess, [2.40629908 4.51418289 0.09256696 0.07638593].
2026-07-16 00:14:06,401 - INFO - Best fit parameters: [4.64440959e-01 2.75304765e+01 5.97740844e-02 2.73627206e-02].
2026-07-16 00:14:07,939 - INFO - Maximum log composite likelihood: -643.0074183640834.
2026-07-16 00:14:07,939 - INFO - Optimal value of theta: 467.95345775312506.
2026-07-16 00:14:07,940 - INFO - Beginning optimization with guess, [1.66906791 2.17788933 0.1198637  0.18359705].
2026-07-16 00:14:38,718 - INFO - Finished optimization with guess, [1.66906791 2.17788933 0.1198637  0.18359705].
2026-07-16 00:14:38,719 - INFO - Best fit parameters: [4.70076905e-01 1.22817221e+02 8.01434460e-02 3.24988699e-02].
2026-07-16 00:14:40,243 - INFO - Maximum log composite likelihood: -883.8744381936432.
2026-07-16 00:14:40,243 - INFO - Optimal value of theta: 388.4674663708857.
2026-07-16 00:14:40,244 - INFO - Beginning optimization with guess, [1.66582858 1.57700756 0.13396996 0.07762066].
2026-07-16 00:15:10,796 - INFO - Finished optimization with guess, [1.66582858 1.57700756 0.13396996 0.07762066].
2026-07-16 00:15:10,798 - INFO - Best fit parameters: [5.54203497e-01 4.94249662e+01 9.73729980e-02 1.34213874e-02].
2026-07-16 00:15:12,265 - INFO - Maximum log composite likelihood: -733.7758867827522.
2026-07-16 00:15:12,265 - INFO - Optimal value of theta: 602.0039566368897.
2026-07-16 00:15:12,265 - INFO - Beginning optimization with guess, [2.47050322 4.40316708 0.10179021 0.18051947].
2026-07-16 00:15:43,015 - INFO - Finished optimization with guess, [2.47050322 4.40316708 0.10179021 0.18051947].
2026-07-16 00:15:43,015 - INFO - Best fit parameters: [ 1.08579972 17.57877314  0.06942117  0.03297027].
2026-07-16 00:15:44,506 - INFO - Maximum log composite likelihood: -770.7673198245166.
2026-07-16 00:15:44,506 - INFO - Optimal value of theta: 388.7906608309681.
2026-07-16 00:15:44,506 - INFO - Beginning optimization with guess, [1.86805877 2.59889062 0.0513334  0.07508452].
2026-07-16 00:16:14,990 - INFO - Finished optimization with guess, [1.86805877 2.59889062 0.0513334  0.07508452].
2026-07-16 00:16:14,991 - INFO - Best fit parameters: [4.16713483e-01 3.65234000e+01 3.97813001e-02 2.87032832e-02].
2026-07-16 00:16:16,528 - INFO - Maximum log composite likelihood: -675.5215908497726.
2026-07-16 00:16:16,528 - INFO - Optimal value of theta: 444.76794821646365.
2026-07-16 00:16:16,529 - INFO - Beginning optimization with guess, [3.18588818 5.27015997 0.16954685 0.07147889].
2026-07-16 00:16:47,033 - INFO - Finished optimization with guess, [3.18588818 5.27015997 0.16954685 0.07147889].
2026-07-16 00:16:47,034 - INFO - Best fit parameters: [3.81935514e-01 2.51546032e+01 9.15816549e-02 2.05125704e-02].
2026-07-16 00:16:48,545 - INFO - Maximum log composite likelihood: -626.4157247751857.
2026-07-16 00:16:48,546 - INFO - Optimal value of theta: 575.5789682812178.
2026-07-16 00:16:48,546 - INFO - Beginning optimization with guess, [4.67230541 2.13281181 0.13440968 0.08517688].
2026-07-16 00:17:19,245 - INFO - Finished optimization with guess, [4.67230541 2.13281181 0.13440968 0.08517688].
2026-07-16 00:17:19,246 - INFO - Best fit parameters: [1.50985809e+00 6.12582897e+01 2.48004420e-02 2.30464442e-02].
2026-07-16 00:17:20,728 - INFO - Maximum log composite likelihood: -704.8322454381171.
2026-07-16 00:17:20,728 - INFO - Optimal value of theta: 384.1285504730047.
2026-07-16 00:17:20,729 - INFO - Beginning optimization with guess, [5.02055657 3.10871821 0.19741922 0.14686246].
2026-07-16 00:17:51,254 - INFO - Finished optimization with guess, [5.02055657 3.10871821 0.19741922 0.14686246].
2026-07-16 00:17:51,255 - INFO - Best fit parameters: [1.51139839e+00 3.10546418e+02 1.00477714e-02 1.87281572e-02].
2026-07-16 00:17:52,764 - INFO - Maximum log composite likelihood: -733.7965694186091.
2026-07-16 00:17:52,764 - INFO - Optimal value of theta: 413.50539861900677.
2026-07-16 00:17:52,764 - INFO - Beginning optimization with guess, [3.9877581  6.27308992 0.05061661 0.0704001 ].
2026-07-16 00:18:23,291 - INFO - Finished optimization with guess, [3.9877581  6.27308992 0.05061661 0.0704001 ].
2026-07-16 00:18:23,292 - INFO - Best fit parameters: [2.59113116e+00 4.23435686e+01 1.39822231e-02 2.26990967e-02].
2026-07-16 00:18:24,827 - INFO - Maximum log composite likelihood: -704.8808292397669.
2026-07-16 00:18:24,827 - INFO - Optimal value of theta: 381.45966619434597.
2026-07-16 00:18:24,827 - INFO - Beginning optimization with guess, [8.06670615 9.36616118 0.19797152 0.11697038].
2026-07-16 00:18:55,373 - INFO - Finished optimization with guess, [8.06670615 9.36616118 0.19797152 0.11697038].
2026-07-16 00:18:55,375 - INFO - Best fit parameters: [3.11570209e+00 2.15171422e+01 3.74449968e-02 1.97012848e-02].
2026-07-16 00:18:56,895 - INFO - Maximum log composite likelihood: -814.8465757393593.
2026-07-16 00:18:56,895 - INFO - Optimal value of theta: 374.83508836190026.
2026-07-16 00:18:56,896 - INFO - Beginning optimization with guess, [7.22898898 3.14574258 0.06890614 0.11114766].
2026-07-16 00:19:27,565 - INFO - Finished optimization with guess, [7.22898898 3.14574258 0.06890614 0.11114766].
2026-07-16 00:19:27,566 - INFO - Best fit parameters: [7.12391068e+00 6.07362135e+01 1.53591367e-02 1.51928563e-02].
2026-07-16 00:19:29,060 - INFO - Maximum log composite likelihood: -699.7972364452289.
2026-07-16 00:19:29,060 - INFO - Optimal value of theta: 390.9428404019124.
2026-07-16 00:19:29,064 - INFO - Converting and interpreting Tau estimates.
2026-07-16 00:19:29,068 - INFO - Finished demographic inference.
2026-07-16 00:19:29,068 - INFO - Pipeline executed succesfully.
