2026-07-21 17:17:44,682 - INFO - Beginning execution of fit_demographic_model.py in directory /u/project/kirk-bigdata/jonmah/sample_size_demography/Scripts

2026-07-21 17:17:44,682 - INFO - Progress is being logged to ../Analysis/1KG_IBS_70/log.log

2026-07-21 17:17:44,682 - INFO - Parsed the following arguments:
	syn_input_sfs = ../Analysis/1KG_IBS_70/syn_downsampled_sfs.txt
	mask_singletons = False
	mask_doubletons = False
	sum_alleles = False
	L_syn = 100000000.0
	model_type = three_epoch
	input_params = []
	outprefix = ../Analysis/1KG_IBS_70/

2026-07-21 17:17:44,685 - INFO - Beginning demographic inference for three-epoch demographic model.
2026-07-21 17:17:44,689 - INFO - Beginning optimization with guess, [0.00795367 0.00530936 0.13824125 0.13732642].
2026-07-21 17:17:46,474 - INFO - Finished optimization with guess, [0.00795367 0.00530936 0.13824125 0.13732642].
2026-07-21 17:17:46,474 - INFO - Best fit parameters: [0.00795367 0.00530936 0.13824125 0.13732642].
2026-07-21 17:17:46,831 - INFO - Maximum log composite likelihood: -1331.8099014365923.
2026-07-21 17:17:46,831 - INFO - Optimal value of theta: 1252450.7799752816.
2026-07-21 17:17:46,832 - INFO - Beginning optimization with guess, [0.01269782 0.02329589 0.16646173 0.10316001].
2026-07-21 17:17:52,706 - INFO - Finished optimization with guess, [0.01269782 0.02329589 0.16646173 0.10316001].
2026-07-21 17:17:52,708 - INFO - Best fit parameters: [0.01121946 0.04160371 0.16650507 0.06545086].
2026-07-21 17:17:52,874 - INFO - Maximum log composite likelihood: -1209.4996169529377.
2026-07-21 17:17:52,874 - INFO - Optimal value of theta: 176018.3524868512.
2026-07-21 17:17:52,874 - INFO - Beginning optimization with guess, [0.02557404 0.05788234 0.15435366 0.12498163].
2026-07-21 17:17:56,151 - INFO - Finished optimization with guess, [0.02557404 0.05788234 0.15435366 0.12498163].
2026-07-21 17:17:56,151 - INFO - Best fit parameters: [0.02355058 0.07254076 0.15814463 0.10590748].
2026-07-21 17:17:56,258 - INFO - Maximum log composite likelihood: -1209.41607954085.
2026-07-21 17:17:56,258 - INFO - Optimal value of theta: 101053.88032459443.
2026-07-21 17:17:56,258 - INFO - Beginning optimization with guess, [0.04853672 0.07225556 0.0825649  0.11890444].
2026-07-21 17:17:59,399 - INFO - Finished optimization with guess, [0.04853672 0.07225556 0.0825649  0.11890444].
2026-07-21 17:17:59,400 - INFO - Best fit parameters: [0.02283426 0.09181787 0.15396577 0.15439841].
2026-07-21 17:17:59,509 - INFO - Maximum log composite likelihood: -1210.7916537744422.
2026-07-21 17:17:59,509 - INFO - Optimal value of theta: 79016.59575796835.
2026-07-21 17:17:59,509 - INFO - Beginning optimization with guess, [0.144226   0.06803927 0.07772639 0.11580414].
2026-07-21 17:18:02,485 - INFO - Finished optimization with guess, [0.144226   0.06803927 0.07772639 0.11580414].
2026-07-21 17:18:02,485 - INFO - Best fit parameters: [0.10437704 0.0402341  0.1012929  0.35869011].
2026-07-21 17:18:02,604 - INFO - Maximum log composite likelihood: -1333.7960614229096.
2026-07-21 17:18:02,604 - INFO - Optimal value of theta: 165138.27801686083.
2026-07-21 17:18:02,604 - INFO - Beginning optimization with guess, [0.23461401 0.45427171 0.11358847 0.18397174].
2026-07-21 17:18:04,262 - INFO - Finished optimization with guess, [0.23461401 0.45427171 0.11358847 0.18397174].
2026-07-21 17:18:04,263 - INFO - Best fit parameters: [0.19753447 1.87341684 0.11078402 0.08685595].
2026-07-21 17:18:04,316 - INFO - Maximum log composite likelihood: -393.73316042890133.
2026-07-21 17:18:04,317 - INFO - Optimal value of theta: 8325.390813489652.
2026-07-21 17:18:04,317 - INFO - Beginning optimization with guess, [0.26356932 0.38313929 0.57444883 0.13121358].
2026-07-21 17:18:06,963 - INFO - Finished optimization with guess, [0.26356932 0.38313929 0.57444883 0.13121358].
2026-07-21 17:18:06,963 - INFO - Best fit parameters: [0.25479379 2.28077262 0.3509879  0.02819007].
2026-07-21 17:18:07,022 - INFO - Maximum log composite likelihood: -228.74727990565225.
2026-07-21 17:18:07,022 - INFO - Optimal value of theta: 12951.946847913667.
2026-07-21 17:18:07,022 - INFO - Beginning optimization with guess, [0.47232382 0.68929667 0.14400262 0.1179768 ].
2026-07-21 17:18:08,580 - INFO - Finished optimization with guess, [0.47232382 0.68929667 0.14400262 0.1179768 ].
2026-07-21 17:18:08,580 - INFO - Best fit parameters: [0.42838713 2.85884248 0.12968905 0.05376668].
2026-07-21 17:18:08,631 - INFO - Maximum log composite likelihood: -178.38731641791787.
2026-07-21 17:18:08,632 - INFO - Optimal value of theta: 7033.168913527385.
2026-07-21 17:18:08,632 - INFO - Beginning optimization with guess, [0.53285967 1.67529531 0.09369907 0.12521567].
2026-07-21 17:18:10,154 - INFO - Finished optimization with guess, [0.53285967 1.67529531 0.09369907 0.12521567].
2026-07-21 17:18:10,154 - INFO - Best fit parameters: [0.45319362 4.03443322 0.08972762 0.04986531].
2026-07-21 17:18:10,204 - INFO - Maximum log composite likelihood: -158.67284094565025.
2026-07-21 17:18:10,205 - INFO - Optimal value of theta: 6557.521923215436.
2026-07-21 17:18:10,205 - INFO - Beginning optimization with guess, [1.47116127 1.35692808 0.16687283 0.10348942].
2026-07-21 17:18:11,721 - INFO - Finished optimization with guess, [1.47116127 1.35692808 0.16687283 0.10348942].
2026-07-21 17:18:11,722 - INFO - Best fit parameters: [0.51369474 4.6076342  0.1254679  0.04465936].
2026-07-21 17:18:11,773 - INFO - Maximum log composite likelihood: -153.64898110949457.
2026-07-21 17:18:11,773 - INFO - Optimal value of theta: 6618.474065974191.
2026-07-21 17:18:11,773 - INFO - Beginning optimization with guess, [1.4154541  1.08544592 0.14422238 0.1327807 ].
2026-07-21 17:18:13,309 - INFO - Finished optimization with guess, [1.4154541  1.08544592 0.14422238 0.1327807 ].
2026-07-21 17:18:13,309 - INFO - Best fit parameters: [0.42047811 2.61770128 0.14890035 0.0573054 ].
2026-07-21 17:18:13,361 - INFO - Maximum log composite likelihood: -188.92275929256198.
2026-07-21 17:18:13,361 - INFO - Optimal value of theta: 7168.832932906574.
2026-07-21 17:18:13,361 - INFO - Beginning optimization with guess, [1.17208169 0.95073745 0.17714772 0.17567461].
2026-07-21 17:18:15,190 - INFO - Finished optimization with guess, [1.17208169 0.95073745 0.17714772 0.17567461].
2026-07-21 17:18:15,190 - INFO - Best fit parameters: [0.28925597 2.18717353 0.20176287 0.04493043].
2026-07-21 17:18:15,244 - INFO - Maximum log composite likelihood: -232.45995123600915.
2026-07-21 17:18:15,244 - INFO - Optimal value of theta: 9375.501933472406.
2026-07-21 17:18:15,244 - INFO - Beginning optimization with guess, [1.41198473 1.1471853  0.09301133 0.07439255].
2026-07-21 17:18:16,757 - INFO - Finished optimization with guess, [1.41198473 1.1471853  0.09301133 0.07439255].
2026-07-21 17:18:16,758 - INFO - Best fit parameters: [0.41673895 5.29445985 0.08699089 0.04371971].
2026-07-21 17:18:16,808 - INFO - Maximum log composite likelihood: -169.3539920948773.
2026-07-21 17:18:16,808 - INFO - Optimal value of theta: 6764.947045312554.
2026-07-21 17:18:16,808 - INFO - Beginning optimization with guess, [3.02693764 2.81700411 0.05872581 0.05399009].
2026-07-21 17:18:18,278 - INFO - Finished optimization with guess, [3.02693764 2.81700411 0.05872581 0.05399009].
2026-07-21 17:18:18,278 - INFO - Best fit parameters: [1.65464657e+00 1.51361306e+01 7.69007781e-03 2.65759823e-02].
2026-07-21 17:18:18,327 - INFO - Maximum log composite likelihood: -280.9022236970658.
2026-07-21 17:18:18,327 - INFO - Optimal value of theta: 5592.4468901109385.
2026-07-21 17:18:18,327 - INFO - Beginning optimization with guess, [4.88952253 1.42283051 0.06240942 0.05900338].
2026-07-21 17:18:19,797 - INFO - Finished optimization with guess, [4.88952253 1.42283051 0.06240942 0.05900338].
2026-07-21 17:18:19,797 - INFO - Best fit parameters: [3.82998769 7.57353481 0.01584598 0.01869126].
2026-07-21 17:18:19,846 - INFO - Maximum log composite likelihood: -303.667203868383.
2026-07-21 17:18:19,846 - INFO - Optimal value of theta: 5636.643287578912.
2026-07-21 17:18:19,846 - INFO - Beginning optimization with guess, [2.82798192 2.97082152 0.09464159 0.15697203].
2026-07-21 17:18:21,329 - INFO - Finished optimization with guess, [2.82798192 2.97082152 0.09464159 0.15697203].
2026-07-21 17:18:21,329 - INFO - Best fit parameters: [1.12218685 3.29833558 0.04035659 0.04783551].
2026-07-21 17:18:21,378 - INFO - Maximum log composite likelihood: -412.3819539792478.
2026-07-21 17:18:21,378 - INFO - Optimal value of theta: 5517.002531774566.
2026-07-21 17:18:21,378 - INFO - Beginning optimization with guess, [3.53189512 2.29057202 0.06284163 0.10967331].
2026-07-21 17:18:22,852 - INFO - Finished optimization with guess, [3.53189512 2.29057202 0.06284163 0.10967331].
2026-07-21 17:18:22,853 - INFO - Best fit parameters: [2.10023551 4.71742577 0.01565629 0.02520037].
2026-07-21 17:18:22,902 - INFO - Maximum log composite likelihood: -340.7215038248985.
2026-07-21 17:18:22,902 - INFO - Optimal value of theta: 5677.045092463311.
2026-07-21 17:18:22,902 - INFO - Beginning optimization with guess, [2.30507662 4.05176761 0.18854701 0.15298777].
2026-07-21 17:18:24,615 - INFO - Finished optimization with guess, [2.30507662 4.05176761 0.18854701 0.15298777].
2026-07-21 17:18:24,617 - INFO - Best fit parameters: [0.36011473 2.61097305 0.14593603 0.06039868].
2026-07-21 17:18:24,668 - INFO - Maximum log composite likelihood: -207.20968408791657.
2026-07-21 17:18:24,668 - INFO - Optimal value of theta: 7441.098051765151.
2026-07-21 17:18:24,669 - INFO - Beginning optimization with guess, [2.52938111 4.48705315 0.10936427 0.06979663].
2026-07-21 17:18:26,077 - INFO - Finished optimization with guess, [2.52938111 4.48705315 0.10936427 0.06979663].
2026-07-21 17:18:26,077 - INFO - Best fit parameters: [0.48078419 5.31862009 0.05185458 0.04776369].
2026-07-21 17:18:26,126 - INFO - Maximum log composite likelihood: -176.36829182150052.
2026-07-21 17:18:26,126 - INFO - Optimal value of theta: 6110.459988768701.
2026-07-21 17:18:26,127 - INFO - Beginning optimization with guess, [3.79344717 5.47819357 0.08557848 0.05474653].
2026-07-21 17:18:27,842 - INFO - Finished optimization with guess, [3.79344717 5.47819357 0.08557848 0.05474653].
2026-07-21 17:18:27,843 - INFO - Best fit parameters: [1.56000123 6.82089443 0.01690574 0.02836151].
2026-07-21 17:18:27,891 - INFO - Maximum log composite likelihood: -319.4604634124289.
2026-07-21 17:18:27,892 - INFO - Optimal value of theta: 5593.391930437228.
2026-07-21 17:18:27,892 - INFO - Beginning optimization with guess, [2.61012881 2.53243656 0.07598212 0.05113329].
2026-07-21 17:18:29,605 - INFO - Finished optimization with guess, [2.61012881 2.53243656 0.07598212 0.05113329].
2026-07-21 17:18:29,606 - INFO - Best fit parameters: [3.11016531e-01 2.61101055e+01 9.10962005e-03 3.13456119e-02].
2026-07-21 17:18:29,654 - INFO - Maximum log composite likelihood: -246.78402110543038.
2026-07-21 17:18:29,655 - INFO - Optimal value of theta: 5968.182963309162.
2026-07-21 17:18:29,655 - INFO - Beginning optimization with guess, [2.65674887 3.00148636 0.18766114 0.07139005].
2026-07-21 17:18:31,156 - INFO - Finished optimization with guess, [2.65674887 3.00148636 0.18766114 0.07139005].
2026-07-21 17:18:31,156 - INFO - Best fit parameters: [0.40848122 3.37375127 0.09450418 0.05549705].
2026-07-21 17:18:31,206 - INFO - Maximum log composite likelihood: -166.0011683613169.
2026-07-21 17:18:31,206 - INFO - Optimal value of theta: 6724.306032302478.
2026-07-21 17:18:31,206 - INFO - Beginning optimization with guess, [3.56368981 7.54607672 0.10083393 0.1272336 ].
2026-07-21 17:18:32,672 - INFO - Finished optimization with guess, [3.56368981 7.54607672 0.10083393 0.1272336 ].
2026-07-21 17:18:32,673 - INFO - Best fit parameters: [0.83345665 6.15684913 0.0280827  0.02958446].
2026-07-21 17:18:32,721 - INFO - Maximum log composite likelihood: -311.507587630809.
2026-07-21 17:18:32,721 - INFO - Optimal value of theta: 5856.2336734915225.
2026-07-21 17:18:32,721 - INFO - Beginning optimization with guess, [2.50557102 6.02388707 0.05132168 0.08546094].
2026-07-21 17:18:34,180 - INFO - Finished optimization with guess, [2.50557102 6.02388707 0.05132168 0.08546094].
2026-07-21 17:18:34,181 - INFO - Best fit parameters: [1.0549962  9.9333144  0.01724126 0.02363285].
2026-07-21 17:18:34,230 - INFO - Maximum log composite likelihood: -304.09854392124316.
2026-07-21 17:18:34,230 - INFO - Optimal value of theta: 5792.134557490679.
2026-07-21 17:18:34,230 - INFO - Beginning optimization with guess, [2.6460787  8.07885626 0.07799309 0.09616918].
2026-07-21 17:18:35,944 - INFO - Finished optimization with guess, [2.6460787  8.07885626 0.07799309 0.09616918].
2026-07-21 17:18:35,945 - INFO - Best fit parameters: [0.44205029 8.68160086 0.03724575 0.03699795].
2026-07-21 17:18:35,993 - INFO - Maximum log composite likelihood: -206.92797136200738.
2026-07-21 17:18:35,994 - INFO - Optimal value of theta: 6253.115987627879.
2026-07-21 17:18:35,995 - INFO - Converting and interpreting Tau estimates.
2026-07-21 17:18:35,997 - INFO - Finished demographic inference.
2026-07-21 17:18:35,997 - INFO - Pipeline executed succesfully.
