2026-07-16 00:02:50,989 - INFO - Beginning execution of fit_demographic_model.py in directory /u/project/kirk-bigdata/jonmah/sample_size_demography/Scripts

2026-07-16 00:02:50,989 - INFO - Progress is being logged to ../Analysis/tennessen_ooa_540/log.log

2026-07-16 00:02:50,989 - INFO - Parsed the following arguments:
	syn_input_sfs = ../Simulations/tennessen/ooa_540_sfs/dadi/pop1.sfs
	mask_singletons = False
	mask_doubletons = False
	sum_alleles = False
	L_syn = 100000000.0
	model_type = three_epoch
	input_params = []
	outprefix = ../Analysis/tennessen_ooa_540/

2026-07-16 00:02:50,992 - INFO - Beginning demographic inference for three-epoch demographic model.
2026-07-16 00:02:50,995 - INFO - Beginning optimization with guess, [0.01414373 0.01411621 0.05460857 0.0598313 ].
2026-07-16 00:05:48,315 - INFO - Finished optimization with guess, [0.01414373 0.01411621 0.05460857 0.0598313 ].
2026-07-16 00:05:48,317 - INFO - Best fit parameters: [0.00542464 0.04271185 0.09043587 0.03589735].
2026-07-16 00:05:50,304 - INFO - Maximum log composite likelihood: -2266.360556555286.
2026-07-16 00:05:50,305 - INFO - Optimal value of theta: 20878.112028653843.
2026-07-16 00:05:50,305 - INFO - Beginning optimization with guess, [0.04549204 0.02066855 0.13888544 0.07500582].
2026-07-16 00:06:38,960 - INFO - Finished optimization with guess, [0.04549204 0.02066855 0.13888544 0.07500582].
2026-07-16 00:06:38,962 - INFO - Best fit parameters: [0.02809264 0.0133181  0.20006572 0.14805259].
2026-07-16 00:06:40,989 - INFO - Maximum log composite likelihood: -2432.480766739733.
2026-07-16 00:06:40,990 - INFO - Optimal value of theta: 55894.516230641115.
2026-07-16 00:06:40,990 - INFO - Beginning optimization with guess, [0.09181897 0.05425781 0.12263593 0.10419185].
2026-07-16 00:07:15,917 - INFO - Finished optimization with guess, [0.09181897 0.05425781 0.12263593 0.10419185].
2026-07-16 00:07:15,918 - INFO - Best fit parameters: [0.05095476 0.03871045 0.19623763 0.23619488].
2026-07-16 00:07:17,708 - INFO - Maximum log composite likelihood: -2433.7953944744872.
2026-07-16 00:07:17,708 - INFO - Optimal value of theta: 19214.373097935393.
2026-07-16 00:07:17,708 - INFO - Beginning optimization with guess, [0.03830936 0.14992668 0.0761909  0.16860778].
2026-07-16 00:07:52,509 - INFO - Finished optimization with guess, [0.03830936 0.14992668 0.0761909  0.16860778].
2026-07-16 00:07:52,510 - INFO - Best fit parameters: [0.01924327 0.20593494 0.14134913 0.18203889].
2026-07-16 00:07:54,279 - INFO - Maximum log composite likelihood: -2267.178436460631.
2026-07-16 00:07:54,279 - INFO - Optimal value of theta: 4321.460852284506.
2026-07-16 00:07:54,279 - INFO - Beginning optimization with guess, [0.1600271  0.14473526 0.08271551 0.15560666].
2026-07-16 00:08:27,644 - INFO - Finished optimization with guess, [0.1600271  0.14473526 0.08271551 0.15560666].
2026-07-16 00:08:27,645 - INFO - Best fit parameters: [0.06365037 0.16515628 0.17422652 0.47238917].
2026-07-16 00:08:29,360 - INFO - Maximum log composite likelihood: -2422.713082776201.
2026-07-16 00:08:29,360 - INFO - Optimal value of theta: 4535.234965543231.
2026-07-16 00:08:29,360 - INFO - Beginning optimization with guess, [0.35436046 0.25543897 0.08151228 0.05397716].
2026-07-16 00:09:04,428 - INFO - Finished optimization with guess, [0.35436046 0.25543897 0.08151228 0.05397716].
2026-07-16 00:09:04,429 - INFO - Best fit parameters: [0.14650995 2.45711489 0.13747455 0.05353562].
2026-07-16 00:09:06,004 - INFO - Maximum log composite likelihood: -1080.685297547442.
2026-07-16 00:09:06,005 - INFO - Optimal value of theta: 810.560147772737.
2026-07-16 00:09:06,005 - INFO - Beginning optimization with guess, [0.58544613 0.31254566 0.58413199 0.12514256].
2026-07-16 00:09:54,362 - INFO - Finished optimization with guess, [0.58544613 0.31254566 0.58413199 0.12514256].
2026-07-16 00:09:54,364 - INFO - Best fit parameters: [1.49321240e+00 7.29010467e+01 2.74747221e-01 5.75945838e-04].
2026-07-16 00:09:55,917 - INFO - Maximum log composite likelihood: -2038.7570160096188.
2026-07-16 00:09:55,917 - INFO - Optimal value of theta: 570.0260030232496.
2026-07-16 00:09:55,918 - INFO - Beginning optimization with guess, [1.13489941 1.05174415 0.05373835 0.09832577].
2026-07-16 00:10:27,925 - INFO - Finished optimization with guess, [1.13489941 1.05174415 0.05373835 0.09832577].
2026-07-16 00:10:27,926 - INFO - Best fit parameters: [7.13893017e-01 6.52111544e+01 5.64185480e-02 1.92353382e-02].
2026-07-16 00:10:29,478 - INFO - Maximum log composite likelihood: -680.1018269869609.
2026-07-16 00:10:29,479 - INFO - Optimal value of theta: 475.03936402036874.
2026-07-16 00:10:29,479 - INFO - Beginning optimization with guess, [0.55229974 0.94281423 0.07304287 0.16008916].
2026-07-16 00:11:01,222 - INFO - Finished optimization with guess, [0.55229974 0.94281423 0.07304287 0.16008916].
2026-07-16 00:11:01,224 - INFO - Best fit parameters: [4.61138029e-01 8.50191046e+02 7.28810936e-02 6.98411152e-03].
2026-07-16 00:11:02,933 - INFO - Maximum log composite likelihood: -1025.029961828952.
2026-07-16 00:11:02,934 - INFO - Optimal value of theta: 758.3950130540816.
2026-07-16 00:11:02,934 - INFO - Beginning optimization with guess, [1.29898171 0.9402221  0.06357249 0.15414113].
2026-07-16 00:11:34,259 - INFO - Finished optimization with guess, [1.29898171 0.9402221  0.06357249 0.15414113].
2026-07-16 00:11:34,260 - INFO - Best fit parameters: [9.50043247e-01 7.02259416e+01 5.14741382e-02 2.45177896e-02].
2026-07-16 00:11:35,809 - INFO - Maximum log composite likelihood: -679.104204625464.
2026-07-16 00:11:35,810 - INFO - Optimal value of theta: 401.3390543731048.
2026-07-16 00:11:35,810 - INFO - Beginning optimization with guess, [0.75069713 1.31478447 0.09254975 0.10802974].
2026-07-16 00:12:09,328 - INFO - Finished optimization with guess, [0.75069713 1.31478447 0.09254975 0.10802974].
2026-07-16 00:12:09,329 - INFO - Best fit parameters: [4.64779810e-01 7.16699821e+01 1.22940404e-01 8.74479211e-03].
2026-07-16 00:12:10,876 - INFO - Maximum log composite likelihood: -839.1546820349777.
2026-07-16 00:12:10,876 - INFO - Optimal value of theta: 748.6109195081397.
2026-07-16 00:12:10,876 - INFO - Beginning optimization with guess, [3.36613555 0.92828576 0.05148225 0.16339802].
2026-07-16 00:12:43,311 - INFO - Finished optimization with guess, [3.36613555 0.92828576 0.05148225 0.16339802].
2026-07-16 00:12:43,312 - INFO - Best fit parameters: [1.86240312e+00 6.88542038e+01 2.49753681e-02 2.55611946e-02].
2026-07-16 00:12:45,104 - INFO - Maximum log composite likelihood: -688.7564732869988.
2026-07-16 00:12:45,105 - INFO - Optimal value of theta: 357.78738654369624.
2026-07-16 00:12:45,105 - INFO - Beginning optimization with guess, [1.2144691  1.44568522 0.10348741 0.16898454].
2026-07-16 00:13:28,747 - INFO - Finished optimization with guess, [1.2144691  1.44568522 0.10348741 0.16898454].
2026-07-16 00:13:28,748 - INFO - Best fit parameters: [2.79128762e-01 1.40930400e+03 8.61698015e-02 9.36572848e-03].
2026-07-16 00:13:30,295 - INFO - Maximum log composite likelihood: -930.8039934420457.
2026-07-16 00:13:30,295 - INFO - Optimal value of theta: 821.6059080377105.
2026-07-16 00:13:30,296 - INFO - Beginning optimization with guess, [2.8928746  2.64904126 0.09434251 0.05217412].
2026-07-16 00:14:01,527 - INFO - Finished optimization with guess, [2.8928746  2.64904126 0.09434251 0.05217412].
2026-07-16 00:14:01,528 - INFO - Best fit parameters: [5.79616679e-01 3.77222234e+01 3.90204754e-02 3.07735929e-02].
2026-07-16 00:14:03,117 - INFO - Maximum log composite likelihood: -655.6295847580192.
2026-07-16 00:14:03,118 - INFO - Optimal value of theta: 408.69637209221906.
2026-07-16 00:14:03,118 - INFO - Beginning optimization with guess, [1.25859002 2.03702599 0.05440256 0.05460547].
2026-07-16 00:14:34,509 - INFO - Finished optimization with guess, [1.25859002 2.03702599 0.05440256 0.05460547].
2026-07-16 00:14:34,510 - INFO - Best fit parameters: [ 0.24805904 24.11582163  0.06959047  0.02492721].
2026-07-16 00:14:36,078 - INFO - Maximum log composite likelihood: -625.1152387772253.
2026-07-16 00:14:36,078 - INFO - Optimal value of theta: 569.6422076526216.
2026-07-16 00:14:36,078 - INFO - Beginning optimization with guess, [3.27683272 1.60252298 0.09441696 0.11767368].
2026-07-16 00:15:07,655 - INFO - Finished optimization with guess, [3.27683272 1.60252298 0.09441696 0.11767368].
2026-07-16 00:15:07,657 - INFO - Best fit parameters: [1.39929917e+00 1.05041139e+02 2.99940028e-02 1.86137596e-02].
2026-07-16 00:15:09,246 - INFO - Maximum log composite likelihood: -692.5671107734755.
2026-07-16 00:15:09,246 - INFO - Optimal value of theta: 413.84610995108636.
2026-07-16 00:15:09,247 - INFO - Beginning optimization with guess, [1.56652831 4.53848285 0.15869909 0.11116958].
2026-07-16 00:15:49,652 - INFO - Finished optimization with guess, [1.56652831 4.53848285 0.15869909 0.11116958].
2026-07-16 00:15:49,653 - INFO - Best fit parameters: [2.09778997e-01 2.38460513e+01 1.90529384e-01 1.26147072e-02].
2026-07-16 00:15:51,226 - INFO - Maximum log composite likelihood: -635.7324426665689.
2026-07-16 00:15:51,227 - INFO - Optimal value of theta: 948.1906209454821.
2026-07-16 00:15:51,227 - INFO - Beginning optimization with guess, [2.51891066 5.2248625  0.17964169 0.07832646].
2026-07-16 00:16:31,151 - INFO - Finished optimization with guess, [2.51891066 5.2248625  0.17964169 0.07832646].
2026-07-16 00:16:31,152 - INFO - Best fit parameters: [3.64196648e-01 2.29846942e+01 1.21625532e-01 1.97891527e-02].
2026-07-16 00:16:32,703 - INFO - Maximum log composite likelihood: -591.4814266445251.
2026-07-16 00:16:32,703 - INFO - Optimal value of theta: 611.9944045894117.
2026-07-16 00:16:32,704 - INFO - Beginning optimization with guess, [1.97122955 2.10472607 0.12070552 0.0940561 ].
2026-07-16 00:17:04,087 - INFO - Finished optimization with guess, [1.97122955 2.10472607 0.12070552 0.0940561 ].
2026-07-16 00:17:04,087 - INFO - Best fit parameters: [4.88355247e-01 4.87892954e+01 1.01335046e-01 2.21791200e-02].
2026-07-16 00:17:05,641 - INFO - Maximum log composite likelihood: -637.2343157228123.
2026-07-16 00:17:05,642 - INFO - Optimal value of theta: 505.19265434402786.
2026-07-16 00:17:05,642 - INFO - Beginning optimization with guess, [2.4100444  3.15202772 0.05928235 0.16362331].
2026-07-16 00:17:36,763 - INFO - Finished optimization with guess, [2.4100444  3.15202772 0.05928235 0.16362331].
2026-07-16 00:17:36,763 - INFO - Best fit parameters: [1.33626512e+00 3.03055001e+01 3.68903449e-02 2.31924011e-02].
2026-07-16 00:17:38,335 - INFO - Maximum log composite likelihood: -701.8837848116934.
2026-07-16 00:17:38,336 - INFO - Optimal value of theta: 403.924359007987.
2026-07-16 00:17:38,336 - INFO - Beginning optimization with guess, [3.83473526 3.9420795  0.08901031 0.08599156].
2026-07-16 00:18:09,543 - INFO - Finished optimization with guess, [3.83473526 3.9420795  0.08901031 0.08599156].
2026-07-16 00:18:09,544 - INFO - Best fit parameters: [1.57078747e+00 3.35418340e+01 2.33550404e-02 2.57272465e-02].
2026-07-16 00:18:11,083 - INFO - Maximum log composite likelihood: -689.818150488003.
2026-07-16 00:18:11,084 - INFO - Optimal value of theta: 381.87674947361904.
2026-07-16 00:18:11,084 - INFO - Beginning optimization with guess, [5.06148474 2.97445573 0.07417661 0.13637241].
2026-07-16 00:18:42,042 - INFO - Finished optimization with guess, [5.06148474 2.97445573 0.07417661 0.13637241].
2026-07-16 00:18:42,043 - INFO - Best fit parameters: [3.16321337e+00 4.68935697e+01 2.29739198e-02 2.00599405e-02].
2026-07-16 00:18:43,667 - INFO - Maximum log composite likelihood: -691.6442447655035.
2026-07-16 00:18:43,668 - INFO - Optimal value of theta: 373.8939212964633.
2026-07-16 00:18:43,668 - INFO - Beginning optimization with guess, [2.74539832 3.51193071 0.12976615 0.07715349].
2026-07-16 00:19:14,874 - INFO - Finished optimization with guess, [2.74539832 3.51193071 0.12976615 0.07715349].
2026-07-16 00:19:14,875 - INFO - Best fit parameters: [4.00370996e-01 3.30894578e+01 8.13994244e-02 3.05600779e-02].
2026-07-16 00:19:16,423 - INFO - Maximum log composite likelihood: -640.3734562147337.
2026-07-16 00:19:16,425 - INFO - Optimal value of theta: 457.6857404534518.
2026-07-16 00:19:16,425 - INFO - Beginning optimization with guess, [5.6976131  2.6565345  0.07088136 0.06468093].
2026-07-16 00:19:47,662 - INFO - Finished optimization with guess, [5.6976131  2.6565345  0.07088136 0.06468093].
2026-07-16 00:19:47,663 - INFO - Best fit parameters: [4.84829375e+00 2.96018664e+01 1.46413880e-02 1.82418973e-02].
2026-07-16 00:19:49,212 - INFO - Maximum log composite likelihood: -694.0367475017437.
2026-07-16 00:19:49,213 - INFO - Optimal value of theta: 398.7373479686768.
2026-07-16 00:19:49,213 - INFO - Beginning optimization with guess, [8.78019389 9.97428117 0.10386838 0.17177333].
2026-07-16 00:20:20,553 - INFO - Finished optimization with guess, [8.78019389 9.97428117 0.10386838 0.17177333].
2026-07-16 00:20:20,553 - INFO - Best fit parameters: [5.48588131e+00 2.41127581e+01 1.28933480e-02 2.04789109e-02].
2026-07-16 00:20:22,095 - INFO - Maximum log composite likelihood: -699.8540118546802.
2026-07-16 00:20:22,096 - INFO - Optimal value of theta: 393.52559711258135.
2026-07-16 00:20:22,101 - INFO - Converting and interpreting Tau estimates.
2026-07-16 00:20:22,103 - INFO - Finished demographic inference.
2026-07-16 00:20:22,103 - INFO - Pipeline executed succesfully.
