2026-07-16 00:01:08,374 - INFO - Beginning execution of fit_demographic_model.py in directory /u/project/kirk-bigdata/jonmah/sample_size_demography/Scripts

2026-07-16 00:01:08,374 - INFO - Progress is being logged to ../Analysis/tennessen_ooa_330/log.log

2026-07-16 00:01:08,375 - INFO - Parsed the following arguments:
	syn_input_sfs = ../Simulations/tennessen/ooa_330_sfs/dadi/pop1.sfs
	mask_singletons = False
	mask_doubletons = False
	sum_alleles = False
	L_syn = 100000000.0
	model_type = three_epoch
	input_params = []
	outprefix = ../Analysis/tennessen_ooa_330/

2026-07-16 00:01:08,377 - INFO - Beginning demographic inference for three-epoch demographic model.
2026-07-16 00:01:08,379 - INFO - Beginning optimization with guess, [0.01237445 0.0051309  0.16432016 0.08282836].
2026-07-16 00:01:25,973 - INFO - Finished optimization with guess, [0.01237445 0.0051309  0.16432016 0.08282836].
2026-07-16 00:01:25,975 - INFO - Best fit parameters: [0.01143566 0.00262195 0.1643437  0.1730687 ].
2026-07-16 00:01:28,234 - INFO - Maximum log composite likelihood: -1411.3898954713313.
2026-07-16 00:01:28,234 - INFO - Optimal value of theta: 239296.04061522163.
2026-07-16 00:01:28,234 - INFO - Beginning optimization with guess, [0.03089758 0.03802586 0.09056968 0.0973872 ].
2026-07-16 00:02:05,770 - INFO - Finished optimization with guess, [0.03089758 0.03802586 0.09056968 0.0973872 ].
2026-07-16 00:02:05,772 - INFO - Best fit parameters: [0.01332053 0.06916066 0.16611112 0.08389971].
2026-07-16 00:02:06,724 - INFO - Maximum log composite likelihood: -1361.9870095845977.
2026-07-16 00:02:06,724 - INFO - Optimal value of theta: 10223.554958560888.
2026-07-16 00:02:06,724 - INFO - Beginning optimization with guess, [0.03704964 0.0899433  0.15689765 0.05140041].
2026-07-16 00:02:36,909 - INFO - Finished optimization with guess, [0.03704964 0.0899433  0.15689765 0.05140041].
2026-07-16 00:02:36,911 - INFO - Best fit parameters: [0.05046151 0.82625774 0.09544925 0.00574039].
2026-07-16 00:02:37,632 - INFO - Maximum log composite likelihood: -490.65379115126836.
2026-07-16 00:02:37,632 - INFO - Optimal value of theta: 3096.8164979594544.
2026-07-16 00:02:37,632 - INFO - Beginning optimization with guess, [0.10321482 0.0841373  0.05908186 0.07206442].
2026-07-16 00:02:53,772 - INFO - Finished optimization with guess, [0.10321482 0.0841373  0.05908186 0.07206442].
2026-07-16 00:02:53,773 - INFO - Best fit parameters: [0.02358457 0.12972189 0.21005412 0.20290316].
2026-07-16 00:02:54,661 - INFO - Maximum log composite likelihood: -1367.6277274357537.
2026-07-16 00:02:54,662 - INFO - Optimal value of theta: 5258.70231397181.
2026-07-16 00:02:54,662 - INFO - Beginning optimization with guess, [0.17898281 0.08753306 0.0564409  0.07730005].
2026-07-16 00:03:14,969 - INFO - Finished optimization with guess, [0.17898281 0.08753306 0.0564409  0.07730005].
2026-07-16 00:03:14,971 - INFO - Best fit parameters: [0.03206959 0.06137588 0.23201747 5.6694454 ].
2026-07-16 00:03:17,602 - INFO - Maximum log composite likelihood: -1411.3898954782644.
2026-07-16 00:03:17,602 - INFO - Optimal value of theta: 10222.63287907181.
2026-07-16 00:03:17,602 - INFO - Beginning optimization with guess, [0.12835986 0.49177498 0.08090469 0.07060419].
2026-07-16 00:03:35,095 - INFO - Finished optimization with guess, [0.12835986 0.49177498 0.08090469 0.07060419].
2026-07-16 00:03:35,096 - INFO - Best fit parameters: [0.12453818 3.36310505 0.07036605 0.02042494].
2026-07-16 00:03:35,791 - INFO - Maximum log composite likelihood: -440.03925581678834.
2026-07-16 00:03:35,791 - INFO - Optimal value of theta: 916.336495988469.
2026-07-16 00:03:35,792 - INFO - Beginning optimization with guess, [0.50132543 0.59342502 0.82028806 0.09407295].
2026-07-16 00:03:50,383 - INFO - Finished optimization with guess, [0.50132543 0.59342502 0.82028806 0.09407295].
2026-07-16 00:03:50,385 - INFO - Best fit parameters: [0.52589746 1.74055418 0.67951786 0.03791143].
2026-07-16 00:03:51,094 - INFO - Maximum log composite likelihood: -807.0521109738252.
2026-07-16 00:03:51,094 - INFO - Optimal value of theta: 723.7600751801705.
2026-07-16 00:03:51,095 - INFO - Beginning optimization with guess, [0.6374813  0.71969437 0.14021743 0.13500508].
2026-07-16 00:04:04,953 - INFO - Finished optimization with guess, [0.6374813  0.71969437 0.14021743 0.13500508].
2026-07-16 00:04:04,956 - INFO - Best fit parameters: [3.02924512e-01 2.90454052e+01 1.21282187e-01 1.91800222e-02].
2026-07-16 00:04:05,648 - INFO - Maximum log composite likelihood: -433.6273808845548.
2026-07-16 00:04:05,648 - INFO - Optimal value of theta: 640.3204663922783.
2026-07-16 00:04:05,648 - INFO - Beginning optimization with guess, [1.46402543 1.07116678 0.1804258  0.10443904].
2026-07-16 00:04:19,431 - INFO - Finished optimization with guess, [1.46402543 1.07116678 0.1804258  0.10443904].
2026-07-16 00:04:19,432 - INFO - Best fit parameters: [4.70867372e-01 2.92943971e+01 9.60881556e-02 2.61441042e-02].
2026-07-16 00:04:20,119 - INFO - Maximum log composite likelihood: -437.83859237180803.
2026-07-16 00:04:20,119 - INFO - Optimal value of theta: 485.6948760248444.
2026-07-16 00:04:20,120 - INFO - Beginning optimization with guess, [2.44305865 2.29093816 0.08233011 0.19114573].
2026-07-16 00:04:37,227 - INFO - Finished optimization with guess, [2.44305865 2.29093816 0.08233011 0.19114573].
2026-07-16 00:04:37,228 - INFO - Best fit parameters: [6.85341188e-01 1.13921364e+02 2.50226148e-02 2.19571522e-02].
2026-07-16 00:04:37,912 - INFO - Maximum log composite likelihood: -520.228786988452.
2026-07-16 00:04:37,912 - INFO - Optimal value of theta: 431.7207183100558.
2026-07-16 00:04:37,913 - INFO - Beginning optimization with guess, [0.91227813 1.04857345 0.1516128  0.09471344].
2026-07-16 00:04:51,744 - INFO - Finished optimization with guess, [0.91227813 1.04857345 0.1516128  0.09471344].
2026-07-16 00:04:51,745 - INFO - Best fit parameters: [3.61555908e-01 2.83461696e+01 1.09752781e-01 1.48627170e-02].
2026-07-16 00:04:52,434 - INFO - Maximum log composite likelihood: -457.3706534937029.
2026-07-16 00:04:52,434 - INFO - Optimal value of theta: 658.3814837794092.
2026-07-16 00:04:52,434 - INFO - Beginning optimization with guess, [2.3898096  3.19228553 0.10153106 0.0698718 ].
2026-07-16 00:05:06,144 - INFO - Finished optimization with guess, [2.3898096  3.19228553 0.10153106 0.0698718 ].
2026-07-16 00:05:06,145 - INFO - Best fit parameters: [ 0.27015689 24.35229894  0.05981375  0.03085458].
2026-07-16 00:05:06,833 - INFO - Maximum log composite likelihood: -447.6852092836579.
2026-07-16 00:05:06,833 - INFO - Optimal value of theta: 501.8228355296372.
2026-07-16 00:05:06,833 - INFO - Beginning optimization with guess, [1.40277365 1.0417855  0.19966512 0.07263316].
2026-07-16 00:05:20,688 - INFO - Finished optimization with guess, [1.40277365 1.0417855  0.19966512 0.07263316].
2026-07-16 00:05:20,689 - INFO - Best fit parameters: [3.58000120e-01 2.30150914e+01 1.21867643e-01 1.89717939e-02].
2026-07-16 00:05:21,379 - INFO - Maximum log composite likelihood: -421.44237408614805.
2026-07-16 00:05:21,380 - INFO - Optimal value of theta: 616.396911696239.
2026-07-16 00:05:21,380 - INFO - Beginning optimization with guess, [2.99940969 1.36586581 0.06984317 0.12778999].
2026-07-16 00:05:35,066 - INFO - Finished optimization with guess, [2.99940969 1.36586581 0.06984317 0.12778999].
2026-07-16 00:05:35,067 - INFO - Best fit parameters: [6.56342361e-01 7.15898849e+01 2.40769601e-02 1.45306185e-02].
2026-07-16 00:05:35,751 - INFO - Maximum log composite likelihood: -568.5970879899328.
2026-07-16 00:05:35,752 - INFO - Optimal value of theta: 499.0517404491657.
2026-07-16 00:05:35,752 - INFO - Beginning optimization with guess, [2.63794502 2.79342344 0.06249001 0.0939563 ].
2026-07-16 00:05:49,426 - INFO - Finished optimization with guess, [2.63794502 2.79342344 0.06249001 0.0939563 ].
2026-07-16 00:05:49,427 - INFO - Best fit parameters: [ 1.26377474 12.68423359  0.03297889  0.02464063].
2026-07-16 00:05:50,111 - INFO - Maximum log composite likelihood: -574.4245079562448.
2026-07-16 00:05:50,111 - INFO - Optimal value of theta: 411.4757379704918.
2026-07-16 00:05:50,111 - INFO - Beginning optimization with guess, [4.89138351 2.01983864 0.17913565 0.10059996].
2026-07-16 00:06:03,786 - INFO - Finished optimization with guess, [4.89138351 2.01983864 0.17913565 0.10059996].
2026-07-16 00:06:03,787 - INFO - Best fit parameters: [6.88685734e-01 4.19212420e+01 1.23388097e-02 1.76499466e-02].
2026-07-16 00:06:04,470 - INFO - Maximum log composite likelihood: -542.8567738266903.
2026-07-16 00:06:04,471 - INFO - Optimal value of theta: 462.58771488089303.
2026-07-16 00:06:04,471 - INFO - Beginning optimization with guess, [2.67897767 1.59748502 0.07745637 0.12974701].
2026-07-16 00:06:18,152 - INFO - Finished optimization with guess, [2.67897767 1.59748502 0.07745637 0.12974701].
2026-07-16 00:06:18,154 - INFO - Best fit parameters: [7.86081613e-01 8.67135995e+01 3.01228186e-02 1.75940828e-02].
2026-07-16 00:06:18,838 - INFO - Maximum log composite likelihood: -529.2720813649664.
2026-07-16 00:06:18,838 - INFO - Optimal value of theta: 457.55498022921745.
2026-07-16 00:06:18,838 - INFO - Beginning optimization with guess, [3.00329529 2.46924275 0.12836638 0.05419064].
2026-07-16 00:06:36,015 - INFO - Finished optimization with guess, [3.00329529 2.46924275 0.12836638 0.05419064].
2026-07-16 00:06:36,016 - INFO - Best fit parameters: [ 0.35431255 20.32105336  0.04420535  0.02814866].
2026-07-16 00:06:36,701 - INFO - Maximum log composite likelihood: -437.832188174026.
2026-07-16 00:06:36,702 - INFO - Optimal value of theta: 487.8034153645369.
2026-07-16 00:06:36,702 - INFO - Beginning optimization with guess, [4.78521017 2.96551617 0.12550126 0.11602522].
2026-07-16 00:06:50,377 - INFO - Finished optimization with guess, [4.78521017 2.96551617 0.12550126 0.11602522].
2026-07-16 00:06:50,378 - INFO - Best fit parameters: [1.61430813e+00 2.41839915e+01 1.83023695e-02 2.58637082e-02].
2026-07-16 00:06:51,061 - INFO - Maximum log composite likelihood: -531.1671536152429.
2026-07-16 00:06:51,061 - INFO - Optimal value of theta: 381.92459353692016.
2026-07-16 00:06:51,062 - INFO - Beginning optimization with guess, [2.99374859 2.32989828 0.17581598 0.05636828].
2026-07-16 00:07:08,231 - INFO - Finished optimization with guess, [2.99374859 2.32989828 0.17581598 0.05636828].
2026-07-16 00:07:08,232 - INFO - Best fit parameters: [ 0.32048027 18.75753771  0.06855941  0.02683145].
2026-07-16 00:07:08,920 - INFO - Maximum log composite likelihood: -418.0589458068176.
2026-07-16 00:07:08,920 - INFO - Optimal value of theta: 530.7491159215873.
2026-07-16 00:07:08,920 - INFO - Beginning optimization with guess, [2.82131984 5.12771929 0.09578944 0.07667624].
2026-07-16 00:07:26,058 - INFO - Finished optimization with guess, [2.82131984 5.12771929 0.09578944 0.07667624].
2026-07-16 00:07:26,059 - INFO - Best fit parameters: [ 0.28688167 21.81188636  0.03568879  0.02665827].
2026-07-16 00:07:26,745 - INFO - Maximum log composite likelihood: -441.9531702471481.
2026-07-16 00:07:26,745 - INFO - Optimal value of theta: 508.14400397347754.
2026-07-16 00:07:26,746 - INFO - Beginning optimization with guess, [5.83365987 2.44130154 0.07700392 0.13478862].
2026-07-16 00:07:40,423 - INFO - Finished optimization with guess, [5.83365987 2.44130154 0.07700392 0.13478862].
2026-07-16 00:07:40,425 - INFO - Best fit parameters: [3.25004004e+00 5.74307859e+01 1.11362965e-02 2.28284172e-02].
2026-07-16 00:07:41,108 - INFO - Maximum log composite likelihood: -520.145016157535.
2026-07-16 00:07:41,108 - INFO - Optimal value of theta: 373.319732541528.
2026-07-16 00:07:41,108 - INFO - Beginning optimization with guess, [2.43365953 7.45509754 0.08189057 0.05598313].
2026-07-16 00:07:54,798 - INFO - Finished optimization with guess, [2.43365953 7.45509754 0.08189057 0.05598313].
2026-07-16 00:07:54,799 - INFO - Best fit parameters: [3.41763637e-01 2.90548799e+01 4.14430513e-02 2.80753608e-02].
2026-07-16 00:07:55,485 - INFO - Maximum log composite likelihood: -453.9814614966571.
2026-07-16 00:07:55,485 - INFO - Optimal value of theta: 477.6443107287196.
2026-07-16 00:07:55,485 - INFO - Beginning optimization with guess, [5.79310799 2.83407227 0.18008079 0.07661884].
2026-07-16 00:08:09,160 - INFO - Finished optimization with guess, [5.79310799 2.83407227 0.18008079 0.07661884].
2026-07-16 00:08:09,162 - INFO - Best fit parameters: [2.08162515e+00 2.69077381e+01 1.55027103e-02 2.30494910e-02].
2026-07-16 00:08:09,845 - INFO - Maximum log composite likelihood: -527.5649739520131.
2026-07-16 00:08:09,845 - INFO - Optimal value of theta: 386.13756289451595.
2026-07-16 00:08:09,846 - INFO - Beginning optimization with guess, [8.31760557 5.54910494 0.19380745 0.05084591].
2026-07-16 00:08:23,520 - INFO - Finished optimization with guess, [8.31760557 5.54910494 0.19380745 0.05084591].
2026-07-16 00:08:23,522 - INFO - Best fit parameters: [7.07942447e+00 2.03651338e+01 1.42318631e-02 1.55782950e-02].
2026-07-16 00:08:24,206 - INFO - Maximum log composite likelihood: -529.8697892795193.
2026-07-16 00:08:24,207 - INFO - Optimal value of theta: 399.1643650647693.
2026-07-16 00:08:24,211 - INFO - Converting and interpreting Tau estimates.
2026-07-16 00:08:24,213 - INFO - Finished demographic inference.
2026-07-16 00:08:24,214 - INFO - Pipeline executed succesfully.
