2026-07-16 00:06:55,567 - INFO - Beginning execution of fit_demographic_model.py in directory /u/project/kirk-bigdata/jonmah/sample_size_demography/Scripts

2026-07-16 00:06:55,567 - INFO - Progress is being logged to ../Analysis/tennessen_ooa_700/log.log

2026-07-16 00:06:55,567 - INFO - Parsed the following arguments:
	syn_input_sfs = ../Simulations/tennessen/ooa_700_sfs/dadi/pop1.sfs
	mask_singletons = False
	mask_doubletons = False
	sum_alleles = False
	L_syn = 100000000.0
	model_type = three_epoch
	input_params = []
	outprefix = ../Analysis/tennessen_ooa_700/

2026-07-16 00:06:55,571 - INFO - Beginning demographic inference for three-epoch demographic model.
2026-07-16 00:06:55,573 - INFO - Beginning optimization with guess, [0.01815906 0.00561588 0.07381247 0.08092678].
2026-07-16 00:07:43,509 - INFO - Finished optimization with guess, [0.01815906 0.00561588 0.07381247 0.08092678].
2026-07-16 00:07:43,511 - INFO - Best fit parameters: [0.01565974 0.00288139 0.0829984  0.16616963].
2026-07-16 00:07:47,086 - INFO - Maximum log composite likelihood: -3105.4104417415347.
2026-07-16 00:07:47,087 - INFO - Optimal value of theta: 279540.32839829137.
2026-07-16 00:07:47,087 - INFO - Beginning optimization with guess, [0.02685266 0.01411563 0.10056294 0.06480213].
2026-07-16 00:09:12,147 - INFO - Finished optimization with guess, [0.02685266 0.01411563 0.10056294 0.06480213].
2026-07-16 00:09:12,149 - INFO - Best fit parameters: [0.01691053 0.00872968 0.14304152 0.12850604].
2026-07-16 00:09:14,609 - INFO - Maximum log composite likelihood: -3105.4107921380255.
2026-07-16 00:09:14,609 - INFO - Optimal value of theta: 92267.45020773707.
2026-07-16 00:09:14,610 - INFO - Beginning optimization with guess, [0.07011466 0.09751024 0.05474541 0.07509125].
2026-07-16 00:09:55,031 - INFO - Finished optimization with guess, [0.07011466 0.09751024 0.05474541 0.07509125].
2026-07-16 00:09:55,033 - INFO - Best fit parameters: [0.02375867 0.17434258 0.14243751 0.11720036].
2026-07-16 00:09:57,215 - INFO - Maximum log composite likelihood: -2860.6135581252715.
2026-07-16 00:09:57,215 - INFO - Optimal value of theta: 5667.947910224181.
2026-07-16 00:09:57,215 - INFO - Beginning optimization with guess, [0.14366626 0.04549535 0.08828044 0.17350265].
2026-07-16 00:11:08,653 - INFO - Finished optimization with guess, [0.14366626 0.04549535 0.08828044 0.17350265].
2026-07-16 00:11:08,655 - INFO - Best fit parameters: [0.1259574  0.02549113 0.09822953 0.38836534].
2026-07-16 00:11:11,113 - INFO - Maximum log composite likelihood: -3105.4147347711614.
2026-07-16 00:11:11,113 - INFO - Optimal value of theta: 31597.808228637583.
2026-07-16 00:11:11,114 - INFO - Beginning optimization with guess, [0.14009294 0.06405417 0.05359676 0.07764421].
2026-07-16 00:12:47,361 - INFO - Finished optimization with guess, [0.14009294 0.06405417 0.05359676 0.07764421].
2026-07-16 00:12:47,362 - INFO - Best fit parameters: [0.08560929 0.02974398 0.08129301 0.49133965].
2026-07-16 00:12:49,861 - INFO - Maximum log composite likelihood: -3105.411277259133.
2026-07-16 00:12:49,861 - INFO - Optimal value of theta: 27079.939802784942.
2026-07-16 00:12:49,861 - INFO - Beginning optimization with guess, [0.49018341 0.14038793 0.15957488 0.10085092].
2026-07-16 00:13:32,834 - INFO - Finished optimization with guess, [0.49018341 0.14038793 0.15957488 0.10085092].
2026-07-16 00:13:32,837 - INFO - Best fit parameters: [0.07125635 0.64521621 0.50939093 0.67242158].
2026-07-16 00:13:35,084 - INFO - Maximum log composite likelihood: -2888.4287148873477.
2026-07-16 00:13:35,084 - INFO - Optimal value of theta: 1438.3356189081717.
2026-07-16 00:13:35,085 - INFO - Beginning optimization with guess, [0.44679424 0.4088233  0.26408401 0.05110252].
2026-07-16 00:14:16,629 - INFO - Finished optimization with guess, [0.44679424 0.4088233  0.26408401 0.05110252].
2026-07-16 00:14:16,634 - INFO - Best fit parameters: [0.16270392 5.74481557 0.36914662 0.01546034].
2026-07-16 00:14:18,719 - INFO - Maximum log composite likelihood: -907.9272404122165.
2026-07-16 00:14:18,719 - INFO - Optimal value of theta: 1243.4750511959755.
2026-07-16 00:14:18,720 - INFO - Beginning optimization with guess, [1.45162263 0.81944479 0.06617008 0.06418189].
2026-07-16 00:14:59,362 - INFO - Finished optimization with guess, [1.45162263 0.81944479 0.06617008 0.06418189].
2026-07-16 00:14:59,364 - INFO - Best fit parameters: [7.00297174e-01 6.48159349e+01 5.85639009e-02 1.92019138e-02].
2026-07-16 00:15:01,389 - INFO - Maximum log composite likelihood: -802.7778069538739.
2026-07-16 00:15:01,389 - INFO - Optimal value of theta: 471.44804680779356.
2026-07-16 00:15:01,390 - INFO - Beginning optimization with guess, [1.29580503 1.07872394 0.0789588  0.15270627].
2026-07-16 00:15:41,838 - INFO - Finished optimization with guess, [1.29580503 1.07872394 0.0789588  0.15270627].
2026-07-16 00:15:41,839 - INFO - Best fit parameters: [1.59467716e+00 6.69072867e+02 5.11258662e-02 9.77912378e-03].
2026-07-16 00:15:43,866 - INFO - Maximum log composite likelihood: -981.6270122897404.
2026-07-16 00:15:43,866 - INFO - Optimal value of theta: 478.202138574051.
2026-07-16 00:15:43,866 - INFO - Beginning optimization with guess, [2.31534566 1.27093764 0.1264084  0.05840645].
2026-07-16 00:16:24,570 - INFO - Finished optimization with guess, [2.31534566 1.27093764 0.1264084  0.05840645].
2026-07-16 00:16:24,571 - INFO - Best fit parameters: [6.24508457e-01 5.07764219e+01 7.68351093e-02 2.10461750e-02].
2026-07-16 00:16:26,585 - INFO - Maximum log composite likelihood: -771.3116297163681.
2026-07-16 00:16:26,585 - INFO - Optimal value of theta: 472.77177825845246.
2026-07-16 00:16:26,585 - INFO - Beginning optimization with guess, [2.44946778 1.32083899 0.07395812 0.06203072].
2026-07-16 00:17:07,204 - INFO - Finished optimization with guess, [2.44946778 1.32083899 0.07395812 0.06203072].
2026-07-16 00:17:07,205 - INFO - Best fit parameters: [8.72894614e-01 5.20108506e+01 3.84045732e-02 2.63684844e-02].
2026-07-16 00:17:09,235 - INFO - Maximum log composite likelihood: -792.7964958820259.
2026-07-16 00:17:09,235 - INFO - Optimal value of theta: 392.50812198659725.
2026-07-16 00:17:09,235 - INFO - Beginning optimization with guess, [3.00944648 3.48556102 0.13774805 0.08143079].
2026-07-16 00:17:50,042 - INFO - Finished optimization with guess, [3.00944648 3.48556102 0.13774805 0.08143079].
2026-07-16 00:17:50,044 - INFO - Best fit parameters: [5.18680301e-01 4.26309984e+01 8.18722312e-02 2.82587742e-02].
2026-07-16 00:17:52,085 - INFO - Maximum log composite likelihood: -774.1099078714244.
2026-07-16 00:17:52,085 - INFO - Optimal value of theta: 430.49308954780315.
2026-07-16 00:17:52,085 - INFO - Beginning optimization with guess, [2.06505598 3.34419338 0.09738538 0.10727759].
2026-07-16 00:18:32,799 - INFO - Finished optimization with guess, [2.06505598 3.34419338 0.09738538 0.10727759].
2026-07-16 00:18:32,800 - INFO - Best fit parameters: [4.13176019e-01 4.21435319e+01 9.03693454e-02 2.70841129e-02].
2026-07-16 00:18:34,836 - INFO - Maximum log composite likelihood: -787.2826361345985.
2026-07-16 00:18:34,836 - INFO - Optimal value of theta: 461.94681471683697.
2026-07-16 00:18:34,837 - INFO - Beginning optimization with guess, [1.89576351 2.28786089 0.12685641 0.05112277].
2026-07-16 00:19:15,692 - INFO - Finished optimization with guess, [1.89576351 2.28786089 0.12685641 0.05112277].
2026-07-16 00:19:15,694 - INFO - Best fit parameters: [2.19538851e-01 3.03950525e+01 1.03533704e-01 1.95764238e-02].
2026-07-16 00:19:17,738 - INFO - Maximum log composite likelihood: -815.0961593900252.
2026-07-16 00:19:17,739 - INFO - Optimal value of theta: 653.8949897546303.
2026-07-16 00:19:17,739 - INFO - Beginning optimization with guess, [1.85121025 2.87835949 0.06168779 0.06032526].
2026-07-16 00:19:58,417 - INFO - Finished optimization with guess, [1.85121025 2.87835949 0.06168779 0.06032526].
2026-07-16 00:19:58,419 - INFO - Best fit parameters: [4.60371386e-01 3.40880916e+01 5.13685606e-02 2.84722968e-02].
2026-07-16 00:20:00,445 - INFO - Maximum log composite likelihood: -762.7426536388541.
2026-07-16 00:20:00,445 - INFO - Optimal value of theta: 440.10779067253316.
2026-07-16 00:20:00,445 - INFO - Beginning optimization with guess, [3.03281858 1.71693241 0.12210035 0.07142549].
2026-07-16 00:20:40,857 - INFO - Finished optimization with guess, [3.03281858 1.71693241 0.12210035 0.07142549].
2026-07-16 00:20:40,858 - INFO - Best fit parameters: [7.78314250e-01 5.20399236e+01 5.23646502e-02 2.58444886e-02].
2026-07-16 00:20:42,907 - INFO - Maximum log composite likelihood: -786.5273213948774.
2026-07-16 00:20:42,907 - INFO - Optimal value of theta: 405.7495464148887.
2026-07-16 00:20:42,907 - INFO - Beginning optimization with guess, [2.62684447 2.93209987 0.14594763 0.10651701].
2026-07-16 00:21:23,250 - INFO - Finished optimization with guess, [2.62684447 2.93209987 0.14594763 0.10651701].
2026-07-16 00:21:23,252 - INFO - Best fit parameters: [5.32001311e-01 4.47464701e+01 9.84984133e-02 2.55312850e-02].
2026-07-16 00:21:25,272 - INFO - Maximum log composite likelihood: -763.7941018487577.
2026-07-16 00:21:25,273 - INFO - Optimal value of theta: 452.6199679350491.
2026-07-16 00:21:25,273 - INFO - Beginning optimization with guess, [5.41218544 4.04763406 0.05837844 0.0680066 ].
2026-07-16 00:22:05,696 - INFO - Finished optimization with guess, [5.41218544 4.04763406 0.05837844 0.0680066 ].
2026-07-16 00:22:05,697 - INFO - Best fit parameters: [4.24484934e+00 3.97185362e+01 1.26452130e-02 1.82462722e-02].
2026-07-16 00:22:07,713 - INFO - Maximum log composite likelihood: -803.8404133823822.
2026-07-16 00:22:07,713 - INFO - Optimal value of theta: 398.91688292583285.
2026-07-16 00:22:07,713 - INFO - Beginning optimization with guess, [3.72089876 2.04372411 0.08512864 0.07793658].
2026-07-16 00:22:48,056 - INFO - Finished optimization with guess, [3.72089876 2.04372411 0.08512864 0.07793658].
2026-07-16 00:22:48,058 - INFO - Best fit parameters: [1.71757591e+00 6.32537840e+01 2.37022682e-02 2.34757978e-02].
2026-07-16 00:22:50,076 - INFO - Maximum log composite likelihood: -801.28171677712.
2026-07-16 00:22:50,077 - INFO - Optimal value of theta: 370.2963049707513.
2026-07-16 00:22:50,077 - INFO - Beginning optimization with guess, [6.10401448 5.37661393 0.14152744 0.19137864].
2026-07-16 00:23:40,273 - INFO - Finished optimization with guess, [6.10401448 5.37661393 0.14152744 0.19137864].
2026-07-16 00:23:40,275 - INFO - Best fit parameters: [2.04578665e+00 1.68755649e+02 1.59085713e-02 1.79752348e-02].
2026-07-16 00:23:42,276 - INFO - Maximum log composite likelihood: -810.4229428504655.
2026-07-16 00:23:42,276 - INFO - Optimal value of theta: 398.95881991017177.
2026-07-16 00:23:42,276 - INFO - Beginning optimization with guess, [3.45990601 4.79103329 0.09617928 0.13131098].
2026-07-16 00:24:22,330 - INFO - Finished optimization with guess, [3.45990601 4.79103329 0.09617928 0.13131098].
2026-07-16 00:24:22,332 - INFO - Best fit parameters: [1.38339500e+00 2.50103809e+01 4.93375647e-02 2.23158422e-02].
2026-07-16 00:24:24,330 - INFO - Maximum log composite likelihood: -868.9865946885895.
2026-07-16 00:24:24,330 - INFO - Optimal value of theta: 410.36345216019197.
2026-07-16 00:24:24,330 - INFO - Beginning optimization with guess, [3.22441004 7.6258411  0.07582871 0.06579161].
2026-07-16 00:25:04,290 - INFO - Finished optimization with guess, [3.22441004 7.6258411  0.07582871 0.06579161].
2026-07-16 00:25:04,292 - INFO - Best fit parameters: [8.79534646e-01 4.68806409e+01 3.41905576e-02 2.77571826e-02].
2026-07-16 00:25:06,294 - INFO - Maximum log composite likelihood: -792.6394534954729.
2026-07-16 00:25:06,294 - INFO - Optimal value of theta: 385.4774793885701.
2026-07-16 00:25:06,294 - INFO - Beginning optimization with guess, [7.24730971 6.38435696 0.14197773 0.18968123].
2026-07-16 00:25:56,234 - INFO - Finished optimization with guess, [7.24730971 6.38435696 0.14197773 0.18968123].
2026-07-16 00:25:56,236 - INFO - Best fit parameters: [2.80983873e+00 1.48718943e+02 1.41726822e-02 1.71146287e-02].
2026-07-16 00:25:58,236 - INFO - Maximum log composite likelihood: -801.2996559787263.
2026-07-16 00:25:58,236 - INFO - Optimal value of theta: 397.07161307289607.
2026-07-16 00:25:58,236 - INFO - Beginning optimization with guess, [3.37846317 9.31733855 0.11616873 0.14770617].
2026-07-16 00:26:38,273 - INFO - Finished optimization with guess, [3.37846317 9.31733855 0.11616873 0.14770617].
2026-07-16 00:26:38,274 - INFO - Best fit parameters: [4.75734721e-01 3.57565527e+01 5.46740794e-02 2.86229960e-02].
2026-07-16 00:26:40,272 - INFO - Maximum log composite likelihood: -765.5980369342701.
2026-07-16 00:26:40,272 - INFO - Optimal value of theta: 435.3743917389639.
2026-07-16 00:26:40,273 - INFO - Beginning optimization with guess, [3.22696034 6.48452486 0.08668757 0.11716833].
2026-07-16 00:27:20,216 - INFO - Finished optimization with guess, [3.22696034 6.48452486 0.08668757 0.11716833].
2026-07-16 00:27:20,217 - INFO - Best fit parameters: [6.28766201e-01 4.05801559e+01 3.79131617e-02 2.91797923e-02].
2026-07-16 00:27:22,212 - INFO - Maximum log composite likelihood: -783.2195140157457.
2026-07-16 00:27:22,212 - INFO - Optimal value of theta: 402.2089894066407.
2026-07-16 00:27:22,216 - INFO - Converting and interpreting Tau estimates.
2026-07-16 00:27:22,220 - INFO - Finished demographic inference.
2026-07-16 00:27:22,220 - INFO - Pipeline executed succesfully.
