2026-07-17 22:02:29,069 - INFO - Beginning execution of fit_demographic_model.py in directory /u/project/kirk-bigdata/jonmah/sample_size_demography/Scripts

2026-07-17 22:02:29,069 - INFO - Progress is being logged to ../Analysis/tennessen_ooa_80/log.log

2026-07-17 22:02:29,069 - INFO - Parsed the following arguments:
	syn_input_sfs = ../Simulations/tennessen/ooa_80_sfs/dadi/pop1.sfs
	mask_singletons = False
	mask_doubletons = False
	sum_alleles = False
	L_syn = 100000000.0
	model_type = three_epoch
	input_params = []
	outprefix = ../Analysis/tennessen_ooa_80/

2026-07-17 22:02:29,072 - INFO - Beginning demographic inference for three-epoch demographic model.
2026-07-17 22:02:29,076 - INFO - Beginning optimization with guess, [0.01369185 0.01650445 0.14603378 0.0956921 ].
2026-07-17 22:02:31,275 - INFO - Finished optimization with guess, [0.01369185 0.01650445 0.14603378 0.0956921 ].
2026-07-17 22:02:31,276 - INFO - Best fit parameters: [0.02000906 0.00730476 0.14504828 0.14824813].
2026-07-17 22:02:31,513 - INFO - Maximum log composite likelihood: -324.13759355494756.
2026-07-17 22:02:31,513 - INFO - Optimal value of theta: 65356.70523141118.
2026-07-17 22:02:31,513 - INFO - Beginning optimization with guess, [0.02032224 0.01926551 0.05874702 0.11544339].
2026-07-17 22:02:34,332 - INFO - Finished optimization with guess, [0.02032224 0.01926551 0.05874702 0.11544339].
2026-07-17 22:02:34,332 - INFO - Best fit parameters: [0.02458118 0.02543437 0.04959748 0.08076374].
2026-07-17 22:02:34,426 - INFO - Maximum log composite likelihood: -312.0589428445463.
2026-07-17 22:02:34,426 - INFO - Optimal value of theta: 16665.183484166027.
2026-07-17 22:02:34,426 - INFO - Beginning optimization with guess, [0.06577454 0.04351022 0.06349445 0.05070743].
2026-07-17 22:02:37,167 - INFO - Finished optimization with guess, [0.06577454 0.04351022 0.06349445 0.05070743].
2026-07-17 22:02:37,168 - INFO - Best fit parameters: [0.04021212 0.04290797 0.09884815 0.09208464].
2026-07-17 22:02:37,271 - INFO - Maximum log composite likelihood: -312.0533777124866.
2026-07-17 22:02:37,272 - INFO - Optimal value of theta: 9854.077045739035.
2026-07-17 22:02:37,273 - INFO - Beginning optimization with guess, [0.0743347  0.09382153 0.11931792 0.08499315].
2026-07-17 22:02:39,756 - INFO - Finished optimization with guess, [0.0743347  0.09382153 0.11931792 0.08499315].
2026-07-17 22:02:39,757 - INFO - Best fit parameters: [0.06100991 0.10159494 0.13939429 0.09044961].
2026-07-17 22:02:39,833 - INFO - Maximum log composite likelihood: -311.80155485936103.
2026-07-17 22:02:39,833 - INFO - Optimal value of theta: 4150.642751339774.
2026-07-17 22:02:39,833 - INFO - Beginning optimization with guess, [0.18063174 0.10451193 0.09738768 0.11343484].
2026-07-17 22:02:42,039 - INFO - Finished optimization with guess, [0.18063174 0.10451193 0.09738768 0.11343484].
2026-07-17 22:02:42,039 - INFO - Best fit parameters: [0.11280083 0.11192877 0.14017663 0.26367602].
2026-07-17 22:02:42,112 - INFO - Maximum log composite likelihood: -312.05332483383364.
2026-07-17 22:02:42,112 - INFO - Optimal value of theta: 3776.2848155012284.
2026-07-17 22:02:42,112 - INFO - Beginning optimization with guess, [0.44553369 0.27503174 0.07049655 0.15261175].
2026-07-17 22:02:45,130 - INFO - Finished optimization with guess, [0.44553369 0.27503174 0.07049655 0.15261175].
2026-07-17 22:02:45,130 - INFO - Best fit parameters: [0.21744342 0.60089964 0.08869598 0.06080433].
2026-07-17 22:02:45,185 - INFO - Maximum log composite likelihood: -274.49300179119285.
2026-07-17 22:02:45,185 - INFO - Optimal value of theta: 759.1172770914113.
2026-07-17 22:02:45,186 - INFO - Beginning optimization with guess, [0.49386807 0.49072756 0.73505994 0.11314587].
2026-07-17 22:02:47,318 - INFO - Finished optimization with guess, [0.49386807 0.49072756 0.73505994 0.11314587].
2026-07-17 22:02:47,318 - INFO - Best fit parameters: [0.13814357 3.69438707 0.05360656 0.02870593].
2026-07-17 22:02:47,372 - INFO - Maximum log composite likelihood: -138.82476540355196.
2026-07-17 22:02:47,372 - INFO - Optimal value of theta: 698.286236503868.
2026-07-17 22:02:47,372 - INFO - Beginning optimization with guess, [1.27879489 0.58294349 0.13212583 0.05344077].
2026-07-17 22:02:48,989 - INFO - Finished optimization with guess, [1.27879489 0.58294349 0.13212583 0.05344077].
2026-07-17 22:02:48,990 - INFO - Best fit parameters: [ 0.11395521 11.29957363  0.06379448  0.01570193].
2026-07-17 22:02:49,045 - INFO - Maximum log composite likelihood: -153.78045072825591.
2026-07-17 22:02:49,045 - INFO - Optimal value of theta: 886.3398442434279.
2026-07-17 22:02:49,045 - INFO - Beginning optimization with guess, [0.97452441 0.73925989 0.1013666  0.11270777].
2026-07-17 22:02:51,017 - INFO - Finished optimization with guess, [0.97452441 0.73925989 0.1013666  0.11270777].
2026-07-17 22:02:51,017 - INFO - Best fit parameters: [0.16451754 1.20457904 0.11144535 0.03283622].
2026-07-17 22:02:51,072 - INFO - Maximum log composite likelihood: -172.24429264033665.
2026-07-17 22:02:51,073 - INFO - Optimal value of theta: 848.0802700518398.
2026-07-17 22:02:51,073 - INFO - Beginning optimization with guess, [1.03867891 0.77476017 0.05544469 0.0530447 ].
2026-07-17 22:02:57,806 - INFO - Finished optimization with guess, [1.03867891 0.77476017 0.05544469 0.0530447 ].
2026-07-17 22:02:57,806 - INFO - Best fit parameters: [0.34362673 4.45202243 0.05855788 0.05437252].
2026-07-17 22:02:57,858 - INFO - Maximum log composite likelihood: -202.0272710748175.
2026-07-17 22:02:57,859 - INFO - Optimal value of theta: 461.58260476170375.
2026-07-17 22:02:57,859 - INFO - Beginning optimization with guess, [0.75041955 2.22335335 0.14944689 0.10709706].
2026-07-17 22:02:59,547 - INFO - Finished optimization with guess, [0.75041955 2.22335335 0.14944689 0.10709706].
2026-07-17 22:02:59,548 - INFO - Best fit parameters: [0.10458075 2.35952897 0.13632643 0.01215437].
2026-07-17 22:02:59,606 - INFO - Maximum log composite likelihood: -141.9669450689551.
2026-07-17 22:02:59,606 - INFO - Optimal value of theta: 1448.8837253220618.
2026-07-17 22:02:59,607 - INFO - Beginning optimization with guess, [1.57282042 1.98967163 0.12870283 0.1214885 ].
2026-07-17 22:03:01,431 - INFO - Finished optimization with guess, [1.57282042 1.98967163 0.12870283 0.1214885 ].
2026-07-17 22:03:01,431 - INFO - Best fit parameters: [0.11728679 0.96741604 0.10413091 0.04649785].
2026-07-17 22:03:01,503 - INFO - Maximum log composite likelihood: -206.86979586237464.
2026-07-17 22:03:01,503 - INFO - Optimal value of theta: 945.3496006028612.
2026-07-17 22:03:01,504 - INFO - Beginning optimization with guess, [1.35511966 1.03122742 0.16300622 0.13132135].
2026-07-17 22:03:03,613 - INFO - Finished optimization with guess, [1.35511966 1.03122742 0.16300622 0.13132135].
2026-07-17 22:03:03,613 - INFO - Best fit parameters: [0.23220352 0.88972405 0.13684396 0.12921525].
2026-07-17 22:03:03,671 - INFO - Maximum log composite likelihood: -289.0931888979711.
2026-07-17 22:03:03,672 - INFO - Optimal value of theta: 673.9195638526455.
2026-07-17 22:03:03,672 - INFO - Beginning optimization with guess, [2.808919   1.72465064 0.18547615 0.0514265 ].
2026-07-17 22:03:17,430 - INFO - Finished optimization with guess, [2.808919   1.72465064 0.18547615 0.0514265 ].
2026-07-17 22:03:17,431 - INFO - Best fit parameters: [0.09380227 2.36164777 0.05047693 0.03547622].
2026-07-17 22:03:17,493 - INFO - Maximum log composite likelihood: -144.93133947838902.
2026-07-17 22:03:17,493 - INFO - Optimal value of theta: 773.2574397921893.
2026-07-17 22:03:17,494 - INFO - Beginning optimization with guess, [1.61743451 3.75422504 0.18414437 0.09195215].
2026-07-17 22:03:19,496 - INFO - Finished optimization with guess, [1.61743451 3.75422504 0.18414437 0.09195215].
2026-07-17 22:03:19,497 - INFO - Best fit parameters: [0.17360715 3.40432893 0.1381723  0.01982484].
2026-07-17 22:03:19,606 - INFO - Maximum log composite likelihood: -143.41074844974406.
2026-07-17 22:03:19,606 - INFO - Optimal value of theta: 908.9622274635982.
2026-07-17 22:03:19,607 - INFO - Beginning optimization with guess, [2.30996809 2.11430662 0.08478303 0.05229504].
2026-07-17 22:03:21,719 - INFO - Finished optimization with guess, [2.30996809 2.11430662 0.08478303 0.05229504].
2026-07-17 22:03:21,720 - INFO - Best fit parameters: [0.06789519 4.44134944 0.01780686 0.02526991].
2026-07-17 22:03:21,775 - INFO - Maximum log composite likelihood: -148.41304405377622.
2026-07-17 22:03:21,775 - INFO - Optimal value of theta: 678.8478742656617.
2026-07-17 22:03:21,775 - INFO - Beginning optimization with guess, [3.38282273 5.98535651 0.19237547 0.09827632].
2026-07-17 22:03:23,795 - INFO - Finished optimization with guess, [3.38282273 5.98535651 0.19237547 0.09827632].
2026-07-17 22:03:23,795 - INFO - Best fit parameters: [0.11362857 3.19742807 0.07448733 0.02411214].
2026-07-17 22:03:23,863 - INFO - Maximum log composite likelihood: -138.13899599701216.
2026-07-17 22:03:23,864 - INFO - Optimal value of theta: 877.3049318750226.
2026-07-17 22:03:23,864 - INFO - Beginning optimization with guess, [5.91941563 4.29067271 0.11546404 0.08697862].
2026-07-17 22:03:25,671 - INFO - Finished optimization with guess, [5.91941563 4.29067271 0.11546404 0.08697862].
2026-07-17 22:03:25,673 - INFO - Best fit parameters: [3.52002086e+00 7.55102540e+00 6.13480383e-03 1.06120934e-02].
2026-07-17 22:03:25,727 - INFO - Maximum log composite likelihood: -269.2870340431451.
2026-07-17 22:03:25,727 - INFO - Optimal value of theta: 433.1027761749017.
2026-07-17 22:03:25,727 - INFO - Beginning optimization with guess, [2.33823608 2.56976278 0.16223312 0.19382899].
2026-07-17 22:03:27,371 - INFO - Finished optimization with guess, [2.33823608 2.56976278 0.16223312 0.19382899].
2026-07-17 22:03:27,372 - INFO - Best fit parameters: [0.53285038 0.73206994 0.11978128 0.32686437].
2026-07-17 22:03:27,426 - INFO - Maximum log composite likelihood: -311.89630898008363.
2026-07-17 22:03:27,427 - INFO - Optimal value of theta: 599.1638753954664.
2026-07-17 22:03:27,427 - INFO - Beginning optimization with guess, [4.55965283 2.59213551 0.15027036 0.05463484].
2026-07-17 22:03:29,210 - INFO - Finished optimization with guess, [4.55965283 2.59213551 0.15027036 0.05463484].
2026-07-17 22:03:29,210 - INFO - Best fit parameters: [0.62125527 6.60777746 0.00933562 0.02861056].
2026-07-17 22:03:29,261 - INFO - Maximum log composite likelihood: -266.24365405483036.
2026-07-17 22:03:29,261 - INFO - Optimal value of theta: 418.51580076935505.
2026-07-17 22:03:29,261 - INFO - Beginning optimization with guess, [2.36597552 2.86999179 0.19205435 0.16622402].
2026-07-17 22:03:30,937 - INFO - Finished optimization with guess, [2.36597552 2.86999179 0.19205435 0.16622402].
2026-07-17 22:03:30,937 - INFO - Best fit parameters: [0.2795584  0.88487333 0.13993072 0.12101493].
2026-07-17 22:03:30,992 - INFO - Maximum log composite likelihood: -280.8212323405453.
2026-07-17 22:03:30,992 - INFO - Optimal value of theta: 647.1665012209446.
2026-07-17 22:03:30,992 - INFO - Beginning optimization with guess, [4.04440517 4.31368587 0.13912106 0.05602387].
2026-07-17 22:03:33,079 - INFO - Finished optimization with guess, [4.04440517 4.31368587 0.13912106 0.05602387].
2026-07-17 22:03:33,080 - INFO - Best fit parameters: [ 0.06147301 14.5717479   0.01671471  0.02735296].
2026-07-17 22:03:33,133 - INFO - Maximum log composite likelihood: -142.52123724671293.
2026-07-17 22:03:33,133 - INFO - Optimal value of theta: 655.543047310112.
2026-07-17 22:03:33,133 - INFO - Beginning optimization with guess, [4.97780952 4.83848273 0.12364252 0.1042868 ].
2026-07-17 22:03:34,669 - INFO - Finished optimization with guess, [4.97780952 4.83848273 0.12364252 0.1042868 ].
2026-07-17 22:03:34,670 - INFO - Best fit parameters: [1.45965135 6.37915381 0.00663022 0.01862874].
2026-07-17 22:03:34,721 - INFO - Maximum log composite likelihood: -270.2394039621014.
2026-07-17 22:03:34,721 - INFO - Optimal value of theta: 423.1485514106866.
2026-07-17 22:03:34,721 - INFO - Beginning optimization with guess, [2.45109596 6.7860079  0.1403989  0.14774569].
2026-07-17 22:03:36,344 - INFO - Finished optimization with guess, [2.45109596 6.7860079  0.1403989  0.14774569].
2026-07-17 22:03:36,344 - INFO - Best fit parameters: [0.10152344 2.78948485 0.08353789 0.02070762].
2026-07-17 22:03:36,399 - INFO - Maximum log composite likelihood: -138.71389334821941.
2026-07-17 22:03:36,399 - INFO - Optimal value of theta: 1016.8327257857204.
2026-07-17 22:03:36,400 - INFO - Beginning optimization with guess, [4.27285614 4.15838505 0.14060739 0.0509505 ].
2026-07-17 22:03:37,925 - INFO - Finished optimization with guess, [4.27285614 4.15838505 0.14060739 0.0509505 ].
2026-07-17 22:03:37,926 - INFO - Best fit parameters: [ 0.28256654 11.07360417  0.0118683   0.03737153].
2026-07-17 22:03:37,977 - INFO - Maximum log composite likelihood: -234.9395938652522.
2026-07-17 22:03:37,977 - INFO - Optimal value of theta: 428.46068049670373.
2026-07-17 22:03:37,978 - INFO - Converting and interpreting Tau estimates.
2026-07-17 22:03:37,980 - INFO - Finished demographic inference.
2026-07-17 22:03:37,981 - INFO - Pipeline executed succesfully.
