2026-07-21 10:21:45,168 - INFO - Beginning execution of fit_demographic_model.py in directory /u/project/kirk-bigdata/jonmah/sample_size_demography/Scripts

2026-07-21 10:21:45,168 - INFO - Progress is being logged to ../Analysis/tennessen_ooa_20/log.log

2026-07-21 10:21:45,168 - INFO - Parsed the following arguments:
	syn_input_sfs = ../Simulations/tennessen/ooa_20_sfs/dadi/pop1.sfs
	mask_singletons = False
	mask_doubletons = False
	sum_alleles = False
	L_syn = 100000000.0
	model_type = two_epoch
	input_params = []
	outprefix = ../Analysis/tennessen_ooa_20/

2026-07-21 10:21:45,169 - INFO - Beginning demographic inference for two-epoch demographic model.
2026-07-21 10:21:45,172 - INFO - Beginning optimization with guess, [0.0081657  0.10729128].
2026-07-21 10:21:45,934 - INFO - Finished optimization with guess, [0.0081657  0.10729128].
2026-07-21 10:21:45,934 - INFO - Best fit parameters: [0.01434225 0.05869515].
2026-07-21 10:21:45,959 - INFO - Maximum log composite likelihood: -46.80201854755046.
2026-07-21 10:21:45,959 - INFO - Optimal value of theta: 16730.61354791857.
2026-07-21 10:21:45,959 - INFO - Beginning optimization with guess, [0.03742102 0.13761977].
2026-07-21 10:21:46,178 - INFO - Finished optimization with guess, [0.03742102 0.13761977].
2026-07-21 10:21:46,178 - INFO - Best fit parameters: [0.04088141 0.12196341].
2026-07-21 10:21:46,197 - INFO - Maximum log composite likelihood: -46.82243116639418.
2026-07-21 10:21:46,197 - INFO - Optimal value of theta: 5780.80714925513.
2026-07-21 10:21:46,198 - INFO - Beginning optimization with guess, [0.03985573 0.18101995].
2026-07-21 10:21:46,408 - INFO - Finished optimization with guess, [0.03985573 0.18101995].
2026-07-21 10:21:46,409 - INFO - Best fit parameters: [0.04911054 0.13858714].
2026-07-21 10:21:46,426 - INFO - Maximum log composite likelihood: -46.80213758840409.
2026-07-21 10:21:46,427 - INFO - Optimal value of theta: 4883.234188523591.
2026-07-21 10:21:46,427 - INFO - Beginning optimization with guess, [0.03874912 0.09298392].
2026-07-21 10:21:46,786 - INFO - Finished optimization with guess, [0.03874912 0.09298392].
2026-07-21 10:21:46,786 - INFO - Best fit parameters: [0.03493582 0.11002637].
2026-07-21 10:21:46,807 - INFO - Maximum log composite likelihood: -46.81969829752319.
2026-07-21 10:21:46,807 - INFO - Optimal value of theta: 6772.266788642209.
2026-07-21 10:21:46,808 - INFO - Beginning optimization with guess, [0.1250383  0.07433244].
2026-07-21 10:21:46,917 - INFO - Finished optimization with guess, [0.1250383  0.07433244].
2026-07-21 10:21:46,917 - INFO - Best fit parameters: [0.29913746 0.2753631 ].
2026-07-21 10:21:46,927 - INFO - Maximum log composite likelihood: -47.85887587233128.
2026-07-21 10:21:46,927 - INFO - Optimal value of theta: 880.739384222133.
2026-07-21 10:21:46,928 - INFO - Beginning optimization with guess, [0.49062951 0.06017057].
2026-07-21 10:21:47,029 - INFO - Finished optimization with guess, [0.49062951 0.06017057].
2026-07-21 10:21:47,029 - INFO - Best fit parameters: [0.31618501 0.13369856].
2026-07-21 10:21:47,037 - INFO - Maximum log composite likelihood: -49.98951453916831.
2026-07-21 10:21:47,037 - INFO - Optimal value of theta: 675.8626379960153.
2026-07-21 10:21:47,038 - INFO - Beginning optimization with guess, [0.26026473 0.15271789].
2026-07-21 10:21:47,176 - INFO - Finished optimization with guess, [0.26026473 0.15271789].
2026-07-21 10:21:47,176 - INFO - Best fit parameters: [0.28377209 0.23915928].
2026-07-21 10:21:47,187 - INFO - Maximum log composite likelihood: -47.25178729995122.
2026-07-21 10:21:47,187 - INFO - Optimal value of theta: 868.3683828141812.
2026-07-21 10:21:47,187 - INFO - Beginning optimization with guess, [1.28947994 0.17791137].
2026-07-21 10:21:47,282 - INFO - Finished optimization with guess, [1.28947994 0.17791137].
2026-07-21 10:21:47,282 - INFO - Best fit parameters: [0.27234392 0.20474974].
2026-07-21 10:21:47,291 - INFO - Maximum log composite likelihood: -47.423069711200725.
2026-07-21 10:21:47,291 - INFO - Optimal value of theta: 842.7672018167954.
2026-07-21 10:21:47,291 - INFO - Beginning optimization with guess, [1.05617991 0.06559346].
2026-07-21 10:21:47,435 - INFO - Finished optimization with guess, [1.05617991 0.06559346].
2026-07-21 10:21:47,435 - INFO - Best fit parameters: [0.11836778 0.10587655].
2026-07-21 10:21:47,444 - INFO - Maximum log composite likelihood: -62.23355543079467.
2026-07-21 10:21:47,444 - INFO - Optimal value of theta: 1143.7510751153134.
2026-07-21 10:21:47,445 - INFO - Beginning optimization with guess, [2.0276476  0.05187491].
2026-07-21 10:21:47,542 - INFO - Finished optimization with guess, [2.0276476  0.05187491].
2026-07-21 10:21:47,542 - INFO - Best fit parameters: [0.15194273 0.02182862].
2026-07-21 10:21:47,548 - INFO - Maximum log composite likelihood: -64.65678900599443.
2026-07-21 10:21:47,548 - INFO - Optimal value of theta: 576.9411302896781.
2026-07-21 10:21:47,549 - INFO - Beginning optimization with guess, [0.85638295 0.06637989].
2026-07-21 10:21:47,638 - INFO - Finished optimization with guess, [0.85638295 0.06637989].
2026-07-21 10:21:47,638 - INFO - Best fit parameters: [0.20081148 0.16575954].
2026-07-21 10:21:47,647 - INFO - Maximum log composite likelihood: -49.867816212521205.
2026-07-21 10:21:47,647 - INFO - Optimal value of theta: 962.0361148998737.
2026-07-21 10:21:47,647 - INFO - Beginning optimization with guess, [1.68672239 0.14478211].
2026-07-21 10:21:47,830 - INFO - Finished optimization with guess, [1.68672239 0.14478211].
2026-07-21 10:21:47,830 - INFO - Best fit parameters: [0.08771555 0.17052563].
2026-07-21 10:21:47,844 - INFO - Maximum log composite likelihood: -47.9796230059853.
2026-07-21 10:21:47,844 - INFO - Optimal value of theta: 2405.989888025603.
2026-07-21 10:21:47,844 - INFO - Beginning optimization with guess, [3.03167185 0.07722057].
2026-07-21 10:21:47,939 - INFO - Finished optimization with guess, [3.03167185 0.07722057].
2026-07-21 10:21:47,939 - INFO - Best fit parameters: [0.23643588 0.01754875].
2026-07-21 10:21:47,944 - INFO - Maximum log composite likelihood: -74.40053167775363.
2026-07-21 10:21:47,945 - INFO - Optimal value of theta: 514.125693286679.
2026-07-21 10:21:47,945 - INFO - Beginning optimization with guess, [1.19549611 0.06644581].
2026-07-21 10:21:48,173 - INFO - Finished optimization with guess, [1.19549611 0.06644581].
2026-07-21 10:21:48,175 - INFO - Best fit parameters: [0.18875645 0.06905429].
2026-07-21 10:21:48,181 - INFO - Maximum log composite likelihood: -57.93601898955899.
2026-07-21 10:21:48,181 - INFO - Optimal value of theta: 710.7158790174594.
2026-07-21 10:21:48,182 - INFO - Beginning optimization with guess, [2.13437278 0.12205822].
2026-07-21 10:21:48,255 - INFO - Finished optimization with guess, [2.13437278 0.12205822].
2026-07-21 10:21:48,255 - INFO - Best fit parameters: [0.273036   0.06760679].
2026-07-21 10:21:48,262 - INFO - Maximum log composite likelihood: -55.840736066294426.
2026-07-21 10:21:48,262 - INFO - Optimal value of theta: 612.594017092821.
2026-07-21 10:21:48,262 - INFO - Beginning optimization with guess, [2.93821904 0.12333086].
2026-07-21 10:21:48,496 - INFO - Finished optimization with guess, [2.93821904 0.12333086].
2026-07-21 10:21:48,496 - INFO - Best fit parameters: [0.22181471 0.04120067].
2026-07-21 10:21:48,502 - INFO - Maximum log composite likelihood: -60.22870743233938.
2026-07-21 10:21:48,502 - INFO - Optimal value of theta: 591.0508720876388.
2026-07-21 10:21:48,502 - INFO - Beginning optimization with guess, [3.15703538 0.0738134 ].
2026-07-21 10:21:48,587 - INFO - Finished optimization with guess, [3.15703538 0.0738134 ].
2026-07-21 10:21:48,587 - INFO - Best fit parameters: [0.25500316 0.01580252].
2026-07-21 10:21:48,593 - INFO - Maximum log composite likelihood: -77.85199079273673.
2026-07-21 10:21:48,593 - INFO - Optimal value of theta: 503.53973694556345.
2026-07-21 10:21:48,593 - INFO - Beginning optimization with guess, [3.58345546 0.08969042].
2026-07-21 10:21:48,658 - INFO - Finished optimization with guess, [3.58345546 0.08969042].
2026-07-21 10:21:48,658 - INFO - Best fit parameters: [0.27070146 0.01513324].
2026-07-21 10:21:48,664 - INFO - Maximum log composite likelihood: -79.90477413653079.
2026-07-21 10:21:48,664 - INFO - Optimal value of theta: 497.93765322193815.
2026-07-21 10:21:48,664 - INFO - Beginning optimization with guess, [4.71240599 0.1058518 ].
2026-07-21 10:21:48,729 - INFO - Finished optimization with guess, [4.71240599 0.1058518 ].
2026-07-21 10:21:48,729 - INFO - Best fit parameters: [1.22491583 0.01638751].
2026-07-21 10:21:48,734 - INFO - Maximum log composite likelihood: -107.92336201615785.
2026-07-21 10:21:48,734 - INFO - Optimal value of theta: 449.0818616800782.
2026-07-21 10:21:48,734 - INFO - Beginning optimization with guess, [2.52985031 0.15506736].
2026-07-21 10:21:48,807 - INFO - Finished optimization with guess, [2.52985031 0.15506736].
2026-07-21 10:21:48,807 - INFO - Best fit parameters: [0.24639953 0.08232212].
2026-07-21 10:21:48,814 - INFO - Maximum log composite likelihood: -53.961427879435206.
2026-07-21 10:21:48,814 - INFO - Optimal value of theta: 666.7502292104507.
2026-07-21 10:21:48,814 - INFO - Beginning optimization with guess, [2.81882526 0.07834434].
2026-07-21 10:21:56,641 - INFO - Finished optimization with guess, [2.81882526 0.07834434].
2026-07-21 10:21:56,642 - INFO - Best fit parameters: [0.23158397 0.02158696].
2026-07-21 10:21:56,648 - INFO - Maximum log composite likelihood: -70.39499624180237.
2026-07-21 10:21:56,648 - INFO - Optimal value of theta: 528.3510651548838.
2026-07-21 10:21:56,648 - INFO - Beginning optimization with guess, [5.03501891 0.07258197].
2026-07-21 10:21:56,720 - INFO - Finished optimization with guess, [5.03501891 0.07258197].
2026-07-21 10:21:56,720 - INFO - Best fit parameters: [1.82073537 0.0103327 ].
2026-07-21 10:21:56,726 - INFO - Maximum log composite likelihood: -109.61935063690657.
2026-07-21 10:21:56,726 - INFO - Optimal value of theta: 446.9974316331435.
2026-07-21 10:21:56,726 - INFO - Beginning optimization with guess, [7.68599787 0.13397898].
2026-07-21 10:21:56,798 - INFO - Finished optimization with guess, [7.68599787 0.13397898].
2026-07-21 10:21:56,798 - INFO - Best fit parameters: [4.36973338 0.01595846].
2026-07-21 10:21:56,804 - INFO - Maximum log composite likelihood: -117.78713107213031.
2026-07-21 10:21:56,804 - INFO - Optimal value of theta: 437.99356197297243.
2026-07-21 10:21:56,804 - INFO - Beginning optimization with guess, [6.83323213 0.12221271].
2026-07-21 10:21:56,875 - INFO - Finished optimization with guess, [6.83323213 0.12221271].
2026-07-21 10:21:56,875 - INFO - Best fit parameters: [3.45773075 0.01523865].
2026-07-21 10:21:56,881 - INFO - Maximum log composite likelihood: -116.12081166727828.
2026-07-21 10:21:56,881 - INFO - Optimal value of theta: 439.73449260408506.
2026-07-21 10:21:56,881 - INFO - Beginning optimization with guess, [9.70674639 0.06358267].
2026-07-21 10:21:56,952 - INFO - Finished optimization with guess, [9.70674639 0.06358267].
2026-07-21 10:21:56,952 - INFO - Best fit parameters: [6.82059319 0.00772633].
2026-07-21 10:21:56,958 - INFO - Maximum log composite likelihood: -111.72189053267516.
2026-07-21 10:21:56,958 - INFO - Optimal value of theta: 444.48915427323783.
2026-07-21 10:21:56,959 - INFO - Converting and interpreting Tau estimates.
2026-07-21 10:21:56,963 - INFO - Finished demographic inference.
2026-07-21 10:21:56,963 - INFO - Pipeline executed succesfully.
