2026-07-16 00:01:10,085 - INFO - Beginning execution of fit_demographic_model.py in directory /u/project/kirk-bigdata/jonmah/sample_size_demography/Scripts

2026-07-16 00:01:10,085 - INFO - Progress is being logged to ../Analysis/tennessen_ooa_420/log.log

2026-07-16 00:01:10,085 - INFO - Parsed the following arguments:
	syn_input_sfs = ../Simulations/tennessen/ooa_420_sfs/dadi/pop1.sfs
	mask_singletons = False
	mask_doubletons = False
	sum_alleles = False
	L_syn = 100000000.0
	model_type = three_epoch
	input_params = []
	outprefix = ../Analysis/tennessen_ooa_420/

2026-07-16 00:01:10,090 - INFO - Beginning demographic inference for three-epoch demographic model.
2026-07-16 00:01:10,093 - INFO - Beginning optimization with guess, [0.01477185 0.00805203 0.11283656 0.0651034 ].
2026-07-16 00:01:22,019 - INFO - Finished optimization with guess, [0.01477185 0.00805203 0.11283656 0.0651034 ].
2026-07-16 00:01:22,022 - INFO - Best fit parameters: [0.01153075 0.00452459 0.11851745 0.14162014].
2026-07-16 00:01:23,431 - INFO - Maximum log composite likelihood: -1929.4060342023654.
2026-07-16 00:01:23,431 - INFO - Optimal value of theta: 152362.31327382405.
2026-07-16 00:01:23,431 - INFO - Beginning optimization with guess, [0.02217529 0.02195655 0.18762993 0.05703552].
2026-07-16 00:02:20,092 - INFO - Finished optimization with guess, [0.02217529 0.02195655 0.18762993 0.05703552].
2026-07-16 00:02:20,095 - INFO - Best fit parameters: [0.00887041 0.04960485 0.20076378 0.05951006].
2026-07-16 00:02:21,216 - INFO - Maximum log composite likelihood: -1832.435407904088.
2026-07-16 00:02:21,216 - INFO - Optimal value of theta: 15650.782400424641.
2026-07-16 00:02:21,216 - INFO - Beginning optimization with guess, [0.05197246 0.06261962 0.13581793 0.18298946].
2026-07-16 00:02:58,481 - INFO - Finished optimization with guess, [0.05197246 0.06261962 0.13581793 0.18298946].
2026-07-16 00:02:58,482 - INFO - Best fit parameters: [0.02212266 0.14166682 0.23822805 0.13602168].
2026-07-16 00:02:59,412 - INFO - Maximum log composite likelihood: -1824.6385164803278.
2026-07-16 00:02:59,412 - INFO - Optimal value of theta: 5701.622226089346.
2026-07-16 00:02:59,412 - INFO - Beginning optimization with guess, [0.03910962 0.04071406 0.09818485 0.10356515].
2026-07-16 00:03:36,153 - INFO - Finished optimization with guess, [0.03910962 0.04071406 0.09818485 0.10356515].
2026-07-16 00:03:36,155 - INFO - Best fit parameters: [0.0155915  0.08914718 0.17403658 0.0843977 ].
2026-07-16 00:03:37,144 - INFO - Maximum log composite likelihood: -1824.4327772395486.
2026-07-16 00:03:37,144 - INFO - Optimal value of theta: 9046.966613917046.
2026-07-16 00:03:37,144 - INFO - Beginning optimization with guess, [0.08363143 0.08249062 0.07441934 0.06205338].
2026-07-16 00:04:10,545 - INFO - Finished optimization with guess, [0.08363143 0.08249062 0.07441934 0.06205338].
2026-07-16 00:04:10,546 - INFO - Best fit parameters: [0.04118997 0.14329886 0.14328888 0.0810923 ].
2026-07-16 00:04:11,448 - INFO - Maximum log composite likelihood: -1810.8360947650606.
2026-07-16 00:04:11,448 - INFO - Optimal value of theta: 5553.659891473978.
2026-07-16 00:04:11,448 - INFO - Beginning optimization with guess, [0.32067348 0.14851708 0.15047612 0.19876393].
2026-07-16 00:04:28,353 - INFO - Finished optimization with guess, [0.32067348 0.14851708 0.15047612 0.19876393].
2026-07-16 00:04:28,355 - INFO - Best fit parameters: [0.20618902 0.10933419 0.19952493 0.68770859].
2026-07-16 00:04:29,210 - INFO - Maximum log composite likelihood: -1933.039759194582.
2026-07-16 00:04:29,211 - INFO - Optimal value of theta: 6285.786974414138.
2026-07-16 00:04:29,211 - INFO - Beginning optimization with guess, [0.27413715 0.32723967 0.53696126 0.17449018].
2026-07-16 00:04:45,147 - INFO - Finished optimization with guess, [0.27413715 0.32723967 0.53696126 0.17449018].
2026-07-16 00:04:45,149 - INFO - Best fit parameters: [0.20176587 0.4763785  0.65665428 0.15791909].
2026-07-16 00:04:45,948 - INFO - Maximum log composite likelihood: -1769.014184234073.
2026-07-16 00:04:45,948 - INFO - Optimal value of theta: 1764.9583810013999.
2026-07-16 00:04:45,948 - INFO - Beginning optimization with guess, [0.60417994 0.45519054 0.06861878 0.06047779].
2026-07-16 00:05:00,703 - INFO - Finished optimization with guess, [0.60417994 0.45519054 0.06861878 0.06047779].
2026-07-16 00:05:00,705 - INFO - Best fit parameters: [2.91085935e-01 8.22511064e+01 7.00576238e-02 1.16316463e-02].
2026-07-16 00:05:01,446 - INFO - Maximum log composite likelihood: -680.2259153510993.
2026-07-16 00:05:01,446 - INFO - Optimal value of theta: 739.910014375213.
2026-07-16 00:05:01,446 - INFO - Beginning optimization with guess, [1.71891423 1.79735021 0.05743539 0.05086764].
2026-07-16 00:05:19,723 - INFO - Finished optimization with guess, [1.71891423 1.79735021 0.05743539 0.05086764].
2026-07-16 00:05:19,725 - INFO - Best fit parameters: [ 0.44597885 21.97309623  0.04787612  0.03173558].
2026-07-16 00:05:20,463 - INFO - Maximum log composite likelihood: -532.4500696522271.
2026-07-16 00:05:20,463 - INFO - Optimal value of theta: 452.4067406783433.
2026-07-16 00:05:20,464 - INFO - Beginning optimization with guess, [1.13304911 1.86270767 0.05472048 0.05399904].
2026-07-16 00:05:38,759 - INFO - Finished optimization with guess, [1.13304911 1.86270767 0.05472048 0.05399904].
2026-07-16 00:05:38,761 - INFO - Best fit parameters: [ 0.30772206 16.69026206  0.06575222  0.03001255].
2026-07-16 00:05:39,495 - INFO - Maximum log composite likelihood: -500.5280320581743.
2026-07-16 00:05:39,495 - INFO - Optimal value of theta: 524.5727683046354.
2026-07-16 00:05:39,496 - INFO - Beginning optimization with guess, [1.06041601 2.64045466 0.05155223 0.18074595].
2026-07-16 00:05:57,803 - INFO - Finished optimization with guess, [1.06041601 2.64045466 0.05155223 0.18074595].
2026-07-16 00:05:57,805 - INFO - Best fit parameters: [4.20753581e-01 1.13474311e+02 5.96383840e-02 2.04975706e-02].
2026-07-16 00:05:58,541 - INFO - Maximum log composite likelihood: -607.644041896155.
2026-07-16 00:05:58,542 - INFO - Optimal value of theta: 520.5235870068118.
2026-07-16 00:05:58,542 - INFO - Beginning optimization with guess, [2.2504419  2.1602646  0.08061588 0.06694857].
2026-07-16 00:06:13,133 - INFO - Finished optimization with guess, [2.2504419  2.1602646  0.08061588 0.06694857].
2026-07-16 00:06:13,134 - INFO - Best fit parameters: [3.86494699e-01 3.34029346e+01 4.81865373e-02 3.15173005e-02].
2026-07-16 00:06:13,873 - INFO - Maximum log composite likelihood: -547.0715541807843.
2026-07-16 00:06:13,874 - INFO - Optimal value of theta: 448.702325216085.
2026-07-16 00:06:13,874 - INFO - Beginning optimization with guess, [3.2979341  1.44927165 0.11676735 0.10077311].
2026-07-16 00:06:28,645 - INFO - Finished optimization with guess, [3.2979341  1.44927165 0.11676735 0.10077311].
2026-07-16 00:06:28,647 - INFO - Best fit parameters: [8.84131290e-01 7.13639679e+01 3.27845656e-02 2.02554545e-02].
2026-07-16 00:06:29,455 - INFO - Maximum log composite likelihood: -598.4949493770099.
2026-07-16 00:06:29,455 - INFO - Optimal value of theta: 440.92905658647993.
2026-07-16 00:06:29,456 - INFO - Beginning optimization with guess, [2.91386643 2.11489679 0.18216285 0.08101936].
2026-07-16 00:06:45,623 - INFO - Finished optimization with guess, [2.91386643 2.11489679 0.18216285 0.08101936].
2026-07-16 00:06:45,625 - INFO - Best fit parameters: [4.99031824e-01 3.77372538e+01 7.61858218e-02 2.39252692e-02].
2026-07-16 00:06:46,437 - INFO - Maximum log composite likelihood: -532.2200161144144.
2026-07-16 00:06:46,437 - INFO - Optimal value of theta: 491.36277518017715.
2026-07-16 00:06:46,437 - INFO - Beginning optimization with guess, [2.08986041 3.26128667 0.13877752 0.05805722].
2026-07-16 00:07:05,337 - INFO - Finished optimization with guess, [2.08986041 3.26128667 0.13877752 0.05805722].
2026-07-16 00:07:05,339 - INFO - Best fit parameters: [ 0.33027323 21.45388601  0.09606682  0.0221957 ].
2026-07-16 00:07:06,159 - INFO - Maximum log composite likelihood: -499.0788939925995.
2026-07-16 00:07:06,160 - INFO - Optimal value of theta: 593.223070665316.
2026-07-16 00:07:06,160 - INFO - Beginning optimization with guess, [3.31970234 1.8737082  0.05957464 0.09160592].
2026-07-16 00:07:22,302 - INFO - Finished optimization with guess, [3.31970234 1.8737082  0.05957464 0.09160592].
2026-07-16 00:07:22,303 - INFO - Best fit parameters: [1.83738219e+00 4.16345478e+01 1.90686687e-02 2.38222323e-02].
2026-07-16 00:07:23,118 - INFO - Maximum log composite likelihood: -599.7795240018123.
2026-07-16 00:07:23,118 - INFO - Optimal value of theta: 384.25720284099225.
2026-07-16 00:07:23,118 - INFO - Beginning optimization with guess, [3.41296494 1.57041069 0.05780951 0.12647923].
2026-07-16 00:07:39,241 - INFO - Finished optimization with guess, [3.41296494 1.57041069 0.05780951 0.12647923].
2026-07-16 00:07:39,243 - INFO - Best fit parameters: [1.61315177e+00 8.96636417e+01 2.02608741e-02 1.95285499e-02].
2026-07-16 00:07:40,054 - INFO - Maximum log composite likelihood: -597.3695532038249.
2026-07-16 00:07:40,054 - INFO - Optimal value of theta: 406.1392450427115.
2026-07-16 00:07:40,054 - INFO - Beginning optimization with guess, [1.63871142 1.76558632 0.1576322  0.12192535].
2026-07-16 00:08:00,217 - INFO - Finished optimization with guess, [1.63871142 1.76558632 0.1576322  0.12192535].
2026-07-16 00:08:00,219 - INFO - Best fit parameters: [1.53850394e-01 4.24839641e+02 8.53027046e-02 9.33307003e-03].
2026-07-16 00:08:00,966 - INFO - Maximum log composite likelihood: -816.4931632111244.
2026-07-16 00:08:00,966 - INFO - Optimal value of theta: 1020.3209990979476.
2026-07-16 00:08:00,967 - INFO - Beginning optimization with guess, [3.21200836 2.77807641 0.12788852 0.10107566].
2026-07-16 00:08:16,148 - INFO - Finished optimization with guess, [3.21200836 2.77807641 0.12788852 0.10107566].
2026-07-16 00:08:16,149 - INFO - Best fit parameters: [5.55986442e-01 3.42001498e+01 4.79798234e-02 3.30584200e-02].
2026-07-16 00:08:16,891 - INFO - Maximum log composite likelihood: -559.2089031349699.
2026-07-16 00:08:16,891 - INFO - Optimal value of theta: 410.399918538684.
2026-07-16 00:08:16,891 - INFO - Beginning optimization with guess, [3.73620625 3.69193956 0.07004199 0.15711162].
2026-07-16 00:08:31,538 - INFO - Finished optimization with guess, [3.73620625 3.69193956 0.07004199 0.15711162].
2026-07-16 00:08:31,543 - INFO - Best fit parameters: [1.84037076e+00 2.34089291e+01 2.38740419e-02 1.34541307e-02].
2026-07-16 00:08:32,293 - INFO - Maximum log composite likelihood: -695.5674244848158.
2026-07-16 00:08:32,293 - INFO - Optimal value of theta: 454.36842233880833.
2026-07-16 00:08:32,293 - INFO - Beginning optimization with guess, [6.41638633 2.76242745 0.11320849 0.06850789].
2026-07-16 00:08:48,490 - INFO - Finished optimization with guess, [6.41638633 2.76242745 0.11320849 0.06850789].
2026-07-16 00:08:48,491 - INFO - Best fit parameters: [4.91873551e+00 2.68383406e+01 1.58735374e-02 1.86298966e-02].
2026-07-16 00:08:49,301 - INFO - Maximum log composite likelihood: -614.0289629585119.
2026-07-16 00:08:49,301 - INFO - Optimal value of theta: 394.1627459812131.
2026-07-16 00:08:49,301 - INFO - Beginning optimization with guess, [7.89898177 6.51602775 0.09516442 0.18016966].
2026-07-16 00:09:04,951 - INFO - Finished optimization with guess, [7.89898177 6.51602775 0.09516442 0.18016966].
2026-07-16 00:09:04,953 - INFO - Best fit parameters: [9.78478153e+00 2.52485516e+01 2.00781636e-02 1.29011045e-02].
2026-07-16 00:09:05,688 - INFO - Maximum log composite likelihood: -614.2649516934158.
2026-07-16 00:09:05,688 - INFO - Optimal value of theta: 392.84936945043347.
2026-07-16 00:09:05,688 - INFO - Beginning optimization with guess, [5.90766213 4.46946879 0.12249768 0.16982053].
2026-07-16 00:09:25,777 - INFO - Finished optimization with guess, [5.90766213 4.46946879 0.12249768 0.16982053].
2026-07-16 00:09:25,779 - INFO - Best fit parameters: [2.27726603e+00 7.14423470e+01 9.51191899e-03 2.00611475e-02].
2026-07-16 00:09:26,584 - INFO - Maximum log composite likelihood: -590.8334452669546.
2026-07-16 00:09:26,584 - INFO - Optimal value of theta: 406.1920416940844.
2026-07-16 00:09:26,585 - INFO - Beginning optimization with guess, [6.54190929 3.82389482 0.09943801 0.06712143].
2026-07-16 00:09:42,627 - INFO - Finished optimization with guess, [6.54190929 3.82389482 0.09943801 0.06712143].
2026-07-16 00:09:42,628 - INFO - Best fit parameters: [4.67008660e+00 2.51701639e+01 1.70285425e-02 1.89471865e-02].
2026-07-16 00:09:43,431 - INFO - Maximum log composite likelihood: -619.8164826058754.
2026-07-16 00:09:43,431 - INFO - Optimal value of theta: 392.54902927064745.
2026-07-16 00:09:43,431 - INFO - Beginning optimization with guess, [5.27662919 3.05978052 0.08908385 0.11941415].
2026-07-16 00:09:59,424 - INFO - Finished optimization with guess, [5.27662919 3.05978052 0.08908385 0.11941415].
2026-07-16 00:09:59,425 - INFO - Best fit parameters: [4.65614689e+00 6.92494816e+01 1.17660636e-02 1.37938187e-02].
2026-07-16 00:10:00,233 - INFO - Maximum log composite likelihood: -603.7938398960227.
2026-07-16 00:10:00,233 - INFO - Optimal value of theta: 426.14390988730077.
2026-07-16 00:10:00,237 - INFO - Converting and interpreting Tau estimates.
2026-07-16 00:10:00,241 - INFO - Finished demographic inference.
2026-07-16 00:10:00,241 - INFO - Pipeline executed succesfully.
