2026-07-16 00:01:05,355 - INFO - Beginning execution of fit_demographic_model.py in directory /u/project/kirk-bigdata/jonmah/sample_size_demography/Scripts

2026-07-16 00:01:05,356 - INFO - Progress is being logged to ../Analysis/tennessen_ooa_100/log.log

2026-07-16 00:01:05,356 - INFO - Parsed the following arguments:
	syn_input_sfs = ../Simulations/tennessen/ooa_100_sfs/dadi/pop1.sfs
	mask_singletons = False
	mask_doubletons = False
	sum_alleles = False
	L_syn = 100000000.0
	model_type = three_epoch
	input_params = []
	outprefix = ../Analysis/tennessen_ooa_100/

2026-07-16 00:01:05,358 - INFO - Beginning demographic inference for three-epoch demographic model.
2026-07-16 00:01:05,361 - INFO - Beginning optimization with guess, [0.00729506 0.00918003 0.14239177 0.05776717].
2026-07-16 00:01:08,329 - INFO - Finished optimization with guess, [0.00729506 0.00918003 0.14239177 0.05776717].
2026-07-16 00:01:08,330 - INFO - Best fit parameters: [0.00992645 0.00408188 0.14239137 0.09507663].
2026-07-16 00:01:08,669 - INFO - Maximum log composite likelihood: -393.050897648469.
2026-07-16 00:01:08,669 - INFO - Optimal value of theta: 120842.13169439003.
2026-07-16 00:01:08,670 - INFO - Beginning optimization with guess, [0.03410409 0.02942712 0.05994516 0.16652246].
2026-07-16 00:01:12,282 - INFO - Finished optimization with guess, [0.03410409 0.02942712 0.05994516 0.16652246].
2026-07-16 00:01:12,282 - INFO - Best fit parameters: [0.03576424 0.03297152 0.05740587 0.14431756].
2026-07-16 00:01:12,405 - INFO - Maximum log composite likelihood: -389.8884247215196.
2026-07-16 00:01:12,405 - INFO - Optimal value of theta: 14343.135249259481.
2026-07-16 00:01:12,405 - INFO - Beginning optimization with guess, [0.08369409 0.04226095 0.08238063 0.14922304].
2026-07-16 00:01:22,661 - INFO - Finished optimization with guess, [0.08369409 0.04226095 0.08238063 0.14922304].
2026-07-16 00:01:22,662 - INFO - Best fit parameters: [0.07136493 0.04330384 0.09463543 0.17799941].
2026-07-16 00:01:22,781 - INFO - Maximum log composite likelihood: -389.6798379396762.
2026-07-16 00:01:22,781 - INFO - Optimal value of theta: 10749.008209450329.
2026-07-16 00:01:22,782 - INFO - Beginning optimization with guess, [0.06341859 0.06519545 0.07803533 0.08925621].
2026-07-16 00:01:25,143 - INFO - Finished optimization with guess, [0.06341859 0.06519545 0.07803533 0.08925621].
2026-07-16 00:01:25,143 - INFO - Best fit parameters: [0.03932954 0.05696462 0.12162791 0.16395535].
2026-07-16 00:01:25,266 - INFO - Maximum log composite likelihood: -391.4943327329379.
2026-07-16 00:01:25,266 - INFO - Optimal value of theta: 8532.858536755677.
2026-07-16 00:01:25,266 - INFO - Beginning optimization with guess, [0.10079799 0.06484844 0.16518034 0.14869408].
2026-07-16 00:01:31,592 - INFO - Finished optimization with guess, [0.10079799 0.06484844 0.16518034 0.14869408].
2026-07-16 00:01:31,594 - INFO - Best fit parameters: [0.08678357 0.06298007 0.20496799 0.17986882].
2026-07-16 00:01:31,711 - INFO - Maximum log composite likelihood: -389.67862994223236.
2026-07-16 00:01:31,711 - INFO - Optimal value of theta: 7406.102108334354.
2026-07-16 00:01:31,711 - INFO - Beginning optimization with guess, [0.46804558 0.39572702 0.12735656 0.1140983 ].
2026-07-16 00:01:33,430 - INFO - Finished optimization with guess, [0.46804558 0.39572702 0.12735656 0.1140983 ].
2026-07-16 00:01:33,430 - INFO - Best fit parameters: [0.2186921  2.90939122 0.13144602 0.03324398].
2026-07-16 00:01:33,516 - INFO - Maximum log composite likelihood: -179.370652183541.
2026-07-16 00:01:33,517 - INFO - Optimal value of theta: 716.4278889569183.
2026-07-16 00:01:33,517 - INFO - Beginning optimization with guess, [0.45933263 0.55962064 0.29647705 0.11949032].
2026-07-16 00:01:36,601 - INFO - Finished optimization with guess, [0.45933263 0.55962064 0.29647705 0.11949032].
2026-07-16 00:01:36,602 - INFO - Best fit parameters: [0.27010214 3.30046832 0.16839289 0.02233675].
2026-07-16 00:01:36,688 - INFO - Maximum log composite likelihood: -179.41876451027343.
2026-07-16 00:01:36,688 - INFO - Optimal value of theta: 750.9390352197311.
2026-07-16 00:01:36,688 - INFO - Beginning optimization with guess, [1.01853039 1.16313577 0.06577054 0.18812216].
2026-07-16 00:01:39,764 - INFO - Finished optimization with guess, [1.01853039 1.16313577 0.06577054 0.18812216].
2026-07-16 00:01:39,765 - INFO - Best fit parameters: [0.08147872 0.75421898 0.07185369 0.05561656].
2026-07-16 00:01:39,853 - INFO - Maximum log composite likelihood: -269.4028121983077.
2026-07-16 00:01:39,854 - INFO - Optimal value of theta: 1020.9973141007727.
2026-07-16 00:01:39,854 - INFO - Beginning optimization with guess, [1.20847071 0.7714516  0.1458324  0.08333226].
2026-07-16 00:01:41,555 - INFO - Finished optimization with guess, [1.20847071 0.7714516  0.1458324  0.08333226].
2026-07-16 00:01:41,555 - INFO - Best fit parameters: [0.2455361  4.38156838 0.11157231 0.04295093].
2026-07-16 00:01:41,640 - INFO - Maximum log composite likelihood: -193.339901085517.
2026-07-16 00:01:41,640 - INFO - Optimal value of theta: 594.4429188776211.
2026-07-16 00:01:41,641 - INFO - Beginning optimization with guess, [1.79504486 1.18669393 0.1254091  0.15949651].
2026-07-16 00:01:43,331 - INFO - Finished optimization with guess, [1.79504486 1.18669393 0.1254091  0.15949651].
2026-07-16 00:01:43,331 - INFO - Best fit parameters: [0.44445736 0.98100267 0.0768581  0.25464132].
2026-07-16 00:01:43,416 - INFO - Maximum log composite likelihood: -380.6327431032026.
2026-07-16 00:01:43,417 - INFO - Optimal value of theta: 527.5221124647368.
2026-07-16 00:01:43,417 - INFO - Beginning optimization with guess, [2.6292058  1.14098037 0.19370614 0.05274579].
2026-07-16 00:01:45,099 - INFO - Finished optimization with guess, [2.6292058  1.14098037 0.19370614 0.05274579].
2026-07-16 00:01:45,100 - INFO - Best fit parameters: [0.3167237  2.97216103 0.05653388 0.05856984].
2026-07-16 00:01:45,183 - INFO - Maximum log composite likelihood: -224.75447934277307.
2026-07-16 00:01:45,183 - INFO - Optimal value of theta: 482.4650358009587.
2026-07-16 00:01:45,183 - INFO - Beginning optimization with guess, [1.52846505 1.65761654 0.1980482  0.16394315].
2026-07-16 00:01:48,512 - INFO - Finished optimization with guess, [1.52846505 1.65761654 0.1980482  0.16394315].
2026-07-16 00:01:48,512 - INFO - Best fit parameters: [0.29436601 1.04684251 0.17565992 0.10775893].
2026-07-16 00:01:48,600 - INFO - Maximum log composite likelihood: -327.0564527925127.
2026-07-16 00:01:48,600 - INFO - Optimal value of theta: 648.859223937548.
2026-07-16 00:01:48,600 - INFO - Beginning optimization with guess, [3.90150613 3.43797476 0.16913898 0.06903266].
2026-07-16 00:01:50,485 - INFO - Finished optimization with guess, [3.90150613 3.43797476 0.16913898 0.06903266].
2026-07-16 00:01:50,486 - INFO - Best fit parameters: [0.19031713 4.97782571 0.02961204 0.02370418].
2026-07-16 00:01:50,584 - INFO - Maximum log composite likelihood: -209.73076308264922.
2026-07-16 00:01:50,584 - INFO - Optimal value of theta: 586.827015765458.
2026-07-16 00:01:50,584 - INFO - Beginning optimization with guess, [2.45972215 4.23544562 0.06293502 0.09693305].
2026-07-16 00:01:52,574 - INFO - Finished optimization with guess, [2.45972215 4.23544562 0.06293502 0.09693305].
2026-07-16 00:01:52,574 - INFO - Best fit parameters: [0.65579182 4.10985788 0.02726551 0.02303765].
2026-07-16 00:01:52,671 - INFO - Maximum log composite likelihood: -290.07815669048074.
2026-07-16 00:01:52,671 - INFO - Optimal value of theta: 457.96504047716246.
2026-07-16 00:01:52,671 - INFO - Beginning optimization with guess, [1.54454712 4.55033772 0.17770151 0.1608163 ].
2026-07-16 00:01:54,846 - INFO - Finished optimization with guess, [1.54454712 4.55033772 0.17770151 0.1608163 ].
2026-07-16 00:01:54,846 - INFO - Best fit parameters: [0.15290369 2.57457233 0.14253564 0.01680196].
2026-07-16 00:01:54,959 - INFO - Maximum log composite likelihood: -170.36723702162067.
2026-07-16 00:01:54,960 - INFO - Optimal value of theta: 1054.5272464054485.
2026-07-16 00:01:54,960 - INFO - Beginning optimization with guess, [1.84530589 1.55703677 0.08304964 0.14597794].
2026-07-16 00:01:58,628 - INFO - Finished optimization with guess, [1.84530589 1.55703677 0.08304964 0.14597794].
2026-07-16 00:01:58,629 - INFO - Best fit parameters: [0.09825146 1.53788574 0.02686991 0.10381738].
2026-07-16 00:01:58,736 - INFO - Maximum log composite likelihood: -279.0271215849166.
2026-07-16 00:01:58,736 - INFO - Optimal value of theta: 550.8248902859598.
2026-07-16 00:01:58,736 - INFO - Beginning optimization with guess, [5.59351727 1.97499754 0.10001308 0.07794007].
2026-07-16 00:02:01,219 - INFO - Finished optimization with guess, [5.59351727 1.97499754 0.10001308 0.07794007].
2026-07-16 00:02:01,219 - INFO - Best fit parameters: [2.04545068 4.10538982 0.00434259 0.0152993 ].
2026-07-16 00:02:01,317 - INFO - Maximum log composite likelihood: -307.53239560411214.
2026-07-16 00:02:01,317 - INFO - Optimal value of theta: 443.0926627872763.
2026-07-16 00:02:01,318 - INFO - Beginning optimization with guess, [6.48135135 3.39217108 0.05889037 0.08326753].
2026-07-16 00:02:03,386 - INFO - Finished optimization with guess, [6.48135135 3.39217108 0.05889037 0.08326753].
2026-07-16 00:02:03,387 - INFO - Best fit parameters: [5.48714627 4.55164623 0.01110945 0.0115871 ].
2026-07-16 00:02:03,491 - INFO - Maximum log composite likelihood: -296.58251103675843.
2026-07-16 00:02:03,491 - INFO - Optimal value of theta: 428.55309095755564.
2026-07-16 00:02:03,492 - INFO - Beginning optimization with guess, [5.47196255 3.16194648 0.09885227 0.10008838].
2026-07-16 00:02:05,492 - INFO - Finished optimization with guess, [5.47196255 3.16194648 0.09885227 0.10008838].
2026-07-16 00:02:05,492 - INFO - Best fit parameters: [1.87448868 4.34515109 0.00445485 0.0073284 ].
2026-07-16 00:02:05,599 - INFO - Maximum log composite likelihood: -324.1855159615674.
2026-07-16 00:02:05,599 - INFO - Optimal value of theta: 462.08872022631726.
2026-07-16 00:02:05,600 - INFO - Beginning optimization with guess, [2.13321955 3.93299825 0.16329864 0.10330029].
2026-07-16 00:02:08,327 - INFO - Finished optimization with guess, [2.13321955 3.93299825 0.16329864 0.10330029].
2026-07-16 00:02:08,327 - INFO - Best fit parameters: [0.07311731 2.19197084 0.0882328  0.01432477].
2026-07-16 00:02:08,437 - INFO - Maximum log composite likelihood: -165.08674176635725.
2026-07-16 00:02:08,437 - INFO - Optimal value of theta: 1449.9426772000013.
2026-07-16 00:02:08,437 - INFO - Beginning optimization with guess, [5.42171326 6.27464039 0.17860193 0.1165449 ].
2026-07-16 00:02:10,518 - INFO - Finished optimization with guess, [5.42171326 6.27464039 0.17860193 0.1165449 ].
2026-07-16 00:02:10,519 - INFO - Best fit parameters: [1.24224666 3.70568702 0.02142289 0.02053761].
2026-07-16 00:02:10,620 - INFO - Maximum log composite likelihood: -307.5183102941512.
2026-07-16 00:02:10,621 - INFO - Optimal value of theta: 430.67170348918404.
2026-07-16 00:02:10,621 - INFO - Beginning optimization with guess, [2.26183625 4.87084507 0.07683981 0.17843034].
2026-07-16 00:02:12,727 - INFO - Finished optimization with guess, [2.26183625 4.87084507 0.07683981 0.17843034].
2026-07-16 00:02:12,727 - INFO - Best fit parameters: [0.37234007 2.64696646 0.03733881 0.01914831].
2026-07-16 00:02:12,829 - INFO - Maximum log composite likelihood: -285.28232526862365.
2026-07-16 00:02:12,829 - INFO - Optimal value of theta: 545.7140572847434.
2026-07-16 00:02:12,829 - INFO - Beginning optimization with guess, [5.41434726 3.94362946 0.1606751  0.1759793 ].
2026-07-16 00:02:14,924 - INFO - Finished optimization with guess, [5.41434726 3.94362946 0.1606751  0.1759793 ].
2026-07-16 00:02:14,925 - INFO - Best fit parameters: [2.78667748 1.02281084 0.04645839 0.16355951].
2026-07-16 00:02:15,033 - INFO - Maximum log composite likelihood: -407.90787903037983.
2026-07-16 00:02:15,033 - INFO - Optimal value of theta: 473.576477680206.
2026-07-16 00:02:15,033 - INFO - Beginning optimization with guess, [6.54378251 2.42914435 0.13470545 0.12437213].
2026-07-16 00:02:17,131 - INFO - Finished optimization with guess, [6.54378251 2.42914435 0.13470545 0.12437213].
2026-07-16 00:02:17,131 - INFO - Best fit parameters: [3.88208896 1.10604457 0.02807165 0.21152889].
2026-07-16 00:02:17,239 - INFO - Maximum log composite likelihood: -401.5956204839184.
2026-07-16 00:02:17,239 - INFO - Optimal value of theta: 461.7224731580779.
2026-07-16 00:02:17,239 - INFO - Beginning optimization with guess, [6.45122692 5.14298007 0.07187772 0.12493889].
2026-07-16 00:02:19,294 - INFO - Finished optimization with guess, [6.45122692 5.14298007 0.07187772 0.12493889].
2026-07-16 00:02:19,294 - INFO - Best fit parameters: [4.32805956 3.80634475 0.01389913 0.01481405].
2026-07-16 00:02:19,393 - INFO - Maximum log composite likelihood: -301.8663395994128.
2026-07-16 00:02:19,393 - INFO - Optimal value of theta: 421.975841734424.
2026-07-16 00:02:19,395 - INFO - Converting and interpreting Tau estimates.
2026-07-16 00:02:19,397 - INFO - Finished demographic inference.
2026-07-16 00:02:19,397 - INFO - Pipeline executed succesfully.
