2026-07-21 17:17:44,241 - INFO - Beginning execution of fit_demographic_model.py in directory /u/project/kirk-bigdata/jonmah/sample_size_demography/Scripts

2026-07-21 17:17:44,241 - INFO - Progress is being logged to ../Analysis/1KG_IBS_10/log.log

2026-07-21 17:17:44,241 - INFO - Parsed the following arguments:
	syn_input_sfs = ../Analysis/1KG_IBS_10/syn_downsampled_sfs.txt
	mask_singletons = False
	mask_doubletons = False
	sum_alleles = False
	L_syn = 100000000.0
	model_type = three_epoch
	input_params = []
	outprefix = ../Analysis/1KG_IBS_10/

2026-07-21 17:17:44,243 - INFO - Beginning demographic inference for three-epoch demographic model.
2026-07-21 17:17:44,245 - INFO - Beginning optimization with guess, [0.01391003 0.00892325 0.16786006 0.12015709].
2026-07-21 17:17:47,101 - INFO - Finished optimization with guess, [0.01391003 0.00892325 0.16786006 0.12015709].
2026-07-21 17:17:47,102 - INFO - Best fit parameters: [0.01584906 0.01468902 0.16775069 0.0645032 ].
2026-07-21 17:17:47,162 - INFO - Maximum log composite likelihood: -36.961312923854166.
2026-07-21 17:17:47,162 - INFO - Optimal value of theta: 418119.9848175032.
2026-07-21 17:17:47,162 - INFO - Beginning optimization with guess, [0.03966943 0.01634617 0.19782664 0.13226053].
2026-07-21 17:17:48,399 - INFO - Finished optimization with guess, [0.03966943 0.01634617 0.19782664 0.13226053].
2026-07-21 17:17:48,399 - INFO - Best fit parameters: [0.04632346 0.0250147  0.18442525 0.07845851].
2026-07-21 17:17:48,429 - INFO - Maximum log composite likelihood: -32.813753761286534.
2026-07-21 17:17:48,429 - INFO - Optimal value of theta: 231868.12585798526.
2026-07-21 17:17:48,429 - INFO - Beginning optimization with guess, [0.0924565  0.04892534 0.07772846 0.06207912].
2026-07-21 17:17:49,117 - INFO - Finished optimization with guess, [0.0924565  0.04892534 0.07772846 0.06207912].
2026-07-21 17:17:49,117 - INFO - Best fit parameters: [0.05110235 0.0423354  0.12912663 0.14277007].
2026-07-21 17:17:49,143 - INFO - Maximum log composite likelihood: -32.813480160793915.
2026-07-21 17:17:49,143 - INFO - Optimal value of theta: 136918.77933255179.
2026-07-21 17:17:49,143 - INFO - Beginning optimization with guess, [0.11359486 0.13700508 0.06180233 0.19962653].
2026-07-21 17:17:49,732 - INFO - Finished optimization with guess, [0.11359486 0.13700508 0.06180233 0.19962653].
2026-07-21 17:17:49,732 - INFO - Best fit parameters: [0.07903304 0.12818217 0.08428056 0.43863133].
2026-07-21 17:17:49,752 - INFO - Maximum log composite likelihood: -32.81355237069238.
2026-07-21 17:17:49,752 - INFO - Optimal value of theta: 45237.90219239827.
2026-07-21 17:17:49,752 - INFO - Beginning optimization with guess, [0.11498495 0.08652717 0.06049255 0.10230959].
2026-07-21 17:17:50,370 - INFO - Finished optimization with guess, [0.11498495 0.08652717 0.06049255 0.10230959].
2026-07-21 17:17:50,370 - INFO - Best fit parameters: [0.06867502 0.07562589 0.09411956 0.28894476].
2026-07-21 17:17:50,393 - INFO - Maximum log composite likelihood: -32.81659379947996.
2026-07-21 17:17:50,393 - INFO - Optimal value of theta: 76780.64679556926.
2026-07-21 17:17:50,393 - INFO - Beginning optimization with guess, [0.16966676 0.17164484 0.17357776 0.19485766].
2026-07-21 17:17:50,960 - INFO - Finished optimization with guess, [0.16966676 0.17164484 0.17357776 0.19485766].
2026-07-21 17:17:50,960 - INFO - Best fit parameters: [0.12258913 0.16026372 0.22839133 0.36050183].
2026-07-21 17:17:50,979 - INFO - Maximum log composite likelihood: -32.824775711884286.
2026-07-21 17:17:50,980 - INFO - Optimal value of theta: 36284.73176692601.
2026-07-21 17:17:50,980 - INFO - Beginning optimization with guess, [0.4476606  0.91985257 0.71446549 0.05445138].
2026-07-21 17:17:51,276 - INFO - Finished optimization with guess, [0.4476606  0.91985257 0.71446549 0.05445138].
2026-07-21 17:17:51,277 - INFO - Best fit parameters: [0.46163024 0.92482644 0.57589848 0.04936597].
2026-07-21 17:17:51,285 - INFO - Maximum log composite likelihood: -25.66851876097917.
2026-07-21 17:17:51,285 - INFO - Optimal value of theta: 9786.621478367964.
2026-07-21 17:17:51,286 - INFO - Beginning optimization with guess, [0.91637628 0.43168015 0.09909917 0.10952505].
2026-07-21 17:17:51,427 - INFO - Finished optimization with guess, [0.91637628 0.43168015 0.09909917 0.10952505].
2026-07-21 17:17:51,427 - INFO - Best fit parameters: [0.63316415 1.01123038 0.1031164  0.08889118].
2026-07-21 17:17:51,432 - INFO - Maximum log composite likelihood: -30.530922477005333.
2026-07-21 17:17:51,432 - INFO - Optimal value of theta: 6535.240377135649.
2026-07-21 17:17:51,432 - INFO - Beginning optimization with guess, [0.74764019 1.52340205 0.05806034 0.12053197].
2026-07-21 17:17:51,571 - INFO - Finished optimization with guess, [0.74764019 1.52340205 0.05806034 0.12053197].
2026-07-21 17:17:51,571 - INFO - Best fit parameters: [0.32174266 1.30450221 0.07629803 0.09974323].
2026-07-21 17:17:51,576 - INFO - Maximum log composite likelihood: -26.251335433474196.
2026-07-21 17:17:51,576 - INFO - Optimal value of theta: 6997.017678944268.
2026-07-21 17:17:51,576 - INFO - Beginning optimization with guess, [1.21112342 0.6910063  0.09295589 0.05225525].
2026-07-21 17:17:51,710 - INFO - Finished optimization with guess, [1.21112342 0.6910063  0.09295589 0.05225525].
2026-07-21 17:17:51,710 - INFO - Best fit parameters: [0.85880092 0.88554053 0.08583558 0.05141257].
2026-07-21 17:17:51,714 - INFO - Maximum log composite likelihood: -34.73844918130908.
2026-07-21 17:17:51,714 - INFO - Optimal value of theta: 6317.6098504045585.
2026-07-21 17:17:51,714 - INFO - Beginning optimization with guess, [2.15707656 1.74089643 0.08164895 0.14070039].
2026-07-21 17:17:51,847 - INFO - Finished optimization with guess, [2.15707656 1.74089643 0.08164895 0.14070039].
2026-07-21 17:17:51,847 - INFO - Best fit parameters: [1.62681273 0.80800667 0.06525237 0.12072552].
2026-07-21 17:17:51,851 - INFO - Maximum log composite likelihood: -37.86338395612347.
2026-07-21 17:17:51,852 - INFO - Optimal value of theta: 6227.774456145595.
2026-07-21 17:17:51,852 - INFO - Beginning optimization with guess, [3.15273774 3.11506013 0.0597265  0.13608333].
2026-07-21 17:17:52,022 - INFO - Finished optimization with guess, [3.15273774 3.11506013 0.0597265  0.13608333].
2026-07-21 17:17:52,022 - INFO - Best fit parameters: [1.98252491 0.78585372 0.03025267 0.07704043].
2026-07-21 17:17:52,026 - INFO - Maximum log composite likelihood: -37.4687679148883.
2026-07-21 17:17:52,026 - INFO - Optimal value of theta: 6223.834609923843.
2026-07-21 17:17:52,027 - INFO - Beginning optimization with guess, [3.28352294 1.80772998 0.07892448 0.15330622].
2026-07-21 17:17:52,166 - INFO - Finished optimization with guess, [3.28352294 1.80772998 0.07892448 0.15330622].
2026-07-21 17:17:52,166 - INFO - Best fit parameters: [2.7823777  0.79930466 0.05905633 0.14011951].
2026-07-21 17:17:52,171 - INFO - Maximum log composite likelihood: -38.677401628518965.
2026-07-21 17:17:52,171 - INFO - Optimal value of theta: 6201.184591197639.
2026-07-21 17:17:52,171 - INFO - Beginning optimization with guess, [4.34147233 1.51453307 0.08168399 0.0519368 ].
2026-07-21 17:17:52,293 - INFO - Finished optimization with guess, [4.34147233 1.51453307 0.08168399 0.0519368 ].
2026-07-21 17:17:52,294 - INFO - Best fit parameters: [3.08100807 0.66901525 0.03589607 0.05369052].
2026-07-21 17:17:52,297 - INFO - Maximum log composite likelihood: -39.035355158765924.
2026-07-21 17:17:52,298 - INFO - Optimal value of theta: 6200.9140523722945.
2026-07-21 17:17:52,298 - INFO - Beginning optimization with guess, [1.70992094 4.01515252 0.1515992  0.10328689].
2026-07-21 17:17:52,437 - INFO - Finished optimization with guess, [1.70992094 4.01515252 0.1515992  0.10328689].
2026-07-21 17:17:52,437 - INFO - Best fit parameters: [0.51279279 2.41991479 0.13502683 0.05376833].
2026-07-21 17:17:52,442 - INFO - Maximum log composite likelihood: -24.995168506534355.
2026-07-21 17:17:52,442 - INFO - Optimal value of theta: 6738.384212577098.
2026-07-21 17:17:52,442 - INFO - Beginning optimization with guess, [2.45495746 1.4222539  0.10212064 0.1571544 ].
2026-07-21 17:17:52,584 - INFO - Finished optimization with guess, [2.45495746 1.4222539  0.10212064 0.1571544 ].
2026-07-21 17:17:52,585 - INFO - Best fit parameters: [2.18682248 0.83445217 0.09132351 0.16627375].
2026-07-21 17:17:52,589 - INFO - Maximum log composite likelihood: -38.65127567088621.
2026-07-21 17:17:52,589 - INFO - Optimal value of theta: 6127.442776252504.
2026-07-21 17:17:52,589 - INFO - Beginning optimization with guess, [3.4893113  4.92827718 0.15942923 0.05239983].
2026-07-21 17:17:52,717 - INFO - Finished optimization with guess, [3.4893113  4.92827718 0.15942923 0.05239983].
2026-07-21 17:17:52,717 - INFO - Best fit parameters: [0.64035747 2.89251463 0.05535319 0.02121866].
2026-07-21 17:17:52,721 - INFO - Maximum log composite likelihood: -32.1680641700832.
2026-07-21 17:17:52,722 - INFO - Optimal value of theta: 6279.223418632394.
2026-07-21 17:17:52,722 - INFO - Beginning optimization with guess, [5.92411435 2.69608022 0.15379703 0.0744556 ].
2026-07-21 17:17:52,845 - INFO - Finished optimization with guess, [5.92411435 2.69608022 0.15379703 0.0744556 ].
2026-07-21 17:17:52,846 - INFO - Best fit parameters: [3.75291717 0.68397605 0.04737396 0.06766668].
2026-07-21 17:17:52,850 - INFO - Maximum log composite likelihood: -40.18486106252294.
2026-07-21 17:17:52,850 - INFO - Optimal value of theta: 6168.472645874559.
2026-07-21 17:17:52,850 - INFO - Beginning optimization with guess, [2.33522415 3.59419242 0.07275208 0.05554204].
2026-07-21 17:17:52,973 - INFO - Finished optimization with guess, [2.33522415 3.59419242 0.07275208 0.05554204].
2026-07-21 17:17:52,973 - INFO - Best fit parameters: [0.61020617 1.76462208 0.04275103 0.02347182].
2026-07-21 17:17:52,977 - INFO - Maximum log composite likelihood: -33.194166861670055.
2026-07-21 17:17:52,977 - INFO - Optimal value of theta: 6287.090863638806.
2026-07-21 17:17:52,977 - INFO - Beginning optimization with guess, [3.04180253 4.44564616 0.10403697 0.05546992].
2026-07-21 17:17:53,100 - INFO - Finished optimization with guess, [3.04180253 4.44564616 0.10403697 0.05546992].
2026-07-21 17:17:53,100 - INFO - Best fit parameters: [0.63252797 2.26796416 0.04072054 0.01971038].
2026-07-21 17:17:53,104 - INFO - Maximum log composite likelihood: -33.445385113883276.
2026-07-21 17:17:53,105 - INFO - Optimal value of theta: 6249.290610434479.
2026-07-21 17:17:53,105 - INFO - Beginning optimization with guess, [3.19507855 2.32619509 0.12165977 0.0849315 ].
2026-07-21 17:17:53,237 - INFO - Finished optimization with guess, [3.19507855 2.32619509 0.12165977 0.0849315 ].
2026-07-21 17:17:53,237 - INFO - Best fit parameters: [1.70649662 0.74100166 0.05951756 0.07034174].
2026-07-21 17:17:53,241 - INFO - Maximum log composite likelihood: -38.94225088388521.
2026-07-21 17:17:53,241 - INFO - Optimal value of theta: 6188.739068579742.
2026-07-21 17:17:53,242 - INFO - Beginning optimization with guess, [3.34066524 5.91197663 0.06703124 0.05746525].
2026-07-21 17:17:53,360 - INFO - Finished optimization with guess, [3.34066524 5.91197663 0.06703124 0.05746525].
2026-07-21 17:17:53,360 - INFO - Best fit parameters: [0.68037546 3.17192613 0.02191565 0.0114234 ].
2026-07-21 17:17:53,363 - INFO - Maximum log composite likelihood: -35.952423290795195.
2026-07-21 17:17:53,364 - INFO - Optimal value of theta: 6166.235414681664.
2026-07-21 17:17:53,364 - INFO - Beginning optimization with guess, [3.37478192 2.91253747 0.05805622 0.11232295].
2026-07-21 17:17:53,507 - INFO - Finished optimization with guess, [3.37478192 2.91253747 0.05805622 0.11232295].
2026-07-21 17:17:53,507 - INFO - Best fit parameters: [2.32156223 0.76009492 0.03083756 0.06243348].
2026-07-21 17:17:53,511 - INFO - Maximum log composite likelihood: -37.96407319309037.
2026-07-21 17:17:53,511 - INFO - Optimal value of theta: 6190.910237812705.
2026-07-21 17:17:53,512 - INFO - Beginning optimization with guess, [5.57444849 3.67033724 0.17323881 0.06053317].
2026-07-21 17:17:53,631 - INFO - Finished optimization with guess, [5.57444849 3.67033724 0.17323881 0.06053317].
2026-07-21 17:17:53,632 - INFO - Best fit parameters: [2.13414058 0.72934326 0.03060831 0.03418185].
2026-07-21 17:17:53,635 - INFO - Maximum log composite likelihood: -38.855348875072195.
2026-07-21 17:17:53,635 - INFO - Optimal value of theta: 6129.179508553362.
2026-07-21 17:17:53,636 - INFO - Beginning optimization with guess, [4.79215817 9.27811468 0.07636362 0.19058107].
2026-07-21 17:17:53,751 - INFO - Finished optimization with guess, [4.79215817 9.27811468 0.07636362 0.19058107].
2026-07-21 17:17:53,751 - INFO - Best fit parameters: [1.6972935  4.08451898 0.01319847 0.01327446].
2026-07-21 17:17:53,755 - INFO - Maximum log composite likelihood: -48.89269356152454.
2026-07-21 17:17:53,755 - INFO - Optimal value of theta: 5991.635579969852.
2026-07-21 17:17:53,756 - INFO - Converting and interpreting Tau estimates.
2026-07-21 17:17:53,758 - INFO - Finished demographic inference.
2026-07-21 17:17:53,758 - INFO - Pipeline executed succesfully.
