2026-07-16 00:01:12,574 - INFO - Beginning execution of fit_demographic_model.py in directory /u/project/kirk-bigdata/jonmah/sample_size_demography/Scripts

2026-07-16 00:01:12,575 - INFO - Progress is being logged to ../Analysis/tennessen_ooa_60/log.log

2026-07-16 00:01:12,575 - INFO - Parsed the following arguments:
	syn_input_sfs = ../Simulations/tennessen/ooa_60_sfs/dadi/pop1.sfs
	mask_singletons = False
	mask_doubletons = False
	sum_alleles = False
	L_syn = 100000000.0
	model_type = three_epoch
	input_params = []
	outprefix = ../Analysis/tennessen_ooa_60/

2026-07-16 00:01:12,578 - INFO - Beginning demographic inference for three-epoch demographic model.
2026-07-16 00:01:12,580 - INFO - Beginning optimization with guess, [0.0059525  0.00992883 0.13067335 0.16041209].
2026-07-16 00:01:17,458 - INFO - Finished optimization with guess, [0.0059525  0.00992883 0.13067335 0.16041209].
2026-07-16 00:01:17,459 - INFO - Best fit parameters: [0.00633672 0.00473092 0.13067324 0.3129282 ].
2026-07-16 00:01:18,128 - INFO - Maximum log composite likelihood: -223.88600754774632.
2026-07-16 00:01:18,128 - INFO - Optimal value of theta: 97441.3934092398.
2026-07-16 00:01:18,128 - INFO - Beginning optimization with guess, [0.03682882 0.01478275 0.11876519 0.0545097 ].
2026-07-16 00:01:19,706 - INFO - Finished optimization with guess, [0.03682882 0.01478275 0.11876519 0.0545097 ].
2026-07-16 00:01:19,706 - INFO - Best fit parameters: [0.04239697 0.01684096 0.10645049 0.04476715].
2026-07-16 00:01:19,784 - INFO - Maximum log composite likelihood: -198.73782177401273.
2026-07-16 00:01:19,784 - INFO - Optimal value of theta: 21554.477077757583.
2026-07-16 00:01:19,785 - INFO - Beginning optimization with guess, [0.05920055 0.08898731 0.06600324 0.09255881].
2026-07-16 00:01:21,052 - INFO - Finished optimization with guess, [0.05920055 0.08898731 0.06600324 0.09255881].
2026-07-16 00:01:21,053 - INFO - Best fit parameters: [0.04582731 0.09389835 0.08291327 0.11091776].
2026-07-16 00:01:21,110 - INFO - Maximum log composite likelihood: -198.26842594888424.
2026-07-16 00:01:21,110 - INFO - Optimal value of theta: 4018.7311267786486.
2026-07-16 00:01:21,111 - INFO - Beginning optimization with guess, [0.03922855 0.06088255 0.08077806 0.09256984].
2026-07-16 00:01:22,355 - INFO - Finished optimization with guess, [0.03922855 0.06088255 0.08077806 0.09256984].
2026-07-16 00:01:22,355 - INFO - Best fit parameters: [0.03931511 0.06088822 0.08055395 0.09240832].
2026-07-16 00:01:22,424 - INFO - Maximum log composite likelihood: -198.2845463472641.
2026-07-16 00:01:22,424 - INFO - Optimal value of theta: 6150.95060002314.
2026-07-16 00:01:22,424 - INFO - Beginning optimization with guess, [0.08196898 0.19965508 0.12960705 0.12688296].
2026-07-16 00:01:23,509 - INFO - Finished optimization with guess, [0.08196898 0.19965508 0.12960705 0.12688296].
2026-07-16 00:01:23,509 - INFO - Best fit parameters: [0.08911093 0.19325691 0.12057349 0.12335157].
2026-07-16 00:01:23,565 - INFO - Maximum log composite likelihood: -197.08913924120333.
2026-07-16 00:01:23,565 - INFO - Optimal value of theta: 1951.8141309615867.
2026-07-16 00:01:23,565 - INFO - Beginning optimization with guess, [0.48543738 0.13534869 0.11206712 0.08278202].
2026-07-16 00:01:24,541 - INFO - Finished optimization with guess, [0.48543738 0.13534869 0.11206712 0.08278202].
2026-07-16 00:01:24,541 - INFO - Best fit parameters: [0.28463191 0.41751865 0.15087423 0.18423506].
2026-07-16 00:01:24,589 - INFO - Maximum log composite likelihood: -197.40324849498958.
2026-07-16 00:01:24,589 - INFO - Optimal value of theta: 867.185688030244.
2026-07-16 00:01:24,589 - INFO - Beginning optimization with guess, [0.43155417 0.74560916 1.01675202 0.18427974].
2026-07-16 00:01:25,592 - INFO - Finished optimization with guess, [0.43155417 0.74560916 1.01675202 0.18427974].
2026-07-16 00:01:25,593 - INFO - Best fit parameters: [0.62541476 0.52875949 0.8569751  0.20105368].
2026-07-16 00:01:25,643 - INFO - Maximum log composite likelihood: -202.81591344241838.
2026-07-16 00:01:25,643 - INFO - Optimal value of theta: 752.4398059690561.
2026-07-16 00:01:25,643 - INFO - Beginning optimization with guess, [1.48125881 0.52062738 0.08623677 0.16945761].
2026-07-16 00:01:26,450 - INFO - Finished optimization with guess, [1.48125881 0.52062738 0.08623677 0.16945761].
2026-07-16 00:01:26,451 - INFO - Best fit parameters: [1.29056616 0.66768952 0.08208747 0.26448804].
2026-07-16 00:01:26,492 - INFO - Maximum log composite likelihood: -204.90035189154764.
2026-07-16 00:01:26,493 - INFO - Optimal value of theta: 560.21299205495.
2026-07-16 00:01:26,493 - INFO - Beginning optimization with guess, [0.61761715 0.86242118 0.19638623 0.10520597].
2026-07-16 00:01:27,969 - INFO - Finished optimization with guess, [0.61761715 0.86242118 0.19638623 0.10520597].
2026-07-16 00:01:27,970 - INFO - Best fit parameters: [0.06376048 0.57330923 0.10127774 0.01222853].
2026-07-16 00:01:28,022 - INFO - Maximum log composite likelihood: -104.9327587623562.
2026-07-16 00:01:28,022 - INFO - Optimal value of theta: 1974.5622906663102.
2026-07-16 00:01:28,022 - INFO - Beginning optimization with guess, [0.77196628 1.21758425 0.11887835 0.08149772].
2026-07-16 00:01:28,930 - INFO - Finished optimization with guess, [0.77196628 1.21758425 0.11887835 0.08149772].
2026-07-16 00:01:28,930 - INFO - Best fit parameters: [0.18869097 1.04240083 0.13617799 0.04276699].
2026-07-16 00:01:28,972 - INFO - Maximum log composite likelihood: -130.42655628644366.
2026-07-16 00:01:28,972 - INFO - Optimal value of theta: 806.6840931896746.
2026-07-16 00:01:28,972 - INFO - Beginning optimization with guess, [1.5161082  1.53839717 0.07671131 0.12036503].
2026-07-16 00:01:29,741 - INFO - Finished optimization with guess, [1.5161082  1.53839717 0.07671131 0.12036503].
2026-07-16 00:01:29,741 - INFO - Best fit parameters: [0.31061328 0.88288259 0.06832045 0.21709119].
2026-07-16 00:01:29,783 - INFO - Maximum log composite likelihood: -205.69847045439138.
2026-07-16 00:01:29,783 - INFO - Optimal value of theta: 539.8514315596229.
2026-07-16 00:01:29,784 - INFO - Beginning optimization with guess, [1.85286196 1.077366   0.08000954 0.16217374].
2026-07-16 00:01:30,622 - INFO - Finished optimization with guess, [1.85286196 1.077366   0.08000954 0.16217374].
2026-07-16 00:01:30,623 - INFO - Best fit parameters: [1.42241832 0.63797591 0.06955152 0.27731682].
2026-07-16 00:01:30,664 - INFO - Maximum log composite likelihood: -203.94516881592034.
2026-07-16 00:01:30,664 - INFO - Optimal value of theta: 576.6213315513279.
2026-07-16 00:01:30,664 - INFO - Beginning optimization with guess, [1.28510533 1.03758658 0.11345733 0.07214533].
2026-07-16 00:01:31,501 - INFO - Finished optimization with guess, [1.28510533 1.03758658 0.11345733 0.07214533].
2026-07-16 00:01:31,501 - INFO - Best fit parameters: [0.23155113 0.75132952 0.09580666 0.08142056].
2026-07-16 00:01:31,542 - INFO - Maximum log composite likelihood: -164.79609463462853.
2026-07-16 00:01:31,544 - INFO - Optimal value of theta: 673.4355317448158.
2026-07-16 00:01:31,544 - INFO - Beginning optimization with guess, [1.30393829 2.14437515 0.09207867 0.08878742].
2026-07-16 00:01:32,759 - INFO - Finished optimization with guess, [1.30393829 2.14437515 0.09207867 0.08878742].
2026-07-16 00:01:32,760 - INFO - Best fit parameters: [0.12371981 1.05658014 0.09876794 0.02716555].
2026-07-16 00:01:32,803 - INFO - Maximum log composite likelihood: -108.04270578605127.
2026-07-16 00:01:32,803 - INFO - Optimal value of theta: 966.8301686816242.
2026-07-16 00:01:32,803 - INFO - Beginning optimization with guess, [1.92063766 3.2769623  0.08521436 0.12442383].
2026-07-16 00:01:33,634 - INFO - Finished optimization with guess, [1.92063766 3.2769623  0.08521436 0.12442383].
2026-07-16 00:01:33,634 - INFO - Best fit parameters: [0.15558479 0.78791387 0.06018788 0.03364413].
2026-07-16 00:01:33,677 - INFO - Maximum log composite likelihood: -141.68875663815535.
2026-07-16 00:01:33,677 - INFO - Optimal value of theta: 741.0060676919004.
2026-07-16 00:01:33,677 - INFO - Beginning optimization with guess, [1.79733209 2.00112165 0.16271131 0.07665331].
2026-07-16 00:01:34,500 - INFO - Finished optimization with guess, [1.79733209 2.00112165 0.16271131 0.07665331].
2026-07-16 00:01:34,500 - INFO - Best fit parameters: [0.16433588 1.00109467 0.09843134 0.02845073].
2026-07-16 00:01:34,540 - INFO - Maximum log composite likelihood: -117.70439513857355.
2026-07-16 00:01:34,540 - INFO - Optimal value of theta: 830.423195581767.
2026-07-16 00:01:34,541 - INFO - Beginning optimization with guess, [3.09407268 3.50847096 0.08825951 0.05825744].
2026-07-16 00:01:35,276 - INFO - Finished optimization with guess, [3.09407268 3.50847096 0.08825951 0.05825744].
2026-07-16 00:01:35,276 - INFO - Best fit parameters: [0.41161472 2.04144944 0.02603038 0.01779655].
2026-07-16 00:01:35,313 - INFO - Maximum log composite likelihood: -191.25945459228177.
2026-07-16 00:01:35,313 - INFO - Optimal value of theta: 493.72908251119264.
2026-07-16 00:01:35,313 - INFO - Beginning optimization with guess, [1.97413389 1.9248171  0.0550046  0.05093372].
2026-07-16 00:01:36,079 - INFO - Finished optimization with guess, [1.97413389 1.9248171  0.0550046  0.05093372].
2026-07-16 00:01:36,080 - INFO - Best fit parameters: [0.04087239 1.98647075 0.01576306 0.01391271].
2026-07-16 00:01:36,120 - INFO - Maximum log composite likelihood: -165.18419786289178.
2026-07-16 00:01:36,120 - INFO - Optimal value of theta: 853.0296129738676.
2026-07-16 00:01:36,121 - INFO - Beginning optimization with guess, [5.89829004 4.37892911 0.09789784 0.06787354].
2026-07-16 00:01:36,932 - INFO - Finished optimization with guess, [5.89829004 4.37892911 0.09789784 0.06787354].
2026-07-16 00:01:36,932 - INFO - Best fit parameters: [3.22850176 1.78745379 0.01606054 0.0172088 ].
2026-07-16 00:01:36,974 - INFO - Maximum log composite likelihood: -219.83571707129394.
2026-07-16 00:01:36,975 - INFO - Optimal value of theta: 421.6916912891639.
2026-07-16 00:01:36,975 - INFO - Beginning optimization with guess, [3.03483979 5.11473208 0.07303951 0.14274235].
2026-07-16 00:01:37,795 - INFO - Finished optimization with guess, [3.03483979 5.11473208 0.07303951 0.14274235].
2026-07-16 00:01:37,795 - INFO - Best fit parameters: [0.97725672 1.30278169 0.02755662 0.03406906].
2026-07-16 00:01:37,836 - INFO - Maximum log composite likelihood: -219.25830634795753.
2026-07-16 00:01:37,836 - INFO - Optimal value of theta: 445.41291346981416.
2026-07-16 00:01:37,836 - INFO - Beginning optimization with guess, [6.54665016 2.66138632 0.0570923  0.09977458].
2026-07-16 00:01:38,656 - INFO - Finished optimization with guess, [6.54665016 2.66138632 0.0570923  0.09977458].
2026-07-16 00:01:38,656 - INFO - Best fit parameters: [5.10421084 0.71618697 0.01916602 0.07675715].
2026-07-16 00:01:38,695 - INFO - Maximum log composite likelihood: -232.97127009632368.
2026-07-16 00:01:38,695 - INFO - Optimal value of theta: 492.45133740265203.
2026-07-16 00:01:38,695 - INFO - Beginning optimization with guess, [2.89986268 4.35875763 0.05470684 0.09506343].
2026-07-16 00:01:39,453 - INFO - Finished optimization with guess, [2.89986268 4.35875763 0.05470684 0.09506343].
2026-07-16 00:01:39,453 - INFO - Best fit parameters: [0.93574926 1.95043206 0.0200803  0.0203427 ].
2026-07-16 00:01:39,491 - INFO - Maximum log composite likelihood: -212.4407892332191.
2026-07-16 00:01:39,491 - INFO - Optimal value of theta: 439.76122575319107.
2026-07-16 00:01:39,491 - INFO - Beginning optimization with guess, [3.99974215 3.96003179 0.07468309 0.13810268].
2026-07-16 00:01:40,254 - INFO - Finished optimization with guess, [3.99974215 3.96003179 0.07468309 0.13810268].
2026-07-16 00:01:40,254 - INFO - Best fit parameters: [2.23709525 0.76064544 0.02631756 0.07055034].
2026-07-16 00:01:40,293 - INFO - Maximum log composite likelihood: -233.5554883638816.
2026-07-16 00:01:40,293 - INFO - Optimal value of theta: 482.2050401491668.
2026-07-16 00:01:40,294 - INFO - Beginning optimization with guess, [2.81908237 8.31361323 0.13070778 0.13107377].
2026-07-16 00:01:41,123 - INFO - Finished optimization with guess, [2.81908237 8.31361323 0.13070778 0.13107377].
2026-07-16 00:01:41,123 - INFO - Best fit parameters: [0.14029943 3.15885375 0.07337841 0.01819245].
2026-07-16 00:01:41,167 - INFO - Maximum log composite likelihood: -102.95425317309903.
2026-07-16 00:01:41,167 - INFO - Optimal value of theta: 818.4849571353218.
2026-07-16 00:01:41,168 - INFO - Beginning optimization with guess, [6.45821316 6.45914216 0.09077919 0.09190191].
2026-07-16 00:01:41,990 - INFO - Finished optimization with guess, [6.45821316 6.45914216 0.09077919 0.09190191].
2026-07-16 00:01:41,991 - INFO - Best fit parameters: [3.69774109 2.8248036  0.01366432 0.01597224].
2026-07-16 00:01:42,032 - INFO - Maximum log composite likelihood: -216.4307960497411.
2026-07-16 00:01:42,033 - INFO - Optimal value of theta: 415.2100269731315.
2026-07-16 00:01:42,034 - INFO - Converting and interpreting Tau estimates.
2026-07-16 00:01:42,039 - INFO - Finished demographic inference.
2026-07-16 00:01:42,039 - INFO - Pipeline executed succesfully.
