2026-07-16 00:02:46,883 - INFO - Beginning execution of fit_demographic_model.py in directory /u/project/kirk-bigdata/jonmah/sample_size_demography/Scripts

2026-07-16 00:02:46,883 - INFO - Progress is being logged to ../Analysis/tennessen_ooa_490/log.log

2026-07-16 00:02:46,883 - INFO - Parsed the following arguments:
	syn_input_sfs = ../Simulations/tennessen/ooa_490_sfs/dadi/pop1.sfs
	mask_singletons = False
	mask_doubletons = False
	sum_alleles = False
	L_syn = 100000000.0
	model_type = three_epoch
	input_params = []
	outprefix = ../Analysis/tennessen_ooa_490/

2026-07-16 00:02:46,886 - INFO - Beginning demographic inference for three-epoch demographic model.
2026-07-16 00:02:46,888 - INFO - Beginning optimization with guess, [0.00889362 0.01297619 0.1091553  0.071872  ].
2026-07-16 00:03:21,092 - INFO - Finished optimization with guess, [0.00889362 0.01297619 0.1091553  0.071872  ].
2026-07-16 00:03:21,094 - INFO - Best fit parameters: [0.00650593 0.03901041 0.10937584 0.0327875 ].
2026-07-16 00:03:22,432 - INFO - Maximum log composite likelihood: -2079.4837606556007.
2026-07-16 00:03:22,432 - INFO - Optimal value of theta: 22050.55490531633.
2026-07-16 00:03:22,432 - INFO - Beginning optimization with guess, [0.03461494 0.03143482 0.06306619 0.18033702].
2026-07-16 00:03:49,309 - INFO - Finished optimization with guess, [0.03461494 0.03143482 0.06306619 0.18033702].
2026-07-16 00:03:49,311 - INFO - Best fit parameters: [0.026869   0.01752192 0.07932155 0.37645403].
2026-07-16 00:03:50,724 - INFO - Maximum log composite likelihood: -2220.8746484245.
2026-07-16 00:03:50,724 - INFO - Optimal value of theta: 41243.59061183012.
2026-07-16 00:03:50,724 - INFO - Beginning optimization with guess, [0.02702081 0.04052443 0.13904706 0.15487313].
2026-07-16 00:05:04,837 - INFO - Finished optimization with guess, [0.02702081 0.04052443 0.13904706 0.15487313].
2026-07-16 00:05:04,839 - INFO - Best fit parameters: [0.0113311  0.1063808  0.21861211 0.09805685].
2026-07-16 00:05:06,184 - INFO - Maximum log composite likelihood: -2080.843849166926.
2026-07-16 00:05:06,184 - INFO - Optimal value of theta: 8065.820870827125.
2026-07-16 00:05:06,184 - INFO - Beginning optimization with guess, [0.0436363  0.11096245 0.1519811  0.15055261].
2026-07-16 00:05:29,004 - INFO - Finished optimization with guess, [0.0436363  0.11096245 0.1519811  0.15055261].
2026-07-16 00:05:29,005 - INFO - Best fit parameters: [0.02515567 0.15614657 0.23199159 0.13785022].
2026-07-16 00:05:30,169 - INFO - Maximum log composite likelihood: -2079.9769112803137.
2026-07-16 00:05:30,169 - INFO - Optimal value of theta: 5470.7588703117035.
2026-07-16 00:05:30,170 - INFO - Beginning optimization with guess, [0.11633695 0.19553645 0.12737648 0.0690391 ].
2026-07-16 00:05:55,516 - INFO - Finished optimization with guess, [0.11633695 0.19553645 0.12737648 0.0690391 ].
2026-07-16 00:05:55,518 - INFO - Best fit parameters: [0.11323787 0.56854249 0.12708339 0.03558948].
2026-07-16 00:05:56,516 - INFO - Maximum log composite likelihood: -1633.3096727595798.
2026-07-16 00:05:56,516 - INFO - Optimal value of theta: 1720.7592899604656.
2026-07-16 00:05:56,516 - INFO - Beginning optimization with guess, [0.37267694 0.22394902 0.12842979 0.06284639].
2026-07-16 00:06:20,952 - INFO - Finished optimization with guess, [0.37267694 0.22394902 0.12842979 0.06284639].
2026-07-16 00:06:20,954 - INFO - Best fit parameters: [0.13717704 1.51310727 0.2296889  0.07202231].
2026-07-16 00:06:21,964 - INFO - Maximum log composite likelihood: -1426.9979186970843.
2026-07-16 00:06:21,964 - INFO - Optimal value of theta: 1009.7430103529522.
2026-07-16 00:06:21,964 - INFO - Beginning optimization with guess, [0.96601836 0.26142011 0.27256075 0.18352475].
2026-07-16 00:06:56,425 - INFO - Finished optimization with guess, [0.96601836 0.26142011 0.27256075 0.18352475].
2026-07-16 00:06:56,427 - INFO - Best fit parameters: [9.81279333e-01 7.63751634e+01 8.40628107e-02 2.60325700e-02].
2026-07-16 00:06:57,405 - INFO - Maximum log composite likelihood: -647.2879325495778.
2026-07-16 00:06:57,405 - INFO - Optimal value of theta: 389.7171113332645.
2026-07-16 00:06:57,406 - INFO - Beginning optimization with guess, [0.78444241 0.75395655 0.19057695 0.19377339].
2026-07-16 00:07:16,956 - INFO - Finished optimization with guess, [0.78444241 0.75395655 0.19057695 0.19377339].
2026-07-16 00:07:16,959 - INFO - Best fit parameters: [ 0.47093263 19.68270345  0.15171141  0.05232313].
2026-07-16 00:07:17,934 - INFO - Maximum log composite likelihood: -684.5945492052608.
2026-07-16 00:07:17,934 - INFO - Optimal value of theta: 379.47986114509223.
2026-07-16 00:07:17,935 - INFO - Beginning optimization with guess, [1.07450032 1.73602058 0.0798796  0.07155143].
2026-07-16 00:07:37,501 - INFO - Finished optimization with guess, [1.07450032 1.73602058 0.0798796  0.07155143].
2026-07-16 00:07:37,502 - INFO - Best fit parameters: [ 0.341194   17.96436516  0.09316868  0.02289603].
2026-07-16 00:07:38,486 - INFO - Maximum log composite likelihood: -548.0822149782211.
2026-07-16 00:07:38,486 - INFO - Optimal value of theta: 586.4831361855009.
2026-07-16 00:07:38,486 - INFO - Beginning optimization with guess, [0.9584053  2.40626939 0.084569   0.05670267].
2026-07-16 00:07:57,981 - INFO - Finished optimization with guess, [0.9584053  2.40626939 0.084569   0.05670267].
2026-07-16 00:07:57,982 - INFO - Best fit parameters: [ 0.3098256  14.33108061  0.09763914  0.02211504].
2026-07-16 00:07:58,951 - INFO - Maximum log composite likelihood: -545.7233426205727.
2026-07-16 00:07:58,951 - INFO - Optimal value of theta: 627.5912343762619.
2026-07-16 00:07:58,951 - INFO - Beginning optimization with guess, [1.04386091 0.99177406 0.10007846 0.17215346].
2026-07-16 00:08:18,546 - INFO - Finished optimization with guess, [1.04386091 0.99177406 0.10007846 0.17215346].
2026-07-16 00:08:18,548 - INFO - Best fit parameters: [8.00127303e-01 9.50869634e+01 7.06926857e-02 2.26945047e-02].
2026-07-16 00:08:19,525 - INFO - Maximum log composite likelihood: -645.4772954703283.
2026-07-16 00:08:19,525 - INFO - Optimal value of theta: 430.2704371614386.
2026-07-16 00:08:19,525 - INFO - Beginning optimization with guess, [2.06292307 1.00146057 0.10790622 0.05376307].
2026-07-16 00:08:39,055 - INFO - Finished optimization with guess, [2.06292307 1.00146057 0.10790622 0.05376307].
2026-07-16 00:08:39,056 - INFO - Best fit parameters: [4.49804778e-01 3.11738151e+01 7.40351104e-02 2.78116725e-02].
2026-07-16 00:08:40,036 - INFO - Maximum log composite likelihood: -580.514093877006.
2026-07-16 00:08:40,036 - INFO - Optimal value of theta: 471.99217552182415.
2026-07-16 00:08:40,036 - INFO - Beginning optimization with guess, [3.91951217 1.79562895 0.12947741 0.18738797].
2026-07-16 00:08:59,383 - INFO - Finished optimization with guess, [3.91951217 1.79562895 0.12947741 0.18738797].
2026-07-16 00:08:59,384 - INFO - Best fit parameters: [1.49252972e+00 5.58852304e+02 1.94477346e-02 1.32088269e-02].
2026-07-16 00:09:00,354 - INFO - Maximum log composite likelihood: -695.2957056596806.
2026-07-16 00:09:00,354 - INFO - Optimal value of theta: 458.831979315351.
2026-07-16 00:09:00,354 - INFO - Beginning optimization with guess, [1.14811855 3.67151724 0.12140681 0.09056532].
2026-07-16 00:09:19,851 - INFO - Finished optimization with guess, [1.14811855 3.67151724 0.12140681 0.09056532].
2026-07-16 00:09:19,853 - INFO - Best fit parameters: [ 0.28400424 15.77364758  0.1479307   0.02211993].
2026-07-16 00:09:20,838 - INFO - Maximum log composite likelihood: -543.3325207849559.
2026-07-16 00:09:20,838 - INFO - Optimal value of theta: 661.8582237307176.
2026-07-16 00:09:20,838 - INFO - Beginning optimization with guess, [2.02304061 3.43656188 0.18995456 0.05210578].
2026-07-16 00:09:40,451 - INFO - Finished optimization with guess, [2.02304061 3.43656188 0.18995456 0.05210578].
2026-07-16 00:09:40,452 - INFO - Best fit parameters: [ 0.40975785 16.79413211  0.13509952  0.02064386].
2026-07-16 00:09:41,434 - INFO - Maximum log composite likelihood: -550.9773520389754.
2026-07-16 00:09:41,434 - INFO - Optimal value of theta: 604.682622357081.
2026-07-16 00:09:41,434 - INFO - Beginning optimization with guess, [1.62425307 1.48685313 0.18720895 0.1978585 ].
2026-07-16 00:10:00,967 - INFO - Finished optimization with guess, [1.62425307 1.48685313 0.18720895 0.1978585 ].
2026-07-16 00:10:00,968 - INFO - Best fit parameters: [ 0.61692196 22.41270721  0.14453516  0.1038464 ].
2026-07-16 00:10:01,950 - INFO - Maximum log composite likelihood: -979.4970883410342.
2026-07-16 00:10:01,950 - INFO - Optimal value of theta: 246.13762478267122.
2026-07-16 00:10:01,950 - INFO - Beginning optimization with guess, [5.31412771 2.05450334 0.05547438 0.06787189].
2026-07-16 00:10:21,491 - INFO - Finished optimization with guess, [5.31412771 2.05450334 0.05547438 0.06787189].
2026-07-16 00:10:21,492 - INFO - Best fit parameters: [4.51198113e+00 2.97851238e+01 1.53319995e-02 1.89408527e-02].
2026-07-16 00:10:22,460 - INFO - Maximum log composite likelihood: -657.1520691198155.
2026-07-16 00:10:22,460 - INFO - Optimal value of theta: 394.8615980591581.
2026-07-16 00:10:22,460 - INFO - Beginning optimization with guess, [3.43051308 2.54367977 0.06554292 0.0846666 ].
2026-07-16 00:10:41,909 - INFO - Finished optimization with guess, [3.43051308 2.54367977 0.06554292 0.0846666 ].
2026-07-16 00:10:41,910 - INFO - Best fit parameters: [1.78872654e+00 3.51127309e+01 2.03731330e-02 2.43470973e-02].
2026-07-16 00:10:42,884 - INFO - Maximum log composite likelihood: -651.5599820862145.
2026-07-16 00:10:42,885 - INFO - Optimal value of theta: 384.66375195107764.
2026-07-16 00:10:42,885 - INFO - Beginning optimization with guess, [4.267456   2.43011551 0.1427998  0.17741315].
2026-07-16 00:11:02,271 - INFO - Finished optimization with guess, [4.267456   2.43011551 0.1427998  0.17741315].
2026-07-16 00:11:02,272 - INFO - Best fit parameters: [1.21364988e+00 1.26912961e+03 6.09405788e-03 2.16075993e-02].
2026-07-16 00:11:03,235 - INFO - Maximum log composite likelihood: -700.3383220014573.
2026-07-16 00:11:03,235 - INFO - Optimal value of theta: 399.94130936493394.
2026-07-16 00:11:03,236 - INFO - Beginning optimization with guess, [3.17230175 3.46860742 0.10264383 0.05110755].
2026-07-16 00:11:22,602 - INFO - Finished optimization with guess, [3.17230175 3.46860742 0.10264383 0.05110755].
2026-07-16 00:11:22,603 - INFO - Best fit parameters: [4.00845805e-01 5.03473892e+01 3.54667229e-02 1.99255481e-02].
2026-07-16 00:11:23,579 - INFO - Maximum log composite likelihood: -651.9229571393317.
2026-07-16 00:11:23,579 - INFO - Optimal value of theta: 523.4691251120759.
2026-07-16 00:11:23,579 - INFO - Beginning optimization with guess, [2.75895749 5.11069561 0.1421355  0.08686595].
2026-07-16 00:11:43,071 - INFO - Finished optimization with guess, [2.75895749 5.11069561 0.1421355  0.08686595].
2026-07-16 00:11:43,073 - INFO - Best fit parameters: [ 0.33238265 25.98686792  0.09407769  0.03104331].
2026-07-16 00:11:44,043 - INFO - Maximum log composite likelihood: -591.9619766187701.
2026-07-16 00:11:44,043 - INFO - Optimal value of theta: 492.0372075589728.
2026-07-16 00:11:44,043 - INFO - Beginning optimization with guess, [2.88187141 4.96826886 0.12876457 0.16834073].
2026-07-16 00:12:03,745 - INFO - Finished optimization with guess, [2.88187141 4.96826886 0.12876457 0.16834073].
2026-07-16 00:12:03,746 - INFO - Best fit parameters: [ 1.25541355 13.50786567  0.08432425  0.04387192].
2026-07-16 00:12:04,723 - INFO - Maximum log composite likelihood: -786.0599782887512.
2026-07-16 00:12:04,723 - INFO - Optimal value of theta: 355.8205147481394.
2026-07-16 00:12:04,724 - INFO - Beginning optimization with guess, [2.61444936 7.16545519 0.07907055 0.11998696].
2026-07-16 00:12:28,936 - INFO - Finished optimization with guess, [2.61444936 7.16545519 0.07907055 0.11998696].
2026-07-16 00:12:28,938 - INFO - Best fit parameters: [5.20813223e-01 2.98479941e+01 3.98333124e-02 2.71477272e-02].
2026-07-16 00:12:29,907 - INFO - Maximum log composite likelihood: -601.4112706720083.
2026-07-16 00:12:29,907 - INFO - Optimal value of theta: 451.8218882246317.
2026-07-16 00:12:29,907 - INFO - Beginning optimization with guess, [3.70561019 7.31339745 0.06166294 0.16235304].
2026-07-16 00:12:49,324 - INFO - Finished optimization with guess, [3.70561019 7.31339745 0.06166294 0.16235304].
2026-07-16 00:12:49,325 - INFO - Best fit parameters: [1.76355151e+00 3.93839700e+01 1.84640273e-02 2.72601956e-02].
2026-07-16 00:12:50,299 - INFO - Maximum log composite likelihood: -649.4343219037082.
2026-07-16 00:12:50,299 - INFO - Optimal value of theta: 368.7201640652181.
2026-07-16 00:12:50,300 - INFO - Beginning optimization with guess, [5.41822316 6.0883546  0.1769507  0.12137093].
2026-07-16 00:13:09,701 - INFO - Finished optimization with guess, [5.41822316 6.0883546  0.1769507  0.12137093].
2026-07-16 00:13:09,702 - INFO - Best fit parameters: [ 1.7515129  21.65088519  0.04800954  0.02346453].
2026-07-16 00:13:10,662 - INFO - Maximum log composite likelihood: -722.9091299876873.
2026-07-16 00:13:10,662 - INFO - Optimal value of theta: 387.7644715231423.
2026-07-16 00:13:10,665 - INFO - Converting and interpreting Tau estimates.
2026-07-16 00:13:10,668 - INFO - Finished demographic inference.
2026-07-16 00:13:10,668 - INFO - Pipeline executed succesfully.
