2026-07-21 17:17:45,186 - INFO - Beginning execution of fit_demographic_model.py in directory /u/project/kirk-bigdata/jonmah/sample_size_demography/Scripts

2026-07-21 17:17:45,186 - INFO - Progress is being logged to ../Analysis/1KG_IBS_120/log.log

2026-07-21 17:17:45,186 - INFO - Parsed the following arguments:
	syn_input_sfs = ../Analysis/1KG_IBS_120/syn_downsampled_sfs.txt
	mask_singletons = False
	mask_doubletons = False
	sum_alleles = False
	L_syn = 100000000.0
	model_type = three_epoch
	input_params = []
	outprefix = ../Analysis/1KG_IBS_120/

2026-07-21 17:17:45,187 - INFO - Beginning demographic inference for three-epoch demographic model.
2026-07-21 17:17:45,189 - INFO - Beginning optimization with guess, [0.01821335 0.01856305 0.090275   0.0634366 ].
2026-07-21 17:17:55,621 - INFO - Finished optimization with guess, [0.01821335 0.01856305 0.090275   0.0634366 ].
2026-07-21 17:17:55,622 - INFO - Best fit parameters: [0.00594251 0.04064448 0.17555873 0.05237934].
2026-07-21 17:17:56,010 - INFO - Maximum log composite likelihood: -2706.929533666952.
2026-07-21 17:17:56,010 - INFO - Optimal value of theta: 202256.56694553737.
2026-07-21 17:17:56,011 - INFO - Beginning optimization with guess, [0.01350397 0.02645731 0.09068169 0.1592456 ].
2026-07-21 17:18:04,023 - INFO - Finished optimization with guess, [0.01350397 0.02645731 0.09068169 0.1592456 ].
2026-07-21 17:18:04,024 - INFO - Best fit parameters: [0.01087379 0.06233256 0.09835825 0.07860309].
2026-07-21 17:18:04,229 - INFO - Maximum log composite likelihood: -2706.6311449586156.
2026-07-21 17:18:04,229 - INFO - Optimal value of theta: 131722.11834719425.
2026-07-21 17:18:04,229 - INFO - Beginning optimization with guess, [0.0300845  0.0866253  0.07939211 0.10137394].
2026-07-21 17:18:10,545 - INFO - Finished optimization with guess, [0.0300845  0.0866253  0.07939211 0.10137394].
2026-07-21 17:18:10,547 - INFO - Best fit parameters: [0.01426026 0.09725681 0.15541519 0.12610379].
2026-07-21 17:18:10,762 - INFO - Maximum log composite likelihood: -2706.8864379834527.
2026-07-21 17:18:10,762 - INFO - Optimal value of theta: 84416.74893497363.
2026-07-21 17:18:10,763 - INFO - Beginning optimization with guess, [0.04439179 0.05283358 0.11819543 0.12236093].
2026-07-21 17:18:18,706 - INFO - Finished optimization with guess, [0.04439179 0.05283358 0.11819543 0.12236093].
2026-07-21 17:18:18,708 - INFO - Best fit parameters: [0.01855368 0.09509282 0.21790569 0.11225238].
2026-07-21 17:18:18,928 - INFO - Maximum log composite likelihood: -2708.242714907072.
2026-07-21 17:18:18,928 - INFO - Optimal value of theta: 87107.12376110775.
2026-07-21 17:18:18,928 - INFO - Beginning optimization with guess, [0.14272517 0.12152258 0.0612103  0.13844097].
2026-07-21 17:18:24,332 - INFO - Finished optimization with guess, [0.14272517 0.12152258 0.0612103  0.13844097].
2026-07-21 17:18:24,332 - INFO - Best fit parameters: [0.07545827 0.08142042 0.10462214 0.66476896].
2026-07-21 17:18:24,535 - INFO - Maximum log composite likelihood: -3115.8297920951445.
2026-07-21 17:18:24,535 - INFO - Optimal value of theta: 87807.1015374428.
2026-07-21 17:18:24,536 - INFO - Beginning optimization with guess, [0.15850713 0.20384897 0.05328306 0.06917851].
2026-07-21 17:18:30,495 - INFO - Finished optimization with guess, [0.15850713 0.20384897 0.05328306 0.06917851].
2026-07-21 17:18:30,495 - INFO - Best fit parameters: [0.07936514 0.76814609 0.09510709 0.08205913].
2026-07-21 17:18:30,628 - INFO - Maximum log composite likelihood: -1357.3811697066994.
2026-07-21 17:18:30,628 - INFO - Optimal value of theta: 15061.970238615579.
2026-07-21 17:18:30,629 - INFO - Beginning optimization with guess, [0.97705974 0.48415661 0.36623067 0.17226465].
2026-07-21 17:18:35,089 - INFO - Finished optimization with guess, [0.97705974 0.48415661 0.36623067 0.17226465].
2026-07-21 17:18:35,091 - INFO - Best fit parameters: [0.6417788  3.07461438 0.25270754 0.04076762].
2026-07-21 17:18:35,216 - INFO - Maximum log composite likelihood: -470.2802500112077.
2026-07-21 17:18:35,216 - INFO - Optimal value of theta: 6915.634839494128.
2026-07-21 17:18:35,217 - INFO - Beginning optimization with guess, [0.47201452 0.70359857 0.14316648 0.06459774].
2026-07-21 17:18:38,993 - INFO - Finished optimization with guess, [0.47201452 0.70359857 0.14316648 0.06459774].
2026-07-21 17:18:38,994 - INFO - Best fit parameters: [0.54799838 5.38694733 0.17079746 0.0351012 ].
2026-07-21 17:18:39,119 - INFO - Maximum log composite likelihood: -281.1516211782289.
2026-07-21 17:18:39,119 - INFO - Optimal value of theta: 6979.06650005817.
2026-07-21 17:18:39,119 - INFO - Beginning optimization with guess, [0.63539801 0.7992646  0.1709677  0.10020874].
2026-07-21 17:18:42,884 - INFO - Finished optimization with guess, [0.63539801 0.7992646  0.1709677  0.10020874].
2026-07-21 17:18:42,885 - INFO - Best fit parameters: [0.48932333 4.30208266 0.16634577 0.04250695].
2026-07-21 17:18:43,009 - INFO - Maximum log composite likelihood: -296.3800725137824.
2026-07-21 17:18:43,009 - INFO - Optimal value of theta: 7039.1107444871905.
2026-07-21 17:18:43,010 - INFO - Beginning optimization with guess, [0.79503604 1.01379059 0.0632799  0.17394932].
2026-07-21 17:18:46,720 - INFO - Finished optimization with guess, [0.79503604 1.01379059 0.0632799  0.17394932].
2026-07-21 17:18:46,720 - INFO - Best fit parameters: [0.40046175 4.10191078 0.07557398 0.05175352].
2026-07-21 17:18:46,843 - INFO - Maximum log composite likelihood: -318.2647959719254.
2026-07-21 17:18:46,844 - INFO - Optimal value of theta: 6610.586151557223.
2026-07-21 17:18:46,844 - INFO - Beginning optimization with guess, [1.38486236 1.06239147 0.19765138 0.06401439].
2026-07-21 17:18:50,580 - INFO - Finished optimization with guess, [1.38486236 1.06239147 0.19765138 0.06401439].
2026-07-21 17:18:50,581 - INFO - Best fit parameters: [0.53709281 5.67581274 0.17806421 0.03870044].
2026-07-21 17:18:50,707 - INFO - Maximum log composite likelihood: -265.63511782629354.
2026-07-21 17:18:50,707 - INFO - Optimal value of theta: 6861.813761989923.
2026-07-21 17:18:50,708 - INFO - Beginning optimization with guess, [2.03382106 1.4411872  0.09027179 0.1895956 ].
2026-07-21 17:18:55,016 - INFO - Finished optimization with guess, [2.03382106 1.4411872  0.09027179 0.1895956 ].
2026-07-21 17:18:55,017 - INFO - Best fit parameters: [0.56085716 5.52122065 0.06630751 0.04757208].
2026-07-21 17:18:55,140 - INFO - Maximum log composite likelihood: -311.67319375956805.
2026-07-21 17:18:55,140 - INFO - Optimal value of theta: 6018.219932519338.
2026-07-21 17:18:55,140 - INFO - Beginning optimization with guess, [1.96915985 2.02002059 0.05747917 0.06030452].
2026-07-21 17:18:58,818 - INFO - Finished optimization with guess, [1.96915985 2.02002059 0.05747917 0.06030452].
2026-07-21 17:18:58,818 - INFO - Best fit parameters: [0.7012365  9.0467259  0.03309123 0.04140033].
2026-07-21 17:18:58,940 - INFO - Maximum log composite likelihood: -367.19528279668305.
2026-07-21 17:18:58,940 - INFO - Optimal value of theta: 5604.157978562604.
2026-07-21 17:18:58,941 - INFO - Beginning optimization with guess, [2.21882303 1.85921135 0.11212872 0.09354867].
2026-07-21 17:19:02,662 - INFO - Finished optimization with guess, [2.21882303 1.85921135 0.11212872 0.09354867].
2026-07-21 17:19:02,662 - INFO - Best fit parameters: [ 0.52315356 10.29955442  0.05980356  0.03707389].
2026-07-21 17:19:02,785 - INFO - Maximum log composite likelihood: -283.17759325685773.
2026-07-21 17:19:02,785 - INFO - Optimal value of theta: 6240.021263068716.
2026-07-21 17:19:02,785 - INFO - Beginning optimization with guess, [3.50519478 2.44282733 0.11600185 0.11310848].
2026-07-21 17:19:06,456 - INFO - Finished optimization with guess, [3.50519478 2.44282733 0.11600185 0.11310848].
2026-07-21 17:19:06,457 - INFO - Best fit parameters: [ 0.64388263 17.22782534  0.01782181  0.03590142].
2026-07-21 17:19:06,579 - INFO - Maximum log composite likelihood: -363.0247130974427.
2026-07-21 17:19:06,579 - INFO - Optimal value of theta: 5583.206971906863.
2026-07-21 17:19:06,579 - INFO - Beginning optimization with guess, [4.04476029 4.21629389 0.06027855 0.0997598 ].
2026-07-21 17:19:10,247 - INFO - Finished optimization with guess, [4.04476029 4.21629389 0.06027855 0.0997598 ].
2026-07-21 17:19:10,248 - INFO - Best fit parameters: [3.83865232 7.64247597 0.01439699 0.02678729].
2026-07-21 17:19:10,369 - INFO - Maximum log composite likelihood: -474.3592209408324.
2026-07-21 17:19:10,369 - INFO - Optimal value of theta: 5471.145570984442.
2026-07-21 17:19:10,370 - INFO - Beginning optimization with guess, [3.906593   2.07059661 0.15250907 0.07828576].
2026-07-21 17:19:14,040 - INFO - Finished optimization with guess, [3.906593   2.07059661 0.15250907 0.07828576].
2026-07-21 17:19:14,042 - INFO - Best fit parameters: [ 0.67473636 10.81890004  0.01771422  0.03843183].
2026-07-21 17:19:14,163 - INFO - Maximum log composite likelihood: -379.7351103060921.
2026-07-21 17:19:14,163 - INFO - Optimal value of theta: 5586.919574401968.
2026-07-21 17:19:14,164 - INFO - Beginning optimization with guess, [4.54735671 3.27831146 0.05768422 0.08078842].
2026-07-21 17:19:17,832 - INFO - Finished optimization with guess, [4.54735671 3.27831146 0.05768422 0.08078842].
2026-07-21 17:19:17,832 - INFO - Best fit parameters: [4.80694819e+00 1.49574822e+01 1.20329196e-02 2.00044835e-02].
2026-07-21 17:19:17,954 - INFO - Maximum log composite likelihood: -387.0757435891737.
2026-07-21 17:19:17,954 - INFO - Optimal value of theta: 5576.137692439307.
2026-07-21 17:19:17,954 - INFO - Beginning optimization with guess, [2.50895856 4.11446609 0.1163615  0.07527806].
2026-07-21 17:19:21,646 - INFO - Finished optimization with guess, [2.50895856 4.11446609 0.1163615  0.07527806].
2026-07-21 17:19:21,647 - INFO - Best fit parameters: [0.46137298 6.71801235 0.05355226 0.04305557].
2026-07-21 17:19:21,769 - INFO - Maximum log composite likelihood: -281.20948695073537.
2026-07-21 17:19:21,770 - INFO - Optimal value of theta: 6244.698616536844.
2026-07-21 17:19:21,770 - INFO - Beginning optimization with guess, [3.22843403 1.87994302 0.08261351 0.15903657].
2026-07-21 17:19:26,060 - INFO - Finished optimization with guess, [3.22843403 1.87994302 0.08261351 0.15903657].
2026-07-21 17:19:26,061 - INFO - Best fit parameters: [ 1.2179011  10.16721281  0.02130988  0.0255204 ].
2026-07-21 17:19:26,183 - INFO - Maximum log composite likelihood: -449.46742874081417.
2026-07-21 17:19:26,183 - INFO - Optimal value of theta: 5708.534099942796.
2026-07-21 17:19:26,184 - INFO - Beginning optimization with guess, [2.13573426 7.93183675 0.08267597 0.07447173].
2026-07-21 17:19:29,869 - INFO - Finished optimization with guess, [2.13573426 7.93183675 0.08267597 0.07447173].
2026-07-21 17:19:29,869 - INFO - Best fit parameters: [0.47262919 8.55825242 0.05653783 0.03934387].
2026-07-21 17:19:29,992 - INFO - Maximum log composite likelihood: -282.9872422859026.
2026-07-21 17:19:29,992 - INFO - Optimal value of theta: 6307.375853912515.
2026-07-21 17:19:29,992 - INFO - Beginning optimization with guess, [3.25444503 4.18703262 0.08115635 0.10374448].
2026-07-21 17:19:33,660 - INFO - Finished optimization with guess, [3.25444503 4.18703262 0.08115635 0.10374448].
2026-07-21 17:19:33,660 - INFO - Best fit parameters: [1.40282475 8.55403389 0.01770043 0.03430054].
2026-07-21 17:19:33,782 - INFO - Maximum log composite likelihood: -479.753836592079.
2026-07-21 17:19:33,782 - INFO - Optimal value of theta: 5430.939886388131.
2026-07-21 17:19:33,782 - INFO - Beginning optimization with guess, [2.73225516 6.11196769 0.12434912 0.08069338].
2026-07-21 17:19:37,473 - INFO - Finished optimization with guess, [2.73225516 6.11196769 0.12434912 0.08069338].
2026-07-21 17:19:37,475 - INFO - Best fit parameters: [0.48183977 6.82278367 0.06915263 0.04146354].
2026-07-21 17:19:37,598 - INFO - Maximum log composite likelihood: -275.53681598795106.
2026-07-21 17:19:37,598 - INFO - Optimal value of theta: 6361.7325996838645.
2026-07-21 17:19:37,598 - INFO - Beginning optimization with guess, [4.23601562 6.47518283 0.1002255  0.06151632].
2026-07-21 17:19:41,270 - INFO - Finished optimization with guess, [4.23601562 6.47518283 0.1002255  0.06151632].
2026-07-21 17:19:41,271 - INFO - Best fit parameters: [9.59331423e-01 2.08143333e+01 1.19488453e-02 2.73291668e-02].
2026-07-21 17:19:41,392 - INFO - Maximum log composite likelihood: -368.9645072697381.
2026-07-21 17:19:41,392 - INFO - Optimal value of theta: 5643.045105655104.
2026-07-21 17:19:41,393 - INFO - Beginning optimization with guess, [4.01485983 3.47041208 0.07310707 0.09796034].
2026-07-21 17:19:45,059 - INFO - Finished optimization with guess, [4.01485983 3.47041208 0.07310707 0.09796034].
2026-07-21 17:19:45,060 - INFO - Best fit parameters: [2.68339390e+00 1.36740107e+01 9.50151477e-03 2.36914166e-02].
2026-07-21 17:19:45,182 - INFO - Maximum log composite likelihood: -394.2412684133567.
2026-07-21 17:19:45,182 - INFO - Optimal value of theta: 5602.608875561531.
2026-07-21 17:19:45,183 - INFO - Converting and interpreting Tau estimates.
2026-07-21 17:19:45,187 - INFO - Finished demographic inference.
2026-07-21 17:19:45,187 - INFO - Pipeline executed succesfully.
