2026-07-16 00:06:56,123 - INFO - Beginning execution of fit_demographic_model.py in directory /u/project/kirk-bigdata/jonmah/sample_size_demography/Scripts

2026-07-16 00:06:56,124 - INFO - Progress is being logged to ../Analysis/tennessen_ooa_720/log.log

2026-07-16 00:06:56,124 - INFO - Parsed the following arguments:
	syn_input_sfs = ../Simulations/tennessen/ooa_720_sfs/dadi/pop1.sfs
	mask_singletons = False
	mask_doubletons = False
	sum_alleles = False
	L_syn = 100000000.0
	model_type = three_epoch
	input_params = []
	outprefix = ../Analysis/tennessen_ooa_720/

2026-07-16 00:06:56,127 - INFO - Beginning demographic inference for three-epoch demographic model.
2026-07-16 00:06:56,129 - INFO - Beginning optimization with guess, [0.0053606  0.00527182 0.05413778 0.14358433].
2026-07-16 00:08:35,117 - INFO - Finished optimization with guess, [0.0053606  0.00527182 0.05413778 0.14358433].
2026-07-16 00:08:35,119 - INFO - Best fit parameters: [0.0053606  0.09827488 0.05413778 0.08100961].
2026-07-16 00:08:37,409 - INFO - Maximum log composite likelihood: -2946.3546574296056.
2026-07-16 00:08:37,409 - INFO - Optimal value of theta: 10035.163093010935.
2026-07-16 00:08:37,409 - INFO - Beginning optimization with guess, [0.04921085 0.01395656 0.08955476 0.17654898].
2026-07-16 00:09:56,942 - INFO - Finished optimization with guess, [0.04921085 0.01395656 0.08955476 0.17654898].
2026-07-16 00:09:56,944 - INFO - Best fit parameters: [0.04460402 0.00711773 0.0975768  0.36551644].
2026-07-16 00:10:00,316 - INFO - Maximum log composite likelihood: -3195.3711386765385.
2026-07-16 00:10:00,316 - INFO - Optimal value of theta: 114351.36433513142.
2026-07-16 00:10:00,316 - INFO - Beginning optimization with guess, [0.03140535 0.09267073 0.14635857 0.06837708].
2026-07-16 00:11:27,213 - INFO - Finished optimization with guess, [0.03140535 0.09267073 0.14635857 0.06837708].
2026-07-16 00:11:27,215 - INFO - Best fit parameters: [0.05241084 0.20373342 0.13191128 0.02061374].
2026-07-16 00:11:29,335 - INFO - Maximum log composite likelihood: -2554.1028542696595.
2026-07-16 00:11:29,335 - INFO - Optimal value of theta: 5150.724152704951.
2026-07-16 00:11:29,336 - INFO - Beginning optimization with guess, [0.09210047 0.08570065 0.11733104 0.11313925].
2026-07-16 00:12:41,243 - INFO - Finished optimization with guess, [0.09210047 0.08570065 0.11733104 0.11313925].
2026-07-16 00:12:41,247 - INFO - Best fit parameters: [0.02196168 0.18182794 0.31921933 0.15074833].
2026-07-16 00:12:43,657 - INFO - Maximum log composite likelihood: -2947.6090471096504.
2026-07-16 00:12:43,657 - INFO - Optimal value of theta: 5339.974604240509.
2026-07-16 00:12:43,657 - INFO - Beginning optimization with guess, [0.05553487 0.06730926 0.18158401 0.13455461].
2026-07-16 00:14:00,914 - INFO - Finished optimization with guess, [0.05553487 0.06730926 0.18158401 0.13455461].
2026-07-16 00:14:00,916 - INFO - Best fit parameters: [0.01690594 0.14223696 0.38790994 0.12516393].
2026-07-16 00:14:03,574 - INFO - Maximum log composite likelihood: -2951.9632926919608.
2026-07-16 00:14:03,574 - INFO - Optimal value of theta: 6762.668097112345.
2026-07-16 00:14:03,574 - INFO - Beginning optimization with guess, [0.45943272 0.23155042 0.0659379  0.06945076].
2026-07-16 00:14:44,892 - INFO - Finished optimization with guess, [0.45943272 0.23155042 0.0659379  0.06945076].
2026-07-16 00:14:44,893 - INFO - Best fit parameters: [0.1957281  5.65904661 0.10397856 0.09957715].
2026-07-16 00:14:46,929 - INFO - Maximum log composite likelihood: -1464.5729620488387.
2026-07-16 00:14:46,929 - INFO - Optimal value of theta: 437.9209572372558.
2026-07-16 00:14:46,930 - INFO - Beginning optimization with guess, [0.29762362 0.36523198 0.90495519 0.12500104].
2026-07-16 00:15:30,225 - INFO - Finished optimization with guess, [0.29762362 0.36523198 0.90495519 0.12500104].
2026-07-16 00:15:30,226 - INFO - Best fit parameters: [0.31641066 0.96470712 1.08394315 0.04097604].
2026-07-16 00:15:32,363 - INFO - Maximum log composite likelihood: -2128.7957760416043.
2026-07-16 00:15:32,363 - INFO - Optimal value of theta: 1415.1854613345097.
2026-07-16 00:15:32,363 - INFO - Beginning optimization with guess, [0.77957744 1.48640128 0.17929321 0.06616973].
2026-07-16 00:16:13,291 - INFO - Finished optimization with guess, [0.77957744 1.48640128 0.17929321 0.06616973].
2026-07-16 00:16:13,292 - INFO - Best fit parameters: [3.28519107e-01 1.66605990e+01 1.80415708e-01 1.48998232e-02].
2026-07-16 00:16:15,325 - INFO - Maximum log composite likelihood: -722.6659571035905.
2026-07-16 00:16:15,325 - INFO - Optimal value of theta: 756.1688235749722.
2026-07-16 00:16:15,325 - INFO - Beginning optimization with guess, [1.30079498 1.14033354 0.06902836 0.05014133].
2026-07-16 00:16:56,101 - INFO - Finished optimization with guess, [1.30079498 1.14033354 0.06902836 0.05014133].
2026-07-16 00:16:56,103 - INFO - Best fit parameters: [3.96579337e-01 2.45435378e+01 7.38316103e-02 2.34529640e-02].
2026-07-16 00:16:58,164 - INFO - Maximum log composite likelihood: -737.1852477460346.
2026-07-16 00:16:58,164 - INFO - Optimal value of theta: 525.2539766513153.
2026-07-16 00:16:58,165 - INFO - Beginning optimization with guess, [0.71354233 0.74785318 0.18916227 0.1050239 ].
2026-07-16 00:17:39,056 - INFO - Finished optimization with guess, [0.71354233 0.74785318 0.18916227 0.1050239 ].
2026-07-16 00:17:39,057 - INFO - Best fit parameters: [3.56953250e-01 4.69804265e+01 1.56750953e-01 1.94965425e-02].
2026-07-16 00:17:41,038 - INFO - Maximum log composite likelihood: -808.0676031572156.
2026-07-16 00:17:41,038 - INFO - Optimal value of theta: 582.614324884026.
2026-07-16 00:17:41,038 - INFO - Beginning optimization with guess, [2.60351556 2.36258548 0.18667484 0.07594144].
2026-07-16 00:18:20,456 - INFO - Finished optimization with guess, [2.60351556 2.36258548 0.18667484 0.07594144].
2026-07-16 00:18:20,457 - INFO - Best fit parameters: [5.86150225e-01 3.23367084e+01 1.06121505e-01 1.86467815e-02].
2026-07-16 00:18:22,434 - INFO - Maximum log composite likelihood: -759.9658253556621.
2026-07-16 00:18:22,434 - INFO - Optimal value of theta: 529.4363873147288.
2026-07-16 00:18:22,435 - INFO - Beginning optimization with guess, [1.45172468 2.47870821 0.06930496 0.15615295].
2026-07-16 00:19:01,858 - INFO - Finished optimization with guess, [1.45172468 2.47870821 0.06930496 0.15615295].
2026-07-16 00:19:01,860 - INFO - Best fit parameters: [6.47954154e-01 5.13056204e+01 5.89928525e-02 2.55530930e-02].
2026-07-16 00:19:03,836 - INFO - Maximum log composite likelihood: -793.1528149161918.
2026-07-16 00:19:03,836 - INFO - Optimal value of theta: 423.08728689188723.
2026-07-16 00:19:03,836 - INFO - Beginning optimization with guess, [3.09814653 1.57439922 0.12385664 0.06813343].
2026-07-16 00:19:43,210 - INFO - Finished optimization with guess, [3.09814653 1.57439922 0.12385664 0.06813343].
2026-07-16 00:19:43,212 - INFO - Best fit parameters: [8.68434410e-01 6.52365160e+01 5.02728462e-02 2.44363626e-02].
2026-07-16 00:19:45,194 - INFO - Maximum log composite likelihood: -810.6610575968041.
2026-07-16 00:19:45,194 - INFO - Optimal value of theta: 401.86637122609125.
2026-07-16 00:19:45,195 - INFO - Beginning optimization with guess, [1.57272165 1.15599251 0.07549637 0.14719018].
2026-07-16 00:20:24,580 - INFO - Finished optimization with guess, [1.57272165 1.15599251 0.07549637 0.14719018].
2026-07-16 00:20:24,582 - INFO - Best fit parameters: [1.76078551e+00 3.34606513e+02 4.81780577e-02 1.16176989e-02].
2026-07-16 00:20:26,552 - INFO - Maximum log composite likelihood: -930.3487854403048.
2026-07-16 00:20:26,552 - INFO - Optimal value of theta: 446.5135595885748.
2026-07-16 00:20:26,553 - INFO - Beginning optimization with guess, [1.59722511 2.74989804 0.09755824 0.12390935].
2026-07-16 00:21:05,962 - INFO - Finished optimization with guess, [1.59722511 2.74989804 0.09755824 0.12390935].
2026-07-16 00:21:05,963 - INFO - Best fit parameters: [5.64311051e-01 3.08416597e+01 8.31063130e-02 2.31157902e-02].
2026-07-16 00:21:07,938 - INFO - Maximum log composite likelihood: -750.166803185239.
2026-07-16 00:21:07,938 - INFO - Optimal value of theta: 482.369548809132.
2026-07-16 00:21:07,938 - INFO - Beginning optimization with guess, [1.48411945 2.29925766 0.09432363 0.16196258].
2026-07-16 00:21:47,562 - INFO - Finished optimization with guess, [1.48411945 2.29925766 0.09432363 0.16196258].
2026-07-16 00:21:47,563 - INFO - Best fit parameters: [5.14610078e-01 9.53111379e+01 7.49650810e-02 2.60889580e-02].
2026-07-16 00:21:49,542 - INFO - Maximum log composite likelihood: -902.9606257549171.
2026-07-16 00:21:49,542 - INFO - Optimal value of theta: 422.5872911988451.
2026-07-16 00:21:49,542 - INFO - Beginning optimization with guess, [5.95532494 1.79344888 0.11127437 0.14760745].
2026-07-16 00:22:28,913 - INFO - Finished optimization with guess, [5.95532494 1.79344888 0.11127437 0.14760745].
2026-07-16 00:22:28,914 - INFO - Best fit parameters: [2.66453902e+00 8.98621111e+02 1.76049149e-02 9.29994871e-03].
2026-07-16 00:22:30,883 - INFO - Maximum log composite likelihood: -897.3368742857593.
2026-07-16 00:22:30,883 - INFO - Optimal value of theta: 471.4670234119211.
2026-07-16 00:22:30,883 - INFO - Beginning optimization with guess, [3.21812162 2.55808153 0.05897167 0.05746908].
2026-07-16 00:23:10,223 - INFO - Finished optimization with guess, [3.21812162 2.55808153 0.05897167 0.05746908].
2026-07-16 00:23:10,225 - INFO - Best fit parameters: [1.59986071e+00 4.00475977e+01 2.12048920e-02 2.45225015e-02].
2026-07-16 00:23:12,198 - INFO - Maximum log composite likelihood: -816.1854817690294.
2026-07-16 00:23:12,198 - INFO - Optimal value of theta: 380.4856277326342.
2026-07-16 00:23:12,199 - INFO - Beginning optimization with guess, [3.72794903 2.96496061 0.16846923 0.10513521].
2026-07-16 00:23:51,554 - INFO - Finished optimization with guess, [3.72794903 2.96496061 0.16846923 0.10513521].
2026-07-16 00:23:51,556 - INFO - Best fit parameters: [8.56577877e-01 1.14903405e+02 5.92818432e-02 2.35951240e-02].
2026-07-16 00:23:53,530 - INFO - Maximum log composite likelihood: -855.7514522312629.
2026-07-16 00:23:53,530 - INFO - Optimal value of theta: 399.5936564132397.
2026-07-16 00:23:53,530 - INFO - Beginning optimization with guess, [4.25504727 3.2495972  0.19166193 0.14521253].
2026-07-16 00:24:32,888 - INFO - Finished optimization with guess, [4.25504727 3.2495972  0.19166193 0.14521253].
2026-07-16 00:24:32,890 - INFO - Best fit parameters: [8.11644698e-01 6.34085226e+02 2.53767098e-02 2.25254233e-02].
2026-07-16 00:24:34,863 - INFO - Maximum log composite likelihood: -1010.1940977497679.
2026-07-16 00:24:34,863 - INFO - Optimal value of theta: 396.2013056283326.
2026-07-16 00:24:34,864 - INFO - Beginning optimization with guess, [3.21443363 5.50698545 0.05382931 0.05214179].
2026-07-16 00:25:14,186 - INFO - Finished optimization with guess, [3.21443363 5.50698545 0.05382931 0.05214179].
2026-07-16 00:25:14,188 - INFO - Best fit parameters: [1.45054460e+00 5.05866048e+01 1.96648286e-02 2.60866180e-02].
2026-07-16 00:25:16,159 - INFO - Maximum log composite likelihood: -810.3670677842198.
2026-07-16 00:25:16,160 - INFO - Optimal value of theta: 369.09870928300336.
2026-07-16 00:25:16,160 - INFO - Beginning optimization with guess, [2.81647252 5.3743298  0.05515793 0.15032786].
2026-07-16 00:25:55,483 - INFO - Finished optimization with guess, [2.81647252 5.3743298  0.05515793 0.15032786].
2026-07-16 00:25:55,485 - INFO - Best fit parameters: [ 1.35578997 20.46939789  0.03414959  0.02347499].
2026-07-16 00:25:57,459 - INFO - Maximum log composite likelihood: -896.3562607228226.
2026-07-16 00:25:57,459 - INFO - Optimal value of theta: 418.30882925879354.
2026-07-16 00:25:57,459 - INFO - Beginning optimization with guess, [2.39756539 4.65098812 0.06407152 0.08472609].
2026-07-16 00:26:36,934 - INFO - Finished optimization with guess, [2.39756539 4.65098812 0.06407152 0.08472609].
2026-07-16 00:26:36,936 - INFO - Best fit parameters: [4.93983484e-01 4.35197246e+01 4.05321723e-02 2.73647317e-02].
2026-07-16 00:26:38,909 - INFO - Maximum log composite likelihood: -797.5438833029831.
2026-07-16 00:26:38,909 - INFO - Optimal value of theta: 428.6779279448192.
2026-07-16 00:26:38,910 - INFO - Beginning optimization with guess, [6.42281568 6.10506892 0.12860854 0.1251995 ].
2026-07-16 00:27:18,549 - INFO - Finished optimization with guess, [6.42281568 6.10506892 0.12860854 0.1251995 ].
2026-07-16 00:27:18,551 - INFO - Best fit parameters: [3.51014251e+00 4.14066563e+01 2.42443961e-02 2.09409252e-02].
2026-07-16 00:27:20,523 - INFO - Maximum log composite likelihood: -840.5523715655141.
2026-07-16 00:27:20,524 - INFO - Optimal value of theta: 361.602207040452.
2026-07-16 00:27:20,524 - INFO - Beginning optimization with guess, [3.28608946 4.81678084 0.05576651 0.16330765].
2026-07-16 00:27:59,815 - INFO - Finished optimization with guess, [3.28608946 4.81678084 0.05576651 0.16330765].
2026-07-16 00:27:59,816 - INFO - Best fit parameters: [ 1.88350054 20.22964267  0.02862614  0.02233776].
2026-07-16 00:28:01,800 - INFO - Maximum log composite likelihood: -916.8357264188182.
2026-07-16 00:28:01,800 - INFO - Optimal value of theta: 406.3545125522211.
2026-07-16 00:28:01,804 - INFO - Converting and interpreting Tau estimates.
2026-07-16 00:28:01,806 - INFO - Finished demographic inference.
2026-07-16 00:28:01,806 - INFO - Pipeline executed succesfully.
