2026-07-16 00:03:40,245 - INFO - Beginning execution of fit_demographic_model.py in directory /u/project/kirk-bigdata/jonmah/sample_size_demography/Scripts

2026-07-16 00:03:40,245 - INFO - Progress is being logged to ../Analysis/tennessen_ooa_590/log.log

2026-07-16 00:03:40,245 - INFO - Parsed the following arguments:
	syn_input_sfs = ../Simulations/tennessen/ooa_590_sfs/dadi/pop1.sfs
	mask_singletons = False
	mask_doubletons = False
	sum_alleles = False
	L_syn = 100000000.0
	model_type = three_epoch
	input_params = []
	outprefix = ../Analysis/tennessen_ooa_590/

2026-07-16 00:03:40,248 - INFO - Beginning demographic inference for three-epoch demographic model.
2026-07-16 00:03:40,251 - INFO - Beginning optimization with guess, [0.01200624 0.01168395 0.0655727  0.06619134].
2026-07-16 00:05:31,768 - INFO - Finished optimization with guess, [0.01200624 0.01168395 0.0655727  0.06619134].
2026-07-16 00:05:31,769 - INFO - Best fit parameters: [0.00498333 0.04015958 0.10410653 0.03229388].
2026-07-16 00:05:33,562 - INFO - Maximum log composite likelihood: -2460.047052101345.
2026-07-16 00:05:33,562 - INFO - Optimal value of theta: 22882.27261687995.
2026-07-16 00:05:33,563 - INFO - Beginning optimization with guess, [0.02687952 0.02762436 0.14850551 0.19817132].
2026-07-16 00:06:35,337 - INFO - Finished optimization with guess, [0.02687952 0.02762436 0.14850551 0.19817132].
2026-07-16 00:06:35,339 - INFO - Best fit parameters: [0.00567079 0.12612371 0.28714366 0.12145317].
2026-07-16 00:06:37,759 - INFO - Maximum log composite likelihood: -2463.127897679141.
2026-07-16 00:06:37,759 - INFO - Optimal value of theta: 7178.545388447322.
2026-07-16 00:06:37,759 - INFO - Beginning optimization with guess, [0.02571117 0.03702712 0.08338715 0.13766899].
2026-07-16 00:08:12,778 - INFO - Finished optimization with guess, [0.02571117 0.03702712 0.08338715 0.13766899].
2026-07-16 00:08:12,780 - INFO - Best fit parameters: [0.01141248 0.09734541 0.14997613 0.07939729].
2026-07-16 00:08:14,509 - INFO - Maximum log composite likelihood: -2460.323781310864.
2026-07-16 00:08:14,509 - INFO - Optimal value of theta: 9432.132207253291.
2026-07-16 00:08:14,510 - INFO - Beginning optimization with guess, [0.0750113  0.0861512  0.12976998 0.08034466].
2026-07-16 00:08:44,965 - INFO - Finished optimization with guess, [0.0750113  0.0861512  0.12976998 0.08034466].
2026-07-16 00:08:44,967 - INFO - Best fit parameters: [0.03036958 0.16333556 0.25341842 0.08126887].
2026-07-16 00:08:46,519 - INFO - Maximum log composite likelihood: -2463.821831414684.
2026-07-16 00:08:46,519 - INFO - Optimal value of theta: 5984.239362284072.
2026-07-16 00:08:46,519 - INFO - Beginning optimization with guess, [0.17361374 0.18393665 0.0718621  0.05528151].
2026-07-16 00:09:31,945 - INFO - Finished optimization with guess, [0.17361374 0.18393665 0.0718621  0.05528151].
2026-07-16 00:09:31,946 - INFO - Best fit parameters: [0.05862126 1.00675299 0.16741097 0.06264483].
2026-07-16 00:09:33,379 - INFO - Maximum log composite likelihood: -2158.208995123676.
2026-07-16 00:09:33,379 - INFO - Optimal value of theta: 1582.6973260437176.
2026-07-16 00:09:33,379 - INFO - Beginning optimization with guess, [0.48820745 0.13840236 0.09392535 0.07484095].
2026-07-16 00:10:02,041 - INFO - Finished optimization with guess, [0.48820745 0.13840236 0.09392535 0.07484095].
2026-07-16 00:10:02,043 - INFO - Best fit parameters: [0.18442413 1.32097533 0.16545481 0.24695362].
2026-07-16 00:10:03,514 - INFO - Maximum log composite likelihood: -2198.3955313604733.
2026-07-16 00:10:03,514 - INFO - Optimal value of theta: 790.4674744927872.
2026-07-16 00:10:03,515 - INFO - Beginning optimization with guess, [0.42008262 0.27701373 0.44892871 0.08305517].
2026-07-16 00:10:33,812 - INFO - Finished optimization with guess, [0.42008262 0.27701373 0.44892871 0.08305517].
2026-07-16 00:10:33,813 - INFO - Best fit parameters: [0.15331571 2.20363896 0.5655428  0.03515812].
2026-07-16 00:10:35,367 - INFO - Maximum log composite likelihood: -1499.6867960206857.
2026-07-16 00:10:35,368 - INFO - Optimal value of theta: 1169.9201360209245.
2026-07-16 00:10:35,368 - INFO - Beginning optimization with guess, [0.59698489 0.39271365 0.15569292 0.17259379].
2026-07-16 00:11:05,055 - INFO - Finished optimization with guess, [0.59698489 0.39271365 0.15569292 0.17259379].
2026-07-16 00:11:05,058 - INFO - Best fit parameters: [0.25961315 3.92063278 0.21624048 0.20861351].
2026-07-16 00:11:06,551 - INFO - Maximum log composite likelihood: -1879.972216064613.
2026-07-16 00:11:06,551 - INFO - Optimal value of theta: 409.98080819692683.
2026-07-16 00:11:06,551 - INFO - Beginning optimization with guess, [1.58000727 0.98514067 0.16743437 0.11468161].
2026-07-16 00:11:36,083 - INFO - Finished optimization with guess, [1.58000727 0.98514067 0.16743437 0.11468161].
2026-07-16 00:11:36,085 - INFO - Best fit parameters: [7.66352449e-01 9.00397238e+01 7.97205853e-02 2.27186834e-02].
2026-07-16 00:11:37,557 - INFO - Maximum log composite likelihood: -728.3853698784092.
2026-07-16 00:11:37,557 - INFO - Optimal value of theta: 429.2829412014667.
2026-07-16 00:11:37,557 - INFO - Beginning optimization with guess, [1.28359957 0.68598201 0.06444348 0.12107021].
2026-07-16 00:12:07,061 - INFO - Finished optimization with guess, [1.28359957 0.68598201 0.06444348 0.12107021].
2026-07-16 00:12:07,063 - INFO - Best fit parameters: [7.51589964e-01 4.26749549e+01 5.48766830e-02 3.18268574e-02].
2026-07-16 00:12:08,539 - INFO - Maximum log composite likelihood: -711.9461765034616.
2026-07-16 00:12:08,539 - INFO - Optimal value of theta: 380.5657589976859.
2026-07-16 00:12:08,539 - INFO - Beginning optimization with guess, [1.35653457 2.63884956 0.0817429  0.13658817].
2026-07-16 00:12:38,044 - INFO - Finished optimization with guess, [1.35653457 2.63884956 0.0817429  0.13658817].
2026-07-16 00:12:38,046 - INFO - Best fit parameters: [5.25260018e-01 2.66809964e+01 7.45893011e-02 2.50314168e-02].
2026-07-16 00:12:39,526 - INFO - Maximum log composite likelihood: -656.4514963470192.
2026-07-16 00:12:39,526 - INFO - Optimal value of theta: 480.4247858054423.
2026-07-16 00:12:39,527 - INFO - Beginning optimization with guess, [0.91876368 1.18388006 0.11283712 0.05227417].
2026-07-16 00:13:09,130 - INFO - Finished optimization with guess, [0.91876368 1.18388006 0.11283712 0.05227417].
2026-07-16 00:13:09,131 - INFO - Best fit parameters: [ 0.31310272 14.69819914  0.11848579  0.01700914].
2026-07-16 00:13:10,610 - INFO - Maximum log composite likelihood: -641.0135273757078.
2026-07-16 00:13:10,610 - INFO - Optimal value of theta: 706.1598096957664.
2026-07-16 00:13:10,611 - INFO - Beginning optimization with guess, [2.21222639 3.63267773 0.06880163 0.0974437 ].
2026-07-16 00:13:39,956 - INFO - Finished optimization with guess, [2.21222639 3.63267773 0.06880163 0.0974437 ].
2026-07-16 00:13:39,958 - INFO - Best fit parameters: [6.21911395e-01 3.23939921e+01 4.65930030e-02 2.95914976e-02].
2026-07-16 00:13:41,432 - INFO - Maximum log composite likelihood: -688.422249290239.
2026-07-16 00:13:41,433 - INFO - Optimal value of theta: 416.00900024024816.
2026-07-16 00:13:41,433 - INFO - Beginning optimization with guess, [2.68326342 4.42001211 0.15524649 0.13523318].
2026-07-16 00:14:10,874 - INFO - Finished optimization with guess, [2.68326342 4.42001211 0.15524649 0.13523318].
2026-07-16 00:14:10,876 - INFO - Best fit parameters: [ 0.70076026 25.18520076  0.09853864  0.02574292].
2026-07-16 00:14:12,340 - INFO - Maximum log composite likelihood: -675.5553652964463.
2026-07-16 00:14:12,340 - INFO - Optimal value of theta: 451.93303459339455.
2026-07-16 00:14:12,340 - INFO - Beginning optimization with guess, [1.9830266  2.72035168 0.09899438 0.05996867].
2026-07-16 00:14:49,064 - INFO - Finished optimization with guess, [1.9830266  2.72035168 0.09899438 0.05996867].
2026-07-16 00:14:49,066 - INFO - Best fit parameters: [4.34059845e-01 2.63928060e+01 7.76475324e-02 2.51616131e-02].
2026-07-16 00:14:50,566 - INFO - Maximum log composite likelihood: -647.3990454206113.
2026-07-16 00:14:50,566 - INFO - Optimal value of theta: 500.4587669056479.
2026-07-16 00:14:50,567 - INFO - Beginning optimization with guess, [1.97288188 3.03867229 0.16457743 0.17137136].
2026-07-16 01:04:21,814 - INFO - Finished optimization with guess, [1.97288188 3.03867229 0.16457743 0.17137136].
2026-07-16 01:04:21,815 - INFO - Best fit parameters: [8.39367462e-04 9.19237089e+06 1.99206297e-02 1.16238377e-05].
2026-07-16 01:04:23,639 - INFO - Maximum log composite likelihood: -819.9183149707899.
2026-07-16 01:04:23,639 - INFO - Optimal value of theta: 572522.4359565685.
2026-07-16 01:04:23,639 - INFO - Beginning optimization with guess, [4.53441794 2.60928609 0.19136286 0.052086  ].
2026-07-16 01:04:50,617 - INFO - Finished optimization with guess, [4.53441794 2.60928609 0.19136286 0.052086  ].
2026-07-16 01:04:50,618 - INFO - Best fit parameters: [3.56362812e-01 5.38936159e+01 4.34906612e-02 1.51399298e-02].
2026-07-16 01:04:51,959 - INFO - Maximum log composite likelihood: -786.3740544807146.
2026-07-16 01:04:51,959 - INFO - Optimal value of theta: 606.6472239635796.
2026-07-16 01:04:51,959 - INFO - Beginning optimization with guess, [1.80723292 3.56662745 0.07128195 0.10331648].
2026-07-16 01:05:18,754 - INFO - Finished optimization with guess, [1.80723292 3.56662745 0.07128195 0.10331648].
2026-07-16 01:05:18,757 - INFO - Best fit parameters: [4.17451471e-01 3.11636360e+01 6.60223122e-02 2.92755175e-02].
2026-07-16 01:05:20,114 - INFO - Maximum log composite likelihood: -671.5125397659907.
2026-07-16 01:05:20,115 - INFO - Optimal value of theta: 456.8733460160255.
2026-07-16 01:05:20,115 - INFO - Beginning optimization with guess, [6.11811515 2.22164646 0.19550622 0.05232859].
2026-07-16 01:05:46,971 - INFO - Finished optimization with guess, [6.11811515 2.22164646 0.19550622 0.05232859].
2026-07-16 01:05:46,973 - INFO - Best fit parameters: [2.18965330e+00 3.80401254e+01 2.39013977e-02 2.25985812e-02].
2026-07-16 01:05:48,316 - INFO - Maximum log composite likelihood: -739.6273658481496.
2026-07-16 01:05:48,316 - INFO - Optimal value of theta: 377.33936234831134.
2026-07-16 01:05:48,316 - INFO - Beginning optimization with guess, [5.03165852 2.43193236 0.14026007 0.07290102].
2026-07-16 01:06:15,260 - INFO - Finished optimization with guess, [5.03165852 2.43193236 0.14026007 0.07290102].
2026-07-16 01:06:15,261 - INFO - Best fit parameters: [1.68311288e+00 4.59203889e+01 2.43274660e-02 2.38156148e-02].
2026-07-16 01:06:16,643 - INFO - Maximum log composite likelihood: -726.7006268624589.
2026-07-16 01:06:16,643 - INFO - Optimal value of theta: 378.56259365197843.
2026-07-16 01:06:16,643 - INFO - Beginning optimization with guess, [3.09379294 4.19151571 0.19981415 0.08211736].
2026-07-16 01:06:44,022 - INFO - Finished optimization with guess, [3.09379294 4.19151571 0.19981415 0.08211736].
2026-07-16 01:06:44,023 - INFO - Best fit parameters: [4.98389124e-01 3.21220636e+01 1.15783241e-01 2.21257620e-02].
2026-07-16 01:06:45,368 - INFO - Maximum log composite likelihood: -647.627902333068.
2026-07-16 01:06:45,368 - INFO - Optimal value of theta: 516.3108753405637.
2026-07-16 01:06:45,368 - INFO - Beginning optimization with guess, [4.03228697 7.97965163 0.06033198 0.12398428].
2026-07-16 01:07:18,882 - INFO - Finished optimization with guess, [4.03228697 7.97965163 0.06033198 0.12398428].
2026-07-16 01:07:18,883 - INFO - Best fit parameters: [1.59285663e+00 3.52394218e+01 1.48722003e-02 2.03993067e-02].
2026-07-16 01:07:20,221 - INFO - Maximum log composite likelihood: -732.6921444500736.
2026-07-16 01:07:20,221 - INFO - Optimal value of theta: 417.45230409280066.
2026-07-16 01:07:20,221 - INFO - Beginning optimization with guess, [8.44520944 2.80446778 0.12996454 0.10788628].
2026-07-16 01:07:46,996 - INFO - Finished optimization with guess, [8.44520944 2.80446778 0.12996454 0.10788628].
2026-07-16 01:07:46,997 - INFO - Best fit parameters: [4.47510215e+00 9.87572600e+01 1.23729303e-02 1.76790305e-02].
2026-07-16 01:07:48,335 - INFO - Maximum log composite likelihood: -716.4640838532173.
2026-07-16 01:07:48,335 - INFO - Optimal value of theta: 389.8392311514188.
2026-07-16 01:07:48,335 - INFO - Beginning optimization with guess, [4.203812   2.8722012  0.07027118 0.07067707].
2026-07-16 01:08:15,202 - INFO - Finished optimization with guess, [4.203812   2.8722012  0.07027118 0.07067707].
2026-07-16 01:08:15,204 - INFO - Best fit parameters: [2.44133405e+00 3.66992575e+01 1.73977138e-02 2.20458000e-02].
2026-07-16 01:08:16,541 - INFO - Maximum log composite likelihood: -732.0454724134903.
2026-07-16 01:08:16,541 - INFO - Optimal value of theta: 384.8221577149117.
2026-07-16 01:08:16,541 - INFO - Beginning optimization with guess, [8.6446777  8.96312899 0.06227288 0.18815893].
2026-07-16 01:08:43,552 - INFO - Finished optimization with guess, [8.6446777  8.96312899 0.06227288 0.18815893].
2026-07-16 01:08:43,553 - INFO - Best fit parameters: [6.93918170e+00 3.80086960e+01 1.12930519e-02 2.00504137e-02].
2026-07-16 01:08:44,910 - INFO - Maximum log composite likelihood: -720.9061060354571.
2026-07-16 01:08:44,910 - INFO - Optimal value of theta: 381.9153101647494.
2026-07-16 01:08:44,914 - INFO - Converting and interpreting Tau estimates.
2026-07-16 01:08:44,917 - INFO - Finished demographic inference.
2026-07-16 01:08:44,917 - INFO - Pipeline executed succesfully.
