2026-07-21 10:01:48,501 - INFO - Beginning execution of fit_demographic_model.py in directory /u/project/kirk-bigdata/jonmah/sample_size_demography/Scripts

2026-07-21 10:01:48,501 - INFO - Progress is being logged to ../Analysis/tennessen_ooa_10/log.log

2026-07-21 10:01:48,501 - INFO - Parsed the following arguments:
	syn_input_sfs = ../Simulations/tennessen/ooa_10_sfs/dadi/pop1.sfs
	mask_singletons = False
	mask_doubletons = False
	sum_alleles = False
	L_syn = 100000000.0
	model_type = two_epoch
	input_params = []
	outprefix = ../Analysis/tennessen_ooa_10/

2026-07-21 10:01:48,502 - INFO - Beginning demographic inference for two-epoch demographic model.
2026-07-21 10:01:48,504 - INFO - Beginning optimization with guess, [0.00551622 0.15959371].
2026-07-21 10:01:48,866 - INFO - Finished optimization with guess, [0.00551622 0.15959371].
2026-07-21 10:01:48,866 - INFO - Best fit parameters: [0.00551622 0.15959371].
2026-07-21 10:01:48,986 - INFO - Maximum log composite likelihood: -54.384419074145285.
2026-07-21 10:01:48,986 - INFO - Optimal value of theta: 86880.70211497098.
2026-07-21 10:01:48,986 - INFO - Beginning optimization with guess, [0.02065902 0.19064594].
2026-07-21 10:01:49,399 - INFO - Finished optimization with guess, [0.02065902 0.19064594].
2026-07-21 10:01:49,399 - INFO - Best fit parameters: [0.03568043 0.10323184].
2026-07-21 10:01:49,414 - INFO - Maximum log composite likelihood: -20.62671132800358.
2026-07-21 10:01:49,414 - INFO - Optimal value of theta: 5804.860629632443.
2026-07-21 10:01:49,415 - INFO - Beginning optimization with guess, [0.07573214 0.10161885].
2026-07-21 10:01:49,931 - INFO - Finished optimization with guess, [0.07573214 0.10161885].
2026-07-21 10:01:49,932 - INFO - Best fit parameters: [0.06637666 0.14751878].
2026-07-21 10:01:49,944 - INFO - Maximum log composite likelihood: -20.629100796615717.
2026-07-21 10:01:49,944 - INFO - Optimal value of theta: 3091.439699106455.
2026-07-21 10:01:49,944 - INFO - Beginning optimization with guess, [0.14960222 0.05316311].
2026-07-21 10:01:50,030 - INFO - Finished optimization with guess, [0.14960222 0.05316311].
2026-07-21 10:01:50,030 - INFO - Best fit parameters: [0.25558134 0.08680964].
2026-07-21 10:01:50,035 - INFO - Maximum log composite likelihood: -21.816116764379444.
2026-07-21 10:01:50,035 - INFO - Optimal value of theta: 656.590446711578.
2026-07-21 10:01:50,036 - INFO - Beginning optimization with guess, [0.09738942 0.08601532].
2026-07-21 10:01:50,185 - INFO - Finished optimization with guess, [0.09738942 0.08601532].
2026-07-21 10:01:50,186 - INFO - Best fit parameters: [0.15793716 0.19979443].
2026-07-21 10:01:50,194 - INFO - Maximum log composite likelihood: -20.63536661282376.
2026-07-21 10:01:50,194 - INFO - Optimal value of theta: 1309.8963042160103.
2026-07-21 10:01:50,194 - INFO - Beginning optimization with guess, [0.13308467 0.06038882].
2026-07-21 10:01:50,314 - INFO - Finished optimization with guess, [0.13308467 0.06038882].
2026-07-21 10:01:50,314 - INFO - Best fit parameters: [0.2606126  0.10525846].
2026-07-21 10:01:50,319 - INFO - Maximum log composite likelihood: -21.415130575181706.
2026-07-21 10:01:50,320 - INFO - Optimal value of theta: 685.1208928679526.
2026-07-21 10:01:50,320 - INFO - Beginning optimization with guess, [0.25443523 0.09493521].
2026-07-21 10:01:51,776 - INFO - Finished optimization with guess, [0.25443523 0.09493521].
2026-07-21 10:01:51,777 - INFO - Best fit parameters: [0.10697613 0.18366207].
2026-07-21 10:01:51,787 - INFO - Maximum log composite likelihood: -20.627537392788668.
2026-07-21 10:01:51,787 - INFO - Optimal value of theta: 1936.972454171582.
2026-07-21 10:01:51,788 - INFO - Beginning optimization with guess, [1.3202393  0.05267206].
2026-07-21 10:01:52,218 - INFO - Finished optimization with guess, [1.3202393  0.05267206].
2026-07-21 10:01:52,218 - INFO - Best fit parameters: [0.00687906 0.0314654 ].
2026-07-21 10:01:52,239 - INFO - Maximum log composite likelihood: -20.626696304542634.
2026-07-21 10:01:52,240 - INFO - Optimal value of theta: 30141.984922721702.
2026-07-21 10:01:52,240 - INFO - Beginning optimization with guess, [0.77976402 0.17207462].
2026-07-21 10:01:52,353 - INFO - Finished optimization with guess, [0.77976402 0.17207462].
2026-07-21 10:01:52,353 - INFO - Best fit parameters: [0.1956221  0.20082573].
2026-07-21 10:01:52,360 - INFO - Maximum log composite likelihood: -20.661009159630908.
2026-07-21 10:01:52,360 - INFO - Optimal value of theta: 1070.3511173800116.
2026-07-21 10:01:52,361 - INFO - Beginning optimization with guess, [1.7567966  0.08127707].
2026-07-21 10:01:52,722 - INFO - Finished optimization with guess, [1.7567966  0.08127707].
2026-07-21 10:01:52,722 - INFO - Best fit parameters: [0.02121998 0.07059424].
2026-07-21 10:01:52,738 - INFO - Maximum log composite likelihood: -20.698029683411733.
2026-07-21 10:01:52,738 - INFO - Optimal value of theta: 9200.415982655051.
2026-07-21 10:01:52,739 - INFO - Beginning optimization with guess, [2.12830621 0.1130347 ].
2026-07-21 10:01:52,847 - INFO - Finished optimization with guess, [2.12830621 0.1130347 ].
2026-07-21 10:01:52,847 - INFO - Best fit parameters: [0.23945823 0.08414943].
2026-07-21 10:01:52,852 - INFO - Maximum log composite likelihood: -21.663640205659817.
2026-07-21 10:01:52,852 - INFO - Optimal value of theta: 667.7281593469522.
2026-07-21 10:01:52,852 - INFO - Beginning optimization with guess, [1.0592212  0.10906635].
2026-07-21 10:01:52,984 - INFO - Finished optimization with guess, [1.0592212  0.10906635].
2026-07-21 10:01:52,985 - INFO - Best fit parameters: [0.13923066 0.19734983].
2026-07-21 10:01:52,993 - INFO - Maximum log composite likelihood: -20.630714072797787.
2026-07-21 10:01:52,994 - INFO - Optimal value of theta: 1489.434134551394.
2026-07-21 10:01:52,994 - INFO - Beginning optimization with guess, [1.91585758 0.17262953].
2026-07-21 10:01:53,202 - INFO - Finished optimization with guess, [1.91585758 0.17262953].
2026-07-21 10:01:53,202 - INFO - Best fit parameters: [0.0663196  0.14668587].
2026-07-21 10:01:53,214 - INFO - Maximum log composite likelihood: -20.632884146491392.
2026-07-21 10:01:53,214 - INFO - Optimal value of theta: 3073.6845785243177.
2026-07-21 10:01:53,214 - INFO - Beginning optimization with guess, [2.1445771  0.09851843].
2026-07-21 10:01:53,323 - INFO - Finished optimization with guess, [2.1445771  0.09851843].
2026-07-21 10:01:53,324 - INFO - Best fit parameters: [0.24120408 0.0911228 ].
2026-07-21 10:01:53,328 - INFO - Maximum log composite likelihood: -21.507452472324303.
2026-07-21 10:01:53,328 - INFO - Optimal value of theta: 680.1146237912333.
2026-07-21 10:01:53,329 - INFO - Beginning optimization with guess, [2.34659722 0.05158083].
2026-07-21 10:01:53,754 - INFO - Finished optimization with guess, [2.34659722 0.05158083].
2026-07-21 10:01:53,754 - INFO - Best fit parameters: [0.00128466 0.0080527 ].
2026-07-21 10:01:53,781 - INFO - Maximum log composite likelihood: -20.62696820118674.
2026-07-21 10:01:53,781 - INFO - Optimal value of theta: 162068.25741980635.
2026-07-21 10:01:53,781 - INFO - Beginning optimization with guess, [1.46714142 0.15611567].
2026-07-21 10:01:53,955 - INFO - Finished optimization with guess, [1.46714142 0.15611567].
2026-07-21 10:01:53,956 - INFO - Best fit parameters: [0.10677645 0.18109162].
2026-07-21 10:01:53,965 - INFO - Maximum log composite likelihood: -20.631579287099385.
2026-07-21 10:01:53,965 - INFO - Optimal value of theta: 1915.39120258055.
2026-07-21 10:01:53,966 - INFO - Beginning optimization with guess, [2.91778392 0.13810401].
2026-07-21 10:02:13,012 - INFO - Finished optimization with guess, [2.91778392 0.13810401].
2026-07-21 10:02:13,016 - INFO - Best fit parameters: [0.00765637 0.03419904].
2026-07-21 10:02:13,037 - INFO - Maximum log composite likelihood: -20.626691303436246.
2026-07-21 10:02:13,038 - INFO - Optimal value of theta: 27092.801504184783.
2026-07-21 10:02:13,038 - INFO - Beginning optimization with guess, [1.69615217 0.06009886].
2026-07-21 10:02:13,704 - INFO - Finished optimization with guess, [1.69615217 0.06009886].
2026-07-21 10:02:13,705 - INFO - Best fit parameters: [0.00662272 0.0304964 ].
2026-07-21 10:02:13,726 - INFO - Maximum log composite likelihood: -20.627156013588774.
2026-07-21 10:02:13,726 - INFO - Optimal value of theta: 31174.3888043939.
2026-07-21 10:02:13,726 - INFO - Beginning optimization with guess, [6.87533688 0.07535446].
2026-07-21 10:02:13,788 - INFO - Finished optimization with guess, [6.87533688 0.07535446].
2026-07-21 10:02:13,788 - INFO - Best fit parameters: [1.6134262  0.00277223].
2026-07-21 10:02:13,792 - INFO - Maximum log composite likelihood: -54.923472536573286.
2026-07-21 10:02:13,792 - INFO - Optimal value of theta: 478.39327981333287.
2026-07-21 10:02:13,792 - INFO - Beginning optimization with guess, [1.9908208 0.0950303].
2026-07-21 10:02:13,872 - INFO - Finished optimization with guess, [1.9908208 0.0950303].
2026-07-21 10:02:13,872 - INFO - Best fit parameters: [0.15169278 0.04189453].
2026-07-21 10:02:13,877 - INFO - Maximum log composite likelihood: -22.455496375174903.
2026-07-21 10:02:13,877 - INFO - Optimal value of theta: 653.9474550171691.
2026-07-21 10:02:13,877 - INFO - Beginning optimization with guess, [2.7183039  0.08449241].
2026-07-21 10:02:13,953 - INFO - Finished optimization with guess, [2.7183039  0.08449241].
2026-07-21 10:02:13,954 - INFO - Best fit parameters: [0.03192257 0.00745938].
2026-07-21 10:02:13,958 - INFO - Maximum log composite likelihood: -24.222157789059906.
2026-07-21 10:02:13,958 - INFO - Optimal value of theta: 657.034577637386.
2026-07-21 10:02:13,958 - INFO - Beginning optimization with guess, [3.38121108 0.19645269].
2026-07-21 10:02:15,140 - INFO - Finished optimization with guess, [3.38121108 0.19645269].
2026-07-21 10:02:15,140 - INFO - Best fit parameters: [0.00665122 0.03031283].
2026-07-21 10:02:15,161 - INFO - Maximum log composite likelihood: -20.643958870974302.
2026-07-21 10:02:15,161 - INFO - Optimal value of theta: 30284.909565124028.
2026-07-21 10:02:15,161 - INFO - Beginning optimization with guess, [2.93613399 0.12205447].
2026-07-21 10:02:30,834 - INFO - Finished optimization with guess, [2.93613399 0.12205447].
2026-07-21 10:02:30,836 - INFO - Best fit parameters: [0.01763191 0.06358044].
2026-07-21 10:02:30,855 - INFO - Maximum log composite likelihood: -20.62814062850805.
2026-07-21 10:02:30,855 - INFO - Optimal value of theta: 11666.192308299222.
2026-07-21 10:02:30,855 - INFO - Beginning optimization with guess, [2.53768093 0.08406151].
2026-07-21 10:02:31,671 - INFO - Finished optimization with guess, [2.53768093 0.08406151].
2026-07-21 10:02:31,671 - INFO - Best fit parameters: [0.00448162 0.02243563].
2026-07-21 10:02:31,694 - INFO - Maximum log composite likelihood: -20.626695275888892.
2026-07-21 10:02:31,695 - INFO - Optimal value of theta: 46273.80972273721.
2026-07-21 10:02:31,695 - INFO - Beginning optimization with guess, [8.78376445 0.06875219].
2026-07-21 10:02:31,760 - INFO - Finished optimization with guess, [8.78376445 0.06875219].
2026-07-21 10:02:31,760 - INFO - Best fit parameters: [3.70543740e+00 2.20700792e-03].
2026-07-21 10:02:31,764 - INFO - Maximum log composite likelihood: -55.231114488199864.
2026-07-21 10:02:31,764 - INFO - Optimal value of theta: 477.91150893569477.
2026-07-21 10:02:31,765 - INFO - Converting and interpreting Tau estimates.
2026-07-21 10:02:31,768 - INFO - Finished demographic inference.
2026-07-21 10:02:31,768 - INFO - Pipeline executed succesfully.
