2026-07-16 00:07:45,822 - INFO - Beginning execution of fit_demographic_model.py in directory /u/project/kirk-bigdata/jonmah/sample_size_demography/Scripts

2026-07-16 00:07:45,945 - INFO - Progress is being logged to ../Analysis/tennessen_ooa_730/log.log

2026-07-16 00:07:45,946 - INFO - Parsed the following arguments:
	syn_input_sfs = ../Simulations/tennessen/ooa_730_sfs/dadi/pop1.sfs
	mask_singletons = False
	mask_doubletons = False
	sum_alleles = False
	L_syn = 100000000.0
	model_type = three_epoch
	input_params = []
	outprefix = ../Analysis/tennessen_ooa_730/

2026-07-16 00:07:45,953 - INFO - Beginning demographic inference for three-epoch demographic model.
2026-07-16 00:07:45,957 - INFO - Beginning optimization with guess, [0.00612767 0.00747406 0.06127072 0.09363174].
2026-07-16 00:09:45,269 - INFO - Finished optimization with guess, [0.00612767 0.00747406 0.06127072 0.09363174].
2026-07-16 00:09:45,271 - INFO - Best fit parameters: [0.0037847  0.03929171 0.06335521 0.02875886].
2026-07-16 00:09:46,939 - INFO - Maximum log composite likelihood: -2997.3933771719117.
2026-07-16 00:09:46,939 - INFO - Optimal value of theta: 25652.91912072814.
2026-07-16 00:09:46,939 - INFO - Beginning optimization with guess, [0.02514791 0.01479124 0.06825846 0.13717799].
2026-07-16 00:10:15,945 - INFO - Finished optimization with guess, [0.02514791 0.01479124 0.06825846 0.13717799].
2026-07-16 00:10:15,947 - INFO - Best fit parameters: [0.02043019 0.00784781 0.08195742 0.28246333].
2026-07-16 00:10:18,107 - INFO - Maximum log composite likelihood: -3262.0877988275447.
2026-07-16 00:10:18,107 - INFO - Optimal value of theta: 104864.97922410621.
2026-07-16 00:10:18,108 - INFO - Beginning optimization with guess, [0.09198033 0.02774232 0.08538829 0.15524873].
2026-07-16 00:10:51,895 - INFO - Finished optimization with guess, [0.09198033 0.02774232 0.08538829 0.15524873].
2026-07-16 00:10:51,897 - INFO - Best fit parameters: [0.08109727 0.01489991 0.09513611 0.33381254].
2026-07-16 00:10:53,677 - INFO - Maximum log composite likelihood: -3262.0878029941955.
2026-07-16 00:10:53,677 - INFO - Optimal value of theta: 55232.56704478665.
2026-07-16 00:10:53,678 - INFO - Beginning optimization with guess, [0.06571855 0.06611595 0.07116394 0.15201339].
2026-07-16 00:11:23,293 - INFO - Finished optimization with guess, [0.06571855 0.06611595 0.07116394 0.15201339].
2026-07-16 00:11:23,295 - INFO - Best fit parameters: [0.0431938  0.04473658 0.10317122 0.33814018].
2026-07-16 00:11:24,812 - INFO - Maximum log composite likelihood: -3263.0398038895178.
2026-07-16 00:11:24,812 - INFO - Optimal value of theta: 18387.824646163084.
2026-07-16 00:11:24,812 - INFO - Beginning optimization with guess, [0.07635285 0.07511635 0.09435739 0.17653382].
2026-07-16 00:11:54,469 - INFO - Finished optimization with guess, [0.07635285 0.07511635 0.09435739 0.17653382].
2026-07-16 00:11:54,472 - INFO - Best fit parameters: [0.04799526 0.05265384 0.14053418 0.37874743].
2026-07-16 00:11:56,034 - INFO - Maximum log composite likelihood: -3262.713528556899.
2026-07-16 00:11:56,034 - INFO - Optimal value of theta: 15625.242475149787.
2026-07-16 00:11:56,035 - INFO - Beginning optimization with guess, [0.19413602 0.15346387 0.0725065  0.09352671].
2026-07-16 00:12:28,225 - INFO - Finished optimization with guess, [0.19413602 0.15346387 0.0725065  0.09352671].
2026-07-16 00:12:28,226 - INFO - Best fit parameters: [0.06101026 0.60242464 0.18196434 0.22497869].
2026-07-16 00:12:29,633 - INFO - Maximum log composite likelihood: -2966.964732681845.
2026-07-16 00:12:29,633 - INFO - Optimal value of theta: 1825.351883103553.
2026-07-16 00:12:29,634 - INFO - Beginning optimization with guess, [0.5734472  0.43423877 0.33457488 0.19342146].
2026-07-16 00:12:56,514 - INFO - Finished optimization with guess, [0.5734472  0.43423877 0.33457488 0.19342146].
2026-07-16 00:12:56,516 - INFO - Best fit parameters: [0.24231036 3.96426482 0.43421276 0.10933294].
2026-07-16 00:12:57,859 - INFO - Maximum log composite likelihood: -2028.380475576038.
2026-07-16 00:12:57,859 - INFO - Optimal value of theta: 543.8499881805968.
2026-07-16 00:12:57,859 - INFO - Beginning optimization with guess, [0.42096688 0.61822357 0.0609967  0.09572462].
2026-07-16 00:13:24,242 - INFO - Finished optimization with guess, [0.42096688 0.61822357 0.0609967  0.09572462].
2026-07-16 00:13:24,244 - INFO - Best fit parameters: [3.09338372e-01 1.58907011e+02 6.58759699e-02 1.16588815e-02].
2026-07-16 00:13:25,581 - INFO - Maximum log composite likelihood: -1094.86651630267.
2026-07-16 00:13:25,582 - INFO - Optimal value of theta: 712.9379429111782.
2026-07-16 00:13:25,582 - INFO - Beginning optimization with guess, [0.86758253 1.58478502 0.09129426 0.15102325].
2026-07-16 00:15:49,069 - INFO - Finished optimization with guess, [0.86758253 1.58478502 0.09129426 0.15102325].
2026-07-16 00:15:49,072 - INFO - Best fit parameters: [6.98487675e-02 7.75087807e+03 1.55725884e-01 2.55941408e-03].
2026-07-16 00:15:50,426 - INFO - Maximum log composite likelihood: -1227.6069896418871.
2026-07-16 00:15:50,426 - INFO - Optimal value of theta: 3325.879609805112.
2026-07-16 00:15:50,426 - INFO - Beginning optimization with guess, [1.30816857 1.91006991 0.1321265  0.07904946].
2026-07-16 00:16:16,773 - INFO - Finished optimization with guess, [1.30816857 1.91006991 0.1321265  0.07904946].
2026-07-16 00:16:16,775 - INFO - Best fit parameters: [4.30230466e-01 3.66558341e+01 1.41048154e-01 1.35408334e-02].
2026-07-16 00:16:18,106 - INFO - Maximum log composite likelihood: -802.1085008948802.
2026-07-16 00:16:18,106 - INFO - Optimal value of theta: 673.0942096278893.
2026-07-16 00:16:18,107 - INFO - Beginning optimization with guess, [1.66475407 1.76493855 0.18926692 0.07681718].
2026-07-16 00:16:44,472 - INFO - Finished optimization with guess, [1.66475407 1.76493855 0.18926692 0.07681718].
2026-07-16 00:16:44,474 - INFO - Best fit parameters: [5.07011367e-01 5.50864263e+01 1.27547802e-01 1.02410666e-02].
2026-07-16 00:16:45,796 - INFO - Maximum log composite likelihood: -936.1700804961928.
2026-07-16 00:16:45,796 - INFO - Optimal value of theta: 702.4253924387266.
2026-07-16 00:16:45,797 - INFO - Beginning optimization with guess, [2.20635367 1.49203866 0.07053621 0.18632204].
2026-07-16 00:17:12,112 - INFO - Finished optimization with guess, [2.20635367 1.49203866 0.07053621 0.18632204].
2026-07-16 00:17:12,114 - INFO - Best fit parameters: [6.38374882e+00 3.66762343e+03 3.21962443e-02 5.98394955e-03].
2026-07-16 00:17:13,426 - INFO - Maximum log composite likelihood: -907.463777173981.
2026-07-16 00:17:13,426 - INFO - Optimal value of theta: 407.6860538084991.
2026-07-16 00:17:13,426 - INFO - Beginning optimization with guess, [1.66786183 1.69432468 0.0602476  0.05282939].
2026-07-16 00:17:39,722 - INFO - Finished optimization with guess, [1.66786183 1.69432468 0.0602476  0.05282939].
2026-07-16 00:17:39,724 - INFO - Best fit parameters: [4.74226262e-01 3.14076526e+01 5.48345749e-02 2.87077968e-02].
2026-07-16 00:17:41,067 - INFO - Maximum log composite likelihood: -772.5046944332587.
2026-07-16 00:17:41,068 - INFO - Optimal value of theta: 443.6646393365249.
2026-07-16 00:17:41,068 - INFO - Beginning optimization with guess, [3.99327105 2.3799129  0.06199275 0.06225134].
2026-07-16 00:18:07,357 - INFO - Finished optimization with guess, [3.99327105 2.3799129  0.06199275 0.06225134].
2026-07-16 00:18:07,359 - INFO - Best fit parameters: [2.28453963e+00 3.84298335e+01 1.84316827e-02 2.20347072e-02].
2026-07-16 00:18:08,670 - INFO - Maximum log composite likelihood: -829.7477512728245.
2026-07-16 00:18:08,670 - INFO - Optimal value of theta: 386.56049380999576.
2026-07-16 00:18:08,670 - INFO - Beginning optimization with guess, [4.2635145  1.46729389 0.07786247 0.1900839 ].
2026-07-16 00:18:34,915 - INFO - Finished optimization with guess, [4.2635145  1.46729389 0.07786247 0.1900839 ].
2026-07-16 00:18:34,916 - INFO - Best fit parameters: [2.51858999e+00 5.57630862e+02 3.40035725e-02 1.02036715e-02].
2026-07-16 00:18:36,226 - INFO - Maximum log composite likelihood: -924.1157423631831.
2026-07-16 00:18:36,226 - INFO - Optimal value of theta: 439.15334481554675.
2026-07-16 00:18:36,226 - INFO - Beginning optimization with guess, [2.67106369 3.25858424 0.18001805 0.05735528].
2026-07-16 00:19:02,512 - INFO - Finished optimization with guess, [2.67106369 3.25858424 0.18001805 0.05735528].
2026-07-16 00:19:02,515 - INFO - Best fit parameters: [5.20696063e-01 2.69781620e+01 1.18002257e-01 2.08108612e-02].
2026-07-16 00:19:03,850 - INFO - Maximum log composite likelihood: -743.5364089580771.
2026-07-16 00:19:03,851 - INFO - Optimal value of theta: 533.1932784279117.
2026-07-16 00:19:03,851 - INFO - Beginning optimization with guess, [2.49877775 2.67983806 0.1732481  0.06427064].
2026-07-16 00:19:30,281 - INFO - Finished optimization with guess, [2.49877775 2.67983806 0.1732481  0.06427064].
2026-07-16 00:19:30,283 - INFO - Best fit parameters: [5.03410918e-01 2.58586003e+01 1.12592255e-01 2.10143881e-02].
2026-07-16 00:19:31,598 - INFO - Maximum log composite likelihood: -741.997169500738.
2026-07-16 00:19:31,599 - INFO - Optimal value of theta: 536.381535819953.
2026-07-16 00:19:31,599 - INFO - Beginning optimization with guess, [4.87186647 2.69263143 0.12337093 0.075219  ].
2026-07-16 00:19:58,009 - INFO - Finished optimization with guess, [4.87186647 2.69263143 0.12337093 0.075219  ].
2026-07-16 00:19:58,012 - INFO - Best fit parameters: [2.06249611e+00 5.74406262e+01 2.36915982e-02 2.29100858e-02].
2026-07-16 00:19:59,326 - INFO - Maximum log composite likelihood: -823.5521122433817.
2026-07-16 00:19:59,326 - INFO - Optimal value of theta: 369.2252138210618.
2026-07-16 00:19:59,327 - INFO - Beginning optimization with guess, [2.61493085 1.92304917 0.09899426 0.08897838].
2026-07-16 00:20:25,806 - INFO - Finished optimization with guess, [2.61493085 1.92304917 0.09899426 0.08897838].
2026-07-16 00:20:25,809 - INFO - Best fit parameters: [8.68346436e-01 8.48078091e+01 5.15340394e-02 2.42178280e-02].
2026-07-16 00:20:27,127 - INFO - Maximum log composite likelihood: -845.6353682824489.
2026-07-16 00:20:27,127 - INFO - Optimal value of theta: 400.1221982153997.
2026-07-16 00:20:27,128 - INFO - Beginning optimization with guess, [4.25321931 3.21178999 0.18616438 0.0566616 ].
2026-07-16 00:20:53,751 - INFO - Finished optimization with guess, [4.25321931 3.21178999 0.18616438 0.0566616 ].
2026-07-16 00:20:53,752 - INFO - Best fit parameters: [5.92820237e-01 4.10489297e+01 6.31389235e-02 2.80210277e-02].
2026-07-16 00:20:55,106 - INFO - Maximum log composite likelihood: -788.5915908849968.
2026-07-16 00:20:55,106 - INFO - Optimal value of theta: 421.6852909239836.
2026-07-16 00:20:55,106 - INFO - Beginning optimization with guess, [7.89470209 3.46773623 0.08010481 0.08434878].
2026-07-16 00:21:21,585 - INFO - Finished optimization with guess, [7.89470209 3.46773623 0.08010481 0.08434878].
2026-07-16 00:21:21,587 - INFO - Best fit parameters: [6.18897137e+00 4.09832385e+01 1.48746971e-02 1.69570404e-02].
2026-07-16 00:21:22,915 - INFO - Maximum log composite likelihood: -822.7041599071437.
2026-07-16 00:21:22,915 - INFO - Optimal value of theta: 391.3672438311035.
2026-07-16 00:21:22,916 - INFO - Beginning optimization with guess, [3.32469931 2.61855291 0.09359997 0.05560482].
2026-07-16 00:21:49,534 - INFO - Finished optimization with guess, [3.32469931 2.61855291 0.09359997 0.05560482].
2026-07-16 00:21:49,536 - INFO - Best fit parameters: [9.74792512e-01 4.10966788e+01 3.35536178e-02 2.75424234e-02].
2026-07-16 00:21:50,869 - INFO - Maximum log composite likelihood: -811.5475280648614.
2026-07-16 00:21:50,869 - INFO - Optimal value of theta: 387.31324177887626.
2026-07-16 00:21:50,869 - INFO - Beginning optimization with guess, [3.33777649 7.91451419 0.08062868 0.17878154].
2026-07-16 00:22:17,386 - INFO - Finished optimization with guess, [3.33777649 7.91451419 0.08062868 0.17878154].
2026-07-16 00:22:17,388 - INFO - Best fit parameters: [1.10557978e+00 2.86601927e+01 4.19592307e-02 2.40522730e-02].
2026-07-16 00:22:18,701 - INFO - Maximum log composite likelihood: -838.5843775348155.
2026-07-16 00:22:18,701 - INFO - Optimal value of theta: 415.73890109447126.
2026-07-16 00:22:18,702 - INFO - Beginning optimization with guess, [5.51344411 6.08816092 0.18775718 0.09838804].
2026-07-16 00:22:44,969 - INFO - Finished optimization with guess, [5.51344411 6.08816092 0.18775718 0.09838804].
2026-07-16 00:22:44,974 - INFO - Best fit parameters: [9.88887761e-01 4.63600095e+01 4.67097938e-02 2.92358589e-02].
2026-07-16 00:22:46,290 - INFO - Maximum log composite likelihood: -818.0926186594036.
2026-07-16 00:22:46,290 - INFO - Optimal value of theta: 371.8743449125106.
2026-07-16 00:22:46,290 - INFO - Beginning optimization with guess, [2.83485815 4.51302714 0.15739564 0.08996142].
2026-07-16 00:23:13,130 - INFO - Finished optimization with guess, [2.83485815 4.51302714 0.15739564 0.08996142].
2026-07-16 00:23:13,131 - INFO - Best fit parameters: [4.71247249e-01 3.71762908e+01 1.13441648e-01 2.66528262e-02].
2026-07-16 00:23:14,614 - INFO - Maximum log composite likelihood: -774.0116232873571.
2026-07-16 00:23:14,615 - INFO - Optimal value of theta: 466.3695162241706.
2026-07-16 00:23:14,618 - INFO - Converting and interpreting Tau estimates.
2026-07-16 00:23:14,623 - INFO - Finished demographic inference.
2026-07-16 00:23:14,623 - INFO - Pipeline executed succesfully.
