2026-07-16 00:01:09,162 - INFO - Beginning execution of fit_demographic_model.py in directory /u/project/kirk-bigdata/jonmah/sample_size_demography/Scripts

2026-07-16 00:01:09,163 - INFO - Progress is being logged to ../Analysis/tennessen_ooa_270/log.log

2026-07-16 00:01:09,163 - INFO - Parsed the following arguments:
	syn_input_sfs = ../Simulations/tennessen/ooa_270_sfs/dadi/pop1.sfs
	mask_singletons = False
	mask_doubletons = False
	sum_alleles = False
	L_syn = 100000000.0
	model_type = three_epoch
	input_params = []
	outprefix = ../Analysis/tennessen_ooa_270/

2026-07-16 00:01:09,165 - INFO - Beginning demographic inference for three-epoch demographic model.
2026-07-16 00:01:09,167 - INFO - Beginning optimization with guess, [0.01314497 0.01301593 0.08177667 0.08165354].
2026-07-16 00:01:56,450 - INFO - Finished optimization with guess, [0.01314497 0.01301593 0.08177667 0.08165354].
2026-07-16 00:01:56,451 - INFO - Best fit parameters: [0.00446957 0.03692527 0.13291102 0.05670187].
2026-07-16 00:01:57,294 - INFO - Maximum log composite likelihood: -1091.8334535785846.
2026-07-16 00:01:57,294 - INFO - Optimal value of theta: 17638.889698134208.
2026-07-16 00:01:57,294 - INFO - Beginning optimization with guess, [0.03766043 0.01354399 0.05454825 0.09483219].
2026-07-16 00:02:04,024 - INFO - Finished optimization with guess, [0.03766043 0.01354399 0.05454825 0.09483219].
2026-07-16 00:02:04,024 - INFO - Best fit parameters: [0.03235651 0.00717378 0.06272383 0.19956497].
2026-07-16 00:02:04,845 - INFO - Maximum log composite likelihood: -1118.1923150453322.
2026-07-16 00:02:04,846 - INFO - Optimal value of theta: 82476.36775870853.
2026-07-16 00:02:04,846 - INFO - Beginning optimization with guess, [0.09228336 0.04085076 0.09199889 0.14418125].
2026-07-16 00:02:22,505 - INFO - Finished optimization with guess, [0.09228336 0.04085076 0.09199889 0.14418125].
2026-07-16 00:02:22,506 - INFO - Best fit parameters: [0.07347034 0.02355479 0.11169837 0.31990073].
2026-07-16 00:02:23,127 - INFO - Maximum log composite likelihood: -1118.1956742866992.
2026-07-16 00:02:23,127 - INFO - Optimal value of theta: 25118.60832178231.
2026-07-16 00:02:23,127 - INFO - Beginning optimization with guess, [0.06530994 0.05594158 0.12820074 0.16358143].
2026-07-16 00:02:37,578 - INFO - Finished optimization with guess, [0.06530994 0.05594158 0.12820074 0.16358143].
2026-07-16 00:02:37,579 - INFO - Best fit parameters: [0.03863924 0.03946097 0.19611121 0.32220665].
2026-07-16 00:02:38,172 - INFO - Maximum log composite likelihood: -1118.201564848666.
2026-07-16 00:02:38,172 - INFO - Optimal value of theta: 14993.462164842.
2026-07-16 00:02:38,172 - INFO - Beginning optimization with guess, [0.05577212 0.13727304 0.08078645 0.10485668].
2026-07-16 00:02:47,468 - INFO - Finished optimization with guess, [0.05577212 0.13727304 0.08078645 0.10485668].
2026-07-16 00:02:47,469 - INFO - Best fit parameters: [0.03128636 0.14355261 0.14165541 0.16009505].
2026-07-16 00:02:47,956 - INFO - Maximum log composite likelihood: -1092.9915446194916.
2026-07-16 00:02:47,956 - INFO - Optimal value of theta: 4643.911351650541.
2026-07-16 00:02:47,957 - INFO - Beginning optimization with guess, [0.3968517  0.18729286 0.12531376 0.0679495 ].
2026-07-16 00:02:58,327 - INFO - Finished optimization with guess, [0.3968517  0.18729286 0.12531376 0.0679495 ].
2026-07-16 00:02:58,328 - INFO - Best fit parameters: [0.18754489 0.85440921 0.19382725 0.09638428].
2026-07-16 00:02:58,752 - INFO - Maximum log composite likelihood: -875.7199833881441.
2026-07-16 00:02:58,752 - INFO - Optimal value of theta: 963.8608384080503.
2026-07-16 00:02:58,752 - INFO - Beginning optimization with guess, [0.3843094  0.38660228 0.40849102 0.16464932].
2026-07-16 00:03:07,719 - INFO - Finished optimization with guess, [0.3843094  0.38660228 0.40849102 0.16464932].
2026-07-16 00:03:07,720 - INFO - Best fit parameters: [0.27398365 0.66862079 0.46348074 0.16210557].
2026-07-16 00:03:08,153 - INFO - Maximum log composite likelihood: -1026.5006360240602.
2026-07-16 00:03:08,153 - INFO - Optimal value of theta: 1072.2780477060019.
2026-07-16 00:03:08,153 - INFO - Beginning optimization with guess, [0.44074127 0.87270522 0.09076836 0.08516856].
2026-07-16 00:03:16,391 - INFO - Finished optimization with guess, [0.44074127 0.87270522 0.09076836 0.08516856].
2026-07-16 00:03:16,392 - INFO - Best fit parameters: [0.25427859 9.24248366 0.08987523 0.02090657].
2026-07-16 00:03:16,804 - INFO - Maximum log composite likelihood: -345.292443580479.
2026-07-16 00:03:16,804 - INFO - Optimal value of theta: 673.4090472071712.
2026-07-16 00:03:16,805 - INFO - Beginning optimization with guess, [1.23219788 1.07373937 0.07961759 0.09189043].
2026-07-16 00:03:27,000 - INFO - Finished optimization with guess, [1.23219788 1.07373937 0.07961759 0.09189043].
2026-07-16 00:03:27,001 - INFO - Best fit parameters: [ 0.38541887 22.4324003   0.06974877  0.0273722 ].
2026-07-16 00:03:27,410 - INFO - Maximum log composite likelihood: -367.132441085246.
2026-07-16 00:03:27,410 - INFO - Optimal value of theta: 497.6737714047049.
2026-07-16 00:03:27,410 - INFO - Beginning optimization with guess, [1.72105398 1.01352296 0.10405652 0.05000793].
2026-07-16 00:03:37,619 - INFO - Finished optimization with guess, [1.72105398 1.01352296 0.10405652 0.05000793].
2026-07-16 00:03:37,619 - INFO - Best fit parameters: [ 0.30769354 15.59693759  0.07905494  0.0285934 ].
2026-07-16 00:03:38,028 - INFO - Maximum log composite likelihood: -348.6578926016601.
2026-07-16 00:03:38,029 - INFO - Optimal value of theta: 537.2456695571319.
2026-07-16 00:03:38,029 - INFO - Beginning optimization with guess, [0.76302037 1.2537606  0.16290904 0.05832   ].
2026-07-16 00:03:48,353 - INFO - Finished optimization with guess, [0.76302037 1.2537606  0.16290904 0.05832   ].
2026-07-16 00:03:48,354 - INFO - Best fit parameters: [0.25874445 7.64805303 0.15514379 0.0214671 ].
2026-07-16 00:03:48,768 - INFO - Maximum log composite likelihood: -335.5233822729396.
2026-07-16 00:03:48,768 - INFO - Optimal value of theta: 733.4347262389581.
2026-07-16 00:03:48,769 - INFO - Beginning optimization with guess, [2.64162332 1.98748116 0.06665745 0.09779609].
2026-07-16 00:03:56,893 - INFO - Finished optimization with guess, [2.64162332 1.98748116 0.06665745 0.09779609].
2026-07-16 00:03:56,894 - INFO - Best fit parameters: [1.05395994e+00 2.45882743e+01 2.32274572e-02 2.71142732e-02].
2026-07-16 00:03:57,301 - INFO - Maximum log composite likelihood: -456.46934624949773.
2026-07-16 00:03:57,301 - INFO - Optimal value of theta: 391.0300124933474.
2026-07-16 00:03:57,301 - INFO - Beginning optimization with guess, [1.20881007 1.85421703 0.18364156 0.15387221].
2026-07-16 00:04:06,837 - INFO - Finished optimization with guess, [1.20881007 1.85421703 0.18364156 0.15387221].
2026-07-16 00:04:06,838 - INFO - Best fit parameters: [0.37224082 9.43350937 0.1671841  0.06010176].
2026-07-16 00:04:07,250 - INFO - Maximum log composite likelihood: -493.22087024022585.
2026-07-16 00:04:07,250 - INFO - Optimal value of theta: 418.8934059202806.
2026-07-16 00:04:07,250 - INFO - Beginning optimization with guess, [2.99597543 1.80796958 0.12013346 0.09746736].
2026-07-16 00:04:15,375 - INFO - Finished optimization with guess, [2.99597543 1.80796958 0.12013346 0.09746736].
2026-07-16 00:04:15,375 - INFO - Best fit parameters: [4.12295040e-01 3.75122567e+01 3.04309238e-02 2.88468087e-02].
2026-07-16 00:04:15,783 - INFO - Maximum log composite likelihood: -414.8066328998657.
2026-07-16 00:04:15,783 - INFO - Optimal value of theta: 440.9661193635251.
2026-07-16 00:04:15,783 - INFO - Beginning optimization with guess, [2.39174769 1.59687975 0.19584263 0.07616765].
2026-07-16 00:04:23,941 - INFO - Finished optimization with guess, [2.39174769 1.59687975 0.19584263 0.07616765].
2026-07-16 00:04:23,941 - INFO - Best fit parameters: [3.54000615e-01 3.01467517e+01 4.64747563e-02 1.51550088e-02].
2026-07-16 00:04:24,349 - INFO - Maximum log composite likelihood: -447.50438933384294.
2026-07-16 00:04:24,349 - INFO - Optimal value of theta: 591.6180212453431.
2026-07-16 00:04:24,349 - INFO - Beginning optimization with guess, [1.96617626 2.54798008 0.12883151 0.10010669].
2026-07-16 00:04:32,755 - INFO - Finished optimization with guess, [1.96617626 2.54798008 0.12883151 0.10010669].
2026-07-16 00:04:32,757 - INFO - Best fit parameters: [1.10874950e-01 5.11521183e+01 5.39639978e-02 1.13299450e-02].
2026-07-16 00:04:33,168 - INFO - Maximum log composite likelihood: -535.8671476591111.
2026-07-16 00:04:33,169 - INFO - Optimal value of theta: 948.2121228314501.
2026-07-16 00:04:33,169 - INFO - Beginning optimization with guess, [3.14205523 3.75364528 0.06847671 0.05381532].
2026-07-16 00:04:41,271 - INFO - Finished optimization with guess, [3.14205523 3.75364528 0.06847671 0.05381532].
2026-07-16 00:04:41,272 - INFO - Best fit parameters: [9.37580784e-01 3.71309659e+01 9.72811792e-03 2.52249113e-02].
2026-07-16 00:04:41,678 - INFO - Maximum log composite likelihood: -450.2227708802953.
2026-07-16 00:04:41,678 - INFO - Optimal value of theta: 397.91374507360695.
2026-07-16 00:04:41,679 - INFO - Beginning optimization with guess, [2.08955162 2.28452178 0.13832147 0.10241473].
2026-07-16 00:04:49,893 - INFO - Finished optimization with guess, [2.08955162 2.28452178 0.13832147 0.10241473].
2026-07-16 00:04:49,894 - INFO - Best fit parameters: [ 0.37692374 17.19732872  0.07208183  0.03341114].
2026-07-16 00:04:50,303 - INFO - Maximum log composite likelihood: -366.2868305609566.
2026-07-16 00:04:50,303 - INFO - Optimal value of theta: 473.12078464704086.
2026-07-16 00:04:50,304 - INFO - Beginning optimization with guess, [4.92480921 2.35950812 0.05869125 0.11635929].
2026-07-16 00:04:58,426 - INFO - Finished optimization with guess, [4.92480921 2.35950812 0.05869125 0.11635929].
2026-07-16 00:04:58,427 - INFO - Best fit parameters: [3.03366265e+00 2.33507753e+01 1.56910474e-02 1.99136397e-02].
2026-07-16 00:04:58,833 - INFO - Maximum log composite likelihood: -465.4265586172762.
2026-07-16 00:04:58,833 - INFO - Optimal value of theta: 387.87867316041894.
2026-07-16 00:04:58,834 - INFO - Beginning optimization with guess, [5.3698852  6.42636377 0.09722701 0.14652665].
2026-07-16 00:05:06,956 - INFO - Finished optimization with guess, [5.3698852  6.42636377 0.09722701 0.14652665].
2026-07-16 00:05:06,957 - INFO - Best fit parameters: [2.75582161 8.24893492 0.0220939  0.01795374].
2026-07-16 00:05:07,362 - INFO - Maximum log composite likelihood: -527.3961919363074.
2026-07-16 00:05:07,362 - INFO - Optimal value of theta: 410.4184933457173.
2026-07-16 00:05:07,363 - INFO - Beginning optimization with guess, [2.32970517 4.59735463 0.09264217 0.05185258].
2026-07-16 00:05:17,788 - INFO - Finished optimization with guess, [2.32970517 4.59735463 0.09264217 0.05185258].
2026-07-16 00:05:17,789 - INFO - Best fit parameters: [ 0.17253504 18.37955638  0.0360495   0.0332891 ].
2026-07-16 00:05:18,197 - INFO - Maximum log composite likelihood: -374.85508676531754.
2026-07-16 00:05:18,197 - INFO - Optimal value of theta: 518.7145419698625.
2026-07-16 00:05:18,197 - INFO - Beginning optimization with guess, [6.82922813 2.40985258 0.065533   0.05863012].
2026-07-16 00:05:26,334 - INFO - Finished optimization with guess, [6.82922813 2.40985258 0.065533   0.05863012].
2026-07-16 00:05:26,335 - INFO - Best fit parameters: [7.51314609e+00 1.52483812e+01 1.29330170e-02 1.52543690e-02].
2026-07-16 00:05:26,741 - INFO - Maximum log composite likelihood: -468.1168955162577.
2026-07-16 00:05:26,742 - INFO - Optimal value of theta: 404.3355629022404.
2026-07-16 00:05:26,742 - INFO - Beginning optimization with guess, [5.67975395 3.06410053 0.06879887 0.14837632].
2026-07-16 00:05:34,847 - INFO - Finished optimization with guess, [5.67975395 3.06410053 0.06879887 0.14837632].
2026-07-16 00:05:34,848 - INFO - Best fit parameters: [5.40353747e+00 2.28959635e+01 1.14317964e-02 2.23238254e-02].
2026-07-16 00:05:35,254 - INFO - Maximum log composite likelihood: -461.4094076307303.
2026-07-16 00:05:35,254 - INFO - Optimal value of theta: 377.5408734331684.
2026-07-16 00:05:35,255 - INFO - Beginning optimization with guess, [3.95737154 7.81778162 0.16990778 0.18933526].
2026-07-16 00:05:43,381 - INFO - Finished optimization with guess, [3.95737154 7.81778162 0.16990778 0.18933526].
2026-07-16 00:05:43,382 - INFO - Best fit parameters: [0.9931174  7.00725253 0.06696686 0.02497606].
2026-07-16 00:05:43,789 - INFO - Maximum log composite likelihood: -539.5649909813867.
2026-07-16 00:05:43,789 - INFO - Optimal value of theta: 441.7296499475803.
2026-07-16 00:05:43,789 - INFO - Beginning optimization with guess, [5.97241918 4.80223999 0.12667614 0.18538331].
2026-07-16 00:05:51,898 - INFO - Finished optimization with guess, [5.97241918 4.80223999 0.12667614 0.18538331].
2026-07-16 00:05:51,899 - INFO - Best fit parameters: [2.69802135 4.02706505 0.0211074  0.02255273].
2026-07-16 00:05:52,307 - INFO - Maximum log composite likelihood: -607.3298742248597.
2026-07-16 00:05:52,308 - INFO - Optimal value of theta: 428.1685603143753.
2026-07-16 00:05:52,310 - INFO - Converting and interpreting Tau estimates.
2026-07-16 00:05:52,312 - INFO - Finished demographic inference.
2026-07-16 00:05:52,312 - INFO - Pipeline executed succesfully.
