2026-07-16 00:03:50,465 - INFO - Beginning execution of fit_demographic_model.py in directory /u/project/kirk-bigdata/jonmah/sample_size_demography/Scripts

2026-07-16 00:03:50,468 - INFO - Progress is being logged to ../Analysis/tennessen_ooa_580/log.log

2026-07-16 00:03:50,468 - INFO - Parsed the following arguments:
	syn_input_sfs = ../Simulations/tennessen/ooa_580_sfs/dadi/pop1.sfs
	mask_singletons = False
	mask_doubletons = False
	sum_alleles = False
	L_syn = 100000000.0
	model_type = three_epoch
	input_params = []
	outprefix = ../Analysis/tennessen_ooa_580/

2026-07-16 00:03:50,476 - INFO - Beginning demographic inference for three-epoch demographic model.
2026-07-16 00:03:50,479 - INFO - Beginning optimization with guess, [0.00803145 0.01635106 0.10435702 0.1766449 ].
2026-07-16 00:05:03,137 - INFO - Finished optimization with guess, [0.00803145 0.01635106 0.10435702 0.1766449 ].
2026-07-16 00:05:03,143 - INFO - Best fit parameters: [0.00719157 0.06278949 0.10439963 0.05203557].
2026-07-16 00:05:04,321 - INFO - Maximum log composite likelihood: -2417.161167289042.
2026-07-16 00:05:04,321 - INFO - Optimal value of theta: 14517.220492954984.
2026-07-16 00:05:04,321 - INFO - Beginning optimization with guess, [0.03167286 0.01445886 0.06013671 0.12296267].
2026-07-16 00:05:30,865 - INFO - Finished optimization with guess, [0.03167286 0.01445886 0.06013671 0.12296267].
2026-07-16 00:05:30,868 - INFO - Best fit parameters: [0.02695148 0.00759554 0.06964915 0.25604278].
2026-07-16 00:05:32,298 - INFO - Maximum log composite likelihood: -2598.4194032854803.
2026-07-16 00:05:32,299 - INFO - Optimal value of theta: 99858.77712396822.
2026-07-16 00:05:32,299 - INFO - Beginning optimization with guess, [0.03591843 0.03081274 0.0894493  0.07389749].
2026-07-16 00:06:39,508 - INFO - Finished optimization with guess, [0.03591843 0.03081274 0.0894493  0.07389749].
2026-07-16 00:06:39,510 - INFO - Best fit parameters: [0.01029695 0.08138811 0.16659325 0.06640242].
2026-07-16 00:06:40,644 - INFO - Maximum log composite likelihood: -2416.739900079781.
2026-07-16 00:06:40,644 - INFO - Optimal value of theta: 11198.95205546879.
2026-07-16 00:06:40,644 - INFO - Beginning optimization with guess, [0.12545663 0.07636606 0.08407063 0.07414355].
2026-07-16 00:07:21,900 - INFO - Finished optimization with guess, [0.12545663 0.07636606 0.08407063 0.07414355].
2026-07-16 00:07:21,906 - INFO - Best fit parameters: [0.02430264 0.17352842 0.27504826 0.13770192].
2026-07-16 00:07:22,961 - INFO - Maximum log composite likelihood: -2416.1658702164164.
2026-07-16 00:07:22,961 - INFO - Optimal value of theta: 5260.383430110408.
2026-07-16 00:07:22,961 - INFO - Beginning optimization with guess, [0.06923963 0.14886467 0.06606363 0.06295821].
2026-07-16 00:07:40,981 - INFO - Finished optimization with guess, [0.06923963 0.14886467 0.06606363 0.06295821].
2026-07-16 00:07:40,986 - INFO - Best fit parameters: [0.05340866 0.37034974 0.08218605 0.04668192].
2026-07-16 00:07:41,926 - INFO - Maximum log composite likelihood: -2121.130868805009.
2026-07-16 00:07:41,927 - INFO - Optimal value of theta: 2556.3254385879127.
2026-07-16 00:07:41,927 - INFO - Beginning optimization with guess, [0.32204186 0.2847515  0.08134894 0.06759457].
2026-07-16 00:08:00,252 - INFO - Finished optimization with guess, [0.32204186 0.2847515  0.08134894 0.06759457].
2026-07-16 00:08:00,257 - INFO - Best fit parameters: [0.14349841 2.23866468 0.13399001 0.06637991].
2026-07-16 00:08:01,139 - INFO - Maximum log composite likelihood: -1314.6003249059465.
2026-07-16 00:08:01,139 - INFO - Optimal value of theta: 795.4246134618228.
2026-07-16 00:08:01,139 - INFO - Beginning optimization with guess, [0.31272217 0.61639224 0.75476625 0.16897987].
2026-07-16 00:08:19,318 - INFO - Finished optimization with guess, [0.31272217 0.61639224 0.75476625 0.16897987].
2026-07-16 00:08:19,323 - INFO - Best fit parameters: [0.56988486 1.71353583 0.69405672 0.03806425].
2026-07-16 00:08:20,234 - INFO - Maximum log composite likelihood: -1549.208668766935.
2026-07-16 00:08:20,234 - INFO - Optimal value of theta: 803.012673625956.
2026-07-16 00:08:20,234 - INFO - Beginning optimization with guess, [0.9007147  0.82193962 0.10820724 0.09382889].
2026-07-16 00:08:37,651 - INFO - Finished optimization with guess, [0.9007147  0.82193962 0.10820724 0.09382889].
2026-07-16 00:08:37,656 - INFO - Best fit parameters: [4.99494960e-01 1.43019044e+02 8.30931771e-02 1.07876909e-02].
2026-07-16 00:08:38,525 - INFO - Maximum log composite likelihood: -849.6225149820074.
2026-07-16 00:08:38,525 - INFO - Optimal value of theta: 655.1255523149239.
2026-07-16 00:08:38,525 - INFO - Beginning optimization with guess, [0.989797   0.50593376 0.05148935 0.18942864].
2026-07-16 00:08:55,826 - INFO - Finished optimization with guess, [0.989797   0.50593376 0.05148935 0.18942864].
2026-07-16 00:08:55,830 - INFO - Best fit parameters: [5.44320098e-01 7.69111933e+01 5.21766652e-02 5.51190150e-02].
2026-07-16 00:08:56,699 - INFO - Maximum log composite likelihood: -984.914398494997.
2026-07-16 00:08:56,699 - INFO - Optimal value of theta: 279.0131913804383.
2026-07-16 00:08:56,699 - INFO - Beginning optimization with guess, [0.79096087 2.38842157 0.10959555 0.13221729].
2026-07-16 00:09:14,235 - INFO - Finished optimization with guess, [0.79096087 2.38842157 0.10959555 0.13221729].
2026-07-16 00:09:14,240 - INFO - Best fit parameters: [ 0.34401771 16.53134539  0.11672185  0.02258138].
2026-07-16 00:09:15,111 - INFO - Maximum log composite likelihood: -614.6131036882522.
2026-07-16 00:09:15,111 - INFO - Optimal value of theta: 600.6268997031966.
2026-07-16 00:09:15,111 - INFO - Beginning optimization with guess, [1.04051313 2.04203206 0.16095264 0.10659353].
2026-07-16 00:09:32,470 - INFO - Finished optimization with guess, [1.04051313 2.04203206 0.16095264 0.10659353].
2026-07-16 00:09:32,475 - INFO - Best fit parameters: [2.97781508e-01 3.54595323e+01 2.40910982e-01 1.27063538e-02].
2026-07-16 00:09:33,352 - INFO - Maximum log composite likelihood: -668.5215944900759.
2026-07-16 00:09:33,352 - INFO - Optimal value of theta: 829.5443081535774.
2026-07-16 00:09:33,352 - INFO - Beginning optimization with guess, [1.21792467 2.45941014 0.14335696 0.08777992].
2026-07-16 00:09:50,687 - INFO - Finished optimization with guess, [1.21792467 2.45941014 0.14335696 0.08777992].
2026-07-16 00:09:50,690 - INFO - Best fit parameters: [3.51610683e-01 2.16509668e+01 1.61341639e-01 1.69353764e-02].
2026-07-16 00:09:51,560 - INFO - Maximum log composite likelihood: -622.5240949552602.
2026-07-16 00:09:51,563 - INFO - Optimal value of theta: 678.1541450562136.
2026-07-16 00:09:51,563 - INFO - Beginning optimization with guess, [3.12179256 3.65244298 0.17145444 0.08800527].
2026-07-16 00:10:13,127 - INFO - Finished optimization with guess, [3.12179256 3.65244298 0.17145444 0.08800527].
2026-07-16 00:10:13,133 - INFO - Best fit parameters: [4.52021443e-01 2.79404444e+01 8.73297092e-02 2.52054862e-02].
2026-07-16 00:10:14,002 - INFO - Maximum log composite likelihood: -638.6363071247604.
2026-07-16 00:10:14,002 - INFO - Optimal value of theta: 496.3544307634297.
2026-07-16 00:10:14,003 - INFO - Beginning optimization with guess, [2.47976611 1.74801565 0.07514796 0.14634251].
2026-07-16 00:10:31,263 - INFO - Finished optimization with guess, [2.47976611 1.74801565 0.07514796 0.14634251].
2026-07-16 00:10:31,268 - INFO - Best fit parameters: [1.44505583e+00 2.76588295e+02 3.20614942e-02 2.03277334e-02].
2026-07-16 00:10:32,238 - INFO - Maximum log composite likelihood: -744.0580425098944.
2026-07-16 00:10:32,239 - INFO - Optimal value of theta: 388.3337919900174.
2026-07-16 00:10:32,239 - INFO - Beginning optimization with guess, [4.98770404 3.42892592 0.08198851 0.13848606].
2026-07-16 00:10:49,798 - INFO - Finished optimization with guess, [4.98770404 3.42892592 0.08198851 0.13848606].
2026-07-16 00:10:49,803 - INFO - Best fit parameters: [2.92665456e+00 3.50230089e+01 2.53127376e-02 1.87745724e-02].
2026-07-16 00:10:50,685 - INFO - Maximum log composite likelihood: -746.6758543892361.
2026-07-16 00:10:50,685 - INFO - Optimal value of theta: 385.56886316266406.
2026-07-16 00:10:50,686 - INFO - Beginning optimization with guess, [1.68671906 5.46182686 0.06828938 0.10186789].
2026-07-16 00:11:12,705 - INFO - Finished optimization with guess, [1.68671906 5.46182686 0.06828938 0.10186789].
2026-07-16 00:11:12,710 - INFO - Best fit parameters: [ 0.3965012  24.65373252  0.06147822  0.02631387].
2026-07-16 00:11:13,577 - INFO - Maximum log composite likelihood: -641.9116425320888.
2026-07-16 00:11:13,577 - INFO - Optimal value of theta: 496.4722580554397.
2026-07-16 00:11:13,578 - INFO - Beginning optimization with guess, [2.37704041 2.56097391 0.17294996 0.13207279].
2026-07-16 00:11:31,470 - INFO - Finished optimization with guess, [2.37704041 2.56097391 0.17294996 0.13207279].
2026-07-16 00:11:31,474 - INFO - Best fit parameters: [2.35190592e-01 8.45638720e+02 2.34670060e-01 1.18107593e-02].
2026-07-16 00:11:32,381 - INFO - Maximum log composite likelihood: -1015.2812221601359.
2026-07-16 00:11:32,381 - INFO - Optimal value of theta: 889.3377777588465.
2026-07-16 00:11:32,381 - INFO - Beginning optimization with guess, [2.32293829 1.95129082 0.0930449  0.16218926].
2026-07-16 00:11:50,934 - INFO - Finished optimization with guess, [2.32293829 1.95129082 0.0930449  0.16218926].
2026-07-16 00:11:50,940 - INFO - Best fit parameters: [7.11011856e-01 6.95735631e+02 4.51294211e-02 2.24173878e-02].
2026-07-16 00:11:51,847 - INFO - Maximum log composite likelihood: -862.8197651783646.
2026-07-16 00:11:51,847 - INFO - Optimal value of theta: 419.8634667923718.
2026-07-16 00:11:51,847 - INFO - Beginning optimization with guess, [2.16459007 3.74695395 0.11343999 0.07474253].
2026-07-16 00:12:09,707 - INFO - Finished optimization with guess, [2.16459007 3.74695395 0.11343999 0.07474253].
2026-07-16 00:12:09,711 - INFO - Best fit parameters: [ 0.38718049 27.50178504  0.09154386  0.02800649].
2026-07-16 00:12:10,614 - INFO - Maximum log composite likelihood: -648.4296618315897.
2026-07-16 00:12:10,614 - INFO - Optimal value of theta: 489.5042054989904.
2026-07-16 00:12:10,614 - INFO - Beginning optimization with guess, [4.5598619  5.56028882 0.19355106 0.06703521].
2026-07-16 00:12:33,282 - INFO - Finished optimization with guess, [4.5598619  5.56028882 0.19355106 0.06703521].
2026-07-16 00:12:33,285 - INFO - Best fit parameters: [5.36457456e-01 2.96357953e+01 5.90377706e-02 2.72213113e-02].
2026-07-16 00:12:34,249 - INFO - Maximum log composite likelihood: -659.4816937386008.
2026-07-16 00:12:34,250 - INFO - Optimal value of theta: 451.7354143428273.
2026-07-16 00:12:34,250 - INFO - Beginning optimization with guess, [2.02226281 3.52775671 0.08577694 0.15649191].
2026-07-16 00:12:52,455 - INFO - Finished optimization with guess, [2.02226281 3.52775671 0.08577694 0.15649191].
2026-07-16 00:12:52,459 - INFO - Best fit parameters: [ 0.8538586  20.19781203  0.06425373  0.02778744].
2026-07-16 00:12:53,347 - INFO - Maximum log composite likelihood: -719.4326916435806.
2026-07-16 00:12:53,347 - INFO - Optimal value of theta: 426.4291652992362.
2026-07-16 00:12:53,347 - INFO - Beginning optimization with guess, [6.12753962 3.0368169  0.1273833  0.16961822].
2026-07-16 00:13:11,040 - INFO - Finished optimization with guess, [6.12753962 3.0368169  0.1273833  0.16961822].
2026-07-16 00:13:11,044 - INFO - Best fit parameters: [2.23639534e+00 9.26608717e+02 4.17945911e-03 1.68581470e-02].
2026-07-16 00:13:11,922 - INFO - Maximum log composite likelihood: -761.0801596965691.
2026-07-16 00:13:11,922 - INFO - Optimal value of theta: 427.9876640420911.
2026-07-16 00:13:11,922 - INFO - Beginning optimization with guess, [7.25107517 8.85665504 0.06539165 0.15830884].
2026-07-16 00:13:31,207 - INFO - Finished optimization with guess, [7.25107517 8.85665504 0.06539165 0.15830884].
2026-07-16 00:13:31,211 - INFO - Best fit parameters: [4.71402486e+00 3.90722309e+01 1.11830984e-02 2.19836939e-02].
2026-07-16 00:13:32,129 - INFO - Maximum log composite likelihood: -713.198775762053.
2026-07-16 00:13:32,130 - INFO - Optimal value of theta: 378.4377534706655.
2026-07-16 00:13:32,130 - INFO - Beginning optimization with guess, [4.61740182 5.56466388 0.18016747 0.16069218].
2026-07-16 00:13:50,994 - INFO - Finished optimization with guess, [4.61740182 5.56466388 0.18016747 0.16069218].
2026-07-16 00:13:50,999 - INFO - Best fit parameters: [ 1.59202806 23.1525366   0.0722451   0.03455383].
2026-07-16 00:13:51,889 - INFO - Maximum log composite likelihood: -818.5086013944007.
2026-07-16 00:13:51,890 - INFO - Optimal value of theta: 340.07615972666554.
2026-07-16 00:13:51,890 - INFO - Beginning optimization with guess, [2.81170924 8.98503455 0.06571947 0.08175265].
2026-07-16 00:14:10,324 - INFO - Finished optimization with guess, [2.81170924 8.98503455 0.06571947 0.08175265].
2026-07-16 00:14:10,326 - INFO - Best fit parameters: [8.20743593e-01 4.71250090e+01 2.90849705e-02 2.82598721e-02].
2026-07-16 00:14:11,357 - INFO - Maximum log composite likelihood: -705.6834672593316.
2026-07-16 00:14:11,357 - INFO - Optimal value of theta: 390.0424671946625.
2026-07-16 00:14:11,360 - INFO - Converting and interpreting Tau estimates.
2026-07-16 00:14:11,365 - INFO - Finished demographic inference.
2026-07-16 00:14:11,365 - INFO - Pipeline executed succesfully.
