2026-07-17 10:20:45,126 - INFO - Beginning execution of fit_demographic_model.py in directory /u/project/kirk-bigdata/jonmah/sample_size_demography/Scripts

2026-07-17 10:20:45,127 - INFO - Progress is being logged to ../Analysis/tennessen_ooa_560/log.log

2026-07-17 10:20:45,127 - INFO - Parsed the following arguments:
	syn_input_sfs = ../Simulations/tennessen/ooa_560_sfs/dadi/pop1.sfs
	mask_singletons = False
	mask_doubletons = False
	sum_alleles = False
	L_syn = 100000000.0
	model_type = three_epoch
	input_params = []
	outprefix = ../Analysis/tennessen_ooa_560/

2026-07-17 10:20:45,143 - INFO - Beginning demographic inference for three-epoch demographic model.
2026-07-17 10:20:45,166 - INFO - Beginning optimization with guess, [0.00513052 0.01534315 0.12905228 0.0533553 ].
2026-07-17 10:22:04,029 - INFO - Finished optimization with guess, [0.00513052 0.01534315 0.12905228 0.0533553 ].
2026-07-17 10:22:04,033 - INFO - Best fit parameters: [0.00479878 0.03330535 0.12905228 0.02624172].
2026-07-17 10:22:06,708 - INFO - Maximum log composite likelihood: -2350.7350136500395.
2026-07-17 10:22:06,708 - INFO - Optimal value of theta: 27225.697200405768.
2026-07-17 10:22:06,708 - INFO - Beginning optimization with guess, [0.04660779 0.02147178 0.13403897 0.08749357].
2026-07-17 10:23:15,271 - INFO - Finished optimization with guess, [0.04660779 0.02147178 0.13403897 0.08749357].
2026-07-17 10:23:15,273 - INFO - Best fit parameters: [0.03032103 0.01323437 0.18718204 0.17619078].
2026-07-17 10:23:17,488 - INFO - Maximum log composite likelihood: -2525.80771092142.
2026-07-17 10:23:17,488 - INFO - Optimal value of theta: 56859.110696014846.
2026-07-17 10:23:17,489 - INFO - Beginning optimization with guess, [0.02819294 0.08928876 0.18892827 0.1219613 ].
2026-07-17 10:24:29,179 - INFO - Finished optimization with guess, [0.02819294 0.08928876 0.18892827 0.1219613 ].
2026-07-17 10:24:29,184 - INFO - Best fit parameters: [0.03127321 0.12090809 0.18650284 0.08135485].
2026-07-17 10:24:31,138 - INFO - Maximum log composite likelihood: -2344.311516286949.
2026-07-17 10:24:31,138 - INFO - Optimal value of theta: 7423.834108352064.
2026-07-17 10:24:31,138 - INFO - Beginning optimization with guess, [0.04644037 0.04061202 0.11138655 0.09858556].
2026-07-17 10:26:11,196 - INFO - Finished optimization with guess, [0.04644037 0.04061202 0.11138655 0.09858556].
2026-07-17 10:26:11,198 - INFO - Best fit parameters: [0.0140161  0.10665632 0.20409803 0.08662709].
2026-07-17 10:26:13,304 - INFO - Maximum log composite likelihood: -2351.2382539229634.
2026-07-17 10:26:13,304 - INFO - Optimal value of theta: 8483.654768700859.
2026-07-17 10:26:13,305 - INFO - Beginning optimization with guess, [0.0755999  0.1936861  0.11873446 0.05518003].
2026-07-17 10:27:10,050 - INFO - Finished optimization with guess, [0.0755999  0.1936861  0.11873446 0.05518003].
2026-07-17 10:27:10,055 - INFO - Best fit parameters: [0.06287156 0.30692551 0.15120988 0.04297683].
2026-07-17 10:27:11,944 - INFO - Maximum log composite likelihood: -2019.8533330834096.
2026-07-17 10:27:11,944 - INFO - Optimal value of theta: 3332.7569238302167.
2026-07-17 10:27:11,945 - INFO - Beginning optimization with guess, [0.25912228 0.27711345 0.16091968 0.19128159].
2026-07-17 10:28:20,426 - INFO - Finished optimization with guess, [0.25912228 0.27711345 0.16091968 0.19128159].
2026-07-17 10:28:20,429 - INFO - Best fit parameters: [0.2193879  6.20042932 0.15034252 0.02283108].
2026-07-17 10:28:22,378 - INFO - Maximum log composite likelihood: -647.7695356047755.
2026-07-17 10:28:22,378 - INFO - Optimal value of theta: 818.6147948339589.
2026-07-17 10:28:22,378 - INFO - Beginning optimization with guess, [0.34756236 0.69729346 0.26105066 0.07873437].
2026-07-17 10:29:17,019 - INFO - Finished optimization with guess, [0.34756236 0.69729346 0.26105066 0.07873437].
2026-07-17 10:29:17,021 - INFO - Best fit parameters: [ 0.23321581 10.31164894  0.2057199   0.01502325].
2026-07-17 10:29:18,798 - INFO - Maximum log composite likelihood: -592.3355284676485.
2026-07-17 10:29:18,798 - INFO - Optimal value of theta: 915.9414710414779.
2026-07-17 10:29:18,798 - INFO - Beginning optimization with guess, [0.70341819 0.64779036 0.1717427  0.11182872].
2026-07-17 10:30:13,824 - INFO - Finished optimization with guess, [0.70341819 0.64779036 0.1717427  0.11182872].
2026-07-17 10:30:13,829 - INFO - Best fit parameters: [ 0.43913075 21.29113375  0.1388226   0.02389872].
2026-07-17 10:30:15,720 - INFO - Maximum log composite likelihood: -603.8739306328057.
2026-07-17 10:30:15,721 - INFO - Optimal value of theta: 543.188194523969.
2026-07-17 10:30:15,721 - INFO - Beginning optimization with guess, [1.39236722 1.66448786 0.06056533 0.05409351].
2026-07-17 10:31:09,930 - INFO - Finished optimization with guess, [1.39236722 1.66448786 0.06056533 0.05409351].
2026-07-17 10:31:09,934 - INFO - Best fit parameters: [ 0.37358107 20.90095541  0.06904231  0.02614431].
2026-07-17 10:31:11,635 - INFO - Maximum log composite likelihood: -615.7204183237179.
2026-07-17 10:31:11,635 - INFO - Optimal value of theta: 519.2454281382494.
2026-07-17 10:31:11,635 - INFO - Beginning optimization with guess, [1.06147788 1.65306685 0.13448468 0.05950961].
2026-07-17 10:32:04,073 - INFO - Finished optimization with guess, [1.06147788 1.65306685 0.13448468 0.05950961].
2026-07-17 10:32:04,078 - INFO - Best fit parameters: [ 0.30738333 14.86039868  0.14486598  0.02074592].
2026-07-17 10:32:05,957 - INFO - Maximum log composite likelihood: -594.5472358933241.
2026-07-17 10:32:05,957 - INFO - Optimal value of theta: 665.9820629511252.
2026-07-17 10:32:05,958 - INFO - Beginning optimization with guess, [1.16188777 1.83319016 0.17914682 0.07258617].
2026-07-17 10:32:59,498 - INFO - Finished optimization with guess, [1.16188777 1.83319016 0.17914682 0.07258617].
2026-07-17 10:32:59,502 - INFO - Best fit parameters: [ 0.35180737 17.06376057  0.17771537  0.02013603].
2026-07-17 10:33:01,411 - INFO - Maximum log composite likelihood: -594.3874707262181.
2026-07-17 10:33:01,411 - INFO - Optimal value of theta: 650.6401522465175.
2026-07-17 10:33:01,411 - INFO - Beginning optimization with guess, [2.89684188 2.66835005 0.11202706 0.06064835].
2026-07-17 10:34:04,286 - INFO - Finished optimization with guess, [2.89684188 2.66835005 0.11202706 0.06064835].
2026-07-17 10:34:04,293 - INFO - Best fit parameters: [ 0.36846571 22.09612935  0.07778181  0.02398186].
2026-07-17 10:34:06,112 - INFO - Maximum log composite likelihood: -613.605833170274.
2026-07-17 10:34:06,112 - INFO - Optimal value of theta: 542.4548581610755.
2026-07-17 10:34:06,113 - INFO - Beginning optimization with guess, [1.90819763 1.16130055 0.13874142 0.11646902].
2026-07-17 10:34:59,237 - INFO - Finished optimization with guess, [1.90819763 1.16130055 0.13874142 0.11646902].
2026-07-17 10:34:59,246 - INFO - Best fit parameters: [9.35302009e-01 6.71107285e+01 6.53630359e-02 2.60687479e-02].
2026-07-17 10:35:00,892 - INFO - Maximum log composite likelihood: -697.2869746509753.
2026-07-17 10:35:00,892 - INFO - Optimal value of theta: 391.9415413726871.
2026-07-17 10:35:00,893 - INFO - Beginning optimization with guess, [2.93581333 1.27954249 0.05715405 0.17559551].
2026-07-17 10:35:52,939 - INFO - Finished optimization with guess, [2.93581333 1.27954249 0.05715405 0.17559551].
2026-07-17 10:35:52,946 - INFO - Best fit parameters: [1.71939268e+00 1.28552510e+02 3.07044107e-02 2.06991025e-02].
2026-07-17 10:35:54,703 - INFO - Maximum log composite likelihood: -709.092657936486.
2026-07-17 10:35:54,704 - INFO - Optimal value of theta: 381.12660103324333.
2026-07-17 10:35:54,704 - INFO - Beginning optimization with guess, [1.35950448 2.05836304 0.08352871 0.15590977].
2026-07-17 10:36:48,130 - INFO - Finished optimization with guess, [1.35950448 2.05836304 0.08352871 0.15590977].
2026-07-17 10:36:48,134 - INFO - Best fit parameters: [6.96362680e-01 4.43604180e+01 7.43818162e-02 2.49324652e-02].
2026-07-17 10:36:49,988 - INFO - Maximum log composite likelihood: -662.1151697012741.
2026-07-17 10:36:49,989 - INFO - Optimal value of theta: 436.9406010978524.
2026-07-17 10:36:49,989 - INFO - Beginning optimization with guess, [1.64966928 2.75422013 0.17999366 0.05923435].
2026-07-17 10:37:43,090 - INFO - Finished optimization with guess, [1.64966928 2.75422013 0.17999366 0.05923435].
2026-07-17 10:37:43,093 - INFO - Best fit parameters: [ 0.36925736 18.24756813  0.16273153  0.02105731].
2026-07-17 10:37:44,869 - INFO - Maximum log composite likelihood: -596.0390634618592.
2026-07-17 10:37:44,869 - INFO - Optimal value of theta: 619.5990887268742.
2026-07-17 10:37:44,869 - INFO - Beginning optimization with guess, [2.38278502 3.29160894 0.05119137 0.07189432].
2026-07-17 10:38:53,210 - INFO - Finished optimization with guess, [2.38278502 3.29160894 0.05119137 0.07189432].
2026-07-17 10:38:53,213 - INFO - Best fit parameters: [4.43427960e-01 3.63905497e+01 3.32784463e-02 2.60287465e-02].
2026-07-17 10:38:54,929 - INFO - Maximum log composite likelihood: -668.5385579169032.
2026-07-17 10:38:54,930 - INFO - Optimal value of theta: 458.9714275817792.
2026-07-17 10:38:54,930 - INFO - Beginning optimization with guess, [4.44031203 3.85358829 0.18079949 0.08194994].
2026-07-17 10:39:55,836 - INFO - Finished optimization with guess, [4.44031203 3.85358829 0.18079949 0.08194994].
2026-07-17 10:39:55,840 - INFO - Best fit parameters: [4.90419265e-01 3.36428168e+01 5.68113297e-02 2.58675034e-02].
2026-07-17 10:39:57,639 - INFO - Maximum log composite likelihood: -646.6365318849704.
2026-07-17 10:39:57,639 - INFO - Optimal value of theta: 466.6368617604722.
2026-07-17 10:39:57,639 - INFO - Beginning optimization with guess, [2.46627862 4.55530711 0.05643285 0.0883054 ].
2026-07-17 10:41:09,061 - INFO - Finished optimization with guess, [2.46627862 4.55530711 0.05643285 0.0883054 ].
2026-07-17 10:41:09,064 - INFO - Best fit parameters: [ 0.28972286 10.14756618  0.09489424  0.02164866].
2026-07-17 10:41:10,924 - INFO - Maximum log composite likelihood: -625.2631258591323.
2026-07-17 10:41:10,924 - INFO - Optimal value of theta: 672.6144099032338.
2026-07-17 10:41:10,924 - INFO - Beginning optimization with guess, [4.38583451 2.0652129  0.07896966 0.14422164].
2026-07-17 10:42:05,067 - INFO - Finished optimization with guess, [4.38583451 2.0652129  0.07896966 0.14422164].
2026-07-17 10:42:05,069 - INFO - Best fit parameters: [2.56212209e+00 2.99271745e+02 1.72641319e-02 1.71876094e-02].
2026-07-17 10:42:06,776 - INFO - Maximum log composite likelihood: -702.7213096561413.
2026-07-17 10:42:06,777 - INFO - Optimal value of theta: 395.94285202752286.
2026-07-17 10:42:06,777 - INFO - Beginning optimization with guess, [2.94322105 6.18372484 0.15868585 0.14864406].
2026-07-17 10:42:59,573 - INFO - Finished optimization with guess, [2.94322105 6.18372484 0.15868585 0.14864406].
2026-07-17 10:42:59,575 - INFO - Best fit parameters: [ 0.46049313 24.58524314  0.11626311  0.02692136].
2026-07-17 10:43:01,293 - INFO - Maximum log composite likelihood: -615.7322719327267.
2026-07-17 10:43:01,293 - INFO - Optimal value of theta: 495.5647252465389.
2026-07-17 10:43:01,293 - INFO - Beginning optimization with guess, [2.55053554 7.86253247 0.05286876 0.07913511].
2026-07-17 10:44:30,815 - INFO - Finished optimization with guess, [2.55053554 7.86253247 0.05286876 0.07913511].
2026-07-17 10:44:30,821 - INFO - Best fit parameters: [ 0.16428698 13.27158607  0.04138105  0.02091618].
2026-07-17 10:44:32,330 - INFO - Maximum log composite likelihood: -636.946358307674.
2026-07-17 10:44:32,331 - INFO - Optimal value of theta: 683.4193950929644.
2026-07-17 10:44:32,331 - INFO - Beginning optimization with guess, [3.17418204 6.39411151 0.13557711 0.07727957].
2026-07-17 10:45:24,745 - INFO - Finished optimization with guess, [3.17418204 6.39411151 0.13557711 0.07727957].
2026-07-17 10:45:24,747 - INFO - Best fit parameters: [ 0.34333504 19.88348243  0.04713761  0.02475823].
2026-07-17 10:45:26,499 - INFO - Maximum log composite likelihood: -629.868088530425.
2026-07-17 10:45:26,499 - INFO - Optimal value of theta: 530.5407235632357.
2026-07-17 10:45:26,500 - INFO - Beginning optimization with guess, [4.76251297 2.88368308 0.09603216 0.07111667].
2026-07-17 10:46:18,619 - INFO - Finished optimization with guess, [4.76251297 2.88368308 0.09603216 0.07111667].
2026-07-17 10:46:18,624 - INFO - Best fit parameters: [2.16314063e+00 5.34198593e+01 1.13320513e-02 2.21058801e-02].
2026-07-17 10:46:20,246 - INFO - Maximum log composite likelihood: -691.1580941134201.
2026-07-17 10:46:20,246 - INFO - Optimal value of theta: 391.17688204276106.
2026-07-17 10:46:20,247 - INFO - Beginning optimization with guess, [9.8578724  3.74285443 0.15361366 0.17392411].
2026-07-17 10:47:11,978 - INFO - Finished optimization with guess, [9.8578724  3.74285443 0.15361366 0.17392411].
2026-07-17 10:47:11,981 - INFO - Best fit parameters: [3.23788888e+00 1.52595130e+02 5.02800444e-03 1.84543651e-02].
2026-07-17 10:47:13,756 - INFO - Maximum log composite likelihood: -710.682403866989.
2026-07-17 10:47:13,756 - INFO - Optimal value of theta: 412.88997223200596.
2026-07-17 10:47:13,761 - INFO - Converting and interpreting Tau estimates.
2026-07-17 10:47:13,776 - INFO - Finished demographic inference.
2026-07-17 10:47:13,776 - INFO - Pipeline executed succesfully.
