2026-07-21 17:17:45,504 - INFO - Beginning execution of fit_demographic_model.py in directory /u/project/kirk-bigdata/jonmah/sample_size_demography/Scripts

2026-07-21 17:17:45,504 - INFO - Progress is being logged to ../Analysis/1KG_IBS_160/log.log

2026-07-21 17:17:45,504 - INFO - Parsed the following arguments:
	syn_input_sfs = ../Analysis/1KG_IBS_160/syn_downsampled_sfs.txt
	mask_singletons = False
	mask_doubletons = False
	sum_alleles = False
	L_syn = 100000000.0
	model_type = three_epoch
	input_params = []
	outprefix = ../Analysis/1KG_IBS_160/

2026-07-21 17:17:45,505 - INFO - Beginning demographic inference for three-epoch demographic model.
2026-07-21 17:17:45,507 - INFO - Beginning optimization with guess, [0.00532643 0.01210995 0.05635154 0.08516398].
2026-07-21 17:17:57,566 - INFO - Finished optimization with guess, [0.00532643 0.01210995 0.05635154 0.08516398].
2026-07-21 17:17:57,568 - INFO - Best fit parameters: [0.0048077  0.03189265 0.05663201 0.03586911].
2026-07-21 17:17:57,954 - INFO - Maximum log composite likelihood: -4033.329227138207.
2026-07-21 17:17:57,954 - INFO - Optimal value of theta: 275813.71960434323.
2026-07-21 17:17:57,954 - INFO - Beginning optimization with guess, [0.01511693 0.01697019 0.09665383 0.1572219 ].
2026-07-21 17:20:02,941 - INFO - Finished optimization with guess, [0.01511693 0.01697019 0.09665383 0.1572219 ].
2026-07-21 17:20:02,943 - INFO - Best fit parameters: [0.00117995 0.10749465 0.27622415 0.13277881].
2026-07-21 17:20:05,668 - INFO - Maximum log composite likelihood: -4037.4144572221076.
2026-07-21 17:20:05,668 - INFO - Optimal value of theta: 82427.78959482392.
2026-07-21 17:20:05,669 - INFO - Beginning optimization with guess, [0.03936809 0.08241732 0.11310277 0.15390491].
2026-07-21 17:20:17,227 - INFO - Finished optimization with guess, [0.03936809 0.08241732 0.11310277 0.15390491].
2026-07-21 17:20:17,229 - INFO - Best fit parameters: [0.01716224 0.12964175 0.21795034 0.14746599].
2026-07-21 17:20:17,627 - INFO - Maximum log composite likelihood: -4033.6913162136925.
2026-07-21 17:20:17,627 - INFO - Optimal value of theta: 67953.63900857212.
2026-07-21 17:20:17,627 - INFO - Beginning optimization with guess, [0.09326787 0.12043639 0.13339571 0.11836961].
2026-07-21 17:20:30,306 - INFO - Finished optimization with guess, [0.09326787 0.12043639 0.13339571 0.11836961].
2026-07-21 17:20:30,307 - INFO - Best fit parameters: [0.04816983 0.16585323 0.23642615 0.14657555].
2026-07-21 17:20:30,621 - INFO - Maximum log composite likelihood: -4021.6986263270983.
2026-07-21 17:20:30,621 - INFO - Optimal value of theta: 53058.50747740225.
2026-07-21 17:20:30,621 - INFO - Beginning optimization with guess, [0.05600479 0.06480205 0.05169366 0.12732805].
2026-07-21 17:20:40,859 - INFO - Finished optimization with guess, [0.05600479 0.06480205 0.05169366 0.12732805].
2026-07-21 17:20:40,861 - INFO - Best fit parameters: [0.0344923  0.03940435 0.08020473 0.34598005].
2026-07-21 17:20:41,229 - INFO - Maximum log composite likelihood: -4721.715792866385.
2026-07-21 17:20:41,230 - INFO - Optimal value of theta: 190800.6265350771.
2026-07-21 17:20:41,230 - INFO - Beginning optimization with guess, [0.38462019 0.34360137 0.08734327 0.08774084].
2026-07-21 17:20:49,012 - INFO - Finished optimization with guess, [0.38462019 0.34360137 0.08734327 0.08774084].
2026-07-21 17:20:49,014 - INFO - Best fit parameters: [0.29208093 3.59056819 0.10422552 0.03545508].
2026-07-21 17:20:49,270 - INFO - Maximum log composite likelihood: -674.1225240721479.
2026-07-21 17:20:49,270 - INFO - Optimal value of theta: 8474.99562711694.
2026-07-21 17:20:49,270 - INFO - Beginning optimization with guess, [0.56735356 0.37044601 0.53707293 0.18702731].
2026-07-21 17:20:57,302 - INFO - Finished optimization with guess, [0.56735356 0.37044601 0.53707293 0.18702731].
2026-07-21 17:20:57,303 - INFO - Best fit parameters: [0.72180303 5.22928193 0.26655184 0.02412902].
2026-07-21 17:20:57,558 - INFO - Maximum log composite likelihood: -726.1886224458692.
2026-07-21 17:20:57,558 - INFO - Optimal value of theta: 7090.014080904544.
2026-07-21 17:20:57,558 - INFO - Beginning optimization with guess, [0.39043914 0.9213078  0.05615584 0.12809308].
2026-07-21 17:21:05,201 - INFO - Finished optimization with guess, [0.39043914 0.9213078  0.05615584 0.12809308].
2026-07-21 17:21:05,202 - INFO - Best fit parameters: [0.35982197 5.11029342 0.05607856 0.04627914].
2026-07-21 17:21:05,456 - INFO - Maximum log composite likelihood: -435.5077434123401.
2026-07-21 17:21:05,457 - INFO - Optimal value of theta: 6654.719549246618.
2026-07-21 17:21:05,457 - INFO - Beginning optimization with guess, [1.17382713 1.90392561 0.1284933  0.07706717].
2026-07-21 17:21:13,092 - INFO - Finished optimization with guess, [1.17382713 1.90392561 0.1284933  0.07706717].
2026-07-21 17:21:13,092 - INFO - Best fit parameters: [0.55493874 7.5228468  0.12456603 0.03717333].
2026-07-21 17:21:13,347 - INFO - Maximum log composite likelihood: -353.2672548125503.
2026-07-21 17:21:13,350 - INFO - Optimal value of theta: 6556.867227401416.
2026-07-21 17:21:13,350 - INFO - Beginning optimization with guess, [0.92301667 1.50738168 0.05218385 0.0666814 ].
2026-07-21 17:21:20,941 - INFO - Finished optimization with guess, [0.92301667 1.50738168 0.05218385 0.0666814 ].
2026-07-21 17:21:20,943 - INFO - Best fit parameters: [0.48722125 7.46377926 0.06154746 0.04132911].
2026-07-21 17:21:21,196 - INFO - Maximum log composite likelihood: -374.74653510851795.
2026-07-21 17:21:21,198 - INFO - Optimal value of theta: 6262.15295349556.
2026-07-21 17:21:21,198 - INFO - Beginning optimization with guess, [2.41593709 0.89556121 0.05070133 0.0786517 ].
2026-07-21 17:21:28,068 - INFO - Finished optimization with guess, [2.41593709 0.89556121 0.05070133 0.0786517 ].
2026-07-21 17:21:28,071 - INFO - Best fit parameters: [5.27311345e-01 1.64550173e+01 1.27551738e-02 3.79783965e-02].
2026-07-21 17:21:28,286 - INFO - Maximum log composite likelihood: -444.186692233776.
2026-07-21 17:21:28,286 - INFO - Optimal value of theta: 5546.761417570674.
2026-07-21 17:21:28,286 - INFO - Beginning optimization with guess, [1.11409648 2.99962158 0.07091938 0.07733735].
2026-07-21 17:21:35,749 - INFO - Finished optimization with guess, [1.11409648 2.99962158 0.07091938 0.07733735].
2026-07-21 17:21:35,749 - INFO - Best fit parameters: [0.51451034 7.79796356 0.07415173 0.03934079].
2026-07-21 17:21:36,004 - INFO - Maximum log composite likelihood: -366.08825136298054.
2026-07-21 17:21:36,004 - INFO - Optimal value of theta: 6338.147759622166.
2026-07-21 17:21:36,004 - INFO - Beginning optimization with guess, [1.97181297 1.42525361 0.06427875 0.05842016].
2026-07-21 17:21:44,854 - INFO - Finished optimization with guess, [1.97181297 1.42525361 0.06427875 0.05842016].
2026-07-21 17:21:44,859 - INFO - Best fit parameters: [ 0.57001767 11.66727829  0.04950625  0.03335763].
2026-07-21 17:21:45,111 - INFO - Maximum log composite likelihood: -387.57769013632975.
2026-07-21 17:21:45,111 - INFO - Optimal value of theta: 6181.912533727531.
2026-07-21 17:21:45,111 - INFO - Beginning optimization with guess, [1.26927658 1.49670738 0.11513529 0.10487855].
2026-07-21 17:21:52,306 - INFO - Finished optimization with guess, [1.26927658 1.49670738 0.11513529 0.10487855].
2026-07-21 17:21:52,307 - INFO - Best fit parameters: [0.55655227 7.47560888 0.10741246 0.03738603].
2026-07-21 17:21:52,560 - INFO - Maximum log composite likelihood: -357.1678172732595.
2026-07-21 17:21:52,560 - INFO - Optimal value of theta: 6479.263740377942.
2026-07-21 17:21:52,561 - INFO - Beginning optimization with guess, [4.83175086 1.44726209 0.11608884 0.05824285].
2026-07-21 17:22:00,136 - INFO - Finished optimization with guess, [4.83175086 1.44726209 0.11608884 0.05824285].
2026-07-21 17:22:00,137 - INFO - Best fit parameters: [ 4.02820238 11.71348591  0.01661655  0.01974976].
2026-07-21 17:22:00,388 - INFO - Maximum log composite likelihood: -517.9000162977288.
2026-07-21 17:22:00,389 - INFO - Optimal value of theta: 5546.822772357607.
2026-07-21 17:22:00,389 - INFO - Beginning optimization with guess, [1.39204461 4.11912693 0.07554463 0.10551031].
2026-07-21 17:22:07,962 - INFO - Finished optimization with guess, [1.39204461 4.11912693 0.07554463 0.10551031].
2026-07-21 17:22:07,962 - INFO - Best fit parameters: [0.50923187 7.60598677 0.07380062 0.03896718].
2026-07-21 17:22:08,214 - INFO - Maximum log composite likelihood: -368.09153446933135.
2026-07-21 17:22:08,215 - INFO - Optimal value of theta: 6380.319652498859.
2026-07-21 17:22:08,215 - INFO - Beginning optimization with guess, [1.74388537 3.09547888 0.08153041 0.19403597].
2026-07-21 17:22:15,756 - INFO - Finished optimization with guess, [1.74388537 3.09547888 0.08153041 0.19403597].
2026-07-21 17:22:15,756 - INFO - Best fit parameters: [0.38438734 8.26503837 0.07413455 0.041966  ].
2026-07-21 17:22:16,009 - INFO - Maximum log composite likelihood: -466.3957291911897.
2026-07-21 17:22:16,010 - INFO - Optimal value of theta: 6635.690636119149.
2026-07-21 17:22:16,010 - INFO - Beginning optimization with guess, [2.60619451 1.80260188 0.0522371  0.05252482].
2026-07-21 17:22:23,598 - INFO - Finished optimization with guess, [2.60619451 1.80260188 0.0522371  0.05252482].
2026-07-21 17:22:23,602 - INFO - Best fit parameters: [9.18551052e-01 2.17973893e+01 1.26991162e-02 2.89960136e-02].
2026-07-21 17:22:23,854 - INFO - Maximum log composite likelihood: -442.29020242490634.
2026-07-21 17:22:23,855 - INFO - Optimal value of theta: 5580.648141696853.
2026-07-21 17:22:23,855 - INFO - Beginning optimization with guess, [5.26273523 3.80277812 0.14388179 0.13085006].
2026-07-21 17:22:30,915 - INFO - Finished optimization with guess, [5.26273523 3.80277812 0.14388179 0.13085006].
2026-07-21 17:22:30,915 - INFO - Best fit parameters: [0.86340269 8.90559478 0.0101514  0.03761652].
2026-07-21 17:22:31,130 - INFO - Maximum log composite likelihood: -552.8223530576272.
2026-07-21 17:22:31,130 - INFO - Optimal value of theta: 5520.712572659079.
2026-07-21 17:22:31,130 - INFO - Beginning optimization with guess, [4.25213576 7.19794483 0.14258059 0.08985326].
2026-07-21 17:22:38,020 - INFO - Finished optimization with guess, [4.25213576 7.19794483 0.14258059 0.08985326].
2026-07-21 17:22:38,021 - INFO - Best fit parameters: [0.55628795 8.94647024 0.03707927 0.04106852].
2026-07-21 17:22:38,274 - INFO - Maximum log composite likelihood: -398.8030315556833.
2026-07-21 17:22:38,274 - INFO - Optimal value of theta: 5866.366345910485.
2026-07-21 17:22:38,274 - INFO - Beginning optimization with guess, [7.98234861 2.79824803 0.05795551 0.06077804].
2026-07-21 17:22:45,810 - INFO - Finished optimization with guess, [7.98234861 2.79824803 0.05795551 0.06077804].
2026-07-21 17:22:45,811 - INFO - Best fit parameters: [ 9.83657395 12.3084657   0.01552573  0.01606692].
2026-07-21 17:22:46,063 - INFO - Maximum log composite likelihood: -469.2989892188393.
2026-07-21 17:22:46,063 - INFO - Optimal value of theta: 5553.803121773854.
2026-07-21 17:22:46,064 - INFO - Beginning optimization with guess, [4.40134813 7.80587215 0.06608259 0.09383886].
2026-07-21 17:22:53,506 - INFO - Finished optimization with guess, [4.40134813 7.80587215 0.06608259 0.09383886].
2026-07-21 17:22:53,506 - INFO - Best fit parameters: [3.16762212e+00 1.70292920e+01 1.40222535e-02 1.88686596e-02].
2026-07-21 17:22:53,766 - INFO - Maximum log composite likelihood: -477.22574830254234.
2026-07-21 17:22:53,766 - INFO - Optimal value of theta: 5640.6193181537255.
2026-07-21 17:22:53,767 - INFO - Beginning optimization with guess, [2.82414778 6.30719536 0.1234605  0.10487969].
2026-07-21 17:23:01,336 - INFO - Finished optimization with guess, [2.82414778 6.30719536 0.1234605  0.10487969].
2026-07-21 17:23:01,337 - INFO - Best fit parameters: [0.51164517 7.05788627 0.07433148 0.04071993].
2026-07-21 17:23:01,592 - INFO - Maximum log composite likelihood: -372.6812901040026.
2026-07-21 17:23:01,593 - INFO - Optimal value of theta: 6327.766493052926.
2026-07-21 17:23:01,593 - INFO - Beginning optimization with guess, [7.28317518 4.06882504 0.19003861 0.15269499].
2026-07-21 17:23:09,184 - INFO - Finished optimization with guess, [7.28317518 4.06882504 0.19003861 0.15269499].
2026-07-21 17:23:09,185 - INFO - Best fit parameters: [1.69605298 6.44183767 0.00801608 0.03200157].
2026-07-21 17:23:09,428 - INFO - Maximum log composite likelihood: -657.6136387613287.
2026-07-21 17:23:09,429 - INFO - Optimal value of theta: 5658.244106249747.
2026-07-21 17:23:09,429 - INFO - Beginning optimization with guess, [6.0604374  2.56627086 0.18222987 0.15990079].
2026-07-21 17:23:16,954 - INFO - Finished optimization with guess, [6.0604374  2.56627086 0.18222987 0.15990079].
2026-07-21 17:23:16,955 - INFO - Best fit parameters: [1.11632842e+00 1.31188795e+01 4.27657517e-03 2.97622655e-02].
2026-07-21 17:23:17,207 - INFO - Maximum log composite likelihood: -479.69528538252047.
2026-07-21 17:23:17,208 - INFO - Optimal value of theta: 5609.255053857264.
2026-07-21 17:23:17,210 - INFO - Converting and interpreting Tau estimates.
2026-07-21 17:23:17,213 - INFO - Finished demographic inference.
2026-07-21 17:23:17,213 - INFO - Pipeline executed succesfully.
