2026-07-16 00:01:16,330 - INFO - Beginning execution of fit_demographic_model.py in directory /u/project/kirk-bigdata/jonmah/sample_size_demography/Scripts

2026-07-16 00:01:16,331 - INFO - Progress is being logged to ../Analysis/tennessen_ooa_440/log.log

2026-07-16 00:01:16,331 - INFO - Parsed the following arguments:
	syn_input_sfs = ../Simulations/tennessen/ooa_440_sfs/dadi/pop1.sfs
	mask_singletons = False
	mask_doubletons = False
	sum_alleles = False
	L_syn = 100000000.0
	model_type = three_epoch
	input_params = []
	outprefix = ../Analysis/tennessen_ooa_440/

2026-07-16 00:01:16,341 - INFO - Beginning demographic inference for three-epoch demographic model.
2026-07-16 00:01:16,343 - INFO - Beginning optimization with guess, [0.0092035  0.0140498  0.14662393 0.10457805].
2026-07-16 00:01:59,813 - INFO - Finished optimization with guess, [0.0092035  0.0140498  0.14662393 0.10457805].
2026-07-16 00:01:59,815 - INFO - Best fit parameters: [0.00726682 0.04501195 0.14663124 0.04165057].
2026-07-16 00:02:01,203 - INFO - Maximum log composite likelihood: -1909.9319021172064.
2026-07-16 00:02:01,203 - INFO - Optimal value of theta: 18302.947250608115.
2026-07-16 00:02:01,204 - INFO - Beginning optimization with guess, [0.01658069 0.04925853 0.15302914 0.09413657].
2026-07-16 00:02:30,983 - INFO - Finished optimization with guess, [0.01658069 0.04925853 0.15302914 0.09413657].
2026-07-16 00:02:30,984 - INFO - Best fit parameters: [0.01509872 0.07664069 0.1537284  0.06614753].
2026-07-16 00:02:32,170 - INFO - Maximum log composite likelihood: -1909.1753826111546.
2026-07-16 00:02:32,170 - INFO - Optimal value of theta: 10787.12561098211.
2026-07-16 00:02:32,170 - INFO - Beginning optimization with guess, [0.02567686 0.0257147  0.0722058  0.05421979].
2026-07-16 00:03:22,017 - INFO - Finished optimization with guess, [0.02567686 0.0257147  0.0722058  0.05421979].
2026-07-16 00:03:22,019 - INFO - Best fit parameters: [0.01001137 0.05262763 0.13363701 0.04596518].
2026-07-16 00:03:23,269 - INFO - Maximum log composite likelihood: -1909.3409695462137.
2026-07-16 00:03:23,269 - INFO - Optimal value of theta: 15704.61999823711.
2026-07-16 00:03:23,270 - INFO - Beginning optimization with guess, [0.07415184 0.04246377 0.15947708 0.05028364].
2026-07-16 00:04:02,426 - INFO - Finished optimization with guess, [0.07415184 0.04246377 0.15947708 0.05028364].
2026-07-16 00:04:02,428 - INFO - Best fit parameters: [0.02228726 0.07868905 0.29664734 0.065468  ].
2026-07-16 00:04:03,702 - INFO - Maximum log composite likelihood: -1908.8245425162186.
2026-07-16 00:04:03,703 - INFO - Optimal value of theta: 10360.777386069256.
2026-07-16 00:04:03,703 - INFO - Beginning optimization with guess, [0.19353372 0.11314964 0.06541062 0.17117891].
2026-07-16 00:04:26,250 - INFO - Finished optimization with guess, [0.19353372 0.11314964 0.06541062 0.17117891].
2026-07-16 00:04:26,253 - INFO - Best fit parameters: [0.15001961 0.07652567 0.07981347 0.54019474].
2026-07-16 00:04:27,413 - INFO - Maximum log composite likelihood: -2029.8853633708457.
2026-07-16 00:04:27,413 - INFO - Optimal value of theta: 9125.655351904768.
2026-07-16 00:04:27,414 - INFO - Beginning optimization with guess, [0.37530351 0.21927253 0.15220942 0.05472846].
2026-07-16 00:04:56,179 - INFO - Finished optimization with guess, [0.37530351 0.21927253 0.15220942 0.05472846].
2026-07-16 00:04:56,181 - INFO - Best fit parameters: [0.13090156 1.27007539 0.2755907  0.05760828].
2026-07-16 00:04:57,289 - INFO - Maximum log composite likelihood: -1344.6412220411348.
2026-07-16 00:04:57,290 - INFO - Optimal value of theta: 1205.0465542992583.
2026-07-16 00:04:57,290 - INFO - Beginning optimization with guess, [0.4132408  0.9266273  0.29661438 0.12276227].
2026-07-16 00:05:17,512 - INFO - Finished optimization with guess, [0.4132408  0.9266273  0.29661438 0.12276227].
2026-07-16 00:05:17,516 - INFO - Best fit parameters: [3.42907608e-01 3.52563670e+01 1.54133047e-01 8.48267714e-03].
2026-07-16 00:05:18,517 - INFO - Maximum log composite likelihood: -701.3858859339897.
2026-07-16 00:05:18,517 - INFO - Optimal value of theta: 872.3641942287.
2026-07-16 00:05:18,518 - INFO - Beginning optimization with guess, [0.42301943 0.73691595 0.07232    0.15889529].
2026-07-16 00:05:38,531 - INFO - Finished optimization with guess, [0.42301943 0.73691595 0.07232    0.15889529].
2026-07-16 00:05:38,533 - INFO - Best fit parameters: [3.37331429e-01 3.51110572e+01 7.08587573e-02 2.92177728e-02].
2026-07-16 00:05:39,503 - INFO - Maximum log composite likelihood: -567.8704121080618.
2026-07-16 00:05:39,503 - INFO - Optimal value of theta: 487.28983563682647.
2026-07-16 00:05:39,503 - INFO - Beginning optimization with guess, [0.67225759 0.81370455 0.07674695 0.05882309].
2026-07-16 00:05:59,600 - INFO - Finished optimization with guess, [0.67225759 0.81370455 0.07674695 0.05882309].
2026-07-16 00:05:59,601 - INFO - Best fit parameters: [2.96260880e-01 2.41416496e+01 8.59753992e-02 1.23032929e-02].
2026-07-16 00:06:00,608 - INFO - Maximum log composite likelihood: -628.8764147116749.
2026-07-16 00:06:00,608 - INFO - Optimal value of theta: 762.3376299851368.
2026-07-16 00:06:00,609 - INFO - Beginning optimization with guess, [1.35852173 1.32980247 0.07729858 0.18135279].
2026-07-16 00:06:26,013 - INFO - Finished optimization with guess, [1.35852173 1.32980247 0.07729858 0.18135279].
2026-07-16 00:06:26,014 - INFO - Best fit parameters: [6.42757668e-01 3.34514942e+02 5.75569918e-02 1.88219007e-02].
2026-07-16 00:06:26,982 - INFO - Maximum log composite likelihood: -647.4991939842191.
2026-07-16 00:06:26,982 - INFO - Optimal value of theta: 482.5810737123889.
2026-07-16 00:06:26,982 - INFO - Beginning optimization with guess, [1.26441322 1.7268806  0.07706617 0.13658952].
2026-07-16 00:06:51,634 - INFO - Finished optimization with guess, [1.26441322 1.7268806  0.07706617 0.13658952].
2026-07-16 00:06:51,635 - INFO - Best fit parameters: [1.59416015e-01 5.99981073e+02 1.07049903e-01 9.69396328e-03].
2026-07-16 00:06:52,615 - INFO - Maximum log composite likelihood: -830.9106668744921.
2026-07-16 00:06:52,615 - INFO - Optimal value of theta: 1034.6183758810864.
2026-07-16 00:06:52,616 - INFO - Beginning optimization with guess, [1.57802086 3.35745599 0.10346574 0.06191693].
2026-07-16 00:07:16,923 - INFO - Finished optimization with guess, [1.57802086 3.35745599 0.10346574 0.06191693].
2026-07-16 00:07:16,925 - INFO - Best fit parameters: [ 0.32832631 18.96080207  0.09345558  0.02372764].
2026-07-16 00:07:17,899 - INFO - Maximum log composite likelihood: -513.1869865857379.
2026-07-16 00:07:17,899 - INFO - Optimal value of theta: 582.3021072102607.
2026-07-16 00:07:17,899 - INFO - Beginning optimization with guess, [1.29525068 2.62325314 0.08931442 0.13773363].
2026-07-16 00:07:37,885 - INFO - Finished optimization with guess, [1.29525068 2.62325314 0.08931442 0.13773363].
2026-07-16 00:07:37,886 - INFO - Best fit parameters: [ 0.48858963 17.40403646  0.08425336  0.02906169].
2026-07-16 00:07:38,879 - INFO - Maximum log composite likelihood: -537.9368918405669.
2026-07-16 00:07:38,879 - INFO - Optimal value of theta: 487.38669656030066.
2026-07-16 00:07:38,879 - INFO - Beginning optimization with guess, [3.16528513 2.5790223  0.09531985 0.05854867].
2026-07-16 00:07:59,075 - INFO - Finished optimization with guess, [3.16528513 2.5790223  0.09531985 0.05854867].
2026-07-16 00:07:59,078 - INFO - Best fit parameters: [7.77884190e-01 3.51611580e+01 2.91698487e-02 3.05065758e-02].
2026-07-16 00:08:00,044 - INFO - Maximum log composite likelihood: -597.9952031756502.
2026-07-16 00:08:00,044 - INFO - Optimal value of theta: 395.4836343159049.
2026-07-16 00:08:00,045 - INFO - Beginning optimization with guess, [3.58777186 1.50195391 0.15122796 0.15870363].
2026-07-16 00:08:19,578 - INFO - Finished optimization with guess, [3.58777186 1.50195391 0.15122796 0.15870363].
2026-07-16 00:08:19,579 - INFO - Best fit parameters: [7.75547271e-01 8.73201661e+01 3.23606450e-02 2.64496159e-02].
2026-07-16 00:08:20,545 - INFO - Maximum log composite likelihood: -617.0402337532804.
2026-07-16 00:08:20,546 - INFO - Optimal value of theta: 403.1897239183309.
2026-07-16 00:08:20,546 - INFO - Beginning optimization with guess, [3.8334108  1.64417797 0.0998026  0.07320748].
2026-07-16 00:08:39,854 - INFO - Finished optimization with guess, [3.8334108  1.64417797 0.0998026  0.07320748].
2026-07-16 00:08:39,855 - INFO - Best fit parameters: [1.43346360e+00 4.01585637e+01 2.31511954e-02 2.51306388e-02].
2026-07-16 00:08:40,821 - INFO - Maximum log composite likelihood: -615.7955915672167.
2026-07-16 00:08:40,821 - INFO - Optimal value of theta: 387.283651908822.
2026-07-16 00:08:40,821 - INFO - Beginning optimization with guess, [4.21564809 3.73488119 0.07557852 0.0596654 ].
2026-07-16 00:09:00,170 - INFO - Finished optimization with guess, [4.21564809 3.73488119 0.07557852 0.0596654 ].
2026-07-16 00:09:00,173 - INFO - Best fit parameters: [2.47354367e+00 3.69525337e+01 1.34260635e-02 2.31743849e-02].
2026-07-16 00:09:01,136 - INFO - Maximum log composite likelihood: -615.4911806584867.
2026-07-16 00:09:01,136 - INFO - Optimal value of theta: 387.46743937646215.
2026-07-16 00:09:01,136 - INFO - Beginning optimization with guess, [4.68625902 4.29136325 0.17169279 0.06593011].
2026-07-16 00:09:20,439 - INFO - Finished optimization with guess, [4.68625902 4.29136325 0.17169279 0.06593011].
2026-07-16 00:09:20,441 - INFO - Best fit parameters: [9.31327876e-01 3.29319773e+01 3.00531608e-02 2.92071230e-02].
2026-07-16 00:09:21,403 - INFO - Maximum log composite likelihood: -605.6181080012307.
2026-07-16 00:09:21,404 - INFO - Optimal value of theta: 393.48800597261504.
2026-07-16 00:09:21,404 - INFO - Beginning optimization with guess, [4.40887312 6.55993865 0.05312426 0.07201264].
2026-07-16 00:09:40,663 - INFO - Finished optimization with guess, [4.40887312 6.55993865 0.05312426 0.07201264].
2026-07-16 00:09:40,665 - INFO - Best fit parameters: [3.44367782e+00 3.89910968e+01 1.24817592e-02 2.24937913e-02].
2026-07-16 00:09:41,637 - INFO - Maximum log composite likelihood: -614.0358963008923.
2026-07-16 00:09:41,637 - INFO - Optimal value of theta: 384.3803267183168.
2026-07-16 00:09:41,638 - INFO - Beginning optimization with guess, [5.46297778 7.47094676 0.10332616 0.05601974].
2026-07-16 00:10:00,890 - INFO - Finished optimization with guess, [5.46297778 7.47094676 0.10332616 0.05601974].
2026-07-16 00:10:00,892 - INFO - Best fit parameters: [4.13273839e+00 3.64450662e+01 1.57800249e-02 2.02239825e-02].
2026-07-16 00:10:01,868 - INFO - Maximum log composite likelihood: -620.4933638357174.
2026-07-16 00:10:01,868 - INFO - Optimal value of theta: 385.78883108627855.
2026-07-16 00:10:01,869 - INFO - Beginning optimization with guess, [4.44072225 3.19879925 0.08099602 0.06003354].
2026-07-16 00:10:21,173 - INFO - Finished optimization with guess, [4.44072225 3.19879925 0.08099602 0.06003354].
2026-07-16 00:10:21,175 - INFO - Best fit parameters: [2.79185335e+00 3.16083637e+01 1.52584999e-02 2.26443039e-02].
2026-07-16 00:10:22,144 - INFO - Maximum log composite likelihood: -623.5921232965769.
2026-07-16 00:10:22,145 - INFO - Optimal value of theta: 386.7646807976804.
2026-07-16 00:10:22,145 - INFO - Beginning optimization with guess, [4.52225446 7.55286814 0.08223712 0.11626996].
2026-07-16 00:10:41,420 - INFO - Finished optimization with guess, [4.52225446 7.55286814 0.08223712 0.11626996].
2026-07-16 00:10:41,422 - INFO - Best fit parameters: [1.47646675e+00 3.98948247e+01 1.27747306e-02 2.71222488e-02].
2026-07-16 00:10:42,385 - INFO - Maximum log composite likelihood: -611.0825220887031.
2026-07-16 00:10:42,385 - INFO - Optimal value of theta: 381.58624814672663.
2026-07-16 00:10:42,386 - INFO - Beginning optimization with guess, [3.32559428 8.54208921 0.13219183 0.06828435].
2026-07-16 00:11:01,695 - INFO - Finished optimization with guess, [3.32559428 8.54208921 0.13219183 0.06828435].
2026-07-16 00:11:01,696 - INFO - Best fit parameters: [3.61509573e-01 3.66921367e+01 7.22734236e-02 3.04516309e-02].
2026-07-16 00:11:02,683 - INFO - Maximum log composite likelihood: -572.9957552315706.
2026-07-16 00:11:02,683 - INFO - Optimal value of theta: 469.71343703580834.
2026-07-16 00:11:02,683 - INFO - Beginning optimization with guess, [9.09632518 2.46478779 0.06048365 0.12970842].
2026-07-16 00:11:21,953 - INFO - Finished optimization with guess, [9.09632518 2.46478779 0.06048365 0.12970842].
2026-07-16 00:11:21,955 - INFO - Best fit parameters: [9.37593519e+00 9.43566847e+01 1.43019364e-02 1.46251190e-02].
2026-07-16 00:11:22,918 - INFO - Maximum log composite likelihood: -605.5934551929265.
2026-07-16 00:11:22,919 - INFO - Optimal value of theta: 392.3076304287525.
2026-07-16 00:11:22,919 - INFO - Beginning optimization with guess, [3.74010466 6.40861841 0.18207063 0.0633558 ].
2026-07-16 00:11:47,097 - INFO - Finished optimization with guess, [3.74010466 6.40861841 0.18207063 0.0633558 ].
2026-07-16 00:11:47,098 - INFO - Best fit parameters: [ 0.30007731 20.26844922  0.04672905  0.03379386].
2026-07-16 00:11:48,070 - INFO - Maximum log composite likelihood: -539.5961943235716.
2026-07-16 00:11:48,070 - INFO - Optimal value of theta: 475.69897667875637.
2026-07-16 00:11:48,073 - INFO - Converting and interpreting Tau estimates.
2026-07-16 00:11:48,077 - INFO - Finished demographic inference.
2026-07-16 00:11:48,077 - INFO - Pipeline executed succesfully.
