2026-07-16 00:06:04,213 - INFO - Beginning execution of fit_demographic_model.py in directory /u/project/kirk-bigdata/jonmah/sample_size_demography/Scripts

2026-07-16 00:06:04,214 - INFO - Progress is being logged to ../Analysis/tennessen_ooa_680/log.log

2026-07-16 00:06:04,214 - INFO - Parsed the following arguments:
	syn_input_sfs = ../Simulations/tennessen/ooa_680_sfs/dadi/pop1.sfs
	mask_singletons = False
	mask_doubletons = False
	sum_alleles = False
	L_syn = 100000000.0
	model_type = three_epoch
	input_params = []
	outprefix = ../Analysis/tennessen_ooa_680/

2026-07-16 00:06:04,218 - INFO - Beginning demographic inference for three-epoch demographic model.
2026-07-16 00:06:04,221 - INFO - Beginning optimization with guess, [0.01740844 0.01718011 0.08705698 0.08350539].
2026-07-16 00:07:18,576 - INFO - Finished optimization with guess, [0.01740844 0.01718011 0.08705698 0.08350539].
2026-07-16 00:07:18,579 - INFO - Best fit parameters: [0.00696029 0.057548   0.14232795 0.04251193].
2026-07-16 00:07:20,299 - INFO - Maximum log composite likelihood: -2796.4363283893595.
2026-07-16 00:07:20,299 - INFO - Optimal value of theta: 16888.074599558622.
2026-07-16 00:07:20,299 - INFO - Beginning optimization with guess, [0.02914297 0.03439231 0.08064047 0.05676454].
2026-07-16 00:08:05,538 - INFO - Finished optimization with guess, [0.02914297 0.03439231 0.08064047 0.05676454].
2026-07-16 00:08:05,539 - INFO - Best fit parameters: [0.01145421 0.06383189 0.15855874 0.0508652 ].
2026-07-16 00:08:07,006 - INFO - Maximum log composite likelihood: -2799.8969631772375.
2026-07-16 00:08:07,006 - INFO - Optimal value of theta: 14833.045971144908.
2026-07-16 00:08:07,007 - INFO - Beginning optimization with guess, [0.07443251 0.03537875 0.0794338  0.1959491 ].
2026-07-16 00:08:56,977 - INFO - Finished optimization with guess, [0.07443251 0.03537875 0.0794338  0.1959491 ].
2026-07-16 00:08:56,979 - INFO - Best fit parameters: [0.06405315 0.01914044 0.09057877 0.42043534].
2026-07-16 00:08:58,779 - INFO - Maximum log composite likelihood: -3027.890559492503.
2026-07-16 00:08:58,780 - INFO - Optimal value of theta: 41687.278033412986.
2026-07-16 00:08:58,780 - INFO - Beginning optimization with guess, [0.1329103  0.09208437 0.10906827 0.07255966].
2026-07-16 00:09:24,962 - INFO - Finished optimization with guess, [0.1329103  0.09208437 0.10906827 0.07255966].
2026-07-16 00:09:24,964 - INFO - Best fit parameters: [0.03829291 0.184228   0.28005286 0.11654384].
2026-07-16 00:09:26,328 - INFO - Maximum log composite likelihood: -2788.1761652433506.
2026-07-16 00:09:26,328 - INFO - Optimal value of theta: 5280.294381128712.
2026-07-16 00:09:26,328 - INFO - Beginning optimization with guess, [0.15604624 0.05037186 0.11984914 0.14730774].
2026-07-16 00:10:03,092 - INFO - Finished optimization with guess, [0.15604624 0.05037186 0.11984914 0.14730774].
2026-07-16 00:10:03,094 - INFO - Best fit parameters: [0.12548779 0.0296689  0.1422089  0.34096869].
2026-07-16 00:10:04,642 - INFO - Maximum log composite likelihood: -3028.00396607882.
2026-07-16 00:10:04,643 - INFO - Optimal value of theta: 26892.405841586093.
2026-07-16 00:10:04,643 - INFO - Beginning optimization with guess, [0.17896549 0.27324106 0.09016125 0.07460989].
2026-07-16 00:10:31,278 - INFO - Finished optimization with guess, [0.17896549 0.27324106 0.09016125 0.07460989].
2026-07-16 00:10:31,280 - INFO - Best fit parameters: [0.08523888 0.96447725 0.15559812 0.06868606].
2026-07-16 00:10:32,512 - INFO - Maximum log composite likelihood: -2093.33011351012.
2026-07-16 00:10:32,513 - INFO - Optimal value of theta: 1474.062861342024.
2026-07-16 00:10:32,513 - INFO - Beginning optimization with guess, [0.72486427 0.53244841 0.62683532 0.07091148].
2026-07-16 00:10:57,554 - INFO - Finished optimization with guess, [0.72486427 0.53244841 0.62683532 0.07091148].
2026-07-16 00:10:57,556 - INFO - Best fit parameters: [0.27051135 6.55345614 0.60470303 0.02371118].
2026-07-16 00:10:58,827 - INFO - Maximum log composite likelihood: -952.6760263206071.
2026-07-16 00:10:58,827 - INFO - Optimal value of theta: 877.4818367075453.
2026-07-16 00:10:58,827 - INFO - Beginning optimization with guess, [0.76718852 0.54558084 0.15739376 0.19464601].
2026-07-16 00:11:23,306 - INFO - Finished optimization with guess, [0.76718852 0.54558084 0.15739376 0.19464601].
2026-07-16 00:11:23,307 - INFO - Best fit parameters: [3.24461482e-01 1.40823171e+02 1.43518246e-01 4.75358371e-02].
2026-07-16 00:11:24,516 - INFO - Maximum log composite likelihood: -1541.452379316104.
2026-07-16 00:11:24,517 - INFO - Optimal value of theta: 310.2288673208385.
2026-07-16 00:11:24,517 - INFO - Beginning optimization with guess, [1.02027487 0.89773405 0.05669028 0.19217374].
2026-07-16 00:11:50,580 - INFO - Finished optimization with guess, [1.02027487 0.89773405 0.05669028 0.19217374].
2026-07-16 00:11:50,583 - INFO - Best fit parameters: [9.82929982e-01 7.66941177e+01 4.88531446e-02 2.97471439e-02].
2026-07-16 00:11:51,846 - INFO - Maximum log composite likelihood: -819.1383269833874.
2026-07-16 00:11:51,846 - INFO - Optimal value of theta: 354.5894969749539.
2026-07-16 00:11:51,846 - INFO - Beginning optimization with guess, [2.25472907 0.83256058 0.16535621 0.19987122].
2026-07-16 00:12:16,116 - INFO - Finished optimization with guess, [2.25472907 0.83256058 0.16535621 0.19987122].
2026-07-16 00:12:16,118 - INFO - Best fit parameters: [6.07903453e-01 1.25295996e+02 8.38099683e-02 3.32580776e-02].
2026-07-16 00:12:17,395 - INFO - Maximum log composite likelihood: -965.4266428913402.
2026-07-16 00:12:17,395 - INFO - Optimal value of theta: 354.8414030191639.
2026-07-16 00:12:17,395 - INFO - Beginning optimization with guess, [0.84137805 1.21794089 0.15233377 0.07667596].
2026-07-16 00:12:41,968 - INFO - Finished optimization with guess, [0.84137805 1.21794089 0.15233377 0.07667596].
2026-07-16 00:12:41,970 - INFO - Best fit parameters: [3.89232366e-01 3.59536080e+01 1.40049702e-01 1.03257196e-02].
2026-07-16 00:12:43,182 - INFO - Maximum log composite likelihood: -835.067468641485.
2026-07-16 00:12:43,182 - INFO - Optimal value of theta: 774.8898107770735.
2026-07-16 00:12:43,183 - INFO - Beginning optimization with guess, [1.19048905 3.22158196 0.18762085 0.10563755].
2026-07-16 00:13:08,698 - INFO - Finished optimization with guess, [1.19048905 3.22158196 0.18762085 0.10563755].
2026-07-16 00:13:08,700 - INFO - Best fit parameters: [2.84111379e-01 2.30292897e+01 2.39502741e-01 1.83492694e-02].
2026-07-16 00:13:09,975 - INFO - Maximum log composite likelihood: -738.2937962702263.
2026-07-16 00:13:09,976 - INFO - Optimal value of theta: 710.8676467213246.
2026-07-16 00:13:09,976 - INFO - Beginning optimization with guess, [3.04151659 3.13370816 0.06616136 0.16566853].
2026-07-16 00:13:34,326 - INFO - Finished optimization with guess, [3.04151659 3.13370816 0.06616136 0.16566853].
2026-07-16 00:13:34,330 - INFO - Best fit parameters: [1.74335356e+00 4.37106219e+01 3.54242600e-02 2.27594487e-02].
2026-07-16 00:13:35,557 - INFO - Maximum log composite likelihood: -808.9526450441482.
2026-07-16 00:13:35,557 - INFO - Optimal value of theta: 376.76850560953955.
2026-07-16 00:13:35,557 - INFO - Beginning optimization with guess, [1.30034627 1.67707989 0.13005639 0.16274542].
2026-07-16 00:14:08,141 - INFO - Finished optimization with guess, [1.30034627 1.67707989 0.13005639 0.16274542].
2026-07-16 00:14:08,143 - INFO - Best fit parameters: [1.48584291e-01 5.62883368e+03 1.16699961e-01 4.27654566e-03].
2026-07-16 00:14:09,495 - INFO - Maximum log composite likelihood: -1294.5056860585112.
2026-07-16 00:14:09,496 - INFO - Optimal value of theta: 1505.8168967326803.
2026-07-16 00:14:09,496 - INFO - Beginning optimization with guess, [3.05324346 1.5593388  0.05757123 0.17619325].
2026-07-16 00:14:34,802 - INFO - Finished optimization with guess, [3.05324346 1.5593388  0.05757123 0.17619325].
2026-07-16 00:14:34,803 - INFO - Best fit parameters: [3.51524524e+00 1.01349626e+03 2.49673360e-02 1.19521403e-02].
2026-07-16 00:14:35,974 - INFO - Maximum log composite likelihood: -809.38922337554.
2026-07-16 00:14:35,974 - INFO - Optimal value of theta: 405.23840206333654.
2026-07-16 00:14:35,974 - INFO - Beginning optimization with guess, [2.08367162 5.1850675  0.10894337 0.17549778].
2026-07-16 00:15:00,202 - INFO - Finished optimization with guess, [2.08367162 5.1850675  0.10894337 0.17549778].
2026-07-16 00:15:00,204 - INFO - Best fit parameters: [ 0.83919584 17.11892315  0.08965583  0.03469291].
2026-07-16 00:15:01,438 - INFO - Maximum log composite likelihood: -832.6216193560226.
2026-07-16 00:15:01,438 - INFO - Optimal value of theta: 404.8057020332301.
2026-07-16 00:15:01,438 - INFO - Beginning optimization with guess, [5.56335933 2.08695271 0.07507213 0.0563858 ].
2026-07-16 00:15:27,292 - INFO - Finished optimization with guess, [5.56335933 2.08695271 0.07507213 0.0563858 ].
2026-07-16 00:15:27,294 - INFO - Best fit parameters: [4.19126236e+00 3.87339371e+01 1.65857931e-02 1.83111273e-02].
2026-07-16 00:15:28,567 - INFO - Maximum log composite likelihood: -800.8927617764863.
2026-07-16 00:15:28,567 - INFO - Optimal value of theta: 389.92340504485674.
2026-07-16 00:15:28,568 - INFO - Beginning optimization with guess, [2.16396109 5.71915149 0.06657451 0.12674916].
2026-07-16 00:15:53,693 - INFO - Finished optimization with guess, [2.16396109 5.71915149 0.06657451 0.12674916].
2026-07-16 00:15:53,695 - INFO - Best fit parameters: [5.65324510e-01 3.30639844e+01 4.99353575e-02 2.95072341e-02].
2026-07-16 00:15:54,902 - INFO - Maximum log composite likelihood: -752.0019421653509.
2026-07-16 00:15:54,902 - INFO - Optimal value of theta: 419.84234104518316.
2026-07-16 00:15:54,903 - INFO - Beginning optimization with guess, [6.75641128 2.10963063 0.09689147 0.18613712].
2026-07-16 00:16:26,425 - INFO - Finished optimization with guess, [6.75641128 2.10963063 0.09689147 0.18613712].
2026-07-16 00:16:26,425 - INFO - Best fit parameters: [3.53450430e+00 2.06388089e+03 1.20917685e-02 1.34931703e-02].
2026-07-16 00:16:27,656 - INFO - Maximum log composite likelihood: -806.0126187776659.
2026-07-16 00:16:27,658 - INFO - Optimal value of theta: 421.72260346315073.
2026-07-16 00:16:27,658 - INFO - Beginning optimization with guess, [6.70096718 2.16981934 0.1352414  0.19364422].
2026-07-16 00:16:52,674 - INFO - Finished optimization with guess, [6.70096718 2.16981934 0.1352414  0.19364422].
2026-07-16 00:16:52,676 - INFO - Best fit parameters: [2.87742757e+00 2.51376636e+03 6.78155147e-03 7.07924453e-03].
2026-07-16 00:16:53,912 - INFO - Maximum log composite likelihood: -979.3684044548885.
2026-07-16 00:16:53,912 - INFO - Optimal value of theta: 536.1965862780039.
2026-07-16 00:16:53,913 - INFO - Beginning optimization with guess, [5.67809306 5.71334793 0.15163714 0.06082914].
2026-07-16 00:17:18,571 - INFO - Finished optimization with guess, [5.67809306 5.71334793 0.15163714 0.06082914].
2026-07-16 00:17:18,575 - INFO - Best fit parameters: [6.29980951e-01 6.35681591e+01 3.58996706e-03 2.98022735e-02].
2026-07-16 00:17:19,814 - INFO - Maximum log composite likelihood: -805.4279964995387.
2026-07-16 00:17:19,814 - INFO - Optimal value of theta: 365.2682588504851.
2026-07-16 00:17:19,814 - INFO - Beginning optimization with guess, [6.04946881 3.85439513 0.06711078 0.11604924].
2026-07-16 00:17:46,351 - INFO - Finished optimization with guess, [6.04946881 3.85439513 0.06711078 0.11604924].
2026-07-16 00:17:46,356 - INFO - Best fit parameters: [6.27837716e+00 5.46485415e+01 1.47415306e-02 1.56945467e-02].
2026-07-16 00:17:47,666 - INFO - Maximum log composite likelihood: -784.1393116201554.
2026-07-16 00:17:47,666 - INFO - Optimal value of theta: 392.3514212684588.
2026-07-16 00:17:47,666 - INFO - Beginning optimization with guess, [2.32493394 3.38656801 0.08806038 0.05677178].
2026-07-16 00:18:13,196 - INFO - Finished optimization with guess, [2.32493394 3.38656801 0.08806038 0.05677178].
2026-07-16 00:18:13,200 - INFO - Best fit parameters: [3.89079931e-01 3.54811708e+01 6.23231857e-02 2.55524501e-02].
2026-07-16 00:18:14,380 - INFO - Maximum log composite likelihood: -747.620700363094.
2026-07-16 00:18:14,381 - INFO - Optimal value of theta: 482.0516515113766.
2026-07-16 00:18:14,381 - INFO - Beginning optimization with guess, [2.54649314 3.5136131  0.07017723 0.0875801 ].
2026-07-16 00:18:38,576 - INFO - Finished optimization with guess, [2.54649314 3.5136131  0.07017723 0.0875801 ].
2026-07-16 00:18:38,578 - INFO - Best fit parameters: [7.91069635e-01 3.79499812e+01 3.75450371e-02 2.82500844e-02].
2026-07-16 00:18:39,882 - INFO - Maximum log composite likelihood: -771.406015399685.
2026-07-16 00:18:39,883 - INFO - Optimal value of theta: 397.2691178034489.
2026-07-16 00:18:39,883 - INFO - Beginning optimization with guess, [9.73988939 3.01065967 0.05015547 0.14908288].
2026-07-16 00:19:06,477 - INFO - Finished optimization with guess, [9.73988939 3.01065967 0.05015547 0.14908288].
2026-07-16 00:19:06,478 - INFO - Best fit parameters: [8.35955389e+00 7.98524587e+01 1.61353237e-02 1.49494874e-02].
2026-07-16 00:19:07,781 - INFO - Maximum log composite likelihood: -781.0761839363216.
2026-07-16 00:19:07,781 - INFO - Optimal value of theta: 378.69014894418916.
2026-07-16 00:19:07,784 - INFO - Converting and interpreting Tau estimates.
2026-07-16 00:19:07,787 - INFO - Finished demographic inference.
2026-07-16 00:19:07,787 - INFO - Pipeline executed succesfully.
