2026-07-21 17:17:47,528 - INFO - Beginning execution of fit_demographic_model.py in directory /u/project/kirk-bigdata/jonmah/sample_size_demography/Scripts

2026-07-21 17:17:47,529 - INFO - Progress is being logged to ../Analysis/1KG_IBS_40/log.log

2026-07-21 17:17:47,529 - INFO - Parsed the following arguments:
	syn_input_sfs = ../Analysis/1KG_IBS_40/syn_downsampled_sfs.txt
	mask_singletons = False
	mask_doubletons = False
	sum_alleles = False
	L_syn = 100000000.0
	model_type = three_epoch
	input_params = []
	outprefix = ../Analysis/1KG_IBS_40/

2026-07-21 17:17:47,530 - INFO - Beginning demographic inference for three-epoch demographic model.
2026-07-21 17:17:47,532 - INFO - Beginning optimization with guess, [0.00947847 0.0091062  0.06851457 0.07846691].
2026-07-21 17:17:57,277 - INFO - Finished optimization with guess, [0.00947847 0.0091062  0.06851457 0.07846691].
2026-07-21 17:17:57,278 - INFO - Best fit parameters: [0.00392852 0.02354537 0.09206845 0.05736556].
2026-07-21 17:17:57,466 - INFO - Maximum log composite likelihood: -475.3917217070839.
2026-07-21 17:17:57,467 - INFO - Optimal value of theta: 282675.2709895091.
2026-07-21 17:17:57,467 - INFO - Beginning optimization with guess, [0.02702501 0.0203254  0.13909129 0.09847597].
2026-07-21 17:18:13,342 - INFO - Finished optimization with guess, [0.02702501 0.0203254  0.13909129 0.09847597].
2026-07-21 17:18:13,344 - INFO - Best fit parameters: [0.00605906 0.05271385 0.1919363  0.13240966].
2026-07-21 17:18:13,578 - INFO - Maximum log composite likelihood: -475.38664379827105.
2026-07-21 17:18:13,579 - INFO - Optimal value of theta: 126164.47726923409.
2026-07-21 17:18:13,579 - INFO - Beginning optimization with guess, [0.08808341 0.03648444 0.10499299 0.08785408].
2026-07-21 17:18:15,934 - INFO - Finished optimization with guess, [0.08808341 0.03648444 0.10499299 0.08785408].
2026-07-21 17:18:15,934 - INFO - Best fit parameters: [0.05865824 0.0217029  0.14776721 0.21369734].
2026-07-21 17:18:16,030 - INFO - Maximum log composite likelihood: -494.2369905586195.
2026-07-21 17:18:16,031 - INFO - Optimal value of theta: 291546.9739074315.
2026-07-21 17:18:16,031 - INFO - Beginning optimization with guess, [0.07244543 0.04231869 0.07575987 0.10630886].
2026-07-21 17:18:18,368 - INFO - Finished optimization with guess, [0.07244543 0.04231869 0.07575987 0.10630886].
2026-07-21 17:18:18,369 - INFO - Best fit parameters: [0.05067847 0.02546899 0.10362534 0.25302492].
2026-07-21 17:18:18,461 - INFO - Maximum log composite likelihood: -494.24041664360084.
2026-07-21 17:18:18,461 - INFO - Optimal value of theta: 248434.91445663443.
2026-07-21 17:18:18,461 - INFO - Beginning optimization with guess, [0.05434199 0.13785002 0.12755957 0.05698292].
2026-07-21 17:18:19,689 - INFO - Finished optimization with guess, [0.05434199 0.13785002 0.12755957 0.05698292].
2026-07-21 17:18:19,689 - INFO - Best fit parameters: [0.05005781 0.17517046 0.13057077 0.04767239].
2026-07-21 17:18:19,724 - INFO - Maximum log composite likelihood: -374.5685173201632.
2026-07-21 17:18:19,724 - INFO - Optimal value of theta: 44599.15804653152.
2026-07-21 17:18:19,724 - INFO - Beginning optimization with guess, [0.35298937 0.2215778  0.09514035 0.1410403 ].
2026-07-21 17:18:20,440 - INFO - Finished optimization with guess, [0.35298937 0.2215778  0.09514035 0.1410403 ].
2026-07-21 17:18:20,441 - INFO - Best fit parameters: [0.19740929 0.76920017 0.14012457 0.25177958].
2026-07-21 17:18:20,463 - INFO - Maximum log composite likelihood: -379.8334860051159.
2026-07-21 17:18:20,463 - INFO - Optimal value of theta: 9487.869092632836.
2026-07-21 17:18:20,463 - INFO - Beginning optimization with guess, [0.32015027 0.50898556 0.66953821 0.10197017].
2026-07-21 17:18:21,383 - INFO - Finished optimization with guess, [0.32015027 0.50898556 0.66953821 0.10197017].
2026-07-21 17:18:21,384 - INFO - Best fit parameters: [0.3548599  1.71404046 0.32525767 0.03264102].
2026-07-21 17:18:21,406 - INFO - Maximum log composite likelihood: -131.22879937506468.
2026-07-21 17:18:21,406 - INFO - Optimal value of theta: 10098.819477592939.
2026-07-21 17:18:21,406 - INFO - Beginning optimization with guess, [0.46433176 0.65126098 0.06791717 0.0699283 ].
2026-07-21 17:18:21,928 - INFO - Finished optimization with guess, [0.46433176 0.65126098 0.06791717 0.0699283 ].
2026-07-21 17:18:21,928 - INFO - Best fit parameters: [0.35264757 2.55579202 0.07882309 0.06646469].
2026-07-21 17:18:21,945 - INFO - Maximum log composite likelihood: -92.2205589975058.
2026-07-21 17:18:21,945 - INFO - Optimal value of theta: 6759.960747547759.
2026-07-21 17:18:21,946 - INFO - Beginning optimization with guess, [0.59054539 0.51542193 0.13802403 0.08340715].
2026-07-21 17:18:22,496 - INFO - Finished optimization with guess, [0.59054539 0.51542193 0.13802403 0.08340715].
2026-07-21 17:18:22,496 - INFO - Best fit parameters: [0.4086915  2.22121864 0.1490162  0.0626134 ].
2026-07-21 17:18:22,514 - INFO - Maximum log composite likelihood: -97.53825434172381.
2026-07-21 17:18:22,515 - INFO - Optimal value of theta: 7221.905542497748.
2026-07-21 17:18:22,515 - INFO - Beginning optimization with guess, [1.37429666 2.49204104 0.1864576  0.05742824].
2026-07-21 17:18:23,054 - INFO - Finished optimization with guess, [1.37429666 2.49204104 0.1864576  0.05742824].
2026-07-21 17:18:23,054 - INFO - Best fit parameters: [0.49212786 2.74315905 0.17252668 0.05373857].
2026-07-21 17:18:23,073 - INFO - Maximum log composite likelihood: -90.91427477861316.
2026-07-21 17:18:23,073 - INFO - Optimal value of theta: 6947.6267064218155.
2026-07-21 17:18:23,073 - INFO - Beginning optimization with guess, [2.89730061 2.09476025 0.13644664 0.05935305].
2026-07-21 17:18:23,568 - INFO - Finished optimization with guess, [2.89730061 2.09476025 0.13644664 0.05935305].
2026-07-21 17:18:23,568 - INFO - Best fit parameters: [0.50843806 3.61792348 0.04449341 0.04423995].
2026-07-21 17:18:23,585 - INFO - Maximum log composite likelihood: -140.34681723363542.
2026-07-21 17:18:23,585 - INFO - Optimal value of theta: 6151.342182168093.
2026-07-21 17:18:23,585 - INFO - Beginning optimization with guess, [0.94310656 1.16946221 0.05086385 0.13556074].
2026-07-21 17:18:24,185 - INFO - Finished optimization with guess, [0.94310656 1.16946221 0.05086385 0.13556074].
2026-07-21 17:18:24,185 - INFO - Best fit parameters: [0.45588806 2.08366383 0.05421015 0.06919453].
2026-07-21 17:18:24,202 - INFO - Maximum log composite likelihood: -144.14606821677557.
2026-07-21 17:18:24,202 - INFO - Optimal value of theta: 6253.454305103916.
2026-07-21 17:18:24,202 - INFO - Beginning optimization with guess, [3.56409821 1.26970954 0.08540563 0.1028313 ].
2026-07-21 17:18:24,684 - INFO - Finished optimization with guess, [3.56409821 1.26970954 0.08540563 0.1028313 ].
2026-07-21 17:18:24,684 - INFO - Best fit parameters: [0.95554637 4.26389622 0.00596086 0.02947009].
2026-07-21 17:18:24,700 - INFO - Maximum log composite likelihood: -206.83817730060105.
2026-07-21 17:18:24,700 - INFO - Optimal value of theta: 5775.945719603447.
2026-07-21 17:18:24,701 - INFO - Beginning optimization with guess, [2.21689231 3.15314064 0.06468588 0.19792118].
2026-07-21 17:18:25,273 - INFO - Finished optimization with guess, [2.21689231 3.15314064 0.06468588 0.19792118].
2026-07-21 17:18:25,273 - INFO - Best fit parameters: [0.4273674  3.63956343 0.01870041 0.04966629].
2026-07-21 17:18:25,289 - INFO - Maximum log composite likelihood: -165.50006143627957.
2026-07-21 17:18:25,289 - INFO - Optimal value of theta: 5882.872741180555.
2026-07-21 17:18:25,290 - INFO - Beginning optimization with guess, [3.01811238 2.30855956 0.18128747 0.13841535].
2026-07-21 17:18:25,887 - INFO - Finished optimization with guess, [3.01811238 2.30855956 0.18128747 0.13841535].
2026-07-21 17:18:25,887 - INFO - Best fit parameters: [0.20918295 2.91824237 0.03176647 0.07914761].
2026-07-21 17:18:25,904 - INFO - Maximum log composite likelihood: -99.95866516338742.
2026-07-21 17:18:25,904 - INFO - Optimal value of theta: 6422.570404295595.
2026-07-21 17:18:25,904 - INFO - Beginning optimization with guess, [2.4319122  2.62974751 0.10176666 0.08541245].
2026-07-21 17:18:26,404 - INFO - Finished optimization with guess, [2.4319122  2.62974751 0.10176666 0.08541245].
2026-07-21 17:18:26,404 - INFO - Best fit parameters: [0.40889141 4.12979127 0.04690579 0.04212758].
2026-07-21 17:18:26,421 - INFO - Maximum log composite likelihood: -130.09997515911914.
2026-07-21 17:18:26,421 - INFO - Optimal value of theta: 6436.246486646273.
2026-07-21 17:18:26,421 - INFO - Beginning optimization with guess, [4.59175199 2.95738577 0.17814612 0.16294198].
2026-07-21 17:18:26,917 - INFO - Finished optimization with guess, [4.59175199 2.95738577 0.17814612 0.16294198].
2026-07-21 17:18:26,918 - INFO - Best fit parameters: [1.29311474e-01 2.26035233e+00 1.64526428e-03 3.72148590e-02].
2026-07-21 17:18:26,933 - INFO - Maximum log composite likelihood: -260.3261009504465.
2026-07-21 17:18:26,933 - INFO - Optimal value of theta: 6045.771096995332.
2026-07-21 17:18:26,934 - INFO - Beginning optimization with guess, [3.46270502 2.60037449 0.14882869 0.16329712].
2026-07-21 17:18:27,434 - INFO - Finished optimization with guess, [3.46270502 2.60037449 0.14882869 0.16329712].
2026-07-21 17:18:27,434 - INFO - Best fit parameters: [0.16507739 2.75074298 0.00804609 0.05711204].
2026-07-21 17:18:27,450 - INFO - Maximum log composite likelihood: -159.85730545857655.
2026-07-21 17:18:27,450 - INFO - Optimal value of theta: 6105.806175993129.
2026-07-21 17:18:27,451 - INFO - Beginning optimization with guess, [5.71576022 3.63577167 0.14350123 0.14611953].
2026-07-21 17:18:27,941 - INFO - Finished optimization with guess, [5.71576022 3.63577167 0.14350123 0.14611953].
2026-07-21 17:18:27,941 - INFO - Best fit parameters: [2.00542331 2.26452651 0.00819328 0.05360856].
2026-07-21 17:18:27,957 - INFO - Maximum log composite likelihood: -261.127281457246.
2026-07-21 17:18:27,957 - INFO - Optimal value of theta: 5620.345285654031.
2026-07-21 17:18:27,958 - INFO - Beginning optimization with guess, [2.13248715 2.13667327 0.09258036 0.10175869].
2026-07-21 17:18:28,457 - INFO - Finished optimization with guess, [2.13248715 2.13667327 0.09258036 0.10175869].
2026-07-21 17:18:28,457 - INFO - Best fit parameters: [0.71238735 2.3744206  0.05410341 0.05131578].
2026-07-21 17:18:28,474 - INFO - Maximum log composite likelihood: -192.11113207712947.
2026-07-21 17:18:28,474 - INFO - Optimal value of theta: 5945.26371710174.
2026-07-21 17:18:28,474 - INFO - Beginning optimization with guess, [4.16509455 3.37834181 0.05119799 0.1062005 ].
2026-07-21 17:18:28,953 - INFO - Finished optimization with guess, [4.16509455 3.37834181 0.05119799 0.1062005 ].
2026-07-21 17:18:28,953 - INFO - Best fit parameters: [2.98733409 2.74936773 0.01402522 0.01813973].
2026-07-21 17:18:28,969 - INFO - Maximum log composite likelihood: -224.81626053402806.
2026-07-21 17:18:28,969 - INFO - Optimal value of theta: 5825.906760915896.
2026-07-21 17:18:28,969 - INFO - Beginning optimization with guess, [2.2689048  2.27806784 0.10442705 0.12588093].
2026-07-21 17:18:30,389 - INFO - Finished optimization with guess, [2.2689048  2.27806784 0.10442705 0.12588093].
2026-07-21 17:18:30,390 - INFO - Best fit parameters: [0.47380494 3.03303325 0.04427998 0.05171833].
2026-07-21 17:18:30,406 - INFO - Maximum log composite likelihood: -133.75470982016554.
2026-07-21 17:18:30,406 - INFO - Optimal value of theta: 6156.655308626529.
2026-07-21 17:18:30,406 - INFO - Beginning optimization with guess, [3.19832662 8.24935593 0.1018344  0.10564687].
2026-07-21 17:18:30,891 - INFO - Finished optimization with guess, [3.19832662 8.24935593 0.1018344  0.10564687].
2026-07-21 17:18:30,891 - INFO - Best fit parameters: [0.51712769 5.63225804 0.04966205 0.0331694 ].
2026-07-21 17:18:30,907 - INFO - Maximum log composite likelihood: -154.60587165934749.
2026-07-21 17:18:30,907 - INFO - Optimal value of theta: 6304.443162527091.
2026-07-21 17:18:30,908 - INFO - Beginning optimization with guess, [3.89697954 2.67078458 0.13134594 0.07765038].
2026-07-21 17:18:31,391 - INFO - Finished optimization with guess, [3.89697954 2.67078458 0.13134594 0.07765038].
2026-07-21 17:18:31,392 - INFO - Best fit parameters: [0.91786256 2.71884191 0.02875098 0.02774861].
2026-07-21 17:18:31,408 - INFO - Maximum log composite likelihood: -237.05168050309385.
2026-07-21 17:18:31,408 - INFO - Optimal value of theta: 5941.228390359547.
2026-07-21 17:18:31,408 - INFO - Beginning optimization with guess, [3.73067119 3.57613476 0.18191745 0.06640011].
2026-07-21 17:18:31,988 - INFO - Finished optimization with guess, [3.73067119 3.57613476 0.18191745 0.06640011].
2026-07-21 17:18:31,988 - INFO - Best fit parameters: [0.29285997 3.91691738 0.0480716  0.05165495].
2026-07-21 17:18:32,005 - INFO - Maximum log composite likelihood: -106.51056604732707.
2026-07-21 17:18:32,005 - INFO - Optimal value of theta: 6732.0973362971035.
2026-07-21 17:18:32,006 - INFO - Converting and interpreting Tau estimates.
2026-07-21 17:18:32,009 - INFO - Finished demographic inference.
2026-07-21 17:18:32,009 - INFO - Pipeline executed succesfully.
