2026-07-16 00:04:24,705 - INFO - Beginning execution of fit_demographic_model.py in directory /u/project/kirk-bigdata/jonmah/sample_size_demography/Scripts

2026-07-16 00:04:24,705 - INFO - Progress is being logged to ../Analysis/tennessen_ooa_640/log.log

2026-07-16 00:04:24,705 - INFO - Parsed the following arguments:
	syn_input_sfs = ../Simulations/tennessen/ooa_640_sfs/dadi/pop1.sfs
	mask_singletons = False
	mask_doubletons = False
	sum_alleles = False
	L_syn = 100000000.0
	model_type = three_epoch
	input_params = []
	outprefix = ../Analysis/tennessen_ooa_640/

2026-07-16 00:04:24,708 - INFO - Beginning demographic inference for three-epoch demographic model.
2026-07-16 00:04:24,711 - INFO - Beginning optimization with guess, [0.01953574 0.00583207 0.06306576 0.19264912].
2026-07-16 00:05:59,397 - INFO - Finished optimization with guess, [0.01953574 0.00583207 0.06306576 0.19264912].
2026-07-16 00:05:59,398 - INFO - Best fit parameters: [0.01953574 0.00579492 0.06306576 0.19276999].
2026-07-16 00:06:01,998 - INFO - Maximum log composite likelihood: -2861.70646462704.
2026-07-16 00:06:01,999 - INFO - Optimal value of theta: 135040.67639938006.
2026-07-16 00:06:01,999 - INFO - Beginning optimization with guess, [0.01323035 0.02742871 0.07716612 0.17266362].
2026-07-16 00:07:00,029 - INFO - Finished optimization with guess, [0.01323035 0.02742871 0.07716612 0.17266362].
2026-07-16 00:07:00,031 - INFO - Best fit parameters: [0.00890099 0.08599366 0.09639787 0.06846712].
2026-07-16 00:07:02,157 - INFO - Maximum log composite likelihood: -2651.9416574932907.
2026-07-16 00:07:02,157 - INFO - Optimal value of theta: 11008.44516763304.
2026-07-16 00:07:02,157 - INFO - Beginning optimization with guess, [0.09495658 0.02813283 0.07410467 0.07166588].
2026-07-16 00:07:43,960 - INFO - Finished optimization with guess, [0.09495658 0.02813283 0.07410467 0.07166588].
2026-07-16 00:07:43,961 - INFO - Best fit parameters: [0.07381564 0.01718026 0.09212462 0.16516564].
2026-07-16 00:07:46,070 - INFO - Maximum log composite likelihood: -2862.7385369007916.
2026-07-16 00:07:46,071 - INFO - Optimal value of theta: 45524.57511821497.
2026-07-16 00:07:46,071 - INFO - Beginning optimization with guess, [0.04025907 0.03945127 0.13977935 0.06363148].
2026-07-16 00:08:42,941 - INFO - Finished optimization with guess, [0.04025907 0.03945127 0.13977935 0.06363148].
2026-07-16 00:08:42,943 - INFO - Best fit parameters: [0.01379398 0.0780952  0.27218792 0.05886214].
2026-07-16 00:08:45,374 - INFO - Maximum log composite likelihood: -2649.477436741278.
2026-07-16 00:08:45,374 - INFO - Optimal value of theta: 12021.282932729802.
2026-07-16 00:08:45,374 - INFO - Beginning optimization with guess, [0.14448677 0.17792288 0.19554164 0.0669122 ].
2026-07-16 00:09:24,244 - INFO - Finished optimization with guess, [0.14448677 0.17792288 0.19554164 0.0669122 ].
2026-07-16 00:09:24,246 - INFO - Best fit parameters: [0.11457145 0.33477786 0.25328534 0.05035842].
2026-07-16 00:09:26,183 - INFO - Maximum log composite likelihood: -2430.536239474426.
2026-07-16 00:09:26,184 - INFO - Optimal value of theta: 2872.1162767471396.
2026-07-16 00:09:26,184 - INFO - Beginning optimization with guess, [0.26596562 0.13800713 0.06024271 0.1541139 ].
2026-07-16 00:11:06,539 - INFO - Finished optimization with guess, [0.26596562 0.13800713 0.06024271 0.1541139 ].
2026-07-16 00:11:06,540 - INFO - Best fit parameters: [0.17813175 0.0771549  0.08074859 1.34938091].
2026-07-16 00:11:08,900 - INFO - Maximum log composite likelihood: -2861.70663578475.
2026-07-16 00:11:08,901 - INFO - Optimal value of theta: 10142.5803351963.
2026-07-16 00:11:08,901 - INFO - Beginning optimization with guess, [0.95430103 0.28599987 0.80669826 0.11774111].
2026-07-16 00:11:47,927 - INFO - Finished optimization with guess, [0.95430103 0.28599987 0.80669826 0.11774111].
2026-07-16 00:11:47,929 - INFO - Best fit parameters: [0.27330351 1.11563288 0.98056632 0.15746898].
2026-07-16 00:11:49,914 - INFO - Maximum log composite likelihood: -2394.3716164172083.
2026-07-16 00:11:49,914 - INFO - Optimal value of theta: 1056.6060816492525.
2026-07-16 00:11:49,914 - INFO - Beginning optimization with guess, [0.85137849 1.30686968 0.09149593 0.10131517].
2026-07-16 00:12:36,648 - INFO - Finished optimization with guess, [0.85137849 1.30686968 0.09149593 0.10131517].
2026-07-16 00:12:36,650 - INFO - Best fit parameters: [2.55566802e-01 1.52744481e+02 1.20797918e-01 8.31630795e-03].
2026-07-16 00:12:38,548 - INFO - Maximum log composite likelihood: -981.1238594787466.
2026-07-16 00:12:38,548 - INFO - Optimal value of theta: 940.8640200446713.
2026-07-16 00:12:38,549 - INFO - Beginning optimization with guess, [0.54716676 0.68052073 0.1691907  0.05746028].
2026-07-16 00:13:16,647 - INFO - Finished optimization with guess, [0.54716676 0.68052073 0.1691907  0.05746028].
2026-07-16 00:13:16,648 - INFO - Best fit parameters: [2.54353827e-01 1.61858652e+01 1.66282575e-01 1.24869827e-02].
2026-07-16 00:13:18,551 - INFO - Maximum log composite likelihood: -682.6771817695275.
2026-07-16 00:13:18,551 - INFO - Optimal value of theta: 885.2391801278035.
2026-07-16 00:13:18,551 - INFO - Beginning optimization with guess, [1.7443329  2.42347891 0.06449557 0.06853006].
2026-07-16 00:13:56,009 - INFO - Finished optimization with guess, [1.7443329  2.42347891 0.06449557 0.06853006].
2026-07-16 00:13:56,010 - INFO - Best fit parameters: [3.72608569e-01 3.11905494e+01 5.88399180e-02 2.82434539e-02].
2026-07-16 00:13:57,876 - INFO - Maximum log composite likelihood: -712.8289524945883.
2026-07-16 00:13:57,876 - INFO - Optimal value of theta: 468.6795398659926.
2026-07-16 00:13:57,877 - INFO - Beginning optimization with guess, [0.90585688 0.88262414 0.10927061 0.0501772 ].
2026-07-16 00:14:35,453 - INFO - Finished optimization with guess, [0.90585688 0.88262414 0.10927061 0.0501772 ].
2026-07-16 00:14:35,455 - INFO - Best fit parameters: [3.37326235e-01 3.13181255e+01 1.03964522e-01 1.01157570e-02].
2026-07-16 00:14:37,351 - INFO - Maximum log composite likelihood: -837.180970925386.
2026-07-16 00:14:37,351 - INFO - Optimal value of theta: 800.2272177621273.
2026-07-16 00:14:37,351 - INFO - Beginning optimization with guess, [1.34841043 3.18212688 0.14728145 0.10511677].
2026-07-16 00:15:15,003 - INFO - Finished optimization with guess, [1.34841043 3.18212688 0.14728145 0.10511677].
2026-07-16 00:15:15,004 - INFO - Best fit parameters: [2.46700868e-01 2.77762729e+01 2.22667278e-01 1.79291708e-02].
2026-07-16 00:15:16,913 - INFO - Maximum log composite likelihood: -763.0671461758182.
2026-07-16 00:15:16,913 - INFO - Optimal value of theta: 736.2427059912354.
2026-07-16 00:15:16,913 - INFO - Beginning optimization with guess, [2.5325438  1.34928069 0.0769015  0.17508604].
2026-07-16 00:15:53,497 - INFO - Finished optimization with guess, [2.5325438  1.34928069 0.0769015  0.17508604].
2026-07-16 00:15:53,498 - INFO - Best fit parameters: [1.93579934e+00 2.62511387e+02 3.88138790e-02 1.30789798e-02].
2026-07-16 00:15:55,327 - INFO - Maximum log composite likelihood: -824.7001237101726.
2026-07-16 00:15:55,327 - INFO - Optimal value of theta: 425.5269261023346.
2026-07-16 00:15:55,328 - INFO - Beginning optimization with guess, [1.78613182 3.22057438 0.17682133 0.0781461 ].
2026-07-16 00:16:33,077 - INFO - Finished optimization with guess, [1.78613182 3.22057438 0.17682133 0.0781461 ].
2026-07-16 00:16:33,078 - INFO - Best fit parameters: [3.85322406e-01 1.94706352e+01 1.38661147e-01 1.64592889e-02].
2026-07-16 00:16:34,972 - INFO - Maximum log composite likelihood: -679.5462838642513.
2026-07-16 00:16:34,972 - INFO - Optimal value of theta: 664.4178402634492.
2026-07-16 00:16:34,973 - INFO - Beginning optimization with guess, [1.38931142 3.48683028 0.10847463 0.06331234].
2026-07-16 00:17:22,138 - INFO - Finished optimization with guess, [1.38931142 3.48683028 0.10847463 0.06331234].
2026-07-16 00:17:22,139 - INFO - Best fit parameters: [ 0.36764202 19.71479857  0.10932328  0.02230248].
2026-07-16 00:17:24,032 - INFO - Maximum log composite likelihood: -665.0897262594746.
2026-07-16 00:17:24,033 - INFO - Optimal value of theta: 577.083492030851.
2026-07-16 00:17:24,033 - INFO - Beginning optimization with guess, [1.88963052 4.27904415 0.10521525 0.07833456].
2026-07-16 00:18:01,149 - INFO - Finished optimization with guess, [1.88963052 4.27904415 0.10521525 0.07833456].
2026-07-16 00:18:01,151 - INFO - Best fit parameters: [ 0.39160392 24.41806004  0.09581185  0.02489711].
2026-07-16 00:18:02,934 - INFO - Maximum log composite likelihood: -676.7863294572891.
2026-07-16 00:18:02,934 - INFO - Optimal value of theta: 522.3242559266894.
2026-07-16 00:18:02,935 - INFO - Beginning optimization with guess, [3.27921859 3.75915482 0.0604901  0.09475729].
2026-07-16 00:18:40,567 - INFO - Finished optimization with guess, [3.27921859 3.75915482 0.0604901  0.09475729].
2026-07-16 00:18:40,568 - INFO - Best fit parameters: [1.62171302e+00 3.71567374e+01 2.23184465e-02 2.50318192e-02].
2026-07-16 00:18:42,457 - INFO - Maximum log composite likelihood: -768.518929573054.
2026-07-16 00:18:42,457 - INFO - Optimal value of theta: 379.1542119372697.
2026-07-16 00:18:42,458 - INFO - Beginning optimization with guess, [1.92514071 2.7569801  0.12751969 0.12089571].
2026-07-16 00:19:19,959 - INFO - Finished optimization with guess, [1.92514071 2.7569801  0.12751969 0.12089571].
2026-07-16 00:19:19,961 - INFO - Best fit parameters: [5.44808981e-01 3.64976310e+01 9.30948189e-02 2.49927997e-02].
2026-07-16 00:19:21,823 - INFO - Maximum log composite likelihood: -699.7108926689522.
2026-07-16 00:19:21,823 - INFO - Optimal value of theta: 465.554912640471.
2026-07-16 00:19:21,824 - INFO - Beginning optimization with guess, [1.94020441 2.38137067 0.1046651  0.09903602].
2026-07-16 00:19:58,670 - INFO - Finished optimization with guess, [1.94020441 2.38137067 0.1046651  0.09903602].
2026-07-16 00:19:58,672 - INFO - Best fit parameters: [4.06054917e-01 6.19350509e+01 1.04931708e-01 2.38872124e-02].
2026-07-16 00:20:00,558 - INFO - Maximum log composite likelihood: -783.1526291102163.
2026-07-16 00:20:00,558 - INFO - Optimal value of theta: 491.0266432198342.
2026-07-16 00:20:00,558 - INFO - Beginning optimization with guess, [2.60504839 6.84838759 0.05045982 0.10904249].
2026-07-16 00:20:37,653 - INFO - Finished optimization with guess, [2.60504839 6.84838759 0.05045982 0.10904249].
2026-07-16 00:20:37,655 - INFO - Best fit parameters: [4.77127401e-01 2.73833912e+01 1.51152945e-02 2.39023913e-02].
2026-07-16 00:20:39,541 - INFO - Maximum log composite likelihood: -753.8285578683239.
2026-07-16 00:20:39,541 - INFO - Optimal value of theta: 463.44187989401587.
2026-07-16 00:20:39,542 - INFO - Beginning optimization with guess, [3.93549122 7.24858725 0.08848263 0.10619954].
2026-07-16 00:21:26,041 - INFO - Finished optimization with guess, [3.93549122 7.24858725 0.08848263 0.10619954].
2026-07-16 00:21:26,043 - INFO - Best fit parameters: [8.21467258e-01 2.60641512e+01 1.47151204e-02 2.39688524e-02].
2026-07-16 00:21:27,919 - INFO - Maximum log composite likelihood: -769.8856629447583.
2026-07-16 00:21:27,919 - INFO - Optimal value of theta: 434.53463354474303.
2026-07-16 00:21:27,919 - INFO - Beginning optimization with guess, [8.26436821 4.75408779 0.05494203 0.1056163 ].
2026-07-16 00:22:05,282 - INFO - Finished optimization with guess, [8.26436821 4.75408779 0.05494203 0.1056163 ].
2026-07-16 00:22:05,284 - INFO - Best fit parameters: [9.16527373e+00 3.57577096e+01 1.39756868e-02 1.51938536e-02].
2026-07-16 00:22:07,167 - INFO - Maximum log composite likelihood: -761.9668011013462.
2026-07-16 00:22:07,167 - INFO - Optimal value of theta: 396.4123645164037.
2026-07-16 00:22:07,167 - INFO - Beginning optimization with guess, [6.61733144 3.45941241 0.06800138 0.08795516].
2026-07-16 00:22:43,922 - INFO - Finished optimization with guess, [6.61733144 3.45941241 0.06800138 0.08795516].
2026-07-16 00:22:43,924 - INFO - Best fit parameters: [5.98551345e+00 4.04123459e+01 1.35454811e-02 1.78162605e-02].
2026-07-16 00:22:45,776 - INFO - Maximum log composite likelihood: -760.4085251498897.
2026-07-16 00:22:45,777 - INFO - Optimal value of theta: 389.2992334242738.
2026-07-16 00:22:45,777 - INFO - Beginning optimization with guess, [2.85558003 5.75317938 0.09287749 0.07935119].
2026-07-16 00:23:23,347 - INFO - Finished optimization with guess, [2.85558003 5.75317938 0.09287749 0.07935119].
2026-07-16 00:23:23,348 - INFO - Best fit parameters: [2.63513380e-01 3.10943667e+01 2.00739926e-02 4.92022017e-02].
2026-07-16 00:23:25,264 - INFO - Maximum log composite likelihood: -831.5761224839064.
2026-07-16 00:23:25,264 - INFO - Optimal value of theta: 346.3294824662913.
2026-07-16 00:23:25,265 - INFO - Beginning optimization with guess, [3.66438456 4.16970033 0.17847999 0.07342605].
2026-07-16 00:24:11,932 - INFO - Finished optimization with guess, [3.66438456 4.16970033 0.17847999 0.07342605].
2026-07-16 00:24:11,934 - INFO - Best fit parameters: [5.33296987e-01 3.81138646e+01 7.62705886e-02 2.36607306e-02].
2026-07-16 00:24:13,791 - INFO - Maximum log composite likelihood: -705.8490793925596.
2026-07-16 00:24:13,791 - INFO - Optimal value of theta: 474.58687875232783.
2026-07-16 00:24:13,795 - INFO - Converting and interpreting Tau estimates.
2026-07-16 00:24:13,817 - INFO - Finished demographic inference.
2026-07-16 00:24:13,817 - INFO - Pipeline executed succesfully.
