2026-07-16 00:03:39,203 - INFO - Beginning execution of fit_demographic_model.py in directory /u/project/kirk-bigdata/jonmah/sample_size_demography/Scripts

2026-07-16 00:03:39,204 - INFO - Progress is being logged to ../Analysis/tennessen_ooa_620/log.log

2026-07-16 00:03:39,204 - INFO - Parsed the following arguments:
	syn_input_sfs = ../Simulations/tennessen/ooa_620_sfs/dadi/pop1.sfs
	mask_singletons = False
	mask_doubletons = False
	sum_alleles = False
	L_syn = 100000000.0
	model_type = three_epoch
	input_params = []
	outprefix = ../Analysis/tennessen_ooa_620/

2026-07-16 00:03:39,206 - INFO - Beginning demographic inference for three-epoch demographic model.
2026-07-16 00:03:39,208 - INFO - Beginning optimization with guess, [0.01547488 0.01849195 0.18930976 0.08008531].
2026-07-16 00:04:56,879 - INFO - Finished optimization with guess, [0.01547488 0.01849195 0.18930976 0.08008531].
2026-07-16 00:04:56,881 - INFO - Best fit parameters: [0.00810231 0.06077064 0.18978    0.04661998].
2026-07-16 00:04:59,588 - INFO - Maximum log composite likelihood: -2580.210742110778.
2026-07-16 00:04:59,588 - INFO - Optimal value of theta: 15438.164437814226.
2026-07-16 00:04:59,588 - INFO - Beginning optimization with guess, [0.01254438 0.01620877 0.07403035 0.05059675].
2026-07-16 00:11:11,966 - INFO - Finished optimization with guess, [0.01254438 0.01620877 0.07403035 0.05059675].
2026-07-16 00:11:11,969 - INFO - Best fit parameters: [0.00306068 0.03974693 0.16317297 0.04387068].
2026-07-16 00:11:15,356 - INFO - Maximum log composite likelihood: -2597.8913079506992.
2026-07-16 00:11:15,356 - INFO - Optimal value of theta: 22452.775674039352.
2026-07-16 00:11:15,357 - INFO - Beginning optimization with guess, [0.02937998 0.03062017 0.05874475 0.09623363].
2026-07-16 00:12:09,586 - INFO - Finished optimization with guess, [0.02937998 0.03062017 0.05874475 0.09623363].
2026-07-16 00:12:09,589 - INFO - Best fit parameters: [0.01829902 0.02041856 0.09031923 0.18772991].
2026-07-16 00:12:11,752 - INFO - Maximum log composite likelihood: -2783.4452502733684.
2026-07-16 00:12:11,752 - INFO - Optimal value of theta: 37974.24735740152.
2026-07-16 00:12:11,753 - INFO - Beginning optimization with guess, [0.0762154  0.13416356 0.14729275 0.18984206].
2026-07-16 00:13:03,421 - INFO - Finished optimization with guess, [0.0762154  0.13416356 0.14729275 0.18984206].
2026-07-16 00:13:03,423 - INFO - Best fit parameters: [0.03062042 0.2446616  0.2941153  0.19076554].
2026-07-16 00:13:05,560 - INFO - Maximum log composite likelihood: -2580.6284731616283.
2026-07-16 00:13:05,561 - INFO - Optimal value of theta: 3831.434420307688.
2026-07-16 00:13:05,561 - INFO - Beginning optimization with guess, [0.16488674 0.11982452 0.09846446 0.08068772].
2026-07-16 00:13:50,449 - INFO - Finished optimization with guess, [0.16488674 0.11982452 0.09846446 0.08068772].
2026-07-16 00:13:50,451 - INFO - Best fit parameters: [0.01903397 0.26740472 0.59425452 0.24886592].
2026-07-16 00:13:53,132 - INFO - Maximum log composite likelihood: -2584.601778490168.
2026-07-16 00:13:53,132 - INFO - Optimal value of theta: 3440.5701379006086.
2026-07-16 00:13:53,132 - INFO - Beginning optimization with guess, [0.16122348 0.23391348 0.19109013 0.16785197].
2026-07-16 00:15:16,449 - INFO - Finished optimization with guess, [0.16122348 0.23391348 0.19109013 0.16785197].
2026-07-16 00:15:16,454 - INFO - Best fit parameters: [1.41690390e+01 2.53076217e+01 1.58603525e-02 1.71108024e-04].
2026-07-16 00:15:18,272 - INFO - Maximum log composite likelihood: -927.5858769294737.
2026-07-16 00:15:18,272 - INFO - Optimal value of theta: 511.59843845401247.
2026-07-16 00:15:18,273 - INFO - Beginning optimization with guess, [0.36336042 0.56149074 0.70556675 0.1316236 ].
2026-07-16 00:15:56,027 - INFO - Finished optimization with guess, [0.36336042 0.56149074 0.70556675 0.1316236 ].
2026-07-16 00:15:56,030 - INFO - Best fit parameters: [0.55855725 1.52509492 0.66893549 0.03750255].
2026-07-16 00:15:57,943 - INFO - Maximum log composite likelihood: -1763.1033758312224.
2026-07-16 00:15:57,943 - INFO - Optimal value of theta: 858.2316447787152.
2026-07-16 00:15:57,944 - INFO - Beginning optimization with guess, [0.66124547 1.12779293 0.19453272 0.06266035].
2026-07-16 00:16:35,089 - INFO - Finished optimization with guess, [0.66124547 1.12779293 0.19453272 0.06266035].
2026-07-16 00:16:35,090 - INFO - Best fit parameters: [3.10083831e-01 1.48319230e+01 1.79290901e-01 1.40547458e-02].
2026-07-16 00:16:36,897 - INFO - Maximum log composite likelihood: -658.5059718547978.
2026-07-16 00:16:36,898 - INFO - Optimal value of theta: 800.4704069236657.
2026-07-16 00:16:36,898 - INFO - Beginning optimization with guess, [0.69863143 0.59317478 0.06020526 0.0599834 ].
2026-07-16 00:17:13,127 - INFO - Finished optimization with guess, [0.69863143 0.59317478 0.06020526 0.0599834 ].
2026-07-16 00:17:13,131 - INFO - Best fit parameters: [4.36890932e-01 1.24396491e+02 6.62464442e-02 7.90191719e-03].
2026-07-16 00:17:14,989 - INFO - Maximum log composite likelihood: -1055.129833961195.
2026-07-16 00:17:14,989 - INFO - Optimal value of theta: 752.9550939820276.
2026-07-16 00:17:14,989 - INFO - Beginning optimization with guess, [2.22709306 1.49546874 0.08861493 0.11282424].
2026-07-16 00:17:52,074 - INFO - Finished optimization with guess, [2.22709306 1.49546874 0.08861493 0.11282424].
2026-07-16 00:17:52,076 - INFO - Best fit parameters: [1.23142763e+00 1.44215406e+02 4.68500575e-02 1.74974424e-02].
2026-07-16 00:17:53,875 - INFO - Maximum log composite likelihood: -779.4567474610702.
2026-07-16 00:17:53,876 - INFO - Optimal value of theta: 425.1297082270105.
2026-07-16 00:17:53,876 - INFO - Beginning optimization with guess, [1.56265231 1.81257251 0.0640876  0.05418887].
2026-07-16 00:18:30,277 - INFO - Finished optimization with guess, [1.56265231 1.81257251 0.0640876  0.05418887].
2026-07-16 00:18:30,279 - INFO - Best fit parameters: [ 0.36906253 27.56800558  0.06433333  0.02881386].
2026-07-16 00:18:32,130 - INFO - Maximum log composite likelihood: -682.963427595375.
2026-07-16 00:18:32,130 - INFO - Optimal value of theta: 475.3139179284809.
2026-07-16 00:18:32,130 - INFO - Beginning optimization with guess, [3.49558386 3.07179007 0.09532041 0.06667856].
2026-07-16 00:19:09,034 - INFO - Finished optimization with guess, [3.49558386 3.07179007 0.09532041 0.06667856].
2026-07-16 00:19:09,036 - INFO - Best fit parameters: [1.01922581e+00 4.04798000e+01 2.90353432e-02 2.75453549e-02].
2026-07-16 00:19:10,871 - INFO - Maximum log composite likelihood: -736.3963367619223.
2026-07-16 00:19:10,871 - INFO - Optimal value of theta: 385.4617842520608.
2026-07-16 00:19:10,872 - INFO - Beginning optimization with guess, [2.39575983 2.36485749 0.0708159  0.1603689 ].
2026-07-16 00:19:46,626 - INFO - Finished optimization with guess, [2.39575983 2.36485749 0.0708159  0.1603689 ].
2026-07-16 00:19:46,629 - INFO - Best fit parameters: [1.14215135e+00 7.34490812e+01 3.97742652e-02 2.52225791e-02].
2026-07-16 00:19:48,409 - INFO - Maximum log composite likelihood: -749.7708571639122.
2026-07-16 00:19:48,409 - INFO - Optimal value of theta: 378.1489049935475.
2026-07-16 00:19:48,409 - INFO - Beginning optimization with guess, [2.81155373 2.63030952 0.18962821 0.18409076].
2026-07-16 00:20:24,831 - INFO - Finished optimization with guess, [2.81155373 2.63030952 0.18962821 0.18409076].
2026-07-16 00:20:24,838 - INFO - Best fit parameters: [4.24758021e-01 2.20032355e+02 5.70282676e-02 3.54923442e-02].
2026-07-16 00:20:26,745 - INFO - Maximum log composite likelihood: -1128.3212567612284.
2026-07-16 00:20:26,746 - INFO - Optimal value of theta: 354.5091954292998.
2026-07-16 00:20:26,746 - INFO - Beginning optimization with guess, [3.20044896 3.18033207 0.07017404 0.18643218].
2026-07-16 00:21:13,227 - INFO - Finished optimization with guess, [3.20044896 3.18033207 0.07017404 0.18643218].
2026-07-16 00:21:13,231 - INFO - Best fit parameters: [1.77719131e+00 2.12054159e+02 2.64264717e-02 1.89607601e-02].
2026-07-16 00:21:15,128 - INFO - Maximum log composite likelihood: -760.1223703245861.
2026-07-16 00:21:15,128 - INFO - Optimal value of theta: 389.0067634013026.
2026-07-16 00:21:15,128 - INFO - Beginning optimization with guess, [2.30080499 3.14547379 0.05618454 0.06592828].
2026-07-16 00:21:51,663 - INFO - Finished optimization with guess, [2.30080499 3.14547379 0.05618454 0.06592828].
2026-07-16 00:21:51,667 - INFO - Best fit parameters: [6.89631632e-01 3.90479684e+01 3.14595522e-02 2.87092507e-02].
2026-07-16 00:21:53,538 - INFO - Maximum log composite likelihood: -723.7974576308137.
2026-07-16 00:21:53,538 - INFO - Optimal value of theta: 402.85020394806224.
2026-07-16 00:21:53,538 - INFO - Beginning optimization with guess, [2.70116527 1.99602362 0.0680849  0.08690183].
2026-07-16 00:22:29,723 - INFO - Finished optimization with guess, [2.70116527 1.99602362 0.0680849  0.08690183].
2026-07-16 00:22:29,725 - INFO - Best fit parameters: [1.15917140e+00 5.64803373e+01 2.92231306e-02 2.60038929e-02].
2026-07-16 00:22:31,515 - INFO - Maximum log composite likelihood: -741.4170603203175.
2026-07-16 00:22:31,516 - INFO - Optimal value of theta: 378.62550081542116.
2026-07-16 00:22:31,516 - INFO - Beginning optimization with guess, [1.75595591 2.81503185 0.12063625 0.16953272].
2026-07-16 00:23:07,955 - INFO - Finished optimization with guess, [1.75595591 2.81503185 0.12063625 0.16953272].
2026-07-16 00:23:07,958 - INFO - Best fit parameters: [5.93932554e-01 4.98938079e+01 8.70765317e-02 2.89309261e-02].
2026-07-16 00:23:09,763 - INFO - Maximum log composite likelihood: -722.8859660992313.
2026-07-16 00:23:09,764 - INFO - Optimal value of theta: 414.77489833427234.
2026-07-16 00:23:09,764 - INFO - Beginning optimization with guess, [1.99157666 6.14172899 0.098865   0.10783759].
2026-07-16 00:23:45,794 - INFO - Finished optimization with guess, [1.99157666 6.14172899 0.098865   0.10783759].
2026-07-16 00:23:45,796 - INFO - Best fit parameters: [ 0.37174712 23.94587656  0.08595504  0.02426177].
2026-07-16 00:23:47,595 - INFO - Maximum log composite likelihood: -658.6856322640491.
2026-07-16 00:23:47,595 - INFO - Optimal value of theta: 533.7462007368603.
2026-07-16 00:23:47,596 - INFO - Beginning optimization with guess, [3.91336633 4.28371986 0.1364337  0.07122925].
2026-07-16 00:24:23,587 - INFO - Finished optimization with guess, [3.91336633 4.28371986 0.1364337  0.07122925].
2026-07-16 00:24:23,588 - INFO - Best fit parameters: [6.18991524e-01 4.12020638e+01 4.14007788e-02 2.93864760e-02].
2026-07-16 00:24:25,448 - INFO - Maximum log composite likelihood: -720.7860884828292.
2026-07-16 00:24:25,448 - INFO - Optimal value of theta: 406.05957641039396.
2026-07-16 00:24:25,448 - INFO - Beginning optimization with guess, [6.50978092 6.5847345  0.11370335 0.11368481].
2026-07-16 00:25:02,134 - INFO - Finished optimization with guess, [6.50978092 6.5847345  0.11370335 0.11368481].
2026-07-16 00:25:02,135 - INFO - Best fit parameters: [4.24741912e+00 3.15156816e+01 1.89204072e-02 2.00583457e-02].
2026-07-16 00:25:03,999 - INFO - Maximum log composite likelihood: -769.5209992549273.
2026-07-16 00:25:03,999 - INFO - Optimal value of theta: 378.1473862633617.
2026-07-16 00:25:04,000 - INFO - Beginning optimization with guess, [3.78178721 3.34239883 0.07508369 0.08951895].
2026-07-16 00:25:40,007 - INFO - Finished optimization with guess, [3.78178721 3.34239883 0.07508369 0.08951895].
2026-07-16 00:25:40,009 - INFO - Best fit parameters: [1.14883491e+00 4.53946693e+01 1.92503245e-02 2.29400829e-02].
2026-07-16 00:25:41,888 - INFO - Maximum log composite likelihood: -737.6325737289213.
2026-07-16 00:25:41,889 - INFO - Optimal value of theta: 406.75134522199266.
2026-07-16 00:25:41,889 - INFO - Beginning optimization with guess, [4.31602566 8.80675729 0.09208189 0.0723617 ].
2026-07-16 00:26:18,534 - INFO - Finished optimization with guess, [4.31602566 8.80675729 0.09208189 0.0723617 ].
2026-07-16 00:26:18,536 - INFO - Best fit parameters: [1.90636481e+00 2.81914567e+01 3.65292308e-02 1.91783296e-02].
2026-07-16 00:26:20,331 - INFO - Maximum log composite likelihood: -815.3109571711941.
2026-07-16 00:26:20,332 - INFO - Optimal value of theta: 404.7867424113344.
2026-07-16 00:26:20,332 - INFO - Beginning optimization with guess, [7.39198522 7.51544498 0.16505363 0.07405018].
2026-07-16 00:26:56,387 - INFO - Finished optimization with guess, [7.39198522 7.51544498 0.16505363 0.07405018].
2026-07-16 00:26:56,391 - INFO - Best fit parameters: [3.04847035e+00 4.00841661e+01 1.95228818e-02 2.09419878e-02].
2026-07-16 00:26:58,182 - INFO - Maximum log composite likelihood: -756.3039562996024.
2026-07-16 00:26:58,182 - INFO - Optimal value of theta: 376.94465545189655.
2026-07-16 00:26:58,183 - INFO - Beginning optimization with guess, [3.820212   6.6192784  0.05603967 0.10339363].
2026-07-16 00:27:44,140 - INFO - Finished optimization with guess, [3.820212   6.6192784  0.05603967 0.10339363].
2026-07-16 00:27:44,143 - INFO - Best fit parameters: [1.47033610e+00 2.53875584e+01 1.13926521e-02 2.15978474e-02].
2026-07-16 00:27:45,940 - INFO - Maximum log composite likelihood: -772.0137195395727.
2026-07-16 00:27:45,940 - INFO - Optimal value of theta: 426.56957558942423.
2026-07-16 00:27:45,945 - INFO - Converting and interpreting Tau estimates.
2026-07-16 00:27:45,948 - INFO - Finished demographic inference.
2026-07-16 00:27:45,948 - INFO - Pipeline executed succesfully.
