2026-07-16 00:01:08,375 - INFO - Beginning execution of fit_demographic_model.py in directory /u/project/kirk-bigdata/jonmah/sample_size_demography/Scripts

2026-07-16 00:01:08,376 - INFO - Progress is being logged to ../Analysis/tennessen_ooa_140/log.log

2026-07-16 00:01:08,376 - INFO - Parsed the following arguments:
	syn_input_sfs = ../Simulations/tennessen/ooa_140_sfs/dadi/pop1.sfs
	mask_singletons = False
	mask_doubletons = False
	sum_alleles = False
	L_syn = 100000000.0
	model_type = three_epoch
	input_params = []
	outprefix = ../Analysis/tennessen_ooa_140/

2026-07-16 00:01:08,378 - INFO - Beginning demographic inference for three-epoch demographic model.
2026-07-16 00:01:08,380 - INFO - Beginning optimization with guess, [0.00878668 0.00765302 0.11273824 0.16778136].
2026-07-16 00:01:11,397 - INFO - Finished optimization with guess, [0.00878668 0.00765302 0.11273824 0.16778136].
2026-07-16 00:01:11,398 - INFO - Best fit parameters: [0.00878668 0.00765302 0.11273824 0.16778136].
2026-07-16 00:01:11,999 - INFO - Maximum log composite likelihood: -559.0026120915256.
2026-07-16 00:01:11,999 - INFO - Optimal value of theta: 67626.22100935565.
2026-07-16 00:01:12,000 - INFO - Beginning optimization with guess, [0.03978262 0.01540448 0.17089464 0.13041802].
2026-07-16 00:01:17,012 - INFO - Finished optimization with guess, [0.03978262 0.01540448 0.17089464 0.13041802].
2026-07-16 00:01:17,013 - INFO - Best fit parameters: [0.03178757 0.0082826  0.19502848 0.2732726 ].
2026-07-16 00:01:17,664 - INFO - Maximum log composite likelihood: -559.0026120910438.
2026-07-16 00:01:17,664 - INFO - Optimal value of theta: 62485.757009682275.
2026-07-16 00:01:17,664 - INFO - Beginning optimization with guess, [0.08516032 0.073524   0.0505466  0.06608494].
2026-07-16 00:01:22,781 - INFO - Finished optimization with guess, [0.08516032 0.073524   0.0505466  0.06608494].
2026-07-16 00:01:22,781 - INFO - Best fit parameters: [0.03104537 0.08507322 0.12409561 0.17829137].
2026-07-16 00:01:23,059 - INFO - Maximum log composite likelihood: -559.3297184412833.
2026-07-16 00:01:23,059 - INFO - Optimal value of theta: 6259.361666244577.
2026-07-16 00:01:23,059 - INFO - Beginning optimization with guess, [0.14638673 0.10896248 0.15984344 0.16092263].
2026-07-16 00:01:28,426 - INFO - Finished optimization with guess, [0.14638673 0.10896248 0.15984344 0.16092263].
2026-07-16 00:01:28,426 - INFO - Best fit parameters: [0.07894921 0.10320809 0.25501001 0.32117823].
2026-07-16 00:01:28,706 - INFO - Maximum log composite likelihood: -559.1040449162881.
2026-07-16 00:01:28,707 - INFO - Optimal value of theta: 5000.134476196598.
2026-07-16 00:01:28,707 - INFO - Beginning optimization with guess, [0.063127   0.11014438 0.07355072 0.11518725].
2026-07-16 00:01:33,898 - INFO - Finished optimization with guess, [0.063127   0.11014438 0.07355072 0.11518725].
2026-07-16 00:01:33,899 - INFO - Best fit parameters: [0.03643883 0.1101257  0.12238407 0.20313156].
2026-07-16 00:01:34,165 - INFO - Maximum log composite likelihood: -559.4999434491059.
2026-07-16 00:01:34,166 - INFO - Optimal value of theta: 4849.261368518537.
2026-07-16 00:01:34,166 - INFO - Beginning optimization with guess, [0.19738478 0.21670328 0.05003018 0.1140811 ].
2026-07-16 00:01:38,546 - INFO - Finished optimization with guess, [0.19738478 0.21670328 0.05003018 0.1140811 ].
2026-07-16 00:01:38,547 - INFO - Best fit parameters: [0.11771425 0.72416493 0.07519117 0.18540319].
2026-07-16 00:01:38,767 - INFO - Maximum log composite likelihood: -515.523310394497.
2026-07-16 00:01:38,767 - INFO - Optimal value of theta: 809.3769193623926.
2026-07-16 00:01:38,768 - INFO - Beginning optimization with guess, [0.81634929 0.31457421 0.83349787 0.16107367].
2026-07-16 00:01:43,420 - INFO - Finished optimization with guess, [0.81634929 0.31457421 0.83349787 0.16107367].
2026-07-16 00:01:43,421 - INFO - Best fit parameters: [0.44954626 0.58926691 0.86269338 0.21805645].
2026-07-16 00:01:43,657 - INFO - Maximum log composite likelihood: -552.8204351311667.
2026-07-16 00:01:43,657 - INFO - Optimal value of theta: 916.9126069192358.
2026-07-16 00:01:43,658 - INFO - Beginning optimization with guess, [0.39987744 0.67688986 0.05982517 0.08624074].
2026-07-16 00:01:48,946 - INFO - Finished optimization with guess, [0.39987744 0.67688986 0.05982517 0.08624074].
2026-07-16 00:01:48,947 - INFO - Best fit parameters: [0.1935755  7.52055562 0.07219396 0.02815942].
2026-07-16 00:01:49,161 - INFO - Maximum log composite likelihood: -204.96846287064193.
2026-07-16 00:01:49,161 - INFO - Optimal value of theta: 652.4438856696673.
2026-07-16 00:01:49,162 - INFO - Beginning optimization with guess, [1.33190228 1.66354187 0.06151703 0.05568313].
2026-07-16 00:01:54,469 - INFO - Finished optimization with guess, [1.33190228 1.66354187 0.06151703 0.05568313].
2026-07-16 00:01:54,470 - INFO - Best fit parameters: [7.41082868e-02 4.48901844e+01 5.00371591e-02 1.19754968e-02].
2026-07-16 00:01:54,685 - INFO - Maximum log composite likelihood: -316.9440082904036.
2026-07-16 00:01:54,685 - INFO - Optimal value of theta: 1079.4280507629746.
2026-07-16 00:01:54,686 - INFO - Beginning optimization with guess, [1.61300473 2.39161572 0.14150761 0.06957057].
2026-07-16 02:48:58,201 - INFO - Finished optimization with guess, [1.61300473 2.39161572 0.14150761 0.06957057].
2026-07-16 02:48:58,202 - INFO - Best fit parameters: [0.34973453 4.58834242 0.10635721 0.03898955].
2026-07-16 02:48:58,415 - INFO - Maximum log composite likelihood: -236.04601300574578.
2026-07-16 02:48:58,415 - INFO - Optimal value of theta: 537.0090383755096.
2026-07-16 02:48:58,415 - INFO - Beginning optimization with guess, [1.0285421  1.3318921  0.13721343 0.05977615].
2026-07-16 02:49:02,741 - INFO - Finished optimization with guess, [1.0285421  1.3318921  0.13721343 0.05977615].
2026-07-16 02:49:02,742 - INFO - Best fit parameters: [0.24567261 5.3104394  0.14222919 0.03417851].
2026-07-16 02:49:02,956 - INFO - Maximum log composite likelihood: -227.7929478363294.
2026-07-16 02:49:02,956 - INFO - Optimal value of theta: 649.1402624859005.
2026-07-16 02:49:02,956 - INFO - Beginning optimization with guess, [0.99764126 2.24509924 0.06212624 0.08151387].
2026-07-16 02:49:12,345 - INFO - Finished optimization with guess, [0.99764126 2.24509924 0.06212624 0.08151387].
2026-07-16 02:49:12,346 - INFO - Best fit parameters: [0.36463536 4.69363522 0.06579525 0.03696214].
2026-07-16 02:49:12,557 - INFO - Maximum log composite likelihood: -248.12138531691386.
2026-07-16 02:49:12,557 - INFO - Optimal value of theta: 509.69875751024.
2026-07-16 02:49:12,558 - INFO - Beginning optimization with guess, [1.62143107 1.0736748  0.08312104 0.14920122].
2026-07-16 02:49:16,742 - INFO - Finished optimization with guess, [1.62143107 1.0736748  0.08312104 0.14920122].
2026-07-16 02:49:16,742 - INFO - Best fit parameters: [0.44397713 2.98783153 0.05965889 0.03963464].
2026-07-16 02:49:16,951 - INFO - Maximum log composite likelihood: -299.07184187542305.
2026-07-16 02:49:16,952 - INFO - Optimal value of theta: 495.8630093634845.
2026-07-16 02:49:16,952 - INFO - Beginning optimization with guess, [2.14537324 2.38626144 0.1556499  0.07542251].
2026-07-16 02:50:41,290 - INFO - Finished optimization with guess, [2.14537324 2.38626144 0.1556499  0.07542251].
2026-07-16 02:50:41,291 - INFO - Best fit parameters: [0.49041409 3.80895349 0.07880143 0.04651388].
2026-07-16 02:50:41,502 - INFO - Maximum log composite likelihood: -287.95204241895874.
2026-07-16 02:50:41,502 - INFO - Optimal value of theta: 464.4424225332094.
2026-07-16 02:50:41,502 - INFO - Beginning optimization with guess, [4.55218703 1.76036591 0.06010658 0.1322675 ].
2026-07-16 02:50:45,655 - INFO - Finished optimization with guess, [4.55218703 1.76036591 0.06010658 0.1322675 ].
2026-07-16 02:50:45,655 - INFO - Best fit parameters: [8.39427768e-01 1.19780891e+01 4.14555145e-04 3.49101432e-02].
2026-07-16 02:50:45,862 - INFO - Maximum log composite likelihood: -340.56581772403445.
2026-07-16 02:50:45,863 - INFO - Optimal value of theta: 384.9057694490516.
2026-07-16 02:50:45,863 - INFO - Beginning optimization with guess, [1.7467423  5.33991504 0.05466776 0.05960625].
2026-07-16 02:50:51,142 - INFO - Finished optimization with guess, [1.7467423  5.33991504 0.05466776 0.05960625].
2026-07-16 02:50:51,143 - INFO - Best fit parameters: [ 0.19228041 11.4254869   0.03152172  0.02459896].
2026-07-16 02:50:51,352 - INFO - Maximum log composite likelihood: -234.22613337002124.
2026-07-16 02:50:51,353 - INFO - Optimal value of theta: 576.9950126237661.
2026-07-16 02:50:51,353 - INFO - Beginning optimization with guess, [2.89412264 1.93926346 0.07264721 0.15398439].
2026-07-16 02:50:56,550 - INFO - Finished optimization with guess, [2.89412264 1.93926346 0.07264721 0.15398439].
2026-07-16 02:50:56,550 - INFO - Best fit parameters: [0.70468585 2.01046253 0.01319914 0.02891517].
2026-07-16 02:50:56,757 - INFO - Maximum log composite likelihood: -429.877994842885.
2026-07-16 02:50:56,758 - INFO - Optimal value of theta: 472.5958228050974.
2026-07-16 02:50:56,758 - INFO - Beginning optimization with guess, [3.96166173 5.83483543 0.092178   0.09493626].
2026-07-16 02:51:00,909 - INFO - Finished optimization with guess, [3.96166173 5.83483543 0.092178   0.09493626].
2026-07-16 02:51:00,910 - INFO - Best fit parameters: [1.60280163 7.89173187 0.01835314 0.01908544].
2026-07-16 02:51:01,119 - INFO - Maximum log composite likelihood: -352.4198704421429.
2026-07-16 02:51:01,119 - INFO - Optimal value of theta: 417.64031587507503.
2026-07-16 02:51:01,119 - INFO - Beginning optimization with guess, [2.59057593 1.86311776 0.18945061 0.11449025].
2026-07-16 02:51:05,345 - INFO - Finished optimization with guess, [2.59057593 1.86311776 0.18945061 0.11449025].
2026-07-16 02:51:05,346 - INFO - Best fit parameters: [0.15684011 2.73413978 0.04277576 0.0776345 ].
2026-07-16 02:51:05,559 - INFO - Maximum log composite likelihood: -298.9228994314566.
2026-07-16 02:51:05,559 - INFO - Optimal value of theta: 507.6595380787978.
2026-07-16 02:51:05,560 - INFO - Beginning optimization with guess, [3.84897136 2.90141108 0.13996711 0.17830608].
2026-07-16 02:51:09,729 - INFO - Finished optimization with guess, [3.84897136 2.90141108 0.13996711 0.17830608].
2026-07-16 02:51:09,730 - INFO - Best fit parameters: [2.77057993e-02 1.02810430e+01 4.91767222e-04 3.22419089e-02].
2026-07-16 02:51:09,938 - INFO - Maximum log composite likelihood: -321.7599074952309.
2026-07-16 02:51:09,938 - INFO - Optimal value of theta: 435.04773052087086.
2026-07-16 02:51:09,938 - INFO - Beginning optimization with guess, [2.36070172 4.39889874 0.0947361  0.08824248].
2026-07-16 02:51:14,112 - INFO - Finished optimization with guess, [2.36070172 4.39889874 0.0947361  0.08824248].
2026-07-16 02:51:14,113 - INFO - Best fit parameters: [0.25569368 7.17784094 0.04073392 0.02473601].
2026-07-16 02:51:14,324 - INFO - Maximum log composite likelihood: -247.88084504422207.
2026-07-16 02:51:14,325 - INFO - Optimal value of theta: 568.9262098399221.
2026-07-16 02:51:14,325 - INFO - Beginning optimization with guess, [5.51735745 7.03305531 0.05448962 0.12780443].
2026-07-16 02:51:18,477 - INFO - Finished optimization with guess, [5.51735745 7.03305531 0.05448962 0.12780443].
2026-07-16 02:51:18,477 - INFO - Best fit parameters: [4.11186032 6.49248292 0.01591319 0.01676418].
2026-07-16 02:51:18,684 - INFO - Maximum log composite likelihood: -351.0887638077643.
2026-07-16 02:51:18,685 - INFO - Optimal value of theta: 408.96009579065765.
2026-07-16 02:51:18,685 - INFO - Beginning optimization with guess, [4.52513993 4.37069893 0.08680598 0.15579659].
2026-07-16 02:51:22,841 - INFO - Finished optimization with guess, [4.52513993 4.37069893 0.08680598 0.15579659].
2026-07-16 02:51:22,842 - INFO - Best fit parameters: [1.77116997 5.20875861 0.01084715 0.00730761].
2026-07-16 02:51:23,051 - INFO - Maximum log composite likelihood: -402.67696478013085.
2026-07-16 02:51:23,052 - INFO - Optimal value of theta: 465.21426009187775.
2026-07-16 02:51:23,052 - INFO - Beginning optimization with guess, [3.03659032 3.83596254 0.09080609 0.0691844 ].
2026-07-16 02:51:27,210 - INFO - Finished optimization with guess, [3.03659032 3.83596254 0.09080609 0.0691844 ].
2026-07-16 02:51:27,211 - INFO - Best fit parameters: [ 0.68731816 10.56339509  0.01896984  0.02648489].
2026-07-16 02:51:27,418 - INFO - Maximum log composite likelihood: -327.35256390572965.
2026-07-16 02:51:27,419 - INFO - Optimal value of theta: 427.87305691775504.
2026-07-16 02:51:27,419 - INFO - Beginning optimization with guess, [9.35355416 5.94322007 0.10674716 0.08112918].
2026-07-16 02:51:31,574 - INFO - Finished optimization with guess, [9.35355416 5.94322007 0.10674716 0.08112918].
2026-07-16 02:51:31,575 - INFO - Best fit parameters: [7.28814486 6.66818374 0.01343885 0.01380257].
2026-07-16 02:51:31,784 - INFO - Maximum log composite likelihood: -343.64980829175624.
2026-07-16 02:51:31,785 - INFO - Optimal value of theta: 414.06154071032415.
2026-07-16 02:51:31,787 - INFO - Converting and interpreting Tau estimates.
2026-07-16 02:51:31,791 - INFO - Finished demographic inference.
2026-07-16 02:51:31,791 - INFO - Pipeline executed succesfully.
