2026-07-16 00:01:08,342 - INFO - Beginning execution of fit_demographic_model.py in directory /u/project/kirk-bigdata/jonmah/sample_size_demography/Scripts

2026-07-16 00:01:08,343 - INFO - Progress is being logged to ../Analysis/tennessen_ooa_110/log.log

2026-07-16 00:01:08,343 - INFO - Parsed the following arguments:
	syn_input_sfs = ../Simulations/tennessen/ooa_110_sfs/dadi/pop1.sfs
	mask_singletons = False
	mask_doubletons = False
	sum_alleles = False
	L_syn = 100000000.0
	model_type = three_epoch
	input_params = []
	outprefix = ../Analysis/tennessen_ooa_110/

2026-07-16 00:01:08,347 - INFO - Beginning demographic inference for three-epoch demographic model.
2026-07-16 00:01:08,351 - INFO - Beginning optimization with guess, [0.00853085 0.01158345 0.12303596 0.10089562].
2026-07-16 00:01:10,688 - INFO - Finished optimization with guess, [0.00853085 0.01158345 0.12303596 0.10089562].
2026-07-16 00:01:10,689 - INFO - Best fit parameters: [0.0103202  0.00528159 0.12301416 0.18183975].
2026-07-16 00:01:10,977 - INFO - Maximum log composite likelihood: -429.61137837217166.
2026-07-16 00:01:10,978 - INFO - Optimal value of theta: 94746.34306344186.
2026-07-16 00:01:10,978 - INFO - Beginning optimization with guess, [0.03270002 0.02136893 0.08183278 0.07112491].
2026-07-16 00:01:18,956 - INFO - Finished optimization with guess, [0.03270002 0.02136893 0.08183278 0.07112491].
2026-07-16 00:01:18,957 - INFO - Best fit parameters: [0.02749843 0.0236807  0.11106456 0.06573725].
2026-07-16 00:01:19,057 - INFO - Maximum log composite likelihood: -428.29097519598577.
2026-07-16 00:01:19,057 - INFO - Optimal value of theta: 20493.015486535813.
2026-07-16 00:01:19,057 - INFO - Beginning optimization with guess, [0.03209396 0.02725673 0.12431178 0.07834877].
2026-07-16 00:01:20,827 - INFO - Finished optimization with guess, [0.03209396 0.02725673 0.12431178 0.07834877].
2026-07-16 00:01:20,828 - INFO - Best fit parameters: [0.0327914  0.02737962 0.1222825  0.07715952].
2026-07-16 00:01:20,919 - INFO - Maximum log composite likelihood: -428.2815244652092.
2026-07-16 00:01:20,919 - INFO - Optimal value of theta: 17653.50340413726.
2026-07-16 00:01:20,919 - INFO - Beginning optimization with guess, [0.05413256 0.0480461  0.0821365  0.17975872].
2026-07-16 00:01:22,901 - INFO - Finished optimization with guess, [0.05413256 0.0480461  0.0821365  0.17975872].
2026-07-16 00:01:22,901 - INFO - Best fit parameters: [0.05213939 0.04540935 0.08488569 0.19536616].
2026-07-16 00:01:22,986 - INFO - Maximum log composite likelihood: -428.28399418309004.
2026-07-16 00:01:22,986 - INFO - Optimal value of theta: 10673.232547013358.
2026-07-16 00:01:22,987 - INFO - Beginning optimization with guess, [0.07199885 0.10421979 0.14501806 0.16338406].
2026-07-16 00:01:24,681 - INFO - Finished optimization with guess, [0.07199885 0.10421979 0.14501806 0.16338406].
2026-07-16 00:01:24,682 - INFO - Best fit parameters: [0.06203323 0.10547931 0.16363584 0.1778571 ].
2026-07-16 00:01:24,758 - INFO - Maximum log composite likelihood: -428.3994551921191.
2026-07-16 00:01:24,759 - INFO - Optimal value of theta: 4634.756593231864.
2026-07-16 00:01:24,759 - INFO - Beginning optimization with guess, [0.26323594 0.16118892 0.12399729 0.05273759].
2026-07-16 00:01:26,140 - INFO - Finished optimization with guess, [0.26323594 0.16118892 0.12399729 0.05273759].
2026-07-16 00:01:26,140 - INFO - Best fit parameters: [0.15211598 0.40282599 0.18141808 0.06588574].
2026-07-16 00:01:26,206 - INFO - Maximum log composite likelihood: -380.891057050274.
2026-07-16 00:01:26,206 - INFO - Optimal value of theta: 1300.56109044929.
2026-07-16 00:01:26,206 - INFO - Beginning optimization with guess, [0.44481997 0.3012262  0.88111744 0.08437044].
2026-07-16 00:01:28,056 - INFO - Finished optimization with guess, [0.44481997 0.3012262  0.88111744 0.08437044].
2026-07-16 00:01:28,056 - INFO - Best fit parameters: [0.32085647 0.45000879 0.8637642  0.08127178].
2026-07-16 00:01:28,126 - INFO - Maximum log composite likelihood: -418.0112665678596.
2026-07-16 00:01:28,126 - INFO - Optimal value of theta: 1246.351534954252.
2026-07-16 00:01:28,126 - INFO - Beginning optimization with guess, [0.39423429 1.01785242 0.05871161 0.12135842].
2026-07-16 00:01:29,349 - INFO - Finished optimization with guess, [0.39423429 1.01785242 0.05871161 0.12135842].
2026-07-16 00:01:29,349 - INFO - Best fit parameters: [0.14453641 6.62595523 0.08761368 0.03819792].
2026-07-16 00:01:29,409 - INFO - Maximum log composite likelihood: -214.60560325453204.
2026-07-16 00:01:29,409 - INFO - Optimal value of theta: 685.8993196640104.
2026-07-16 00:01:29,409 - INFO - Beginning optimization with guess, [1.41722833 1.61101405 0.12764598 0.14632241].
2026-07-16 00:01:30,738 - INFO - Finished optimization with guess, [1.41722833 1.61101405 0.12764598 0.14632241].
2026-07-16 00:01:30,738 - INFO - Best fit parameters: [0.35160505 1.05509178 0.09872398 0.07684861].
2026-07-16 00:01:30,796 - INFO - Maximum log composite likelihood: -333.1991907872766.
2026-07-16 00:01:30,796 - INFO - Optimal value of theta: 598.3421938336639.
2026-07-16 00:01:30,797 - INFO - Beginning optimization with guess, [1.82081211 2.42472466 0.16105227 0.06787991].
2026-07-16 00:01:36,878 - INFO - Finished optimization with guess, [1.82081211 2.42472466 0.16105227 0.06787991].
2026-07-16 00:01:36,879 - INFO - Best fit parameters: [0.51572592 2.75180928 0.11206254 0.04664061].
2026-07-16 00:01:36,948 - INFO - Maximum log composite likelihood: -250.05305103506774.
2026-07-16 00:01:36,949 - INFO - Optimal value of theta: 488.1005047377425.
2026-07-16 00:01:36,949 - INFO - Beginning optimization with guess, [1.16066097 1.26631317 0.05005901 0.05227932].
2026-07-16 00:01:38,383 - INFO - Finished optimization with guess, [1.16066097 1.26631317 0.05005901 0.05227932].
2026-07-16 00:01:38,384 - INFO - Best fit parameters: [1.38938365e-01 2.35524284e+01 4.94152884e-02 1.97018956e-02].
2026-07-16 00:01:38,445 - INFO - Maximum log composite likelihood: -197.9491951543053.
2026-07-16 00:01:38,445 - INFO - Optimal value of theta: 722.3122922877764.
2026-07-16 00:01:38,445 - INFO - Beginning optimization with guess, [1.18711825 3.37247541 0.08912894 0.05194277].
2026-07-16 00:01:39,882 - INFO - Finished optimization with guess, [1.18711825 3.37247541 0.08912894 0.05194277].
2026-07-16 00:01:39,882 - INFO - Best fit parameters: [0.42043337 4.08381251 0.08182697 0.03276579].
2026-07-16 00:01:39,939 - INFO - Maximum log composite likelihood: -217.44249530892466.
2026-07-16 00:01:39,939 - INFO - Optimal value of theta: 519.6891118881881.
2026-07-16 00:01:39,939 - INFO - Beginning optimization with guess, [2.23321442 2.07686901 0.1405049  0.14296684].
2026-07-16 00:01:41,082 - INFO - Finished optimization with guess, [2.23321442 2.07686901 0.1405049  0.14296684].
2026-07-16 00:01:41,083 - INFO - Best fit parameters: [0.0632608  2.053462   0.04124473 0.05593888].
2026-07-16 00:01:41,151 - INFO - Maximum log composite likelihood: -239.33032624469993.
2026-07-16 00:01:41,151 - INFO - Optimal value of theta: 747.2099981647597.
2026-07-16 00:01:41,151 - INFO - Beginning optimization with guess, [2.9875318  1.21009836 0.06758454 0.05992879].
2026-07-16 00:01:42,314 - INFO - Finished optimization with guess, [2.9875318  1.21009836 0.06758454 0.05992879].
2026-07-16 00:01:42,315 - INFO - Best fit parameters: [9.07973001e-01 1.21180112e+01 1.08271248e-02 2.20060226e-02].
2026-07-16 00:01:42,376 - INFO - Maximum log composite likelihood: -291.7330550599487.
2026-07-16 00:01:42,377 - INFO - Optimal value of theta: 422.2538568911887.
2026-07-16 00:01:42,377 - INFO - Beginning optimization with guess, [2.16869992 2.27738177 0.14844034 0.16826627].
2026-07-16 00:01:43,524 - INFO - Finished optimization with guess, [2.16869992 2.27738177 0.14844034 0.16826627].
2026-07-16 00:01:43,525 - INFO - Best fit parameters: [0.21447651 2.17172926 0.07305763 0.10677412].
2026-07-16 00:01:43,584 - INFO - Maximum log composite likelihood: -314.25315401700027.
2026-07-16 00:01:43,584 - INFO - Optimal value of theta: 496.2443275588087.
2026-07-16 00:01:43,584 - INFO - Beginning optimization with guess, [3.5064045  3.90950256 0.19364979 0.1093394 ].
2026-07-16 00:01:45,083 - INFO - Finished optimization with guess, [3.5064045  3.90950256 0.19364979 0.1093394 ].
2026-07-16 00:01:45,083 - INFO - Best fit parameters: [0.09592862 2.87919363 0.04666668 0.02452109].
2026-07-16 00:01:45,140 - INFO - Maximum log composite likelihood: -176.01968857828024.
2026-07-16 00:01:45,141 - INFO - Optimal value of theta: 825.4478968628918.
2026-07-16 00:01:45,141 - INFO - Beginning optimization with guess, [1.53324744 1.79922647 0.05603581 0.06989779].
2026-07-16 00:01:46,296 - INFO - Finished optimization with guess, [1.53324744 1.79922647 0.05603581 0.06989779].
2026-07-16 00:01:46,296 - INFO - Best fit parameters: [0.36499547 6.55515768 0.02961075 0.02404014].
2026-07-16 00:01:46,354 - INFO - Maximum log composite likelihood: -256.2014936721838.
2026-07-16 00:01:46,354 - INFO - Optimal value of theta: 503.7836884901981.
2026-07-16 00:01:46,354 - INFO - Beginning optimization with guess, [2.1500071  5.09813731 0.05046734 0.16218074].
2026-07-16 00:01:47,489 - INFO - Finished optimization with guess, [2.1500071  5.09813731 0.05046734 0.16218074].
2026-07-16 00:01:47,490 - INFO - Best fit parameters: [0.71787549 3.9918511  0.02870695 0.0208179 ].
2026-07-16 00:01:47,553 - INFO - Maximum log composite likelihood: -311.1928941492366.
2026-07-16 00:01:47,553 - INFO - Optimal value of theta: 462.4037067619899.
2026-07-16 00:01:47,553 - INFO - Beginning optimization with guess, [4.8337341  3.07772001 0.17569532 0.09206508].
2026-07-16 00:01:48,698 - INFO - Finished optimization with guess, [4.8337341  3.07772001 0.17569532 0.09206508].
2026-07-16 00:01:48,700 - INFO - Best fit parameters: [0.41978892 5.29918262 0.00632394 0.01230564].
2026-07-16 00:01:48,761 - INFO - Maximum log composite likelihood: -351.56807368770274.
2026-07-16 00:01:48,761 - INFO - Optimal value of theta: 483.7004279017666.
2026-07-16 00:01:48,761 - INFO - Beginning optimization with guess, [2.97284814 5.58617467 0.08102327 0.05395381].
2026-07-16 00:01:49,888 - INFO - Finished optimization with guess, [2.97284814 5.58617467 0.08102327 0.05395381].
2026-07-16 00:01:49,888 - INFO - Best fit parameters: [0.74420914 9.03426102 0.02254467 0.02119258].
2026-07-16 00:01:49,944 - INFO - Maximum log composite likelihood: -291.9491476617145.
2026-07-16 00:01:49,945 - INFO - Optimal value of theta: 441.7320929237342.
2026-07-16 00:01:49,945 - INFO - Beginning optimization with guess, [4.85309801 4.53138151 0.15384407 0.05851134].
2026-07-16 00:01:51,061 - INFO - Finished optimization with guess, [4.85309801 4.53138151 0.15384407 0.05851134].
2026-07-16 00:01:51,061 - INFO - Best fit parameters: [1.52894607 5.72049288 0.02098528 0.01982664].
2026-07-16 00:01:51,117 - INFO - Maximum log composite likelihood: -310.5497398833372.
2026-07-16 00:01:51,117 - INFO - Optimal value of theta: 418.88158649135386.
2026-07-16 00:01:51,117 - INFO - Beginning optimization with guess, [3.73052125 3.96688835 0.07963047 0.11522389].
2026-07-16 00:01:52,254 - INFO - Finished optimization with guess, [3.73052125 3.96688835 0.07963047 0.11522389].
2026-07-16 00:01:52,255 - INFO - Best fit parameters: [1.52660846 4.70227048 0.01593723 0.01379864].
2026-07-16 00:01:52,317 - INFO - Maximum log composite likelihood: -319.31214913087405.
2026-07-16 00:01:52,318 - INFO - Optimal value of theta: 439.6765607171802.
2026-07-16 00:01:52,318 - INFO - Beginning optimization with guess, [5.27499068 4.53375746 0.16321776 0.12265019].
2026-07-16 00:01:53,483 - INFO - Finished optimization with guess, [5.27499068 4.53375746 0.16321776 0.12265019].
2026-07-16 00:01:53,484 - INFO - Best fit parameters: [1.17023579 3.31258043 0.01406317 0.01945209].
2026-07-16 00:01:53,542 - INFO - Maximum log composite likelihood: -325.39941279446754.
2026-07-16 00:01:53,542 - INFO - Optimal value of theta: 443.13880133139486.
2026-07-16 00:01:53,543 - INFO - Beginning optimization with guess, [2.49011675 3.18690565 0.07997817 0.13240642].
2026-07-16 00:01:54,985 - INFO - Finished optimization with guess, [2.49011675 3.18690565 0.07997817 0.13240642].
2026-07-16 00:01:54,985 - INFO - Best fit parameters: [0.61104768 2.80819946 0.03315644 0.02299542].
2026-07-16 00:01:55,041 - INFO - Maximum log composite likelihood: -315.97577181900675.
2026-07-16 00:01:55,041 - INFO - Optimal value of theta: 482.3119227413673.
2026-07-16 00:01:55,041 - INFO - Beginning optimization with guess, [5.26435412 5.79884487 0.14857244 0.10032496].
2026-07-16 00:01:56,146 - INFO - Finished optimization with guess, [5.26435412 5.79884487 0.14857244 0.10032496].
2026-07-16 00:01:56,146 - INFO - Best fit parameters: [1.91918631 4.95320523 0.0174234  0.01803242].
2026-07-16 00:01:56,201 - INFO - Maximum log composite likelihood: -312.39369603788464.
2026-07-16 00:01:56,201 - INFO - Optimal value of theta: 421.5645308341062.
2026-07-16 00:01:56,202 - INFO - Converting and interpreting Tau estimates.
2026-07-16 00:01:56,206 - INFO - Finished demographic inference.
2026-07-16 00:01:56,206 - INFO - Pipeline executed succesfully.
