2026-07-21 17:17:45,466 - INFO - Beginning execution of fit_demographic_model.py in directory /u/project/kirk-bigdata/jonmah/sample_size_demography/Scripts

2026-07-21 17:17:45,466 - INFO - Progress is being logged to ../Analysis/1KG_IBS_100/log.log

2026-07-21 17:17:45,466 - INFO - Parsed the following arguments:
	syn_input_sfs = ../Analysis/1KG_IBS_100/syn_downsampled_sfs.txt
	mask_singletons = False
	mask_doubletons = False
	sum_alleles = False
	L_syn = 100000000.0
	model_type = three_epoch
	input_params = []
	outprefix = ../Analysis/1KG_IBS_100/

2026-07-21 17:17:45,470 - INFO - Beginning demographic inference for three-epoch demographic model.
2026-07-21 17:17:45,475 - INFO - Beginning optimization with guess, [0.00543602 0.00577246 0.08463041 0.09275342].
2026-07-21 17:18:11,647 - INFO - Finished optimization with guess, [0.00543602 0.00577246 0.08463041 0.09275342].
2026-07-21 17:18:11,648 - INFO - Best fit parameters: [0.00240297 0.02960846 0.0846649  0.04155132].
2026-07-21 17:18:12,115 - INFO - Maximum log composite likelihood: -2084.460923618171.
2026-07-21 17:18:12,115 - INFO - Optimal value of theta: 269686.87163831305.
2026-07-21 17:18:12,115 - INFO - Beginning optimization with guess, [0.04219652 0.02174536 0.15033762 0.14140854].
2026-07-21 17:18:15,140 - INFO - Finished optimization with guess, [0.04219652 0.02174536 0.15033762 0.14140854].
2026-07-21 17:18:15,141 - INFO - Best fit parameters: [0.03051877 0.01236448 0.18872503 0.29175831].
2026-07-21 17:18:15,541 - INFO - Maximum log composite likelihood: -2361.5298078673827.
2026-07-21 17:18:15,541 - INFO - Optimal value of theta: 562708.5045267752.
2026-07-21 17:18:15,542 - INFO - Beginning optimization with guess, [0.05682644 0.06655879 0.0640105  0.19908487].
2026-07-21 17:18:22,183 - INFO - Finished optimization with guess, [0.05682644 0.06655879 0.0640105  0.19908487].
2026-07-21 17:18:22,184 - INFO - Best fit parameters: [0.04011032 0.0397949  0.08749085 0.45978316].
2026-07-21 17:18:22,466 - INFO - Maximum log composite likelihood: -2361.5933879705485.
2026-07-21 17:18:22,466 - INFO - Optimal value of theta: 174833.80653395975.
2026-07-21 17:18:22,466 - INFO - Beginning optimization with guess, [0.08569327 0.04931198 0.1259819  0.14572461].
2026-07-21 17:18:29,023 - INFO - Finished optimization with guess, [0.08569327 0.04931198 0.1259819  0.14572461].
2026-07-21 17:18:29,023 - INFO - Best fit parameters: [0.05730062 0.02973721 0.17508888 0.32998189].
2026-07-21 17:18:29,327 - INFO - Maximum log composite likelihood: -2361.6186638465592.
2026-07-21 17:18:29,327 - INFO - Optimal value of theta: 233964.4777470362.
2026-07-21 17:18:29,327 - INFO - Beginning optimization with guess, [0.135684   0.05199807 0.14700527 0.19122904].
2026-07-21 17:18:36,290 - INFO - Finished optimization with guess, [0.135684   0.05199807 0.14700527 0.19122904].
2026-07-21 17:18:36,291 - INFO - Best fit parameters: [0.10756215 0.02996775 0.17619311 0.42309263].
2026-07-21 17:18:36,558 - INFO - Maximum log composite likelihood: -2361.5448617164384.
2026-07-21 17:18:36,558 - INFO - Optimal value of theta: 232168.78412364607.
2026-07-21 17:18:36,559 - INFO - Beginning optimization with guess, [0.23671227 0.18297304 0.15228756 0.06199885].
2026-07-21 17:18:40,243 - INFO - Finished optimization with guess, [0.23671227 0.18297304 0.15228756 0.06199885].
2026-07-21 17:18:40,244 - INFO - Best fit parameters: [0.11651493 0.60157092 0.22936014 0.04860604].
2026-07-21 17:18:40,372 - INFO - Maximum log composite likelihood: -1030.7195447083445.
2026-07-21 17:18:40,372 - INFO - Optimal value of theta: 20918.753102049544.
2026-07-21 17:18:40,372 - INFO - Beginning optimization with guess, [0.40795638 0.71714784 0.90951512 0.09672674].
2026-07-21 17:18:45,200 - INFO - Finished optimization with guess, [0.40795638 0.71714784 0.90951512 0.09672674].
2026-07-21 17:18:45,201 - INFO - Best fit parameters: [0.45259834 2.8240664  0.55510187 0.02622701].
2026-07-21 17:18:45,327 - INFO - Maximum log composite likelihood: -257.59939932492057.
2026-07-21 17:18:45,327 - INFO - Optimal value of theta: 9796.76159945079.
2026-07-21 17:18:45,327 - INFO - Beginning optimization with guess, [0.57244158 1.26083263 0.19499513 0.06336948].
2026-07-21 17:18:49,078 - INFO - Finished optimization with guess, [0.57244158 1.26083263 0.19499513 0.06336948].
2026-07-21 17:18:49,079 - INFO - Best fit parameters: [0.54637267 4.77271174 0.18983797 0.03851667].
2026-07-21 17:18:49,196 - INFO - Maximum log composite likelihood: -226.00841647468457.
2026-07-21 17:18:49,196 - INFO - Optimal value of theta: 6952.189614025455.
2026-07-21 17:18:49,197 - INFO - Beginning optimization with guess, [0.99344618 1.36772281 0.0817927  0.05601962].
2026-07-21 17:18:52,444 - INFO - Finished optimization with guess, [0.99344618 1.36772281 0.0817927  0.05601962].
2026-07-21 17:18:52,444 - INFO - Best fit parameters: [0.4932774  5.59885768 0.0915979  0.04386105].
2026-07-21 17:18:52,561 - INFO - Maximum log composite likelihood: -224.9672429059002.
2026-07-21 17:18:52,561 - INFO - Optimal value of theta: 6471.446691783262.
2026-07-21 17:18:52,562 - INFO - Beginning optimization with guess, [2.45998582 1.07483888 0.06225095 0.09891425].
2026-07-21 17:18:55,844 - INFO - Finished optimization with guess, [2.45998582 1.07483888 0.06225095 0.09891425].
2026-07-21 17:18:55,845 - INFO - Best fit parameters: [1.13854338 7.61561611 0.02148515 0.04025958].
2026-07-21 17:18:55,944 - INFO - Maximum log composite likelihood: -437.023766998871.
2026-07-21 17:18:55,944 - INFO - Optimal value of theta: 5354.584617481221.
2026-07-21 17:18:55,945 - INFO - Beginning optimization with guess, [1.4122066  0.83772391 0.08501391 0.15188919].
2026-07-21 17:18:59,422 - INFO - Finished optimization with guess, [1.4122066  0.83772391 0.08501391 0.15188919].
2026-07-21 17:18:59,422 - INFO - Best fit parameters: [0.54820695 3.7071707  0.07313059 0.04994096].
2026-07-21 17:18:59,521 - INFO - Maximum log composite likelihood: -308.0320704063524.
2026-07-21 17:18:59,522 - INFO - Optimal value of theta: 6233.647610640445.
2026-07-21 17:18:59,522 - INFO - Beginning optimization with guess, [2.19155648 1.22229297 0.1094203  0.07535245].
2026-07-21 17:19:02,834 - INFO - Finished optimization with guess, [2.19155648 1.22229297 0.1094203  0.07535245].
2026-07-21 17:19:02,835 - INFO - Best fit parameters: [0.38369635 7.74466156 0.06404294 0.03652454].
2026-07-21 17:19:02,968 - INFO - Maximum log composite likelihood: -293.38057918243317.
2026-07-21 17:19:02,968 - INFO - Optimal value of theta: 6864.0583795587845.
2026-07-21 17:19:02,969 - INFO - Beginning optimization with guess, [1.36255203 1.14649167 0.16482389 0.14268367].
2026-07-21 17:19:06,197 - INFO - Finished optimization with guess, [1.36255203 1.14649167 0.16482389 0.14268367].
2026-07-21 17:19:06,197 - INFO - Best fit parameters: [0.43395358 3.30769475 0.16206389 0.04774849].
2026-07-21 17:19:06,299 - INFO - Maximum log composite likelihood: -271.1439197529439.
2026-07-21 17:19:06,299 - INFO - Optimal value of theta: 7289.666191747194.
2026-07-21 17:19:06,299 - INFO - Beginning optimization with guess, [1.90726675 2.09228292 0.14627404 0.17373021].
2026-07-21 17:19:09,570 - INFO - Finished optimization with guess, [1.90726675 2.09228292 0.14627404 0.17373021].
2026-07-21 17:19:09,573 - INFO - Best fit parameters: [0.32821654 3.60983002 0.07146988 0.05183499].
2026-07-21 17:19:09,673 - INFO - Maximum log composite likelihood: -274.3994267989027.
2026-07-21 17:19:09,673 - INFO - Optimal value of theta: 6973.12025869182.
2026-07-21 17:19:09,674 - INFO - Beginning optimization with guess, [2.16184784 2.35546167 0.07771763 0.12267088].
2026-07-21 17:19:13,480 - INFO - Finished optimization with guess, [2.16184784 2.35546167 0.07771763 0.12267088].
2026-07-21 17:19:13,480 - INFO - Best fit parameters: [0.42844404 5.84530408 0.03755971 0.04394168].
2026-07-21 17:19:13,596 - INFO - Maximum log composite likelihood: -256.301700259977.
2026-07-21 17:19:13,596 - INFO - Optimal value of theta: 6192.091802264478.
2026-07-21 17:19:13,596 - INFO - Beginning optimization with guess, [2.09363445 2.28211968 0.18907259 0.07382303].
2026-07-21 17:19:17,152 - INFO - Finished optimization with guess, [2.09363445 2.28211968 0.18907259 0.07382303].
2026-07-21 17:19:17,154 - INFO - Best fit parameters: [0.51900256 4.81002675 0.12695397 0.04354051].
2026-07-21 17:19:17,288 - INFO - Maximum log composite likelihood: -226.03415217909378.
2026-07-21 17:19:17,289 - INFO - Optimal value of theta: 6631.530141003223.
2026-07-21 17:19:17,289 - INFO - Beginning optimization with guess, [3.38768829 2.77254732 0.1496856  0.19113287].
2026-07-21 17:19:21,504 - INFO - Finished optimization with guess, [3.38768829 2.77254732 0.1496856  0.19113287].
2026-07-21 17:19:21,507 - INFO - Best fit parameters: [0.59955966 6.34933167 0.03078015 0.04369517].
2026-07-21 17:19:21,623 - INFO - Maximum log composite likelihood: -313.4042313664592.
2026-07-21 17:19:21,623 - INFO - Optimal value of theta: 5761.593276245609.
2026-07-21 17:19:21,623 - INFO - Beginning optimization with guess, [2.89663678 1.71351748 0.05750694 0.06723013].
2026-07-21 17:19:25,078 - INFO - Finished optimization with guess, [2.89663678 1.71351748 0.05750694 0.06723013].
2026-07-21 17:19:25,078 - INFO - Best fit parameters: [1.66262922 9.86096969 0.01920704 0.02432282].
2026-07-21 17:19:25,177 - INFO - Maximum log composite likelihood: -390.416085532759.
2026-07-21 17:19:25,177 - INFO - Optimal value of theta: 5605.006993075132.
2026-07-21 17:19:25,177 - INFO - Beginning optimization with guess, [3.62748959 4.97862245 0.16227339 0.15745064].
2026-07-21 17:19:28,417 - INFO - Finished optimization with guess, [3.62748959 4.97862245 0.16227339 0.15745064].
2026-07-21 17:19:28,417 - INFO - Best fit parameters: [0.38245063 3.73528001 0.043355   0.04537847].
2026-07-21 17:19:28,517 - INFO - Maximum log composite likelihood: -329.2550972207104.
2026-07-21 17:19:28,517 - INFO - Optimal value of theta: 6584.398249834791.
2026-07-21 17:19:28,517 - INFO - Beginning optimization with guess, [3.77718482 3.81147363 0.11523476 0.1028662 ].
2026-07-21 17:19:31,219 - INFO - Finished optimization with guess, [3.77718482 3.81147363 0.11523476 0.1028662 ].
2026-07-21 17:19:31,221 - INFO - Best fit parameters: [0.85223025 5.26412783 0.02957927 0.03374972].
2026-07-21 17:19:31,320 - INFO - Maximum log composite likelihood: -433.8607142051733.
2026-07-21 17:19:31,320 - INFO - Optimal value of theta: 5827.113537791036.
2026-07-21 17:19:31,320 - INFO - Beginning optimization with guess, [2.1239597  4.79885609 0.15500086 0.0998839 ].
2026-07-21 17:19:34,330 - INFO - Finished optimization with guess, [2.1239597  4.79885609 0.15500086 0.0998839 ].
2026-07-21 17:19:34,330 - INFO - Best fit parameters: [0.49500728 4.43412468 0.12260487 0.04518373].
2026-07-21 17:19:34,431 - INFO - Maximum log composite likelihood: -232.31134224290906.
2026-07-21 17:19:34,431 - INFO - Optimal value of theta: 6690.873111275129.
2026-07-21 17:19:34,431 - INFO - Beginning optimization with guess, [8.23600217 5.84702594 0.08424468 0.07886293].
2026-07-21 17:19:37,399 - INFO - Finished optimization with guess, [8.23600217 5.84702594 0.08424468 0.07886293].
2026-07-21 17:19:37,401 - INFO - Best fit parameters: [1.39249005e+01 3.00318670e+01 7.18858306e-03 1.38367119e-02].
2026-07-21 17:19:37,499 - INFO - Maximum log composite likelihood: -360.4316026918471.
2026-07-21 17:19:37,499 - INFO - Optimal value of theta: 5857.421950476619.
2026-07-21 17:19:37,500 - INFO - Beginning optimization with guess, [6.40758101 4.02721789 0.06631912 0.07049452].
2026-07-21 17:19:40,458 - INFO - Finished optimization with guess, [6.40758101 4.02721789 0.06631912 0.07049452].
2026-07-21 17:19:40,458 - INFO - Best fit parameters: [2.37643758e+01 6.13840946e+01 3.57076618e-03 1.66461843e-02].
2026-07-21 17:19:40,556 - INFO - Maximum log composite likelihood: -353.2723764439487.
2026-07-21 17:19:40,556 - INFO - Optimal value of theta: 5854.487828146952.
2026-07-21 17:19:40,556 - INFO - Beginning optimization with guess, [6.43701384 5.49955167 0.11792148 0.07268184].
2026-07-21 17:19:43,526 - INFO - Finished optimization with guess, [6.43701384 5.49955167 0.11792148 0.07268184].
2026-07-21 17:19:43,527 - INFO - Best fit parameters: [3.48041032 7.59968476 0.01294122 0.03046104].
2026-07-21 17:19:43,626 - INFO - Maximum log composite likelihood: -425.47999395152067.
2026-07-21 17:19:43,626 - INFO - Optimal value of theta: 5416.516619466044.
2026-07-21 17:19:43,626 - INFO - Beginning optimization with guess, [3.00721357 8.79219807 0.13852697 0.14374958].
2026-07-21 17:19:46,623 - INFO - Finished optimization with guess, [3.00721357 8.79219807 0.13852697 0.14374958].
2026-07-21 17:19:46,623 - INFO - Best fit parameters: [0.49243293 5.50633495 0.09775628 0.03945795].
2026-07-21 17:19:46,723 - INFO - Maximum log composite likelihood: -234.73185000115825.
2026-07-21 17:19:46,723 - INFO - Optimal value of theta: 6678.600030475022.
2026-07-21 17:19:46,725 - INFO - Converting and interpreting Tau estimates.
2026-07-21 17:19:46,726 - INFO - Finished demographic inference.
2026-07-21 17:19:46,726 - INFO - Pipeline executed succesfully.
