2026-07-21 10:32:18,908 - INFO - Beginning execution of fit_demographic_model.py in directory /u/project/kirk-bigdata/jonmah/sample_size_demography/Scripts

2026-07-21 10:32:18,908 - INFO - Progress is being logged to ../Analysis/tennessen_ooa_470/log.log

2026-07-21 10:32:18,909 - INFO - Parsed the following arguments:
	syn_input_sfs = ../Simulations/tennessen/ooa_470_sfs/dadi/pop1.sfs
	mask_singletons = False
	mask_doubletons = False
	sum_alleles = False
	L_syn = 100000000.0
	model_type = two_epoch
	input_params = []
	outprefix = ../Analysis/tennessen_ooa_470/

2026-07-21 10:32:18,911 - INFO - Beginning demographic inference for two-epoch demographic model.
2026-07-21 10:32:18,913 - INFO - Beginning optimization with guess, [0.00529758 0.06751561].
2026-07-21 10:32:37,293 - INFO - Finished optimization with guess, [0.00529758 0.06751561].
2026-07-21 10:32:37,295 - INFO - Best fit parameters: [0.00267972 0.14035093].
2026-07-21 10:32:39,753 - INFO - Maximum log composite likelihood: -2154.5089250996416.
2026-07-21 10:32:39,754 - INFO - Optimal value of theta: 266792.594104602.
2026-07-21 10:32:39,754 - INFO - Beginning optimization with guess, [0.0145492  0.15946243].
2026-07-21 10:32:50,797 - INFO - Finished optimization with guess, [0.0145492  0.15946243].
2026-07-21 10:32:50,800 - INFO - Best fit parameters: [0.00740562 0.33340393].
2026-07-21 10:32:52,926 - INFO - Maximum log composite likelihood: -2154.5089251007075.
2026-07-21 10:32:52,926 - INFO - Optimal value of theta: 96538.88621670697.
2026-07-21 10:32:52,927 - INFO - Beginning optimization with guess, [0.0661691  0.18414166].
2026-07-21 10:33:09,954 - INFO - Finished optimization with guess, [0.0661691  0.18414166].
2026-07-21 10:33:09,958 - INFO - Best fit parameters: [0.03894286 0.43445059].
2026-07-21 10:33:11,184 - INFO - Maximum log composite likelihood: -2154.726929380764.
2026-07-21 10:33:11,184 - INFO - Optimal value of theta: 18355.512993067056.
2026-07-21 10:33:11,184 - INFO - Beginning optimization with guess, [0.12970699 0.06297641].
2026-07-21 10:33:25,466 - INFO - Finished optimization with guess, [0.12970699 0.06297641].
2026-07-21 10:33:25,468 - INFO - Best fit parameters: [27.71796033  0.1796661 ].
2026-07-21 10:33:26,543 - INFO - Maximum log composite likelihood: -1316.0252487041855.
2026-07-21 10:33:26,543 - INFO - Optimal value of theta: 164.39366273125682.
2026-07-21 10:33:26,544 - INFO - Beginning optimization with guess, [0.15673742 0.09855805].
2026-07-21 10:33:40,058 - INFO - Finished optimization with guess, [0.15673742 0.09855805].
2026-07-21 10:33:40,059 - INFO - Best fit parameters: [3.45520531 0.90663063].
2026-07-21 10:33:41,180 - INFO - Maximum log composite likelihood: -1975.835827047558.
2026-07-21 10:33:41,181 - INFO - Optimal value of theta: 283.35041526826393.
2026-07-21 10:33:41,181 - INFO - Beginning optimization with guess, [0.18151887 0.17612133].
2026-07-21 10:33:53,015 - INFO - Finished optimization with guess, [0.18151887 0.17612133].
2026-07-21 10:33:53,018 - INFO - Best fit parameters: [0.13456425 4.18124125].
2026-07-21 10:33:55,067 - INFO - Maximum log composite likelihood: -2154.5089251066497.
2026-07-21 10:33:55,067 - INFO - Optimal value of theta: 5312.931572522606.
2026-07-21 10:33:55,067 - INFO - Beginning optimization with guess, [0.3191923  0.06472252].
2026-07-21 10:34:07,779 - INFO - Finished optimization with guess, [0.3191923  0.06472252].
2026-07-21 10:34:07,781 - INFO - Best fit parameters: [5.85808556e+01 2.50331794e-02].
2026-07-21 10:34:08,785 - INFO - Maximum log composite likelihood: -629.2536169019542.
2026-07-21 10:34:08,785 - INFO - Optimal value of theta: 400.1391726560812.
2026-07-21 10:34:08,785 - INFO - Beginning optimization with guess, [1.06820687 0.05411736].
2026-07-21 10:34:22,289 - INFO - Finished optimization with guess, [1.06820687 0.05411736].
2026-07-21 10:34:22,293 - INFO - Best fit parameters: [26.76622689  0.03032734].
2026-07-21 10:34:23,503 - INFO - Maximum log composite likelihood: -637.3870219897539.
2026-07-21 10:34:23,504 - INFO - Optimal value of theta: 389.9163502438807.
2026-07-21 10:34:23,504 - INFO - Beginning optimization with guess, [1.36699412 0.05722929].
2026-07-21 10:34:37,849 - INFO - Finished optimization with guess, [1.36699412 0.05722929].
2026-07-21 10:34:37,851 - INFO - Best fit parameters: [26.20797685  0.03082686].
2026-07-21 10:34:38,873 - INFO - Maximum log composite likelihood: -638.7596207649524.
2026-07-21 10:34:38,873 - INFO - Optimal value of theta: 388.2400765021841.
2026-07-21 10:34:38,874 - INFO - Beginning optimization with guess, [0.91406418 0.13107049].
2026-07-21 10:34:52,908 - INFO - Finished optimization with guess, [0.91406418 0.13107049].
2026-07-21 10:34:52,910 - INFO - Best fit parameters: [6.05602245e+01 2.24823492e-02].
2026-07-21 10:34:54,064 - INFO - Maximum log composite likelihood: -632.1458962121741.
2026-07-21 10:34:54,064 - INFO - Optimal value of theta: 417.01834605611623.
2026-07-21 10:34:54,065 - INFO - Beginning optimization with guess, [1.1227817  0.05876461].
2026-07-21 10:35:06,446 - INFO - Finished optimization with guess, [1.1227817  0.05876461].
2026-07-21 10:35:06,451 - INFO - Best fit parameters: [28.07705884  0.02981585].
2026-07-21 10:35:07,703 - INFO - Maximum log composite likelihood: -635.111358253985.
2026-07-21 10:35:07,703 - INFO - Optimal value of theta: 390.8105896772385.
2026-07-21 10:35:07,704 - INFO - Beginning optimization with guess, [1.79465915 0.10727414].
2026-07-21 10:35:20,629 - INFO - Finished optimization with guess, [1.79465915 0.10727414].
2026-07-21 10:35:20,632 - INFO - Best fit parameters: [4.04471760e+01 2.53962676e-02].
2026-07-21 10:35:21,617 - INFO - Maximum log composite likelihood: -627.3099070596924.
2026-07-21 10:35:21,617 - INFO - Optimal value of theta: 405.19941125312613.
2026-07-21 10:35:21,618 - INFO - Beginning optimization with guess, [1.51549802 0.13167546].
2026-07-21 10:35:34,985 - INFO - Finished optimization with guess, [1.51549802 0.13167546].
2026-07-21 10:35:34,987 - INFO - Best fit parameters: [9.72762732e+01 2.39405791e-02].
2026-07-21 10:35:36,175 - INFO - Maximum log composite likelihood: -641.0081989868261.
2026-07-21 10:35:36,175 - INFO - Optimal value of theta: 400.6332573117271.
2026-07-21 10:35:36,175 - INFO - Beginning optimization with guess, [2.34949239 0.18258022].
2026-07-21 10:35:50,571 - INFO - Finished optimization with guess, [2.34949239 0.18258022].
2026-07-21 10:35:50,572 - INFO - Best fit parameters: [4.48873700e+01 1.58502224e-02].
2026-07-21 10:35:51,580 - INFO - Maximum log composite likelihood: -687.566919870355.
2026-07-21 10:35:51,580 - INFO - Optimal value of theta: 475.8513806313918.
2026-07-21 10:35:51,580 - INFO - Beginning optimization with guess, [1.50116411 0.13848977].
2026-07-21 10:36:04,119 - INFO - Finished optimization with guess, [1.50116411 0.13848977].
2026-07-21 10:36:04,120 - INFO - Best fit parameters: [1.54203274e+02 2.22882995e-02].
2026-07-21 10:36:05,137 - INFO - Maximum log composite likelihood: -652.3330046442447.
2026-07-21 10:36:05,137 - INFO - Optimal value of theta: 408.7983911767243.
2026-07-21 10:36:05,138 - INFO - Beginning optimization with guess, [1.4797447  0.06905673].
2026-07-21 10:36:17,404 - INFO - Finished optimization with guess, [1.4797447  0.06905673].
2026-07-21 10:36:17,406 - INFO - Best fit parameters: [28.73254959  0.02930896].
2026-07-21 10:36:18,401 - INFO - Maximum log composite likelihood: -633.9526230375164.
2026-07-21 10:36:18,401 - INFO - Optimal value of theta: 392.62009934851267.
2026-07-21 10:36:18,402 - INFO - Beginning optimization with guess, [3.76407245 0.13651476].
2026-07-21 10:36:33,518 - INFO - Finished optimization with guess, [3.76407245 0.13651476].
2026-07-21 10:36:33,519 - INFO - Best fit parameters: [26.01670154  0.02796807].
2026-07-21 10:36:34,761 - INFO - Maximum log composite likelihood: -638.1225551382105.
2026-07-21 10:36:34,761 - INFO - Optimal value of theta: 402.95481760788306.
2026-07-21 10:36:34,762 - INFO - Beginning optimization with guess, [2.48966401 0.08931796].
2026-07-21 10:36:48,072 - INFO - Finished optimization with guess, [2.48966401 0.08931796].
2026-07-21 10:36:48,074 - INFO - Best fit parameters: [27.15143116  0.02810903].
2026-07-21 10:36:49,277 - INFO - Maximum log composite likelihood: -635.9978252744612.
2026-07-21 10:36:49,278 - INFO - Optimal value of theta: 400.76449118190465.
2026-07-21 10:36:49,278 - INFO - Beginning optimization with guess, [1.79707689 0.15494141].
2026-07-21 10:37:03,480 - INFO - Finished optimization with guess, [1.79707689 0.15494141].
2026-07-21 10:37:03,481 - INFO - Best fit parameters: [4.13428104e+01 2.78949780e-02].
2026-07-21 10:37:04,522 - INFO - Maximum log composite likelihood: -627.402041941791.
2026-07-21 10:37:04,522 - INFO - Optimal value of theta: 389.9257476617427.
2026-07-21 10:37:04,523 - INFO - Beginning optimization with guess, [2.44266887 0.18062207].
2026-07-21 10:37:17,608 - INFO - Finished optimization with guess, [2.44266887 0.18062207].
2026-07-21 10:37:17,610 - INFO - Best fit parameters: [5.32520644e+01 1.22250391e-02].
2026-07-21 10:37:18,680 - INFO - Maximum log composite likelihood: -757.7453127748763.
2026-07-21 10:37:18,681 - INFO - Optimal value of theta: 511.2143017954582.
2026-07-21 10:37:18,681 - INFO - Beginning optimization with guess, [5.52149008 0.07380728].
2026-07-21 10:37:31,156 - INFO - Finished optimization with guess, [5.52149008 0.07380728].
2026-07-21 10:37:31,157 - INFO - Best fit parameters: [3.46656845e+01 2.46334201e-02].
2026-07-21 10:37:32,183 - INFO - Maximum log composite likelihood: -631.0729829756912.
2026-07-21 10:37:32,183 - INFO - Optimal value of theta: 413.6797392690651.
2026-07-21 10:37:32,184 - INFO - Beginning optimization with guess, [2.84186209 0.10020791].
2026-07-21 10:37:45,738 - INFO - Finished optimization with guess, [2.84186209 0.10020791].
2026-07-21 10:37:45,740 - INFO - Best fit parameters: [26.2516434   0.02790891].
2026-07-21 10:37:46,940 - INFO - Maximum log composite likelihood: -637.6871979109403.
2026-07-21 10:37:46,940 - INFO - Optimal value of theta: 402.96346937337165.
2026-07-21 10:37:46,940 - INFO - Beginning optimization with guess, [5.66446945 0.13054404].
2026-07-21 10:38:01,299 - INFO - Finished optimization with guess, [5.66446945 0.13054404].
2026-07-21 10:38:01,302 - INFO - Best fit parameters: [3.61485098e+01 2.82091040e-02].
2026-07-21 10:38:02,706 - INFO - Maximum log composite likelihood: -628.2277481655981.
2026-07-21 10:38:02,707 - INFO - Optimal value of theta: 391.6134130865015.
2026-07-21 10:38:02,707 - INFO - Beginning optimization with guess, [5.83451774 0.13982026].
2026-07-21 10:38:17,522 - INFO - Finished optimization with guess, [5.83451774 0.13982026].
2026-07-21 10:38:17,524 - INFO - Best fit parameters: [3.61820631e+01 2.81662774e-02].
2026-07-21 10:38:18,714 - INFO - Maximum log composite likelihood: -628.1894685904962.
2026-07-21 10:38:18,714 - INFO - Optimal value of theta: 391.8240260234835.
2026-07-21 10:38:18,715 - INFO - Beginning optimization with guess, [2.63968109 0.0581566 ].
2026-07-21 10:38:32,059 - INFO - Finished optimization with guess, [2.63968109 0.0581566 ].
2026-07-21 10:38:32,060 - INFO - Best fit parameters: [31.74077314  0.03205498].
2026-07-21 10:38:33,239 - INFO - Maximum log composite likelihood: -635.3332293605698.
2026-07-21 10:38:33,239 - INFO - Optimal value of theta: 375.83466359123247.
2026-07-21 10:38:33,243 - INFO - Converting and interpreting Tau estimates.
2026-07-21 10:38:33,247 - INFO - Finished demographic inference.
2026-07-21 10:38:33,247 - INFO - Pipeline executed succesfully.
