2026-07-16 00:02:50,203 - INFO - Beginning execution of fit_demographic_model.py in directory /u/project/kirk-bigdata/jonmah/sample_size_demography/Scripts

2026-07-16 00:02:50,203 - INFO - Progress is being logged to ../Analysis/tennessen_ooa_520/log.log

2026-07-16 00:02:50,203 - INFO - Parsed the following arguments:
	syn_input_sfs = ../Simulations/tennessen/ooa_520_sfs/dadi/pop1.sfs
	mask_singletons = False
	mask_doubletons = False
	sum_alleles = False
	L_syn = 100000000.0
	model_type = three_epoch
	input_params = []
	outprefix = ../Analysis/tennessen_ooa_520/

2026-07-16 00:02:50,206 - INFO - Beginning demographic inference for three-epoch demographic model.
2026-07-16 00:02:50,208 - INFO - Beginning optimization with guess, [0.00965421 0.01855028 0.10227549 0.07579177].
2026-07-16 00:03:24,813 - INFO - Finished optimization with guess, [0.00965421 0.01855028 0.10227549 0.07579177].
2026-07-16 00:03:24,814 - INFO - Best fit parameters: [0.0079578  0.04536132 0.10280796 0.03752569].
2026-07-16 00:03:26,557 - INFO - Maximum log composite likelihood: -2182.712649350275.
2026-07-16 00:03:26,557 - INFO - Optimal value of theta: 19263.766723179295.
2026-07-16 00:03:26,557 - INFO - Beginning optimization with guess, [0.01366164 0.04484157 0.1181195  0.11971314].
2026-07-16 00:03:58,313 - INFO - Finished optimization with guess, [0.01366164 0.04484157 0.1181195  0.11971314].
2026-07-16 00:03:58,315 - INFO - Best fit parameters: [0.01237311 0.08415079 0.11929322 0.06990798].
2026-07-16 00:03:59,852 - INFO - Maximum log composite likelihood: -2183.24869584691.
2026-07-16 00:03:59,852 - INFO - Optimal value of theta: 10443.076848222376.
2026-07-16 00:03:59,852 - INFO - Beginning optimization with guess, [0.0355463  0.04443606 0.06014305 0.06490424].
2026-07-16 00:04:55,087 - INFO - Finished optimization with guess, [0.0355463  0.04443606 0.06014305 0.06490424].
2026-07-16 00:04:55,088 - INFO - Best fit parameters: [0.0128754  0.08175454 0.13139299 0.06719626].
2026-07-16 00:04:56,717 - INFO - Maximum log composite likelihood: -2182.936758844535.
2026-07-16 00:04:56,718 - INFO - Optimal value of theta: 10743.114207340052.
2026-07-16 00:04:56,718 - INFO - Beginning optimization with guess, [0.03817092 0.11812219 0.11084314 0.05936595].
2026-07-16 00:05:34,272 - INFO - Finished optimization with guess, [0.03817092 0.11812219 0.11084314 0.05936595].
2026-07-16 00:05:34,273 - INFO - Best fit parameters: [0.03682736 0.14446923 0.11470782 0.04995282].
2026-07-16 00:05:35,660 - INFO - Maximum log composite likelihood: -2117.115384271814.
2026-07-16 00:05:35,660 - INFO - Optimal value of theta: 6020.470547528453.
2026-07-16 00:05:35,660 - INFO - Beginning optimization with guess, [0.15674645 0.06713306 0.07342801 0.05887245].
2026-07-16 00:06:07,707 - INFO - Finished optimization with guess, [0.15674645 0.06713306 0.07342801 0.05887245].
2026-07-16 00:06:07,707 - INFO - Best fit parameters: [0.01205723 0.04220238 0.61980817 1.98939844].
2026-07-16 00:06:11,268 - INFO - Maximum log composite likelihood: -2338.542422529429.
2026-07-16 00:06:11,269 - INFO - Optimal value of theta: 17413.02571713898.
2026-07-16 00:06:11,269 - INFO - Beginning optimization with guess, [0.15037289 0.21600931 0.1102109  0.1269683 ].
2026-07-16 00:06:46,226 - INFO - Finished optimization with guess, [0.15037289 0.21600931 0.1102109  0.1269683 ].
2026-07-16 00:06:46,227 - INFO - Best fit parameters: [0.10898606 0.56694568 0.13811137 0.09226792].
2026-07-16 00:06:47,680 - INFO - Maximum log composite likelihood: -1955.1042748206442.
2026-07-16 00:06:47,680 - INFO - Optimal value of theta: 1610.542655625482.
2026-07-16 00:06:47,680 - INFO - Beginning optimization with guess, [0.26138038 0.82977706 0.46472392 0.0642939 ].
2026-07-16 00:07:23,165 - INFO - Finished optimization with guess, [0.26138038 0.82977706 0.46472392 0.0642939 ].
2026-07-16 00:07:23,166 - INFO - Best fit parameters: [0.17918607 8.92154082 0.25606494 0.01056155].
2026-07-16 00:07:24,534 - INFO - Maximum log composite likelihood: -561.2206322606185.
2026-07-16 00:07:24,534 - INFO - Optimal value of theta: 1267.6045067052544.
2026-07-16 00:07:24,535 - INFO - Beginning optimization with guess, [1.30708304 0.78607265 0.08516958 0.12624699].
2026-07-16 00:07:52,370 - INFO - Finished optimization with guess, [1.30708304 0.78607265 0.08516958 0.12624699].
2026-07-16 00:07:52,372 - INFO - Best fit parameters: [7.71980299e-01 4.33178206e+01 6.52298571e-02 2.95774103e-02].
2026-07-16 00:07:53,676 - INFO - Maximum log composite likelihood: -644.188585675981.
2026-07-16 00:07:53,676 - INFO - Optimal value of theta: 396.74680617463395.
2026-07-16 00:07:53,676 - INFO - Beginning optimization with guess, [0.68467414 0.6510803  0.14050456 0.13399509].
2026-07-16 00:08:21,225 - INFO - Finished optimization with guess, [0.68467414 0.6510803  0.14050456 0.13399509].
2026-07-16 00:08:21,227 - INFO - Best fit parameters: [ 0.41666991 24.20998138  0.12090427  0.03725295].
2026-07-16 00:08:22,648 - INFO - Maximum log composite likelihood: -636.0353429971487.
2026-07-16 00:08:22,648 - INFO - Optimal value of theta: 436.5073104135656.
2026-07-16 00:08:22,648 - INFO - Beginning optimization with guess, [0.78023766 0.9404291  0.0531009  0.12107186].
2026-07-16 00:08:50,639 - INFO - Finished optimization with guess, [0.78023766 0.9404291  0.0531009  0.12107186].
2026-07-16 00:08:50,640 - INFO - Best fit parameters: [7.43040518e-01 9.85868931e+01 5.23996029e-02 1.40632245e-02].
2026-07-16 00:08:52,056 - INFO - Maximum log composite likelihood: -733.8304844721202.
2026-07-16 00:08:52,056 - INFO - Optimal value of theta: 524.1496849750741.
2026-07-16 00:08:52,057 - INFO - Beginning optimization with guess, [2.19535157 2.06082397 0.12617621 0.08436927].
2026-07-16 00:09:19,627 - INFO - Finished optimization with guess, [2.19535157 2.06082397 0.12617621 0.08436927].
2026-07-16 00:09:19,629 - INFO - Best fit parameters: [4.94649807e-01 3.83703232e+01 8.96310412e-02 2.48861179e-02].
2026-07-16 00:09:20,993 - INFO - Maximum log composite likelihood: -608.990393955104.
2026-07-16 00:09:20,993 - INFO - Optimal value of theta: 481.62815243248014.
2026-07-16 00:09:20,993 - INFO - Beginning optimization with guess, [1.92069319 3.21004519 0.05218257 0.18462408].
2026-07-16 00:09:47,960 - INFO - Finished optimization with guess, [1.92069319 3.21004519 0.05218257 0.18462408].
2026-07-16 00:09:47,961 - INFO - Best fit parameters: [9.33931824e-01 3.68371037e+01 3.66429928e-02 1.47261303e-02].
2026-07-16 00:09:49,264 - INFO - Maximum log composite likelihood: -741.5176200111605.
2026-07-16 00:09:49,264 - INFO - Optimal value of theta: 497.98726526016094.
2026-07-16 00:09:49,265 - INFO - Beginning optimization with guess, [3.72747396 1.484372   0.19146377 0.05752657].
2026-07-16 00:10:16,275 - INFO - Finished optimization with guess, [3.72747396 1.484372   0.19146377 0.05752657].
2026-07-16 00:10:16,278 - INFO - Best fit parameters: [5.58674484e-01 3.84224920e+01 6.19666402e-02 2.90476497e-02].
2026-07-16 00:10:17,622 - INFO - Maximum log composite likelihood: -626.7859693434872.
2026-07-16 00:10:17,622 - INFO - Optimal value of theta: 429.51962317983134.
2026-07-16 00:10:17,623 - INFO - Beginning optimization with guess, [1.84504372 2.93769798 0.15762712 0.05388414].
2026-07-16 00:10:44,615 - INFO - Finished optimization with guess, [1.84504372 2.93769798 0.15762712 0.05388414].
2026-07-16 00:10:44,617 - INFO - Best fit parameters: [ 0.41487811 18.35428937  0.1208887   0.01917586].
2026-07-16 00:10:46,004 - INFO - Maximum log composite likelihood: -583.4454205827684.
2026-07-16 00:10:46,004 - INFO - Optimal value of theta: 609.5537509515974.
2026-07-16 00:10:46,004 - INFO - Beginning optimization with guess, [3.29137424 2.25302931 0.19200987 0.18507512].
2026-07-16 00:11:20,010 - INFO - Finished optimization with guess, [3.29137424 2.25302931 0.19200987 0.18507512].
2026-07-16 00:11:20,011 - INFO - Best fit parameters: [5.03021883e-01 1.47188660e+03 1.39430886e-02 1.47233830e-02].
2026-07-16 00:11:21,397 - INFO - Maximum log composite likelihood: -827.8550167481244.
2026-07-16 00:11:21,397 - INFO - Optimal value of theta: 518.2356579765535.
2026-07-16 00:11:21,397 - INFO - Beginning optimization with guess, [3.28030595 2.47809704 0.06132022 0.09514986].
2026-07-16 00:11:48,895 - INFO - Finished optimization with guess, [3.28030595 2.47809704 0.06132022 0.09514986].
2026-07-16 00:11:48,896 - INFO - Best fit parameters: [1.84438061e+00 4.04228183e+01 2.09218647e-02 2.40323322e-02].
2026-07-16 00:11:50,267 - INFO - Maximum log composite likelihood: -669.7043096493155.
2026-07-16 00:11:50,267 - INFO - Optimal value of theta: 380.3069103193333.
2026-07-16 00:11:50,268 - INFO - Beginning optimization with guess, [1.66172757 1.68972484 0.10050285 0.06305803].
2026-07-16 00:12:17,998 - INFO - Finished optimization with guess, [1.66172757 1.68972484 0.10050285 0.06305803].
2026-07-16 00:12:18,000 - INFO - Best fit parameters: [ 0.39800529 22.00028018  0.08946025  0.0251378 ].
2026-07-16 00:12:19,365 - INFO - Maximum log composite likelihood: -578.4636549726849.
2026-07-16 00:12:19,365 - INFO - Optimal value of theta: 528.204420056196.
2026-07-16 00:12:19,366 - INFO - Beginning optimization with guess, [2.38125264 6.10940935 0.0894351  0.05267399].
2026-07-16 00:12:46,524 - INFO - Finished optimization with guess, [2.38125264 6.10940935 0.0894351  0.05267399].
2026-07-16 00:12:46,525 - INFO - Best fit parameters: [4.41797137e-01 3.76258279e+01 6.22943042e-02 3.07160924e-02].
2026-07-16 00:12:47,890 - INFO - Maximum log composite likelihood: -634.3073842764737.
2026-07-16 00:12:47,890 - INFO - Optimal value of theta: 437.63630957678504.
2026-07-16 00:12:47,891 - INFO - Beginning optimization with guess, [4.52024474 4.77648546 0.05367251 0.18790671].
2026-07-16 00:13:14,848 - INFO - Finished optimization with guess, [4.52024474 4.77648546 0.05367251 0.18790671].
2026-07-16 00:13:14,849 - INFO - Best fit parameters: [2.25714073e+00 2.04440314e+01 1.47380489e-02 1.25011884e-02].
2026-07-16 00:13:16,151 - INFO - Maximum log composite likelihood: -782.4183069897663.
2026-07-16 00:13:16,151 - INFO - Optimal value of theta: 474.32910922762807.
2026-07-16 00:13:16,152 - INFO - Beginning optimization with guess, [1.87651314 5.21263737 0.09741665 0.12473082].
2026-07-16 00:13:43,327 - INFO - Finished optimization with guess, [1.87651314 5.21263737 0.09741665 0.12473082].
2026-07-16 00:13:43,328 - INFO - Best fit parameters: [ 0.46539354 18.61528493  0.08233679  0.02310235].
2026-07-16 00:13:44,730 - INFO - Maximum log composite likelihood: -593.9656618385034.
2026-07-16 00:13:44,730 - INFO - Optimal value of theta: 534.432252051808.
2026-07-16 00:13:44,730 - INFO - Beginning optimization with guess, [2.94329961 5.16341302 0.0707988  0.14986473].
2026-07-16 00:14:12,262 - INFO - Finished optimization with guess, [2.94329961 5.16341302 0.0707988  0.14986473].
2026-07-16 00:14:12,264 - INFO - Best fit parameters: [ 1.13579208 17.69998733  0.03681305  0.02446972].
2026-07-16 00:14:13,674 - INFO - Maximum log composite likelihood: -722.735722501404.
2026-07-16 00:14:13,674 - INFO - Optimal value of theta: 427.1235000640678.
2026-07-16 00:14:13,674 - INFO - Beginning optimization with guess, [2.32924275 2.15396795 0.07735275 0.08409004].
2026-07-16 00:14:41,011 - INFO - Finished optimization with guess, [2.32924275 2.15396795 0.07735275 0.08409004].
2026-07-16 00:14:41,015 - INFO - Best fit parameters: [5.97573919e-01 3.53799733e+01 4.49732835e-02 3.00013081e-02].
2026-07-16 00:14:42,354 - INFO - Maximum log composite likelihood: -633.3629831040432.
2026-07-16 00:14:42,354 - INFO - Optimal value of theta: 416.0793943819658.
2026-07-16 00:14:42,354 - INFO - Beginning optimization with guess, [5.91845319 5.19852184 0.07929808 0.1148001 ].
2026-07-16 00:15:09,575 - INFO - Finished optimization with guess, [5.91845319 5.19852184 0.07929808 0.1148001 ].
2026-07-16 00:15:09,576 - INFO - Best fit parameters: [5.08918588e+00 2.69141759e+01 1.61120888e-02 1.69012796e-02].
2026-07-16 00:15:10,891 - INFO - Maximum log composite likelihood: -687.7950600311967.
2026-07-16 00:15:10,891 - INFO - Optimal value of theta: 402.7906180548622.
2026-07-16 00:15:10,892 - INFO - Beginning optimization with guess, [7.49821512 7.39622569 0.06953748 0.06720807].
2026-07-16 00:15:38,483 - INFO - Finished optimization with guess, [7.49821512 7.39622569 0.06953748 0.06720807].
2026-07-16 00:15:38,485 - INFO - Best fit parameters: [7.76960244e+00 3.01042837e+01 1.26845462e-02 1.72214273e-02].
2026-07-16 00:15:39,855 - INFO - Maximum log composite likelihood: -668.3979768006781.
2026-07-16 00:15:39,855 - INFO - Optimal value of theta: 398.34433260259465.
2026-07-16 00:15:39,855 - INFO - Beginning optimization with guess, [4.40700477 3.91194409 0.14016431 0.08591247].
2026-07-16 00:16:07,274 - INFO - Finished optimization with guess, [4.40700477 3.91194409 0.14016431 0.08591247].
2026-07-16 00:16:07,275 - INFO - Best fit parameters: [1.04302582e+00 3.50499193e+01 3.55928279e-02 2.87266304e-02].
2026-07-16 00:16:08,660 - INFO - Maximum log composite likelihood: -662.0324301056844.
2026-07-16 00:16:08,661 - INFO - Optimal value of theta: 384.5640633608035.
2026-07-16 00:16:08,665 - INFO - Converting and interpreting Tau estimates.
2026-07-16 00:16:08,670 - INFO - Finished demographic inference.
2026-07-16 00:16:08,670 - INFO - Pipeline executed succesfully.
