2026-07-16 00:01:07,520 - INFO - Beginning execution of fit_demographic_model.py in directory /u/project/kirk-bigdata/jonmah/sample_size_demography/Scripts

2026-07-16 00:01:07,520 - INFO - Progress is being logged to ../Analysis/tennessen_ooa_260/log.log

2026-07-16 00:01:07,520 - INFO - Parsed the following arguments:
	syn_input_sfs = ../Simulations/tennessen/ooa_260_sfs/dadi/pop1.sfs
	mask_singletons = False
	mask_doubletons = False
	sum_alleles = False
	L_syn = 100000000.0
	model_type = three_epoch
	input_params = []
	outprefix = ../Analysis/tennessen_ooa_260/

2026-07-16 00:01:07,531 - INFO - Beginning demographic inference for three-epoch demographic model.
2026-07-16 00:01:07,549 - INFO - Beginning optimization with guess, [0.00781847 0.01098532 0.08683217 0.06617318].
2026-07-16 00:01:22,250 - INFO - Finished optimization with guess, [0.00781847 0.01098532 0.08683217 0.06617318].
2026-07-16 00:01:22,252 - INFO - Best fit parameters: [0.00608035 0.02557858 0.08729242 0.03650867].
2026-07-16 00:01:22,791 - INFO - Maximum log composite likelihood: -1041.060844648932.
2026-07-16 00:01:22,792 - INFO - Optimal value of theta: 25134.85766956265.
2026-07-16 00:01:22,792 - INFO - Beginning optimization with guess, [0.01258313 0.02508633 0.18263547 0.08999851].
2026-07-16 00:01:34,212 - INFO - Finished optimization with guess, [0.01258313 0.02508633 0.18263547 0.08999851].
2026-07-16 00:01:34,214 - INFO - Best fit parameters: [0.01118816 0.04286946 0.18264786 0.05930426].
2026-07-16 00:01:34,778 - INFO - Maximum log composite likelihood: -1041.0457783247334.
2026-07-16 00:01:34,778 - INFO - Optimal value of theta: 15016.163647224215.
2026-07-16 00:01:34,779 - INFO - Beginning optimization with guess, [0.0326971  0.04576412 0.13878308 0.05673162].
2026-07-16 00:01:45,080 - INFO - Finished optimization with guess, [0.0326971  0.04576412 0.13878308 0.05673162].
2026-07-16 00:01:45,082 - INFO - Best fit parameters: [0.01599524 0.05211094 0.23078463 0.06909693].
2026-07-16 00:01:45,615 - INFO - Maximum log composite likelihood: -1041.0127415869808.
2026-07-16 00:01:45,615 - INFO - Optimal value of theta: 12344.86901585022.
2026-07-16 00:01:45,615 - INFO - Beginning optimization with guess, [0.07198314 0.05877868 0.0730724  0.16126221].
2026-07-16 00:01:54,728 - INFO - Finished optimization with guess, [0.07198314 0.05877868 0.0730724  0.16126221].
2026-07-16 00:01:54,730 - INFO - Best fit parameters: [0.05232337 0.0372079  0.09678105 0.35646752].
2026-07-16 00:01:55,213 - INFO - Maximum log composite likelihood: -1064.5691114624199.
2026-07-16 00:01:55,213 - INFO - Optimal value of theta: 15738.342332319202.
2026-07-16 00:01:55,213 - INFO - Beginning optimization with guess, [0.19189767 0.14887816 0.06538087 0.12988505].
2026-07-16 00:02:04,938 - INFO - Finished optimization with guess, [0.19189767 0.14887816 0.06538087 0.12988505].
2026-07-16 00:02:04,941 - INFO - Best fit parameters: [0.05033636 0.25411978 0.19366524 0.5926503 ].
2026-07-16 00:02:05,363 - INFO - Maximum log composite likelihood: -1050.8796285813448.
2026-07-16 00:02:05,363 - INFO - Optimal value of theta: 2386.2189644634905.
2026-07-16 00:02:05,364 - INFO - Beginning optimization with guess, [0.29571527 0.36796537 0.09760947 0.11195412].
2026-07-16 00:02:12,473 - INFO - Finished optimization with guess, [0.29571527 0.36796537 0.09760947 0.11195412].
2026-07-16 00:02:12,473 - INFO - Best fit parameters: [0.1544763  4.27568501 0.12864859 0.0442174 ].
2026-07-16 00:02:12,857 - INFO - Maximum log composite likelihood: -458.1394935436137.
2026-07-16 00:02:12,858 - INFO - Optimal value of theta: 672.835843330334.
2026-07-16 00:02:12,858 - INFO - Beginning optimization with guess, [0.36500385 0.57812815 0.63627783 0.11809365].
2026-07-16 00:02:25,032 - INFO - Finished optimization with guess, [0.36500385 0.57812815 0.63627783 0.11809365].
2026-07-16 00:02:25,033 - INFO - Best fit parameters: [0.3787356  5.14542353 0.33997247 0.01704681].
2026-07-16 00:02:25,370 - INFO - Maximum log composite likelihood: -377.18152651425606.
2026-07-16 00:02:25,370 - INFO - Optimal value of theta: 778.7028782397027.
2026-07-16 00:02:25,370 - INFO - Beginning optimization with guess, [0.45813807 0.71497825 0.14345862 0.11749543].
2026-07-16 00:02:33,668 - INFO - Finished optimization with guess, [0.45813807 0.71497825 0.14345862 0.11749543].
2026-07-16 00:02:33,669 - INFO - Best fit parameters: [ 0.25597914 10.39290675  0.13031319  0.02298026].
2026-07-16 00:02:34,004 - INFO - Maximum log composite likelihood: -321.2849483437517.
2026-07-16 00:02:34,004 - INFO - Optimal value of theta: 678.8507916377546.
2026-07-16 00:02:34,004 - INFO - Beginning optimization with guess, [0.75630225 1.31401373 0.07355048 0.1122033 ].
2026-07-16 00:02:42,331 - INFO - Finished optimization with guess, [0.75630225 1.31401373 0.07355048 0.1122033 ].
2026-07-16 00:02:42,333 - INFO - Best fit parameters: [2.14413028e-01 3.79700774e+01 9.13119788e-02 1.44737657e-02].
2026-07-16 00:02:42,664 - INFO - Maximum log composite likelihood: -398.13940487277256.
2026-07-16 00:02:42,664 - INFO - Optimal value of theta: 764.3761142610252.
2026-07-16 00:02:42,664 - INFO - Beginning optimization with guess, [1.74619834 1.97016941 0.16668673 0.07643697].
2026-07-16 00:02:49,309 - INFO - Finished optimization with guess, [1.74619834 1.97016941 0.16668673 0.07643697].
2026-07-16 00:02:49,309 - INFO - Best fit parameters: [ 0.30215533 12.70196821  0.12470702  0.03302959].
2026-07-16 00:02:49,638 - INFO - Maximum log composite likelihood: -346.9144396168883.
2026-07-16 00:02:49,639 - INFO - Optimal value of theta: 545.8678297157396.
2026-07-16 00:02:49,639 - INFO - Beginning optimization with guess, [1.75177353 1.87723353 0.07624708 0.1090135 ].
2026-07-16 00:02:56,209 - INFO - Finished optimization with guess, [1.75177353 1.87723353 0.07624708 0.1090135 ].
2026-07-16 00:02:56,209 - INFO - Best fit parameters: [4.71364997e-01 2.61739418e+01 4.73442974e-02 2.60185188e-02].
2026-07-16 00:02:56,546 - INFO - Maximum log composite likelihood: -380.20291116680545.
2026-07-16 00:02:56,546 - INFO - Optimal value of theta: 466.1564572614084.
2026-07-16 00:02:56,546 - INFO - Beginning optimization with guess, [3.21737239 2.43969256 0.0852525  0.13870346].
2026-07-16 00:03:04,972 - INFO - Finished optimization with guess, [3.21737239 2.43969256 0.0852525  0.13870346].
2026-07-16 00:03:04,973 - INFO - Best fit parameters: [7.85365885e-01 7.13347957e+01 9.92767347e-03 2.30097974e-02].
2026-07-16 00:03:05,295 - INFO - Maximum log composite likelihood: -435.7307595790517.
2026-07-16 00:03:05,295 - INFO - Optimal value of theta: 409.3609842320165.
2026-07-16 00:03:05,295 - INFO - Beginning optimization with guess, [1.84113215 1.97457794 0.12459081 0.05391208].
2026-07-16 00:03:13,473 - INFO - Finished optimization with guess, [1.84113215 1.97457794 0.12459081 0.05391208].
2026-07-16 00:03:13,475 - INFO - Best fit parameters: [ 0.23318166 16.84012437  0.07674586  0.02037598].
2026-07-16 00:03:13,804 - INFO - Maximum log composite likelihood: -342.6413712525475.
2026-07-16 00:03:13,804 - INFO - Optimal value of theta: 654.6066684128933.
2026-07-16 00:03:13,804 - INFO - Beginning optimization with guess, [1.44859952 2.21758601 0.13741047 0.16156545].
2026-07-16 00:03:22,138 - INFO - Finished optimization with guess, [1.44859952 2.21758601 0.13741047 0.16156545].
2026-07-16 00:03:22,139 - INFO - Best fit parameters: [1.37889925e-01 5.12570063e+01 8.41159414e-02 9.99669091e-03].
2026-07-16 00:03:22,501 - INFO - Maximum log composite likelihood: -476.3200105452426.
2026-07-16 00:03:22,501 - INFO - Optimal value of theta: 1017.1955862309641.
2026-07-16 00:03:22,501 - INFO - Beginning optimization with guess, [1.53932521 2.64667814 0.09118693 0.1743183 ].
2026-07-16 00:03:29,163 - INFO - Finished optimization with guess, [1.53932521 2.64667814 0.09118693 0.1743183 ].
2026-07-16 00:03:29,163 - INFO - Best fit parameters: [0.5352772  8.21321133 0.06710999 0.02543186].
2026-07-16 00:03:29,487 - INFO - Maximum log composite likelihood: -414.109408256601.
2026-07-16 00:03:29,487 - INFO - Optimal value of theta: 503.22726168736176.
2026-07-16 00:03:29,487 - INFO - Beginning optimization with guess, [1.69503828 4.73553897 0.0641763  0.05962726].
2026-07-16 00:03:38,726 - INFO - Finished optimization with guess, [1.69503828 4.73553897 0.0641763  0.05962726].
2026-07-16 00:03:38,727 - INFO - Best fit parameters: [ 0.36059309 13.03308648  0.04380588  0.03403587].
2026-07-16 00:03:39,060 - INFO - Maximum log composite likelihood: -359.58924455202686.
2026-07-16 00:03:39,060 - INFO - Optimal value of theta: 467.36990619559197.
2026-07-16 00:03:39,060 - INFO - Beginning optimization with guess, [3.3389614  3.74587623 0.18627078 0.14208363].
2026-07-16 00:03:45,763 - INFO - Finished optimization with guess, [3.3389614  3.74587623 0.18627078 0.14208363].
2026-07-16 00:03:45,763 - INFO - Best fit parameters: [0.39211691 7.55699897 0.03920232 0.03050495].
2026-07-16 00:03:46,090 - INFO - Maximum log composite likelihood: -402.84169162505566.
2026-07-16 00:03:46,090 - INFO - Optimal value of theta: 498.8354811330893.
2026-07-16 00:03:46,090 - INFO - Beginning optimization with guess, [3.26899023 2.4598251  0.16032872 0.17819261].
2026-07-16 00:03:54,352 - INFO - Finished optimization with guess, [3.26899023 2.4598251  0.16032872 0.17819261].
2026-07-16 00:03:54,354 - INFO - Best fit parameters: [1.51550694e-01 2.13573716e+01 7.90479685e-03 3.14019543e-02].
2026-07-16 00:03:54,685 - INFO - Maximum log composite likelihood: -394.189345159602.
2026-07-16 00:03:54,685 - INFO - Optimal value of theta: 456.7994787133362.
2026-07-16 00:03:54,685 - INFO - Beginning optimization with guess, [5.98784544 1.91380152 0.1344566  0.08852728].
2026-07-16 00:04:01,265 - INFO - Finished optimization with guess, [5.98784544 1.91380152 0.1344566  0.08852728].
2026-07-16 00:04:01,265 - INFO - Best fit parameters: [2.10977668e+00 3.26345998e+01 8.32697270e-03 2.02910027e-02].
2026-07-16 00:04:01,585 - INFO - Maximum log composite likelihood: -440.1105480971563.
2026-07-16 00:04:01,585 - INFO - Optimal value of theta: 403.7441242355219.
2026-07-16 00:04:01,585 - INFO - Beginning optimization with guess, [2.95389592 3.81827792 0.05956608 0.18807891].
2026-07-16 00:04:08,079 - INFO - Finished optimization with guess, [2.95389592 3.81827792 0.05956608 0.18807891].
2026-07-16 00:04:08,079 - INFO - Best fit parameters: [1.82621079 5.26256013 0.03189404 0.0215538 ].
2026-07-16 00:04:08,401 - INFO - Maximum log composite likelihood: -570.0106869444799.
2026-07-16 00:04:08,401 - INFO - Optimal value of theta: 422.04612040365095.
2026-07-16 00:04:08,401 - INFO - Beginning optimization with guess, [3.68103041 3.34896742 0.07615193 0.05473167].
2026-07-16 00:04:14,942 - INFO - Finished optimization with guess, [3.68103041 3.34896742 0.07615193 0.05473167].
2026-07-16 00:04:14,943 - INFO - Best fit parameters: [2.07174213e+00 1.80054134e+01 1.40604783e-02 2.14761499e-02].
2026-07-16 00:04:15,264 - INFO - Maximum log composite likelihood: -454.3339739163765.
2026-07-16 00:04:15,264 - INFO - Optimal value of theta: 398.27449469721125.
2026-07-16 00:04:15,265 - INFO - Beginning optimization with guess, [6.17718968 2.29255479 0.08588908 0.05487844].
2026-07-16 00:04:21,810 - INFO - Finished optimization with guess, [6.17718968 2.29255479 0.08588908 0.05487844].
2026-07-16 00:04:21,810 - INFO - Best fit parameters: [6.21575910e+00 1.56137390e+01 1.35052363e-02 1.51306568e-02].
2026-07-16 00:04:22,131 - INFO - Maximum log composite likelihood: -453.83716334292984.
2026-07-16 00:04:22,131 - INFO - Optimal value of theta: 404.7932117621509.
2026-07-16 00:04:22,132 - INFO - Beginning optimization with guess, [4.47701896 5.61159459 0.18936575 0.09829294].
2026-07-16 00:04:28,773 - INFO - Finished optimization with guess, [4.47701896 5.61159459 0.18936575 0.09829294].
2026-07-16 00:04:28,773 - INFO - Best fit parameters: [ 0.9374312  10.70979271  0.0567178   0.02436749].
2026-07-16 00:04:29,138 - INFO - Maximum log composite likelihood: -470.14941252170985.
2026-07-16 00:04:29,138 - INFO - Optimal value of theta: 431.8669148376443.
2026-07-16 00:04:29,139 - INFO - Beginning optimization with guess, [2.70342197 5.29805824 0.17643722 0.05292378].
2026-07-16 00:04:35,891 - INFO - Finished optimization with guess, [2.70342197 5.29805824 0.17643722 0.05292378].
2026-07-16 00:04:35,891 - INFO - Best fit parameters: [ 0.32926936 12.09861371  0.1007076   0.03032176].
2026-07-16 00:04:36,222 - INFO - Maximum log composite likelihood: -331.61127962294546.
2026-07-16 00:04:36,222 - INFO - Optimal value of theta: 540.978049877543.
2026-07-16 00:04:36,223 - INFO - Beginning optimization with guess, [8.83317319 5.64141905 0.07670669 0.10230798].
2026-07-16 00:04:42,751 - INFO - Finished optimization with guess, [8.83317319 5.64141905 0.07670669 0.10230798].
2026-07-16 00:04:42,752 - INFO - Best fit parameters: [8.43732453e+00 1.89919936e+01 1.24239052e-02 9.94794623e-03].
2026-07-16 00:04:43,075 - INFO - Maximum log composite likelihood: -457.09042673675333.
2026-07-16 00:04:43,075 - INFO - Optimal value of theta: 425.6304027548303.
2026-07-16 00:04:43,078 - INFO - Converting and interpreting Tau estimates.
2026-07-16 00:04:43,081 - INFO - Finished demographic inference.
2026-07-16 00:04:43,081 - INFO - Pipeline executed succesfully.
