2026-07-21 10:23:27,320 - INFO - Beginning execution of fit_demographic_model.py in directory /u/project/kirk-bigdata/jonmah/sample_size_demography/Scripts

2026-07-21 10:23:27,320 - INFO - Progress is being logged to ../Analysis/tennessen_ooa_210/log.log

2026-07-21 10:23:27,320 - INFO - Parsed the following arguments:
	syn_input_sfs = ../Simulations/tennessen/ooa_210_sfs/dadi/pop1.sfs
	mask_singletons = False
	mask_doubletons = False
	sum_alleles = False
	L_syn = 100000000.0
	model_type = two_epoch
	input_params = []
	outprefix = ../Analysis/tennessen_ooa_210/

2026-07-21 10:23:27,321 - INFO - Beginning demographic inference for two-epoch demographic model.
2026-07-21 10:23:27,323 - INFO - Beginning optimization with guess, [0.00939348 0.07044303].
2026-07-21 10:23:30,872 - INFO - Finished optimization with guess, [0.00939348 0.07044303].
2026-07-21 10:23:30,873 - INFO - Best fit parameters: [0.00486962 0.1497092 ].
2026-07-21 10:23:31,556 - INFO - Maximum log composite likelihood: -863.2312283485401.
2026-07-21 10:23:31,557 - INFO - Optimal value of theta: 115242.6444589613.
2026-07-21 10:23:31,557 - INFO - Beginning optimization with guess, [0.04141381 0.06710952].
2026-07-21 10:23:36,238 - INFO - Finished optimization with guess, [0.04141381 0.06710952].
2026-07-21 10:23:36,239 - INFO - Best fit parameters: [0.02609555 0.19895935].
2026-07-21 10:23:36,708 - INFO - Maximum log composite likelihood: -866.1410082411818.
2026-07-21 10:23:36,708 - INFO - Optimal value of theta: 21307.231483443673.
2026-07-21 10:23:36,709 - INFO - Beginning optimization with guess, [0.02561923 0.05619044].
2026-07-21 10:23:42,125 - INFO - Finished optimization with guess, [0.02561923 0.05619044].
2026-07-21 10:23:42,125 - INFO - Best fit parameters: [0.01498148 0.14643692].
2026-07-21 10:23:42,525 - INFO - Maximum log composite likelihood: -863.8087027697251.
2026-07-21 10:23:42,525 - INFO - Optimal value of theta: 37387.22481423765.
2026-07-21 10:23:42,526 - INFO - Beginning optimization with guess, [0.06772031 0.1094909 ].
2026-07-21 10:23:46,349 - INFO - Finished optimization with guess, [0.06772031 0.1094909 ].
2026-07-21 10:23:46,351 - INFO - Best fit parameters: [0.04389409 0.32266947].
2026-07-21 10:23:46,700 - INFO - Maximum log composite likelihood: -865.4379703515923.
2026-07-21 10:23:46,700 - INFO - Optimal value of theta: 12694.666013425858.
2026-07-21 10:23:46,701 - INFO - Beginning optimization with guess, [0.14599754 0.1081218 ].
2026-07-21 10:23:54,643 - INFO - Finished optimization with guess, [0.14599754 0.1081218 ].
2026-07-21 10:23:54,644 - INFO - Best fit parameters: [0.2954089  3.67156864].
2026-07-21 10:23:55,056 - INFO - Maximum log composite likelihood: -863.2326949460514.
2026-07-21 10:23:55,056 - INFO - Optimal value of theta: 1899.6894504260783.
2026-07-21 10:23:55,057 - INFO - Beginning optimization with guess, [0.22845585 0.15334058].
2026-07-21 10:23:58,103 - INFO - Finished optimization with guess, [0.22845585 0.15334058].
2026-07-21 10:23:58,103 - INFO - Best fit parameters: [1.51528456 0.55384498].
2026-07-21 10:23:58,327 - INFO - Maximum log composite likelihood: -842.4501899332242.
2026-07-21 10:23:58,327 - INFO - Optimal value of theta: 423.6977127404192.
2026-07-21 10:23:58,327 - INFO - Beginning optimization with guess, [0.63398232 0.10652945].
2026-07-21 10:24:01,393 - INFO - Finished optimization with guess, [0.63398232 0.10652945].
2026-07-21 10:24:01,394 - INFO - Best fit parameters: [4.44406395e+01 1.21077501e-02].
2026-07-21 10:24:01,718 - INFO - Maximum log composite likelihood: -451.5238934593511.
2026-07-21 10:24:01,718 - INFO - Optimal value of theta: 466.0245742579811.
2026-07-21 10:24:01,719 - INFO - Beginning optimization with guess, [0.82336198 0.10196128].
2026-07-21 10:24:05,017 - INFO - Finished optimization with guess, [0.82336198 0.10196128].
2026-07-21 10:24:05,017 - INFO - Best fit parameters: [2.10124193e+01 1.70180292e-02].
2026-07-21 10:24:05,275 - INFO - Maximum log composite likelihood: -422.85067671363214.
2026-07-21 10:24:05,276 - INFO - Optimal value of theta: 443.14773659583176.
2026-07-21 10:24:05,276 - INFO - Beginning optimization with guess, [1.64816089 0.08615283].
2026-07-21 10:24:08,262 - INFO - Finished optimization with guess, [1.64816089 0.08615283].
2026-07-21 10:24:08,262 - INFO - Best fit parameters: [15.53818779  0.02506511].
2026-07-21 10:24:08,482 - INFO - Maximum log composite likelihood: -406.5277214188932.
2026-07-21 10:24:08,482 - INFO - Optimal value of theta: 412.05092225279884.
2026-07-21 10:24:08,482 - INFO - Beginning optimization with guess, [1.93441751 0.0758071 ].
2026-07-21 10:24:11,840 - INFO - Finished optimization with guess, [1.93441751 0.0758071 ].
2026-07-21 10:24:11,842 - INFO - Best fit parameters: [14.41388272  0.02516285].
2026-07-21 10:24:12,142 - INFO - Maximum log composite likelihood: -408.98107004658823.
2026-07-21 10:24:12,143 - INFO - Optimal value of theta: 413.2527258089593.
2026-07-21 10:24:12,143 - INFO - Beginning optimization with guess, [1.4237302  0.18966807].
2026-07-21 10:24:15,424 - INFO - Finished optimization with guess, [1.4237302  0.18966807].
2026-07-21 10:24:15,424 - INFO - Best fit parameters: [6.75055934e+01 2.94725713e-02].
2026-07-21 10:24:15,682 - INFO - Maximum log composite likelihood: -402.2665324490014.
2026-07-21 10:24:15,682 - INFO - Optimal value of theta: 375.8252567465269.
2026-07-21 10:24:15,683 - INFO - Beginning optimization with guess, [2.18671201 0.06226932].
2026-07-21 10:24:20,128 - INFO - Finished optimization with guess, [2.18671201 0.06226932].
2026-07-21 10:24:20,128 - INFO - Best fit parameters: [32.96798444  0.0356279 ].
2026-07-21 10:24:20,428 - INFO - Maximum log composite likelihood: -411.4479819991634.
2026-07-21 10:24:20,429 - INFO - Optimal value of theta: 360.83738427619386.
2026-07-21 10:24:20,429 - INFO - Beginning optimization with guess, [1.2733179  0.12338088].
2026-07-21 10:24:23,638 - INFO - Finished optimization with guess, [1.2733179  0.12338088].
2026-07-21 10:24:23,639 - INFO - Best fit parameters: [2.78623644e+01 2.39951473e-02].
2026-07-21 10:24:23,899 - INFO - Maximum log composite likelihood: -395.75479099639443.
2026-07-21 10:24:23,899 - INFO - Optimal value of theta: 407.08620596958053.
2026-07-21 10:24:23,900 - INFO - Beginning optimization with guess, [1.13120087 0.09728659].
2026-07-21 10:24:26,750 - INFO - Finished optimization with guess, [1.13120087 0.09728659].
2026-07-21 10:24:26,750 - INFO - Best fit parameters: [20.47513479  0.02460978].
2026-07-21 10:24:26,988 - INFO - Maximum log composite likelihood: -399.87619540359066.
2026-07-21 10:24:26,988 - INFO - Optimal value of theta: 408.84559233256516.
2026-07-21 10:24:26,988 - INFO - Beginning optimization with guess, [4.94736478 0.08830804].
2026-07-21 10:24:29,683 - INFO - Finished optimization with guess, [4.94736478 0.08830804].
2026-07-21 10:24:29,683 - INFO - Best fit parameters: [3.34247989e+01 2.50984040e-02].
2026-07-21 10:24:29,903 - INFO - Maximum log composite likelihood: -393.8496019768301.
2026-07-21 10:24:29,903 - INFO - Optimal value of theta: 400.2336875378893.
2026-07-21 10:24:29,903 - INFO - Beginning optimization with guess, [1.64893676 0.05043782].
2026-07-21 10:24:32,799 - INFO - Finished optimization with guess, [1.64893676 0.05043782].
2026-07-21 10:24:32,800 - INFO - Best fit parameters: [24.75846788  0.02881634].
2026-07-21 10:24:33,019 - INFO - Maximum log composite likelihood: -397.23223456324524.
2026-07-21 10:24:33,019 - INFO - Optimal value of theta: 389.3086127091978.
2026-07-21 10:24:33,019 - INFO - Beginning optimization with guess, [3.22659655 0.0550575 ].
2026-07-21 10:24:36,907 - INFO - Finished optimization with guess, [3.22659655 0.0550575 ].
2026-07-21 10:24:36,908 - INFO - Best fit parameters: [15.78838891  0.03937825].
2026-07-21 10:24:37,165 - INFO - Maximum log composite likelihood: -418.13625339160893.
2026-07-21 10:24:37,166 - INFO - Optimal value of theta: 365.288175635272.
2026-07-21 10:24:37,166 - INFO - Beginning optimization with guess, [3.60134605 0.16320521].
2026-07-21 10:24:40,489 - INFO - Finished optimization with guess, [3.60134605 0.16320521].
2026-07-21 10:24:40,490 - INFO - Best fit parameters: [11.11011915  0.02447823].
2026-07-21 10:24:40,791 - INFO - Maximum log composite likelihood: -421.53180933394697.
2026-07-21 10:24:40,791 - INFO - Optimal value of theta: 421.9384957774422.
2026-07-21 10:24:40,792 - INFO - Beginning optimization with guess, [4.50569253 0.19240946].
2026-07-21 10:24:43,876 - INFO - Finished optimization with guess, [4.50569253 0.19240946].
2026-07-21 10:24:43,876 - INFO - Best fit parameters: [7.77345853 0.02503714].
2026-07-21 10:24:44,144 - INFO - Maximum log composite likelihood: -444.4115433708887.
2026-07-21 10:24:44,144 - INFO - Optimal value of theta: 430.49134181742323.
2026-07-21 10:24:44,144 - INFO - Beginning optimization with guess, [5.18677342 0.1166138 ].
2026-07-21 10:24:47,490 - INFO - Finished optimization with guess, [5.18677342 0.1166138 ].
2026-07-21 10:24:47,491 - INFO - Best fit parameters: [19.25343085  0.02173711].
2026-07-21 10:24:47,709 - INFO - Maximum log composite likelihood: -406.14937076101495.
2026-07-21 10:24:47,710 - INFO - Optimal value of theta: 421.9655255432574.
2026-07-21 10:24:47,710 - INFO - Beginning optimization with guess, [7.21673671 0.05902532].
2026-07-21 10:24:50,894 - INFO - Finished optimization with guess, [7.21673671 0.05902532].
2026-07-21 10:24:50,895 - INFO - Best fit parameters: [21.09143051  0.02892951].
2026-07-21 10:24:51,154 - INFO - Maximum log composite likelihood: -398.8769090546114.
2026-07-21 10:24:51,155 - INFO - Optimal value of theta: 391.62096317773296.
2026-07-21 10:24:51,155 - INFO - Beginning optimization with guess, [2.23794335 0.1527195 ].
2026-07-21 10:24:54,175 - INFO - Finished optimization with guess, [2.23794335 0.1527195 ].
2026-07-21 10:24:54,176 - INFO - Best fit parameters: [2.28442341e+01 2.04250238e-02].
2026-07-21 10:24:54,427 - INFO - Maximum log composite likelihood: -405.7786959932207.
2026-07-21 10:24:54,427 - INFO - Optimal value of theta: 425.55691182823574.
2026-07-21 10:24:54,427 - INFO - Beginning optimization with guess, [3.99879541 0.18229939].
2026-07-21 10:24:57,113 - INFO - Finished optimization with guess, [3.99879541 0.18229939].
2026-07-21 10:24:57,113 - INFO - Best fit parameters: [8.14432314 0.02470103].
2026-07-21 10:24:57,322 - INFO - Maximum log composite likelihood: -441.29522658490254.
2026-07-21 10:24:57,322 - INFO - Optimal value of theta: 430.07690119485454.
2026-07-21 10:24:57,322 - INFO - Beginning optimization with guess, [3.35043939 0.11237159].
2026-07-21 10:25:00,716 - INFO - Finished optimization with guess, [3.35043939 0.11237159].
2026-07-21 10:25:00,716 - INFO - Best fit parameters: [2.64311848e+01 2.53085246e-02].
2026-07-21 10:25:00,974 - INFO - Maximum log composite likelihood: -395.58161968564724.
2026-07-21 10:25:00,974 - INFO - Optimal value of theta: 402.200848896114.
2026-07-21 10:25:00,975 - INFO - Beginning optimization with guess, [4.27085989 0.17324009].
2026-07-21 10:25:03,959 - INFO - Finished optimization with guess, [4.27085989 0.17324009].
2026-07-21 10:25:03,959 - INFO - Best fit parameters: [10.79620447  0.02376556].
2026-07-21 10:25:04,176 - INFO - Maximum log composite likelihood: -424.40390719616965.
2026-07-21 10:25:04,176 - INFO - Optimal value of theta: 425.2924283677466.
2026-07-21 10:25:04,178 - INFO - Converting and interpreting Tau estimates.
2026-07-21 10:25:04,180 - INFO - Finished demographic inference.
2026-07-21 10:25:04,180 - INFO - Pipeline executed succesfully.
