2026-07-16 00:04:27,645 - INFO - Beginning execution of fit_demographic_model.py in directory /u/project/kirk-bigdata/jonmah/sample_size_demography/Scripts

2026-07-16 00:04:27,646 - INFO - Progress is being logged to ../Analysis/tennessen_ooa_630/log.log

2026-07-16 00:04:27,647 - INFO - Parsed the following arguments:
	syn_input_sfs = ../Simulations/tennessen/ooa_630_sfs/dadi/pop1.sfs
	mask_singletons = False
	mask_doubletons = False
	sum_alleles = False
	L_syn = 100000000.0
	model_type = three_epoch
	input_params = []
	outprefix = ../Analysis/tennessen_ooa_630/

2026-07-16 00:04:27,651 - INFO - Beginning demographic inference for three-epoch demographic model.
2026-07-16 00:04:27,655 - INFO - Beginning optimization with guess, [0.00956829 0.00641307 0.08870969 0.08325352].
2026-07-16 00:05:07,721 - INFO - Finished optimization with guess, [0.00956829 0.00641307 0.08870969 0.08325352].
2026-07-16 00:05:07,725 - INFO - Best fit parameters: [0.0078855  0.00351198 0.09015699 0.180608  ].
2026-07-16 00:05:10,014 - INFO - Maximum log composite likelihood: -2816.86496041027.
2026-07-16 00:05:10,014 - INFO - Optimal value of theta: 221732.46039843382.
2026-07-16 00:05:10,014 - INFO - Beginning optimization with guess, [0.03848864 0.04090254 0.12259096 0.14769561].
2026-07-16 00:06:17,884 - INFO - Finished optimization with guess, [0.03848864 0.04090254 0.12259096 0.14769561].
2026-07-16 00:06:17,886 - INFO - Best fit parameters: [0.01594617 0.11710103 0.20437322 0.08880145].
2026-07-16 00:06:19,259 - INFO - Maximum log composite likelihood: -2609.5709669861553.
2026-07-16 00:06:19,259 - INFO - Optimal value of theta: 8052.354616192106.
2026-07-16 00:06:19,259 - INFO - Beginning optimization with guess, [0.06101927 0.06186231 0.17410078 0.11604588].
2026-07-16 00:06:58,301 - INFO - Finished optimization with guess, [0.06101927 0.06186231 0.17410078 0.11604588].
2026-07-16 00:06:58,303 - INFO - Best fit parameters: [0.02034059 0.13843529 0.34119155 0.10207662].
2026-07-16 00:06:59,612 - INFO - Maximum log composite likelihood: -2608.8588442638043.
2026-07-16 00:06:59,612 - INFO - Optimal value of theta: 6825.013190982959.
2026-07-16 00:06:59,613 - INFO - Beginning optimization with guess, [0.04560915 0.11497152 0.09074436 0.16723106].
2026-07-16 00:07:31,079 - INFO - Finished optimization with guess, [0.04560915 0.11497152 0.09074436 0.16723106].
2026-07-16 00:07:31,080 - INFO - Best fit parameters: [0.01919923 0.19907713 0.18691795 0.1624441 ].
2026-07-16 00:07:32,318 - INFO - Maximum log composite likelihood: -2611.497193693577.
2026-07-16 00:07:32,318 - INFO - Optimal value of theta: 4721.6255879074315.
2026-07-16 00:07:32,318 - INFO - Beginning optimization with guess, [0.10373127 0.05088647 0.07675473 0.09636225].
2026-07-16 00:07:55,784 - INFO - Finished optimization with guess, [0.10373127 0.05088647 0.07675473 0.09636225].
2026-07-16 00:07:55,785 - INFO - Best fit parameters: [0.07230297 0.03242488 0.10453742 0.249622  ].
2026-07-16 00:07:56,971 - INFO - Maximum log composite likelihood: -2819.7950068186215.
2026-07-16 00:07:56,971 - INFO - Optimal value of theta: 23978.552706302857.
2026-07-16 00:07:56,972 - INFO - Beginning optimization with guess, [0.29592415 0.14288337 0.13732786 0.15621351].
2026-07-16 00:08:18,972 - INFO - Finished optimization with guess, [0.29592415 0.14288337 0.13732786 0.15621351].
2026-07-16 00:08:18,974 - INFO - Best fit parameters: [0.14305498 0.11611768 0.22600407 0.69038019].
2026-07-16 00:08:20,133 - INFO - Maximum log composite likelihood: -2820.5731313424285.
2026-07-16 00:08:20,133 - INFO - Optimal value of theta: 6693.032158327972.
2026-07-16 00:08:20,133 - INFO - Beginning optimization with guess, [0.49436507 0.30313393 0.55939082 0.06593023].
2026-07-16 00:08:41,779 - INFO - Finished optimization with guess, [0.49436507 0.30313393 0.55939082 0.06593023].
2026-07-16 00:08:41,781 - INFO - Best fit parameters: [0.15449311 3.10883247 0.67504391 0.0245938 ].
2026-07-16 00:08:42,881 - INFO - Maximum log composite likelihood: -1352.5343631943124.
2026-07-16 00:08:42,881 - INFO - Optimal value of theta: 1221.4801776311397.
2026-07-16 00:08:42,881 - INFO - Beginning optimization with guess, [0.72157286 0.41024317 0.06748614 0.05924415].
2026-07-16 00:09:03,471 - INFO - Finished optimization with guess, [0.72157286 0.41024317 0.06748614 0.05924415].
2026-07-16 00:09:03,473 - INFO - Best fit parameters: [4.65675444e-01 2.63252253e+02 5.94554817e-02 9.72390384e-03].
2026-07-16 00:09:04,500 - INFO - Maximum log composite likelihood: -988.9566859741399.
2026-07-16 00:09:04,501 - INFO - Optimal value of theta: 678.5488933376328.
2026-07-16 00:09:04,501 - INFO - Beginning optimization with guess, [1.85923726 1.41292916 0.13850956 0.06411492].
2026-07-16 00:09:25,001 - INFO - Finished optimization with guess, [1.85923726 1.41292916 0.13850956 0.06411492].
2026-07-16 00:09:25,002 - INFO - Best fit parameters: [5.56992019e-01 4.26748833e+01 9.48216407e-02 1.52234768e-02].
2026-07-16 00:09:26,041 - INFO - Maximum log composite likelihood: -743.7618556547217.
2026-07-16 00:09:26,041 - INFO - Optimal value of theta: 573.5526337367473.
2026-07-16 00:09:26,041 - INFO - Beginning optimization with guess, [0.91588411 0.76342843 0.08079668 0.13935399].
2026-07-16 00:09:46,548 - INFO - Finished optimization with guess, [0.91588411 0.76342843 0.08079668 0.13935399].
2026-07-16 00:09:46,549 - INFO - Best fit parameters: [7.63268331e-01 6.66070861e+01 6.51031316e-02 2.70848578e-02].
2026-07-16 00:09:47,577 - INFO - Maximum log composite likelihood: -752.15229911172.
2026-07-16 00:09:47,577 - INFO - Optimal value of theta: 396.4114425662208.
2026-07-16 00:09:47,577 - INFO - Beginning optimization with guess, [0.83506759 1.91619943 0.08475717 0.12092915].
2026-07-16 00:10:13,745 - INFO - Finished optimization with guess, [0.83506759 1.91619943 0.08475717 0.12092915].
2026-07-16 00:10:13,747 - INFO - Best fit parameters: [1.27661700e-01 1.67790246e+02 1.39688790e-01 5.15680927e-03].
2026-07-16 00:10:14,791 - INFO - Maximum log composite likelihood: -1057.0519545662646.
2026-07-16 00:10:14,792 - INFO - Optimal value of theta: 1615.800083181435.
2026-07-16 00:10:14,792 - INFO - Beginning optimization with guess, [1.56003052 3.31427474 0.06567036 0.06892814].
2026-07-16 00:10:40,321 - INFO - Finished optimization with guess, [1.56003052 3.31427474 0.06567036 0.06892814].
2026-07-16 00:10:40,323 - INFO - Best fit parameters: [4.23307932e-01 2.56692380e+01 6.27929931e-02 2.54217391e-02].
2026-07-16 00:10:41,341 - INFO - Maximum log composite likelihood: -680.6231352451772.
2026-07-16 00:10:41,341 - INFO - Optimal value of theta: 494.8210503640003.
2026-07-16 00:10:41,341 - INFO - Beginning optimization with guess, [2.01750055 1.89416143 0.09676223 0.07735911].
2026-07-16 00:11:01,850 - INFO - Finished optimization with guess, [2.01750055 1.89416143 0.09676223 0.07735911].
2026-07-16 00:11:01,851 - INFO - Best fit parameters: [4.96976759e-01 4.18229776e+01 7.66875200e-02 2.63305943e-02].
2026-07-16 00:11:02,879 - INFO - Maximum log composite likelihood: -710.6257312024778.
2026-07-16 00:11:02,880 - INFO - Optimal value of theta: 454.0897527260738.
2026-07-16 00:11:02,880 - INFO - Beginning optimization with guess, [1.75691798 1.33550782 0.09312519 0.19690642].
2026-07-16 00:11:23,361 - INFO - Finished optimization with guess, [1.75691798 1.33550782 0.09312519 0.19690642].
2026-07-16 00:11:23,363 - INFO - Best fit parameters: [2.46284694e+00 3.63055212e+03 4.03198978e-02 5.64807957e-03].
2026-07-16 00:11:24,388 - INFO - Maximum log composite likelihood: -1033.2164204028256.
2026-07-16 00:11:24,388 - INFO - Optimal value of theta: 477.9188620713897.
2026-07-16 00:11:24,388 - INFO - Beginning optimization with guess, [1.49801865 2.12129774 0.06040821 0.17925001].
2026-07-16 00:11:44,742 - INFO - Finished optimization with guess, [1.49801865 2.12129774 0.06040821 0.17925001].
2026-07-16 00:11:44,743 - INFO - Best fit parameters: [7.29038546e-01 6.79294283e+01 4.91257079e-02 2.78425293e-02].
2026-07-16 00:11:45,758 - INFO - Maximum log composite likelihood: -761.7735459155484.
2026-07-16 00:11:45,758 - INFO - Optimal value of theta: 391.84714456279227.
2026-07-16 00:11:45,758 - INFO - Beginning optimization with guess, [2.21351896 1.40100512 0.10466821 0.09043982].
2026-07-16 00:12:06,451 - INFO - Finished optimization with guess, [2.21351896 1.40100512 0.10466821 0.09043982].
2026-07-16 00:12:06,501 - INFO - Best fit parameters: [9.68837139e-01 1.04978516e+02 5.69129097e-02 1.78241328e-02].
2026-07-16 00:12:07,521 - INFO - Maximum log composite likelihood: -780.1131205706665.
2026-07-16 00:12:07,521 - INFO - Optimal value of theta: 447.3525605230679.
2026-07-16 00:12:07,522 - INFO - Beginning optimization with guess, [2.86410841 4.18283289 0.07748674 0.10818093].
2026-07-16 00:12:28,003 - INFO - Finished optimization with guess, [2.86410841 4.18283289 0.07748674 0.10818093].
2026-07-16 00:12:28,006 - INFO - Best fit parameters: [ 1.24104188 21.26830393  0.0446954   0.02359938].
2026-07-16 00:12:29,033 - INFO - Maximum log composite likelihood: -814.1801981149224.
2026-07-16 00:12:29,033 - INFO - Optimal value of theta: 417.99474358170676.
2026-07-16 00:12:29,033 - INFO - Beginning optimization with guess, [3.37514503 2.69633376 0.05310444 0.10204182].
2026-07-16 00:12:49,316 - INFO - Finished optimization with guess, [3.37514503 2.69633376 0.05310444 0.10204182].
2026-07-16 00:12:49,318 - INFO - Best fit parameters: [2.20190501e+00 4.86200248e+01 2.02390152e-02 2.23318756e-02].
2026-07-16 00:12:50,343 - INFO - Maximum log composite likelihood: -753.7335936051317.
2026-07-16 00:12:50,344 - INFO - Optimal value of theta: 376.1569404269871.
2026-07-16 00:12:50,344 - INFO - Beginning optimization with guess, [4.83161887 3.12448505 0.05137182 0.06983574].
2026-07-16 00:13:10,576 - INFO - Finished optimization with guess, [4.83161887 3.12448505 0.05137182 0.06983574].
2026-07-16 00:13:10,577 - INFO - Best fit parameters: [3.93032178e+00 3.65737808e+01 1.42203580e-02 1.96416425e-02].
2026-07-16 00:13:11,591 - INFO - Maximum log composite likelihood: -757.9520240145781.
2026-07-16 00:13:11,592 - INFO - Optimal value of theta: 390.770167058955.
2026-07-16 00:13:11,592 - INFO - Beginning optimization with guess, [1.93057118 2.45511597 0.06484981 0.07442692].
2026-07-16 00:13:31,845 - INFO - Finished optimization with guess, [1.93057118 2.45511597 0.06484981 0.07442692].
2026-07-16 00:13:31,848 - INFO - Best fit parameters: [4.91188694e-01 3.38206999e+01 4.99247675e-02 2.92765437e-02].
2026-07-16 00:13:32,864 - INFO - Maximum log composite likelihood: -710.1161181552897.
2026-07-16 00:13:32,864 - INFO - Optimal value of theta: 432.6137310784804.
2026-07-16 00:13:32,864 - INFO - Beginning optimization with guess, [5.71949589 3.35768238 0.15703999 0.17865947].
2026-07-16 00:13:53,347 - INFO - Finished optimization with guess, [5.71949589 3.35768238 0.15703999 0.17865947].
2026-07-16 00:13:53,349 - INFO - Best fit parameters: [1.64175500e+00 1.86661915e+02 1.59600432e-02 2.97000794e-02].
2026-07-16 00:13:54,370 - INFO - Maximum log composite likelihood: -841.1904900310506.
2026-07-16 00:13:54,370 - INFO - Optimal value of theta: 327.0433505055296.
2026-07-16 00:13:54,370 - INFO - Beginning optimization with guess, [7.66853978 6.87311858 0.11992028 0.13034942].
2026-07-16 00:14:15,155 - INFO - Finished optimization with guess, [7.66853978 6.87311858 0.11992028 0.13034942].
2026-07-16 00:14:15,157 - INFO - Best fit parameters: [3.84073301e+00 2.28868974e+01 2.98282277e-02 1.73546175e-02].
2026-07-16 00:14:16,204 - INFO - Maximum log composite likelihood: -846.7283613596262.
2026-07-16 00:14:16,204 - INFO - Optimal value of theta: 384.3958471483196.
2026-07-16 00:14:16,204 - INFO - Beginning optimization with guess, [3.9779941  6.56593263 0.0525949  0.19401115].
2026-07-16 00:14:36,921 - INFO - Finished optimization with guess, [3.9779941  6.56593263 0.0525949  0.19401115].
2026-07-16 00:14:36,924 - INFO - Best fit parameters: [2.20524947e+00 2.50949495e+01 1.76997275e-02 2.20100594e-02].
2026-07-16 00:14:37,938 - INFO - Maximum log composite likelihood: -790.3481111760008.
2026-07-16 00:14:37,938 - INFO - Optimal value of theta: 400.58341581089337.
2026-07-16 00:14:37,938 - INFO - Beginning optimization with guess, [6.97510761 3.49784594 0.08065815 0.0933166 ].
2026-07-16 00:14:58,670 - INFO - Finished optimization with guess, [6.97510761 3.49784594 0.08065815 0.0933166 ].
2026-07-16 00:14:58,672 - INFO - Best fit parameters: [6.12815577e+00 4.68587804e+01 1.39693266e-02 1.76460272e-02].
2026-07-16 00:14:59,701 - INFO - Maximum log composite likelihood: -747.3302855797181.
2026-07-16 00:14:59,701 - INFO - Optimal value of theta: 385.5648130798718.
2026-07-16 00:14:59,701 - INFO - Beginning optimization with guess, [4.49864833 8.08748528 0.1141363  0.12436973].
2026-07-16 00:15:20,382 - INFO - Finished optimization with guess, [4.49864833 8.08748528 0.1141363  0.12436973].
2026-07-16 00:15:20,414 - INFO - Best fit parameters: [7.00821067e-01 4.04744447e+01 2.56696542e-02 3.03272298e-02].
2026-07-16 00:15:21,474 - INFO - Maximum log composite likelihood: -740.3749722665827.
2026-07-16 00:15:21,475 - INFO - Optimal value of theta: 388.11822777265405.
2026-07-16 00:15:21,477 - INFO - Converting and interpreting Tau estimates.
2026-07-16 00:15:21,485 - INFO - Finished demographic inference.
2026-07-16 00:15:21,485 - INFO - Pipeline executed succesfully.
