2026-07-17 12:21:42,564 - INFO - Beginning execution of fit_demographic_model.py in directory /u/project/kirk-bigdata/jonmah/sample_size_demography/Scripts

2026-07-17 12:21:42,565 - INFO - Progress is being logged to ../Analysis/tennessen_ooa_430/log.log

2026-07-17 12:21:42,565 - INFO - Parsed the following arguments:
	syn_input_sfs = ../Simulations/tennessen/ooa_430_sfs/dadi/pop1.sfs
	mask_singletons = False
	mask_doubletons = False
	sum_alleles = False
	L_syn = 100000000.0
	model_type = three_epoch
	input_params = []
	outprefix = ../Analysis/tennessen_ooa_430/

2026-07-17 12:21:42,566 - INFO - Beginning demographic inference for three-epoch demographic model.
2026-07-17 12:21:42,570 - INFO - Beginning optimization with guess, [0.01350297 0.00665598 0.18521438 0.10826473].
2026-07-17 12:22:00,078 - INFO - Finished optimization with guess, [0.01350297 0.00665598 0.18521438 0.10826473].
2026-07-17 12:22:00,079 - INFO - Best fit parameters: [0.01231638 0.00345971 0.18523254 0.22933228].
2026-07-17 12:22:02,317 - INFO - Maximum log composite likelihood: -1988.964791005101.
2026-07-17 12:22:02,318 - INFO - Optimal value of theta: 201391.07325197972.
2026-07-17 12:22:02,318 - INFO - Beginning optimization with guess, [0.02131881 0.01300951 0.06121462 0.06615817].
2026-07-17 12:23:08,643 - INFO - Finished optimization with guess, [0.02131881 0.01300951 0.06121462 0.06615817].
2026-07-17 12:23:08,645 - INFO - Best fit parameters: [0.01458427 0.00770421 0.08571634 0.13112956].
2026-07-17 12:23:09,983 - INFO - Maximum log composite likelihood: -1988.9648199200699.
2026-07-17 12:23:09,983 - INFO - Optimal value of theta: 90438.14980260486.
2026-07-17 12:23:09,983 - INFO - Beginning optimization with guess, [0.07316313 0.05941377 0.10413968 0.13316771].
2026-07-17 12:23:39,369 - INFO - Finished optimization with guess, [0.07316313 0.05941377 0.10413968 0.13316771].
2026-07-17 12:23:39,369 - INFO - Best fit parameters: [0.03966374 0.04063867 0.17065369 0.30644697].
2026-07-17 12:23:40,366 - INFO - Maximum log composite likelihood: -1989.053161742203.
2026-07-17 12:23:40,366 - INFO - Optimal value of theta: 17143.86258027018.
2026-07-17 12:23:40,366 - INFO - Beginning optimization with guess, [0.03904251 0.11923477 0.12293094 0.12456632].
2026-07-17 12:24:09,967 - INFO - Finished optimization with guess, [0.03904251 0.11923477 0.12293094 0.12456632].
2026-07-17 12:24:09,967 - INFO - Best fit parameters: [0.03171103 0.14461345 0.14650865 0.11253719].
2026-07-17 12:24:10,879 - INFO - Maximum log composite likelihood: -1873.3485431545982.
2026-07-17 12:24:10,879 - INFO - Optimal value of theta: 5661.913575157048.
2026-07-17 12:24:10,879 - INFO - Beginning optimization with guess, [0.12540888 0.08950334 0.13931318 0.06792092].
2026-07-17 12:24:55,647 - INFO - Finished optimization with guess, [0.12540888 0.08950334 0.13931318 0.06792092].
2026-07-17 12:24:55,648 - INFO - Best fit parameters: [0.16339452 0.97102961 0.26107353 0.00982445].
2026-07-17 12:24:56,494 - INFO - Maximum log composite likelihood: -895.316407187802.
2026-07-17 12:24:56,495 - INFO - Optimal value of theta: 1880.9704685259844.
2026-07-17 12:24:56,495 - INFO - Beginning optimization with guess, [0.29476413 0.17025727 0.18033091 0.05613131].
2026-07-17 12:25:24,624 - INFO - Finished optimization with guess, [0.29476413 0.17025727 0.18033091 0.05613131].
2026-07-17 12:25:24,626 - INFO - Best fit parameters: [0.18072719 0.75834187 0.22391673 0.03460677].
2026-07-17 12:25:25,460 - INFO - Maximum log composite likelihood: -1298.6107155491936.
2026-07-17 12:25:25,460 - INFO - Optimal value of theta: 1428.7156947158282.
2026-07-17 12:25:25,461 - INFO - Beginning optimization with guess, [0.48366162 0.41049249 0.90159167 0.17588343].
2026-07-17 12:25:51,118 - INFO - Finished optimization with guess, [0.48366162 0.41049249 0.90159167 0.17588343].
2026-07-17 12:25:51,119 - INFO - Best fit parameters: [0.74924671 2.34465003 0.83358976 0.02620274].
2026-07-17 12:25:51,940 - INFO - Maximum log composite likelihood: -1100.8550498592915.
2026-07-17 12:25:51,940 - INFO - Optimal value of theta: 656.1314146353594.
2026-07-17 12:25:51,940 - INFO - Beginning optimization with guess, [1.46297714 0.8091262  0.06139143 0.14958021].
2026-07-17 12:26:16,894 - INFO - Finished optimization with guess, [1.46297714 0.8091262  0.06139143 0.14958021].
2026-07-17 12:26:16,896 - INFO - Best fit parameters: [ 0.48851874 15.91528006  0.10345108  0.02522956].
2026-07-17 12:26:17,745 - INFO - Maximum log composite likelihood: -528.0974553769764.
2026-07-17 12:26:17,745 - INFO - Optimal value of theta: 527.0869107254678.
2026-07-17 12:26:17,746 - INFO - Beginning optimization with guess, [0.52107406 0.62310713 0.08009381 0.0832763 ].
2026-07-17 12:26:42,766 - INFO - Finished optimization with guess, [0.52107406 0.62310713 0.08009381 0.0832763 ].
2026-07-17 12:26:42,767 - INFO - Best fit parameters: [ 0.36632682 15.18076035  0.09125926  0.02914034].
2026-07-17 12:26:43,576 - INFO - Maximum log composite likelihood: -507.8658258107805.
2026-07-17 12:26:43,576 - INFO - Optimal value of theta: 532.3245434991649.
2026-07-17 12:26:43,576 - INFO - Beginning optimization with guess, [0.72896224 2.15527735 0.05150743 0.12874807].
2026-07-17 12:27:08,064 - INFO - Finished optimization with guess, [0.72896224 2.15527735 0.05150743 0.12874807].
2026-07-17 12:27:08,066 - INFO - Best fit parameters: [ 0.27596183 15.57299876  0.06997979  0.0272688 ].
2026-07-17 12:27:08,882 - INFO - Maximum log composite likelihood: -503.50210624968423.
2026-07-17 12:27:08,882 - INFO - Optimal value of theta: 569.2533734162924.
2026-07-17 12:27:08,882 - INFO - Beginning optimization with guess, [2.7779492  1.53683191 0.05575251 0.15579214].
2026-07-17 12:27:33,711 - INFO - Finished optimization with guess, [2.7779492  1.53683191 0.05575251 0.15579214].
2026-07-17 12:27:33,712 - INFO - Best fit parameters: [1.61978620e+00 1.64553603e+02 2.43454342e-02 2.08122044e-02].
2026-07-17 12:27:34,520 - INFO - Maximum log composite likelihood: -610.0668562346725.
2026-07-17 12:27:34,520 - INFO - Optimal value of theta: 391.61554744469277.
2026-07-17 12:27:34,520 - INFO - Beginning optimization with guess, [1.76212309 1.87037367 0.05214838 0.07375607].
2026-07-17 12:27:59,140 - INFO - Finished optimization with guess, [1.76212309 1.87037367 0.05214838 0.07375607].
2026-07-17 12:27:59,141 - INFO - Best fit parameters: [ 0.33734175 20.45859479  0.06164121  0.02497919].
2026-07-17 12:27:59,949 - INFO - Maximum log composite likelihood: -518.1947836376745.
2026-07-17 12:27:59,949 - INFO - Optimal value of theta: 544.2090150247283.
2026-07-17 12:27:59,949 - INFO - Beginning optimization with guess, [2.18085075 2.12697367 0.05876962 0.06031712].
2026-07-17 12:28:28,730 - INFO - Finished optimization with guess, [2.18085075 2.12697367 0.05876962 0.06031712].
2026-07-17 12:28:28,732 - INFO - Best fit parameters: [ 0.26876945 14.70654972  0.08908886  0.02543239].
2026-07-17 12:28:29,545 - INFO - Maximum log composite likelihood: -498.85421297510845.
2026-07-17 12:28:29,545 - INFO - Optimal value of theta: 608.3262410527449.
2026-07-17 12:28:29,545 - INFO - Beginning optimization with guess, [4.27634558 1.56569362 0.12328452 0.07630711].
2026-07-17 12:28:55,268 - INFO - Finished optimization with guess, [4.27634558 1.56569362 0.12328452 0.07630711].
2026-07-17 12:28:55,269 - INFO - Best fit parameters: [9.62796946e-01 5.37644329e+01 1.75132156e-02 2.56381648e-02].
2026-07-17 12:28:56,197 - INFO - Maximum log composite likelihood: -598.4778772057196.
2026-07-17 12:28:56,197 - INFO - Optimal value of theta: 401.24684389447856.
2026-07-17 12:28:56,198 - INFO - Beginning optimization with guess, [2.48403039 1.89432041 0.12606386 0.06216136].
2026-07-17 12:29:21,184 - INFO - Finished optimization with guess, [2.48403039 1.89432041 0.12606386 0.06216136].
2026-07-17 12:29:21,186 - INFO - Best fit parameters: [ 0.34896806 21.34504364  0.07890997  0.02441635].
2026-07-17 12:29:21,995 - INFO - Maximum log composite likelihood: -512.0322404803542.
2026-07-17 12:29:21,995 - INFO - Optimal value of theta: 554.0668498874697.
2026-07-17 12:29:21,996 - INFO - Beginning optimization with guess, [2.24626978 2.60357117 0.13698304 0.09172937].
2026-07-17 12:29:46,674 - INFO - Finished optimization with guess, [2.24626978 2.60357117 0.13698304 0.09172937].
2026-07-17 12:29:46,675 - INFO - Best fit parameters: [4.49077421e-01 2.63999404e+01 1.06161999e-01 2.48875464e-02].
2026-07-17 12:29:47,483 - INFO - Maximum log composite likelihood: -516.8314503677485.
2026-07-17 12:29:47,484 - INFO - Optimal value of theta: 518.6077657227239.
2026-07-17 12:29:47,484 - INFO - Beginning optimization with guess, [2.72302902 1.84847442 0.09389247 0.09572306].
2026-07-17 12:30:11,896 - INFO - Finished optimization with guess, [2.72302902 1.84847442 0.09389247 0.09572306].
2026-07-17 12:30:11,897 - INFO - Best fit parameters: [6.76515531e-01 3.96838271e+01 4.44069625e-02 2.59070513e-02].
2026-07-17 12:30:12,708 - INFO - Maximum log composite likelihood: -575.320218330095.
2026-07-17 12:30:12,708 - INFO - Optimal value of theta: 435.34587354900486.
2026-07-17 12:30:12,708 - INFO - Beginning optimization with guess, [4.57044928 2.85684085 0.11061007 0.08941063].
2026-07-17 12:30:37,060 - INFO - Finished optimization with guess, [4.57044928 2.85684085 0.11061007 0.08941063].
2026-07-17 12:30:37,061 - INFO - Best fit parameters: [1.74781827e+00 5.65508580e+01 1.31068884e-02 2.34886360e-02].
2026-07-17 12:30:37,915 - INFO - Maximum log composite likelihood: -600.7132984474011.
2026-07-17 12:30:37,915 - INFO - Optimal value of theta: 390.58315411161766.
2026-07-17 12:30:37,915 - INFO - Beginning optimization with guess, [3.20666263 4.82311925 0.17897998 0.10036443].
2026-07-17 12:31:02,689 - INFO - Finished optimization with guess, [3.20666263 4.82311925 0.17897998 0.10036443].
2026-07-17 12:31:02,691 - INFO - Best fit parameters: [ 0.40615248 24.44563529  0.0979095   0.02480192].
2026-07-17 12:31:03,526 - INFO - Maximum log composite likelihood: -513.4755837424248.
2026-07-17 12:31:03,526 - INFO - Optimal value of theta: 533.0223840112998.
2026-07-17 12:31:03,526 - INFO - Beginning optimization with guess, [4.26779146 6.99988224 0.07068518 0.06117986].
2026-07-17 12:31:27,936 - INFO - Finished optimization with guess, [4.26779146 6.99988224 0.07068518 0.06117986].
2026-07-17 12:31:27,937 - INFO - Best fit parameters: [2.61394897e+00 6.34746640e+01 1.08443592e-02 2.11282014e-02].
2026-07-17 12:31:28,742 - INFO - Maximum log composite likelihood: -599.9710531928368.
2026-07-17 12:31:28,742 - INFO - Optimal value of theta: 395.78709562555815.
2026-07-17 12:31:28,742 - INFO - Beginning optimization with guess, [2.68965812 2.06657181 0.09142085 0.17190678].
2026-07-17 12:31:53,519 - INFO - Finished optimization with guess, [2.68965812 2.06657181 0.09142085 0.17190678].
2026-07-17 12:31:53,521 - INFO - Best fit parameters: [1.44734665e+00 1.59248964e+02 3.23957463e-02 2.01409457e-02].
2026-07-17 12:31:54,339 - INFO - Maximum log composite likelihood: -615.3615527039018.
2026-07-17 12:31:54,339 - INFO - Optimal value of theta: 399.2821488827832.
2026-07-17 12:31:54,339 - INFO - Beginning optimization with guess, [3.65272689 2.51000628 0.06904369 0.18256374].
2026-07-17 12:32:23,386 - INFO - Finished optimization with guess, [3.65272689 2.51000628 0.06904369 0.18256374].
2026-07-17 12:32:23,387 - INFO - Best fit parameters: [2.05607954e+00 1.71456185e+02 1.92182869e-02 1.91835475e-02].
2026-07-17 12:32:24,258 - INFO - Maximum log composite likelihood: -606.1933402968262.
2026-07-17 12:32:24,258 - INFO - Optimal value of theta: 394.89101632023215.
2026-07-17 12:32:24,259 - INFO - Beginning optimization with guess, [5.30984285 6.41384816 0.19679949 0.19604562].
2026-07-17 12:32:48,658 - INFO - Finished optimization with guess, [5.30984285 6.41384816 0.19679949 0.19604562].
2026-07-17 12:32:48,659 - INFO - Best fit parameters: [6.89092421e-01 4.45263739e+01 2.53966880e-02 2.77566856e-02].
2026-07-17 12:32:49,463 - INFO - Maximum log composite likelihood: -589.2825679810237.
2026-07-17 12:32:49,463 - INFO - Optimal value of theta: 412.73960985962225.
2026-07-17 12:32:49,464 - INFO - Beginning optimization with guess, [7.59788454 6.35407625 0.08493614 0.1969606 ].
2026-07-17 12:33:14,012 - INFO - Finished optimization with guess, [7.59788454 6.35407625 0.08493614 0.1969606 ].
2026-07-17 12:33:14,013 - INFO - Best fit parameters: [2.34037777e+01 4.20093455e+01 1.80903113e-02 9.34768982e-03].
2026-07-17 12:33:14,847 - INFO - Maximum log composite likelihood: -598.9815978282537.
2026-07-17 12:33:14,847 - INFO - Optimal value of theta: 397.5724945112985.
2026-07-17 12:33:14,847 - INFO - Beginning optimization with guess, [3.62712113 9.83382409 0.05393192 0.1184205 ].
2026-07-17 12:33:39,152 - INFO - Finished optimization with guess, [3.62712113 9.83382409 0.05393192 0.1184205 ].
2026-07-17 12:33:39,153 - INFO - Best fit parameters: [1.98532556e+00 6.04235688e+01 1.21648768e-02 2.27632412e-02].
2026-07-17 12:33:39,961 - INFO - Maximum log composite likelihood: -600.2538277202617.
2026-07-17 12:33:39,961 - INFO - Optimal value of theta: 390.9404564289991.
2026-07-17 12:33:39,964 - INFO - Converting and interpreting Tau estimates.
2026-07-17 12:33:39,972 - INFO - Finished demographic inference.
2026-07-17 12:33:39,972 - INFO - Pipeline executed succesfully.
