2026-07-17 10:21:29,090 - INFO - Beginning execution of fit_demographic_model.py in directory /u/project/kirk-bigdata/jonmah/sample_size_demography/Scripts

2026-07-17 10:21:29,090 - INFO - Progress is being logged to ../Analysis/tennessen_ooa_790/log.log

2026-07-17 10:21:29,090 - INFO - Parsed the following arguments:
	syn_input_sfs = ../Simulations/tennessen/ooa_790_sfs/dadi/pop1.sfs
	mask_singletons = False
	mask_doubletons = False
	sum_alleles = False
	L_syn = 100000000.0
	model_type = three_epoch
	input_params = []
	outprefix = ../Analysis/tennessen_ooa_790/

2026-07-17 10:21:29,092 - INFO - Beginning demographic inference for three-epoch demographic model.
2026-07-17 10:21:29,095 - INFO - Beginning optimization with guess, [0.00654916 0.00988583 0.06532615 0.14714211].
2026-07-17 10:25:34,066 - INFO - Finished optimization with guess, [0.00654916 0.00988583 0.06532615 0.14714211].
2026-07-17 10:25:34,068 - INFO - Best fit parameters: [0.00531331 0.05289714 0.06623954 0.03464514].
2026-07-17 10:25:36,968 - INFO - Maximum log composite likelihood: -3328.001986408391.
2026-07-17 10:25:36,968 - INFO - Optimal value of theta: 20293.395188764927.
2026-07-17 10:25:36,968 - INFO - Beginning optimization with guess, [0.01636462 0.02151081 0.07368608 0.09310044].
2026-07-17 10:28:15,679 - INFO - Finished optimization with guess, [0.01636462 0.02151081 0.07368608 0.09310044].
2026-07-17 10:28:15,680 - INFO - Best fit parameters: [0.00472576 0.07075955 0.1739173  0.05055543].
2026-07-17 10:28:19,222 - INFO - Maximum log composite likelihood: -3331.93811355714.
2026-07-17 10:28:19,222 - INFO - Optimal value of theta: 15074.726086151755.
2026-07-17 10:28:19,222 - INFO - Beginning optimization with guess, [0.04333259 0.03522434 0.0541904  0.05988185].
2026-07-17 10:29:42,557 - INFO - Finished optimization with guess, [0.04333259 0.03522434 0.0541904  0.05988185].
2026-07-17 10:29:42,558 - INFO - Best fit parameters: [0.01844267 0.02839041 0.11002398 0.1347675 ].
2026-07-17 10:29:45,396 - INFO - Maximum log composite likelihood: -3650.6869434246155.
2026-07-17 10:29:45,396 - INFO - Optimal value of theta: 30425.28073912783.
2026-07-17 10:29:45,397 - INFO - Beginning optimization with guess, [0.11410003 0.14058047 0.06466954 0.16942485].
2026-07-17 10:31:52,278 - INFO - Finished optimization with guess, [0.11410003 0.14058047 0.06466954 0.16942485].
2026-07-17 10:31:52,279 - INFO - Best fit parameters: [0.00333604 0.58355484 1.17743507 0.43937276].
2026-07-17 10:32:04,142 - INFO - Maximum log composite likelihood: -3337.6063015368463.
2026-07-17 10:32:04,145 - INFO - Optimal value of theta: 1838.0255249550548.
2026-07-17 10:32:04,145 - INFO - Beginning optimization with guess, [0.07060118 0.14657089 0.09817038 0.07460017].
2026-07-17 10:33:37,632 - INFO - Finished optimization with guess, [0.07060118 0.14657089 0.09817038 0.07460017].
2026-07-17 10:33:37,633 - INFO - Best fit parameters: [0.04609894 0.22261328 0.15150518 0.07359212].
2026-07-17 10:33:40,284 - INFO - Maximum log composite likelihood: -3213.2677381422623.
2026-07-17 10:33:40,284 - INFO - Optimal value of theta: 4881.239815501403.
2026-07-17 10:33:40,284 - INFO - Beginning optimization with guess, [0.17473875 0.17742168 0.13551603 0.07984835].
2026-07-17 10:34:59,180 - INFO - Finished optimization with guess, [0.17473875 0.17742168 0.13551603 0.07984835].
2026-07-17 10:34:59,181 - INFO - Best fit parameters: [0.12029298 0.53234698 0.20703646 0.05791602].
2026-07-17 10:35:01,798 - INFO - Maximum log composite likelihood: -2848.090325068105.
2026-07-17 10:35:01,798 - INFO - Optimal value of theta: 2190.945651720564.
2026-07-17 10:35:01,798 - INFO - Beginning optimization with guess, [0.92252973 0.26659443 0.99253545 0.1019631 ].
2026-07-17 10:36:35,432 - INFO - Finished optimization with guess, [0.92252973 0.26659443 0.99253545 0.1019631 ].
2026-07-17 10:36:35,433 - INFO - Best fit parameters: [0.46934835 2.62800621 1.27512255 0.03681868].
2026-07-17 10:36:38,060 - INFO - Maximum log composite likelihood: -1655.9304060797892.
2026-07-17 10:36:38,060 - INFO - Optimal value of theta: 849.4772259945532.
2026-07-17 10:36:38,060 - INFO - Beginning optimization with guess, [0.51822292 0.54767198 0.06922942 0.09963795].
2026-07-17 10:37:55,870 - INFO - Finished optimization with guess, [0.51822292 0.54767198 0.06922942 0.09963795].
2026-07-17 10:37:55,871 - INFO - Best fit parameters: [ 0.39495779 25.54786495  0.07191869  0.0263051 ].
2026-07-17 10:37:58,431 - INFO - Maximum log composite likelihood: -789.8663410816829.
2026-07-17 10:37:58,431 - INFO - Optimal value of theta: 505.44331752643035.
2026-07-17 10:37:58,432 - INFO - Beginning optimization with guess, [1.66915832 1.42901964 0.0767002  0.12256677].
2026-07-17 10:39:15,532 - INFO - Finished optimization with guess, [1.66915832 1.42901964 0.0767002  0.12256677].
2026-07-17 10:39:15,533 - INFO - Best fit parameters: [2.61234445e+00 4.56421741e+02 4.80159031e-02 1.95858451e-02].
2026-07-17 10:39:18,088 - INFO - Maximum log composite likelihood: -926.757942058545.
2026-07-17 10:39:18,088 - INFO - Optimal value of theta: 345.48091630149327.
2026-07-17 10:39:18,088 - INFO - Beginning optimization with guess, [1.70897551 1.24516064 0.14264268 0.09078845].
2026-07-17 10:40:35,322 - INFO - Finished optimization with guess, [1.70897551 1.24516064 0.14264268 0.09078845].
2026-07-17 10:40:35,323 - INFO - Best fit parameters: [1.26169372e+00 1.26561153e+02 7.69900857e-02 2.24415220e-02].
2026-07-17 10:40:37,879 - INFO - Maximum log composite likelihood: -916.2593951735461.
2026-07-17 10:40:37,879 - INFO - Optimal value of theta: 383.25523744038645.
2026-07-17 10:40:37,880 - INFO - Beginning optimization with guess, [1.82397529 2.87218912 0.15746152 0.10621051].
2026-07-17 10:41:55,244 - INFO - Finished optimization with guess, [1.82397529 2.87218912 0.15746152 0.10621051].
2026-07-17 10:41:55,245 - INFO - Best fit parameters: [5.77345260e-01 4.92773228e+01 3.36303514e-01 1.99749162e-02].
2026-07-17 10:41:57,817 - INFO - Maximum log composite likelihood: -818.9883923255851.
2026-07-17 10:41:57,817 - INFO - Optimal value of theta: 533.0066297326109.
2026-07-17 10:41:57,818 - INFO - Beginning optimization with guess, [2.80570371 3.47885796 0.16376152 0.07018766].
2026-07-17 10:43:14,965 - INFO - Finished optimization with guess, [2.80570371 3.47885796 0.16376152 0.07018766].
2026-07-17 10:43:14,966 - INFO - Best fit parameters: [4.96315209e-01 2.49202649e+01 1.23175549e-01 2.45062170e-02].
2026-07-17 10:43:17,529 - INFO - Maximum log composite likelihood: -779.0444907508469.
2026-07-17 10:43:17,529 - INFO - Optimal value of theta: 514.4641553387307.
2026-07-17 10:43:17,530 - INFO - Beginning optimization with guess, [2.74980494 1.86516678 0.11773224 0.18402095].
2026-07-17 10:44:36,161 - INFO - Finished optimization with guess, [2.74980494 1.86516678 0.11773224 0.18402095].
2026-07-17 10:44:36,162 - INFO - Best fit parameters: [9.97365260e+00 1.84180615e+04 2.28059086e-02 1.01512291e-02].
2026-07-17 10:44:38,720 - INFO - Maximum log composite likelihood: -858.2014503010189.
2026-07-17 10:44:38,720 - INFO - Optimal value of theta: 379.94767894629865.
2026-07-17 10:44:38,721 - INFO - Beginning optimization with guess, [2.04083869 2.08855329 0.08918403 0.06834196].
2026-07-17 10:45:55,857 - INFO - Finished optimization with guess, [2.04083869 2.08855329 0.08918403 0.06834196].
2026-07-17 10:45:55,858 - INFO - Best fit parameters: [5.58271316e-01 3.03829840e+01 8.02969045e-02 2.59330238e-02].
2026-07-17 10:45:58,420 - INFO - Maximum log composite likelihood: -799.8245028237056.
2026-07-17 10:45:58,420 - INFO - Optimal value of theta: 468.90205233846837.
2026-07-17 10:45:58,420 - INFO - Beginning optimization with guess, [4.58746132 1.48858076 0.06996391 0.13061311].
2026-07-17 10:47:15,568 - INFO - Finished optimization with guess, [4.58746132 1.48858076 0.06996391 0.13061311].
2026-07-17 10:47:15,569 - INFO - Best fit parameters: [4.19970943e+00 6.02637571e+02 2.25641309e-02 1.46929649e-02].
2026-07-17 10:47:18,123 - INFO - Maximum log composite likelihood: -872.5023203009387.
2026-07-17 10:47:18,124 - INFO - Optimal value of theta: 385.06475309831063.
2026-07-17 10:47:18,124 - INFO - Beginning optimization with guess, [3.17995757 2.27278322 0.06622386 0.05999882].
2026-07-17 10:48:35,383 - INFO - Finished optimization with guess, [3.17995757 2.27278322 0.06622386 0.05999882].
2026-07-17 10:48:35,384 - INFO - Best fit parameters: [9.79248526e-01 4.73861211e+01 2.49503877e-02 2.61285123e-02].
2026-07-17 10:48:37,943 - INFO - Maximum log composite likelihood: -852.8889075065908.
2026-07-17 10:48:37,943 - INFO - Optimal value of theta: 398.0678280670983.
2026-07-17 10:48:37,944 - INFO - Beginning optimization with guess, [3.85789164 1.75044419 0.14264826 0.19354013].
2026-07-17 10:49:55,002 - INFO - Finished optimization with guess, [3.85789164 1.75044419 0.14264826 0.19354013].
2026-07-17 10:49:55,002 - INFO - Best fit parameters: [4.44228607e+00 1.16899048e+03 2.33371474e-02 1.42686474e-02].
2026-07-17 10:49:57,560 - INFO - Maximum log composite likelihood: -873.3669903911584.
2026-07-17 10:49:57,560 - INFO - Optimal value of theta: 382.9231681022397.
2026-07-17 10:49:57,560 - INFO - Beginning optimization with guess, [3.07086242 2.12070405 0.16000606 0.16582453].
2026-07-17 10:51:14,661 - INFO - Finished optimization with guess, [3.07086242 2.12070405 0.16000606 0.16582453].
2026-07-17 10:51:14,662 - INFO - Best fit parameters: [2.78016388e+01 7.80315901e+04 2.02412217e-02 4.23363216e-03].
2026-07-17 10:51:17,220 - INFO - Maximum log composite likelihood: -854.5048973624072.
2026-07-17 10:51:17,220 - INFO - Optimal value of theta: 412.61738575729277.
2026-07-17 10:51:17,220 - INFO - Beginning optimization with guess, [2.23756456 1.94970242 0.1050599  0.12037685].
2026-07-17 10:53:00,664 - INFO - Finished optimization with guess, [2.23756456 1.94970242 0.1050599  0.12037685].
2026-07-17 10:53:00,665 - INFO - Best fit parameters: [1.87236417e+00 8.90822870e+01 1.29215814e-02 1.44309366e-02].
2026-07-17 10:53:03,254 - INFO - Maximum log composite likelihood: -907.0602209045485.
2026-07-17 10:53:03,254 - INFO - Optimal value of theta: 460.9350988250511.
2026-07-17 10:53:03,254 - INFO - Beginning optimization with guess, [2.74080209 2.61061302 0.0715343  0.05944074].
2026-07-17 10:54:20,402 - INFO - Finished optimization with guess, [2.74080209 2.61061302 0.0715343  0.05944074].
2026-07-17 10:54:20,403 - INFO - Best fit parameters: [7.63043322e-01 4.22330096e+01 3.53771125e-02 2.58436618e-02].
2026-07-17 10:54:22,962 - INFO - Maximum log composite likelihood: -843.9409597606059.
2026-07-17 10:54:22,963 - INFO - Optimal value of theta: 420.70518635025593.
2026-07-17 10:54:22,963 - INFO - Beginning optimization with guess, [5.91790895 4.5159869  0.19541503 0.06002264].
2026-07-17 10:55:40,352 - INFO - Finished optimization with guess, [5.91790895 4.5159869  0.19541503 0.06002264].
2026-07-17 10:55:40,353 - INFO - Best fit parameters: [9.54455439e-01 4.86492550e+01 3.60849109e-02 2.60508382e-02].
2026-07-17 10:55:42,910 - INFO - Maximum log composite likelihood: -852.3637624423485.
2026-07-17 10:55:42,910 - INFO - Optimal value of theta: 399.52937434272076.
2026-07-17 10:55:42,910 - INFO - Beginning optimization with guess, [6.80737867 2.91616841 0.05707965 0.12021849].
2026-07-17 10:56:59,914 - INFO - Finished optimization with guess, [6.80737867 2.91616841 0.05707965 0.12021849].
2026-07-17 10:56:59,915 - INFO - Best fit parameters: [1.34952878e+01 2.61395956e+02 1.94061927e-02 9.77579658e-03].
2026-07-17 10:57:02,498 - INFO - Maximum log composite likelihood: -852.1423233672255.
2026-07-17 10:57:02,498 - INFO - Optimal value of theta: 391.8069525070613.
2026-07-17 10:57:02,498 - INFO - Beginning optimization with guess, [3.89836209 7.41918556 0.06385347 0.07442198].
2026-07-17 10:58:19,724 - INFO - Finished optimization with guess, [3.89836209 7.41918556 0.06385347 0.07442198].
2026-07-17 10:58:19,725 - INFO - Best fit parameters: [1.58703815e+00 5.81152255e+01 1.77151936e-02 2.33962018e-02].
2026-07-17 10:58:22,280 - INFO - Maximum log composite likelihood: -856.1343512045211.
2026-07-17 10:58:22,280 - INFO - Optimal value of theta: 389.0957966263036.
2026-07-17 10:58:22,280 - INFO - Beginning optimization with guess, [4.52386116 2.97903968 0.13215352 0.0740794 ].
2026-07-17 10:59:39,309 - INFO - Finished optimization with guess, [4.52386116 2.97903968 0.13215352 0.0740794 ].
2026-07-17 10:59:39,310 - INFO - Best fit parameters: [1.08257157e+00 5.22265792e+01 2.80368924e-02 2.52303998e-02].
2026-07-17 10:59:41,867 - INFO - Maximum log composite likelihood: -855.944695291863.
2026-07-17 10:59:41,867 - INFO - Optimal value of theta: 395.56775741359905.
2026-07-17 10:59:41,867 - INFO - Beginning optimization with guess, [7.92467638 3.01422853 0.14870035 0.18240683].
2026-07-17 11:01:24,852 - INFO - Finished optimization with guess, [7.92467638 3.01422853 0.14870035 0.18240683].
2026-07-17 11:01:24,853 - INFO - Best fit parameters: [4.02046888e+00 1.99826451e+03 1.24853029e-02 9.90341402e-03].
2026-07-17 11:01:27,411 - INFO - Maximum log composite likelihood: -927.8455829264326.
2026-07-17 11:01:27,411 - INFO - Optimal value of theta: 470.413750576646.
2026-07-17 11:01:27,416 - INFO - Converting and interpreting Tau estimates.
2026-07-17 11:01:27,420 - INFO - Finished demographic inference.
2026-07-17 11:01:27,420 - INFO - Pipeline executed succesfully.
