2026-07-16 00:07:44,944 - INFO - Beginning execution of fit_demographic_model.py in directory /u/project/kirk-bigdata/jonmah/sample_size_demography/Scripts

2026-07-16 00:07:44,945 - INFO - Progress is being logged to ../Analysis/tennessen_ooa_760/log.log

2026-07-16 00:07:44,945 - INFO - Parsed the following arguments:
	syn_input_sfs = ../Simulations/tennessen/ooa_760_sfs/dadi/pop1.sfs
	mask_singletons = False
	mask_doubletons = False
	sum_alleles = False
	L_syn = 100000000.0
	model_type = three_epoch
	input_params = []
	outprefix = ../Analysis/tennessen_ooa_760/

2026-07-16 00:07:44,948 - INFO - Beginning demographic inference for three-epoch demographic model.
2026-07-16 00:07:44,951 - INFO - Beginning optimization with guess, [0.01961503 0.00776404 0.10941836 0.09023064].
2026-07-16 00:08:52,781 - INFO - Finished optimization with guess, [0.01961503 0.00776404 0.10941836 0.09023064].
2026-07-16 00:08:52,782 - INFO - Best fit parameters: [0.01661676 0.00405826 0.11916103 0.18869673].
2026-07-16 00:08:56,354 - INFO - Maximum log composite likelihood: -3398.005605284729.
2026-07-16 00:08:56,355 - INFO - Optimal value of theta: 205946.8340597573.
2026-07-16 00:08:56,355 - INFO - Beginning optimization with guess, [0.01590998 0.01613199 0.06351165 0.08000221].
2026-07-16 00:12:59,419 - INFO - Finished optimization with guess, [0.01590998 0.01613199 0.06351165 0.08000221].
2026-07-16 00:12:59,421 - INFO - Best fit parameters: [0.00605469 0.05895564 0.1020753  0.04120736].
2026-07-16 00:13:02,249 - INFO - Maximum log composite likelihood: -3114.3698640422112.
2026-07-16 00:13:02,249 - INFO - Optimal value of theta: 17451.021025312155.
2026-07-16 00:13:02,250 - INFO - Beginning optimization with guess, [0.05006198 0.09304345 0.06423408 0.09069993].
2026-07-16 00:14:04,620 - INFO - Finished optimization with guess, [0.05006198 0.09304345 0.06423408 0.09069993].
2026-07-16 00:14:04,621 - INFO - Best fit parameters: [0.02123174 0.16377433 0.13259975 0.10618787].
2026-07-16 00:14:07,135 - INFO - Maximum log composite likelihood: -3109.708370663098.
2026-07-16 00:14:07,136 - INFO - Optimal value of theta: 6296.742230869999.
2026-07-16 00:14:07,136 - INFO - Beginning optimization with guess, [0.12938507 0.1494469  0.11969894 0.11992118].
2026-07-16 00:14:56,019 - INFO - Finished optimization with guess, [0.12938507 0.1494469  0.11969894 0.11992118].
2026-07-16 00:14:56,021 - INFO - Best fit parameters: [0.05127943 0.30065992 0.24425272 0.15630684].
2026-07-16 00:14:58,494 - INFO - Maximum log composite likelihood: -3094.2850178384424.
2026-07-16 00:14:58,495 - INFO - Optimal value of theta: 3493.413882968028.
2026-07-16 00:14:58,495 - INFO - Beginning optimization with guess, [0.07903819 0.05071564 0.15097901 0.1310199 ].
2026-07-16 00:15:50,801 - INFO - Finished optimization with guess, [0.07903819 0.05071564 0.15097901 0.1310199 ].
2026-07-16 00:15:50,802 - INFO - Best fit parameters: [0.04658659 0.03609726 0.22880321 0.26050874].
2026-07-16 00:15:53,478 - INFO - Maximum log composite likelihood: -3398.3559924557526.
2026-07-16 00:15:53,478 - INFO - Optimal value of theta: 23150.219796022953.
2026-07-16 00:15:53,478 - INFO - Beginning optimization with guess, [0.30780218 0.24882071 0.10022409 0.06195047].
2026-07-16 00:16:46,898 - INFO - Finished optimization with guess, [0.30780218 0.24882071 0.10022409 0.06195047].
2026-07-16 00:16:46,901 - INFO - Best fit parameters: [0.10623514 2.13771557 0.19637334 0.06125076].
2026-07-16 00:16:49,292 - INFO - Maximum log composite likelihood: -1949.9984659906709.
2026-07-16 00:16:49,292 - INFO - Optimal value of theta: 988.1298418827965.
2026-07-16 00:16:49,292 - INFO - Beginning optimization with guess, [0.61555657 0.52603895 0.60003999 0.06097455].
2026-07-16 00:17:37,321 - INFO - Finished optimization with guess, [0.61555657 0.52603895 0.60003999 0.06097455].
2026-07-16 00:17:37,323 - INFO - Best fit parameters: [ 0.21038079 10.55074411  0.57174219  0.01314888].
2026-07-16 00:17:39,742 - INFO - Maximum log composite likelihood: -924.1806754858999.
2026-07-16 00:17:39,742 - INFO - Optimal value of theta: 1146.1051360529962.
2026-07-16 00:17:39,742 - INFO - Beginning optimization with guess, [0.76811874 1.45134914 0.10750251 0.07248549].
2026-07-16 00:18:26,786 - INFO - Finished optimization with guess, [0.76811874 1.45134914 0.10750251 0.07248549].
2026-07-16 00:18:26,788 - INFO - Best fit parameters: [3.19338243e-01 2.39441245e+01 1.38690552e-01 1.43036283e-02].
2026-07-16 00:18:29,136 - INFO - Maximum log composite likelihood: -783.1776129115275.
2026-07-16 00:18:29,136 - INFO - Optimal value of theta: 737.2557494911954.
2026-07-16 00:18:29,136 - INFO - Beginning optimization with guess, [0.96513419 1.55794343 0.06040124 0.162292  ].
2026-07-16 00:19:16,072 - INFO - Finished optimization with guess, [0.96513419 1.55794343 0.06040124 0.162292  ].
2026-07-16 00:19:16,074 - INFO - Best fit parameters: [3.84553395e-01 1.58061039e+02 6.37362000e-02 2.79215222e-02].
2026-07-16 00:19:18,419 - INFO - Maximum log composite likelihood: -1182.41200422361.
2026-07-16 00:19:18,419 - INFO - Optimal value of theta: 412.87512424726367.
2026-07-16 00:19:18,420 - INFO - Beginning optimization with guess, [1.12450959 0.87610792 0.06180129 0.05690705].
2026-07-16 00:20:05,152 - INFO - Finished optimization with guess, [1.12450959 0.87610792 0.06180129 0.05690705].
2026-07-16 00:20:05,153 - INFO - Best fit parameters: [5.15613730e-01 5.77465883e+01 7.32738209e-02 1.63727261e-02].
2026-07-16 00:20:07,476 - INFO - Maximum log composite likelihood: -865.0885081844076.
2026-07-16 00:20:07,476 - INFO - Optimal value of theta: 554.085859842718.
2026-07-16 00:20:07,477 - INFO - Beginning optimization with guess, [2.24706542 2.59826869 0.1778944  0.11778028].
2026-07-16 00:20:54,117 - INFO - Finished optimization with guess, [2.24706542 2.59826869 0.1778944  0.11778028].
2026-07-16 00:20:54,119 - INFO - Best fit parameters: [5.04805466e-01 4.75061022e+02 2.31720502e-01 6.99382858e-03].
2026-07-16 00:20:56,453 - INFO - Maximum log composite likelihood: -1121.2530950292323.
2026-07-16 00:20:56,454 - INFO - Optimal value of theta: 829.0740227349817.
2026-07-16 00:20:56,454 - INFO - Beginning optimization with guess, [2.96289232 1.41308045 0.14984732 0.09886294].
2026-07-16 00:21:42,929 - INFO - Finished optimization with guess, [2.96289232 1.41308045 0.14984732 0.09886294].
2026-07-16 00:21:42,931 - INFO - Best fit parameters: [1.51061866e+00 1.90273476e+02 3.99018523e-02 1.57846058e-02].
2026-07-16 00:21:45,306 - INFO - Maximum log composite likelihood: -901.6023982329275.
2026-07-16 00:21:45,307 - INFO - Optimal value of theta: 424.8329474050759.
2026-07-16 00:21:45,307 - INFO - Beginning optimization with guess, [1.04006863 3.50982457 0.09115851 0.07289031].
2026-07-16 00:22:31,867 - INFO - Finished optimization with guess, [1.04006863 3.50982457 0.09115851 0.07289031].
2026-07-16 00:22:31,869 - INFO - Best fit parameters: [ 0.35187184 19.45389201  0.10678987  0.02223044].
2026-07-16 00:22:34,200 - INFO - Maximum log composite likelihood: -750.0898782022374.
2026-07-16 00:22:34,200 - INFO - Optimal value of theta: 585.9554194954824.
2026-07-16 00:22:34,201 - INFO - Beginning optimization with guess, [1.7508027  1.88983491 0.05219019 0.18307442].
2026-07-16 00:23:20,522 - INFO - Finished optimization with guess, [1.7508027  1.88983491 0.05219019 0.18307442].
2026-07-16 00:23:20,527 - INFO - Best fit parameters: [9.27797272e-01 2.36370931e+02 3.79629880e-02 2.68577534e-02].
2026-07-16 00:23:22,842 - INFO - Maximum log composite likelihood: -1012.3033986612627.
2026-07-16 00:23:22,842 - INFO - Optimal value of theta: 359.2889139214905.
2026-07-16 00:23:22,842 - INFO - Beginning optimization with guess, [1.51756069 1.28460626 0.09968401 0.12877529].
2026-07-16 00:24:20,577 - INFO - Finished optimization with guess, [1.51756069 1.28460626 0.09968401 0.12877529].
2026-07-16 00:24:20,579 - INFO - Best fit parameters: [5.24871565e-01 1.72026682e+03 6.21113324e-02 1.02994724e-02].
2026-07-16 00:24:22,882 - INFO - Maximum log composite likelihood: -1151.5017549095219.
2026-07-16 00:24:22,883 - INFO - Optimal value of theta: 643.4316274539588.
2026-07-16 00:24:22,883 - INFO - Beginning optimization with guess, [1.51205834 5.49422405 0.0725395  0.06052286].
2026-07-16 00:25:08,972 - INFO - Finished optimization with guess, [1.51205834 5.49422405 0.0725395  0.06052286].
2026-07-16 00:25:08,974 - INFO - Best fit parameters: [4.66692348e-01 2.68431911e+01 7.24936171e-02 2.32662065e-02].
2026-07-16 00:25:11,284 - INFO - Maximum log composite likelihood: -774.0748627860647.
2026-07-16 00:25:11,284 - INFO - Optimal value of theta: 507.9517332026045.
2026-07-16 00:25:11,284 - INFO - Beginning optimization with guess, [3.15153831 5.24003778 0.16412965 0.09700788].
2026-07-16 00:25:57,341 - INFO - Finished optimization with guess, [3.15153831 5.24003778 0.16412965 0.09700788].
2026-07-16 00:25:57,342 - INFO - Best fit parameters: [5.00000230e-01 3.97594084e+01 1.06390917e-01 2.79494208e-02].
2026-07-16 00:25:59,654 - INFO - Maximum log composite likelihood: -807.9566766065776.
2026-07-16 00:25:59,654 - INFO - Optimal value of theta: 444.3689357772663.
2026-07-16 00:25:59,654 - INFO - Beginning optimization with guess, [2.03160152 2.12299858 0.13042186 0.06351528].
2026-07-16 00:26:45,795 - INFO - Finished optimization with guess, [2.03160152 2.12299858 0.13042186 0.06351528].
2026-07-16 00:26:45,797 - INFO - Best fit parameters: [5.11612148e-01 3.21031832e+01 1.03942708e-01 2.14430991e-02].
2026-07-16 00:26:48,102 - INFO - Maximum log composite likelihood: -773.021296072547.
2026-07-16 00:26:48,102 - INFO - Optimal value of theta: 516.292929875074.
2026-07-16 00:26:48,102 - INFO - Beginning optimization with guess, [5.47202169 2.1504432  0.09568246 0.16431103].
2026-07-16 00:27:33,877 - INFO - Finished optimization with guess, [5.47202169 2.1504432  0.09568246 0.16431103].
2026-07-16 00:27:33,878 - INFO - Best fit parameters: [3.37622571e+00 2.26340067e+03 1.53408885e-02 1.53371107e-02].
2026-07-16 00:27:36,131 - INFO - Maximum log composite likelihood: -873.1572972776572.
2026-07-16 00:27:36,131 - INFO - Optimal value of theta: 396.5323318868015.
2026-07-16 00:27:36,132 - INFO - Beginning optimization with guess, [1.9813217  2.02188131 0.11254632 0.14380976].
2026-07-16 00:28:21,294 - INFO - Finished optimization with guess, [1.9813217  2.02188131 0.11254632 0.14380976].
2026-07-16 00:28:21,296 - INFO - Best fit parameters: [3.96162050e-01 1.51445468e+03 1.44470127e-01 1.52656167e-02].
2026-07-16 00:28:23,568 - INFO - Maximum log composite likelihood: -1245.6695836589345.
2026-07-16 00:28:23,569 - INFO - Optimal value of theta: 601.1296124558024.
2026-07-16 00:28:23,569 - INFO - Beginning optimization with guess, [5.54388508 6.07142003 0.17565947 0.05788142].
2026-07-16 00:29:08,650 - INFO - Finished optimization with guess, [5.54388508 6.07142003 0.17565947 0.05788142].
2026-07-16 00:29:08,652 - INFO - Best fit parameters: [1.03003181e+00 4.98269866e+01 3.57194273e-02 2.77132845e-02].
2026-07-16 00:29:10,904 - INFO - Maximum log composite likelihood: -839.6559540011167.
2026-07-16 00:29:10,905 - INFO - Optimal value of theta: 376.30729389363233.
2026-07-16 00:29:10,905 - INFO - Beginning optimization with guess, [4.57121302 7.39452095 0.11721409 0.17625646].
2026-07-16 00:29:55,865 - INFO - Finished optimization with guess, [4.57121302 7.39452095 0.11721409 0.17625646].
2026-07-16 00:29:55,866 - INFO - Best fit parameters: [ 1.8339146  22.86193216  0.05924771  0.02982653].
2026-07-16 00:29:58,089 - INFO - Maximum log composite likelihood: -977.4845948628082.
2026-07-16 00:29:58,089 - INFO - Optimal value of theta: 356.3261036663631.
2026-07-16 00:29:58,089 - INFO - Beginning optimization with guess, [2.9755737  6.5007285  0.14468903 0.0763195 ].
2026-07-16 00:30:42,195 - INFO - Finished optimization with guess, [2.9755737  6.5007285  0.14468903 0.0763195 ].
2026-07-16 00:30:42,196 - INFO - Best fit parameters: [5.58071467e-01 3.50690863e+01 9.32842395e-02 2.52112468e-02].
2026-07-16 00:30:44,401 - INFO - Maximum log composite likelihood: -783.1634331367327.
2026-07-16 00:30:44,401 - INFO - Optimal value of theta: 462.3226706646354.
2026-07-16 00:30:44,401 - INFO - Beginning optimization with guess, [2.61584778 2.76744223 0.07856798 0.05564849].
2026-07-16 00:31:28,333 - INFO - Finished optimization with guess, [2.61584778 2.76744223 0.07856798 0.05564849].
2026-07-16 00:31:28,335 - INFO - Best fit parameters: [6.75128977e-01 3.91917148e+01 4.24635386e-02 2.85927735e-02].
2026-07-16 00:31:30,525 - INFO - Maximum log composite likelihood: -819.5684667535273.
2026-07-16 00:31:30,525 - INFO - Optimal value of theta: 406.0751892113904.
2026-07-16 00:31:30,525 - INFO - Beginning optimization with guess, [4.27327805 5.76683403 0.09719704 0.10542593].
2026-07-16 00:32:14,320 - INFO - Finished optimization with guess, [4.27327805 5.76683403 0.09719704 0.10542593].
2026-07-16 00:32:14,321 - INFO - Best fit parameters: [1.47310305e+00 4.19574421e+01 2.62123198e-02 2.72907086e-02].
2026-07-16 00:32:16,515 - INFO - Maximum log composite likelihood: -848.3607474271042.
2026-07-16 00:32:16,515 - INFO - Optimal value of theta: 366.6401567914558.
2026-07-16 00:32:16,520 - INFO - Converting and interpreting Tau estimates.
2026-07-16 00:32:16,523 - INFO - Finished demographic inference.
2026-07-16 00:32:16,523 - INFO - Pipeline executed succesfully.
