2026-07-17 10:21:08,483 - INFO - Beginning execution of fit_demographic_model.py in directory /u/project/kirk-bigdata/jonmah/sample_size_demography/Scripts

2026-07-17 10:21:08,483 - INFO - Progress is being logged to ../Analysis/tennessen_ooa_780/log.log

2026-07-17 10:21:08,483 - INFO - Parsed the following arguments:
	syn_input_sfs = ../Simulations/tennessen/ooa_780_sfs/dadi/pop1.sfs
	mask_singletons = False
	mask_doubletons = False
	sum_alleles = False
	L_syn = 100000000.0
	model_type = three_epoch
	input_params = []
	outprefix = ../Analysis/tennessen_ooa_780/

2026-07-17 10:21:08,485 - INFO - Beginning demographic inference for three-epoch demographic model.
2026-07-17 10:21:08,487 - INFO - Beginning optimization with guess, [0.00681787 0.01135246 0.11319422 0.19493824].
2026-07-17 10:24:37,608 - INFO - Finished optimization with guess, [0.00681787 0.01135246 0.11319422 0.19493824].
2026-07-17 10:24:37,610 - INFO - Best fit parameters: [0.00603809 0.07510192 0.11320063 0.05418716].
2026-07-17 10:24:40,520 - INFO - Maximum log composite likelihood: -3188.1955892772917.
2026-07-17 10:24:40,520 - INFO - Optimal value of theta: 13811.558091142071.
2026-07-17 10:24:40,520 - INFO - Beginning optimization with guess, [0.03300316 0.01291806 0.17405401 0.16469847].
2026-07-17 10:34:13,609 - INFO - Finished optimization with guess, [0.03300316 0.01291806 0.17405401 0.16469847].
2026-07-17 10:34:13,611 - INFO - Best fit parameters: [0.02875581 0.00669038 0.18502491 0.34444607].
2026-07-17 10:34:17,462 - INFO - Maximum log composite likelihood: -3480.9033664536823.
2026-07-17 10:34:17,462 - INFO - Optimal value of theta: 126028.46283555888.
2026-07-17 10:34:17,463 - INFO - Beginning optimization with guess, [0.03280897 0.04659217 0.1713116  0.05398476].
2026-07-17 10:36:15,423 - INFO - Finished optimization with guess, [0.03280897 0.04659217 0.1713116  0.05398476].
2026-07-17 10:36:15,424 - INFO - Best fit parameters: [0.04903107 0.12452431 0.21548577 0.01036549].
2026-07-17 10:36:17,965 - INFO - Maximum log composite likelihood: -2696.7384982570256.
2026-07-17 10:36:17,965 - INFO - Optimal value of theta: 9361.40982219126.
2026-07-17 10:36:17,965 - INFO - Beginning optimization with guess, [0.04343537 0.06961607 0.07066404 0.11596949].
2026-07-17 10:37:37,171 - INFO - Finished optimization with guess, [0.04343537 0.06961607 0.07066404 0.11596949].
2026-07-17 10:37:37,172 - INFO - Best fit parameters: [0.01677974 0.14014045 0.14976861 0.10773618].
2026-07-17 10:37:39,839 - INFO - Maximum log composite likelihood: -3190.2239336873217.
2026-07-17 10:37:39,839 - INFO - Optimal value of theta: 7251.598005532796.
2026-07-17 10:37:39,840 - INFO - Beginning optimization with guess, [0.07760634 0.10549252 0.06263653 0.07826249].
2026-07-17 10:38:56,098 - INFO - Finished optimization with guess, [0.07760634 0.10549252 0.06263653 0.07826249].
2026-07-17 10:38:56,099 - INFO - Best fit parameters: [0.03562978 0.18803637 0.13845837 0.10586171].
2026-07-17 10:38:58,638 - INFO - Maximum log composite likelihood: -3169.793995810666.
2026-07-17 10:38:58,638 - INFO - Optimal value of theta: 5406.979394793777.
2026-07-17 10:38:58,638 - INFO - Beginning optimization with guess, [0.37981153 0.18770835 0.19903468 0.10738638].
2026-07-17 10:40:16,671 - INFO - Finished optimization with guess, [0.37981153 0.18770835 0.19903468 0.10738638].
2026-07-17 10:40:16,672 - INFO - Best fit parameters: [0.22348148 0.80261384 0.27039012 0.12114575].
2026-07-17 10:40:19,135 - INFO - Maximum log composite likelihood: -2897.2464395550487.
2026-07-17 10:40:19,135 - INFO - Optimal value of theta: 1328.677031110353.
2026-07-17 10:40:19,135 - INFO - Beginning optimization with guess, [0.59535965 0.60081073 0.31967802 0.06449085].
2026-07-17 10:41:32,935 - INFO - Finished optimization with guess, [0.59535965 0.60081073 0.31967802 0.06449085].
2026-07-17 10:41:32,936 - INFO - Best fit parameters: [ 0.27915174 13.3376045   0.28256377  0.01343494].
2026-07-17 10:41:35,391 - INFO - Maximum log composite likelihood: -752.9791218525504.
2026-07-17 10:41:35,391 - INFO - Optimal value of theta: 908.6140544343726.
2026-07-17 10:41:35,391 - INFO - Beginning optimization with guess, [0.50545179 0.95283348 0.05785005 0.0651431 ].
2026-07-17 10:42:48,527 - INFO - Finished optimization with guess, [0.50545179 0.95283348 0.05785005 0.0651431 ].
2026-07-17 10:42:48,528 - INFO - Best fit parameters: [ 0.36152107 19.76615006  0.10514547  0.01980051].
2026-07-17 10:42:50,963 - INFO - Maximum log composite likelihood: -768.9297426378947.
2026-07-17 10:42:50,964 - INFO - Optimal value of theta: 612.4342160633413.
2026-07-17 10:42:50,964 - INFO - Beginning optimization with guess, [1.23477964 0.66062805 0.06097453 0.0858069 ].
2026-07-17 10:44:03,931 - INFO - Finished optimization with guess, [1.23477964 0.66062805 0.06097453 0.0858069 ].
2026-07-17 10:44:03,933 - INFO - Best fit parameters: [9.41867802e-01 3.58518477e+01 5.09208973e-02 2.80004925e-02].
2026-07-17 10:44:06,363 - INFO - Maximum log composite likelihood: -844.5676274961431.
2026-07-17 10:44:06,363 - INFO - Optimal value of theta: 392.2217500278781.
2026-07-17 10:44:06,363 - INFO - Beginning optimization with guess, [2.01960561 1.0452383  0.12841308 0.05319495].
2026-07-17 10:45:19,327 - INFO - Finished optimization with guess, [2.01960561 1.0452383  0.12841308 0.05319495].
2026-07-17 10:45:19,328 - INFO - Best fit parameters: [6.70495516e-01 3.61443337e+01 9.77666862e-02 2.51030146e-02].
2026-07-17 10:45:21,761 - INFO - Maximum log composite likelihood: -803.4541578931546.
2026-07-17 10:45:21,761 - INFO - Optimal value of theta: 444.4903356291395.
2026-07-17 10:45:21,761 - INFO - Beginning optimization with guess, [2.76575854 0.79514474 0.14130002 0.05670468].
2026-07-17 10:46:34,711 - INFO - Finished optimization with guess, [2.76575854 0.79514474 0.14130002 0.05670468].
2026-07-17 10:46:34,712 - INFO - Best fit parameters: [1.22828441e+00 5.68441761e+01 5.03417425e-02 2.53891134e-02].
2026-07-17 10:46:37,145 - INFO - Maximum log composite likelihood: -860.7573993539721.
2026-07-17 10:46:37,145 - INFO - Optimal value of theta: 374.8057492248983.
2026-07-17 10:46:37,145 - INFO - Beginning optimization with guess, [1.89201426 2.67190272 0.11796585 0.15316515].
2026-07-17 10:47:50,190 - INFO - Finished optimization with guess, [1.89201426 2.67190272 0.11796585 0.15316515].
2026-07-17 10:47:50,191 - INFO - Best fit parameters: [8.60653185e-01 5.08509987e+01 8.13034675e-02 2.45090749e-02].
2026-07-17 10:47:52,626 - INFO - Maximum log composite likelihood: -836.9680306556685.
2026-07-17 10:47:52,626 - INFO - Optimal value of theta: 412.17252668756447.
2026-07-17 10:47:52,626 - INFO - Beginning optimization with guess, [2.18953147 2.29499767 0.1362762  0.07531474].
2026-07-17 10:49:05,630 - INFO - Finished optimization with guess, [2.18953147 2.29499767 0.1362762  0.07531474].
2026-07-17 10:49:05,631 - INFO - Best fit parameters: [5.49842949e-01 2.79114951e+01 1.21537885e-01 2.45739007e-02].
2026-07-17 10:49:08,066 - INFO - Maximum log composite likelihood: -779.5552480128085.
2026-07-17 10:49:08,066 - INFO - Optimal value of theta: 485.8388586025082.
2026-07-17 10:49:08,066 - INFO - Beginning optimization with guess, [2.11882124 2.14287935 0.15601711 0.10922579].
2026-07-17 10:50:21,120 - INFO - Finished optimization with guess, [2.11882124 2.14287935 0.15601711 0.10922579].
2026-07-17 10:50:21,121 - INFO - Best fit parameters: [9.16967503e-01 1.53920870e+02 1.33922486e-01 2.09922203e-02].
2026-07-17 10:50:23,556 - INFO - Maximum log composite likelihood: -926.8261449402372.
2026-07-17 10:50:23,556 - INFO - Optimal value of theta: 416.6304443945871.
2026-07-17 10:50:23,556 - INFO - Beginning optimization with guess, [4.77089879 1.29500321 0.11557458 0.05531143].
2026-07-17 10:51:36,542 - INFO - Finished optimization with guess, [4.77089879 1.29500321 0.11557458 0.05531143].
2026-07-17 10:51:36,543 - INFO - Best fit parameters: [2.49672651e+00 8.20778901e+01 1.90681098e-02 1.91920738e-02].
2026-07-17 10:51:38,973 - INFO - Maximum log composite likelihood: -852.352392853555.
2026-07-17 10:51:38,973 - INFO - Optimal value of theta: 384.960292232951.
2026-07-17 10:51:38,973 - INFO - Beginning optimization with guess, [2.50074628 2.62010636 0.08940956 0.17669136].
2026-07-17 10:52:52,354 - INFO - Finished optimization with guess, [2.50074628 2.62010636 0.08940956 0.17669136].
2026-07-17 10:52:52,355 - INFO - Best fit parameters: [1.47697538e+00 8.08074595e+01 4.41817179e-02 2.24655748e-02].
2026-07-17 10:52:54,788 - INFO - Maximum log composite likelihood: -871.8551711089689.
2026-07-17 10:52:54,788 - INFO - Optimal value of theta: 375.39337911566605.
2026-07-17 10:52:54,788 - INFO - Beginning optimization with guess, [4.72032543 1.77046658 0.06845439 0.11175877].
2026-07-17 10:54:07,825 - INFO - Finished optimization with guess, [4.72032543 1.77046658 0.06845439 0.11175877].
2026-07-17 10:54:07,826 - INFO - Best fit parameters: [5.01228383e+00 2.74426178e+02 2.11811249e-02 1.42707790e-02].
2026-07-17 10:54:10,258 - INFO - Maximum log composite likelihood: -857.1195643000145.
2026-07-17 10:54:10,258 - INFO - Optimal value of theta: 381.3513655256121.
2026-07-17 10:54:10,258 - INFO - Beginning optimization with guess, [5.41615036 2.06286104 0.13033003 0.09491386].
2026-07-17 10:55:35,359 - INFO - Finished optimization with guess, [5.41615036 2.06286104 0.13033003 0.09491386].
2026-07-17 10:55:35,360 - INFO - Best fit parameters: [4.88468906e+00 7.29972932e+01 1.92878651e-02 1.72205731e-02].
2026-07-17 10:55:37,790 - INFO - Maximum log composite likelihood: -852.8565377189009.
2026-07-17 10:55:37,790 - INFO - Optimal value of theta: 375.4352370197394.
2026-07-17 10:55:37,791 - INFO - Beginning optimization with guess, [3.4449206  3.73967261 0.09216807 0.14879807].
2026-07-17 10:56:50,737 - INFO - Finished optimization with guess, [3.4449206  3.73967261 0.09216807 0.14879807].
2026-07-17 10:56:50,739 - INFO - Best fit parameters: [9.36485624e-01 4.89677205e+01 3.49560299e-02 2.54866119e-02].
2026-07-17 10:56:53,170 - INFO - Maximum log composite likelihood: -845.9159823239141.
2026-07-17 10:56:53,170 - INFO - Optimal value of theta: 397.3102045079291.
2026-07-17 10:56:53,171 - INFO - Beginning optimization with guess, [2.80987097 5.0144179  0.10764418 0.05521293].
2026-07-17 10:58:06,220 - INFO - Finished optimization with guess, [2.80987097 5.0144179  0.10764418 0.05521293].
2026-07-17 10:58:06,221 - INFO - Best fit parameters: [ 0.27114457 16.50080182  0.11333638  0.0203159 ].
2026-07-17 10:58:08,662 - INFO - Maximum log composite likelihood: -765.7543094217053.
2026-07-17 10:58:08,663 - INFO - Optimal value of theta: 666.4804437124632.
2026-07-17 10:58:08,663 - INFO - Beginning optimization with guess, [5.90968915 6.84687069 0.1067699  0.05394898].
2026-07-17 10:59:21,670 - INFO - Finished optimization with guess, [5.90968915 6.84687069 0.1067699  0.05394898].
2026-07-17 10:59:21,672 - INFO - Best fit parameters: [3.61182307e+00 6.23845144e+01 1.11966233e-02 1.95039202e-02].
2026-07-17 10:59:24,105 - INFO - Maximum log composite likelihood: -845.3630810785272.
2026-07-17 10:59:24,105 - INFO - Optimal value of theta: 390.5402740789386.
2026-07-17 10:59:24,106 - INFO - Beginning optimization with guess, [4.9384579  2.22209544 0.05446592 0.14525202].
2026-07-17 11:00:37,310 - INFO - Finished optimization with guess, [4.9384579  2.22209544 0.05446592 0.14525202].
2026-07-17 11:00:37,311 - INFO - Best fit parameters: [1.33229814e+01 2.72981959e+03 1.92258595e-02 8.69646457e-03].
2026-07-17 11:00:39,741 - INFO - Maximum log composite likelihood: -845.928979098472.
2026-07-17 11:00:39,741 - INFO - Optimal value of theta: 390.9244696964994.
2026-07-17 11:00:39,741 - INFO - Beginning optimization with guess, [5.72469149 7.90124444 0.06699779 0.13924147].
2026-07-17 11:01:52,702 - INFO - Finished optimization with guess, [5.72469149 7.90124444 0.06699779 0.13924147].
2026-07-17 11:01:52,703 - INFO - Best fit parameters: [2.92763222e+00 5.77318515e+01 1.04608750e-02 2.06310881e-02].
2026-07-17 11:01:55,131 - INFO - Maximum log composite likelihood: -845.468621064833.
2026-07-17 11:01:55,131 - INFO - Optimal value of theta: 391.43502222117945.
2026-07-17 11:01:55,131 - INFO - Beginning optimization with guess, [7.96167349 5.72354464 0.19625356 0.10147822].
2026-07-17 11:03:08,186 - INFO - Finished optimization with guess, [7.96167349 5.72354464 0.19625356 0.10147822].
2026-07-17 11:03:08,187 - INFO - Best fit parameters: [2.89279798e+00 6.83060893e+01 1.40866077e-02 1.92668263e-02].
2026-07-17 11:03:10,630 - INFO - Maximum log composite likelihood: -847.1994197895117.
2026-07-17 11:03:10,630 - INFO - Optimal value of theta: 389.9869997169339.
2026-07-17 11:03:10,630 - INFO - Beginning optimization with guess, [4.55085146 5.15069563 0.10761225 0.09245303].
2026-07-17 11:04:24,017 - INFO - Finished optimization with guess, [4.55085146 5.15069563 0.10761225 0.09245303].
2026-07-17 11:04:24,018 - INFO - Best fit parameters: [1.21532137e+00 5.19872740e+01 2.29325618e-02 2.39420669e-02].
2026-07-17 11:04:26,448 - INFO - Maximum log composite likelihood: -848.904266823689.
2026-07-17 11:04:26,448 - INFO - Optimal value of theta: 392.0746901249289.
2026-07-17 11:04:26,453 - INFO - Converting and interpreting Tau estimates.
2026-07-17 11:04:26,456 - INFO - Finished demographic inference.
2026-07-17 11:04:26,456 - INFO - Pipeline executed succesfully.
