2026-07-16 00:01:14,057 - INFO - Beginning execution of fit_demographic_model.py in directory /u/project/kirk-bigdata/jonmah/sample_size_demography/Scripts

2026-07-16 00:01:14,058 - INFO - Progress is being logged to ../Analysis/tennessen_ooa_150/log.log

2026-07-16 00:01:14,058 - INFO - Parsed the following arguments:
	syn_input_sfs = ../Simulations/tennessen/ooa_150_sfs/dadi/pop1.sfs
	mask_singletons = False
	mask_doubletons = False
	sum_alleles = False
	L_syn = 100000000.0
	model_type = three_epoch
	input_params = []
	outprefix = ../Analysis/tennessen_ooa_150/

2026-07-16 00:01:14,062 - INFO - Beginning demographic inference for three-epoch demographic model.
2026-07-16 00:01:14,066 - INFO - Beginning optimization with guess, [0.00700482 0.01291447 0.18948192 0.12965467].
2026-07-16 00:01:21,274 - INFO - Finished optimization with guess, [0.00700482 0.01291447 0.18948192 0.12965467].
2026-07-16 00:01:21,275 - INFO - Best fit parameters: [0.00657984 0.02339828 0.18948192 0.07658637].
2026-07-16 00:01:21,563 - INFO - Maximum log composite likelihood: -579.9925910727078.
2026-07-16 00:01:21,563 - INFO - Optimal value of theta: 22579.955415297532.
2026-07-16 00:01:21,563 - INFO - Beginning optimization with guess, [0.03354625 0.01702771 0.07989434 0.05052989].
2026-07-16 00:01:26,771 - INFO - Finished optimization with guess, [0.03354625 0.01702771 0.07989434 0.05052989].
2026-07-16 00:01:26,772 - INFO - Best fit parameters: [0.02028224 0.01139774 0.12360669 0.0973082 ].
2026-07-16 00:01:26,955 - INFO - Maximum log composite likelihood: -580.2852890659256.
2026-07-16 00:01:26,955 - INFO - Optimal value of theta: 45675.875871248674.
2026-07-16 00:01:26,956 - INFO - Beginning optimization with guess, [0.03685259 0.097825   0.09257649 0.07538484].
2026-07-16 00:01:29,486 - INFO - Finished optimization with guess, [0.03685259 0.097825   0.09257649 0.07538484].
2026-07-16 00:01:29,488 - INFO - Best fit parameters: [0.03475062 0.10133639 0.09719019 0.07499924].
2026-07-16 00:01:29,609 - INFO - Maximum log composite likelihood: -577.8833267676922.
2026-07-16 00:01:29,609 - INFO - Optimal value of theta: 5242.731487976795.
2026-07-16 00:01:29,609 - INFO - Beginning optimization with guess, [0.11581072 0.08739287 0.07809918 0.15863855].
2026-07-16 00:01:32,261 - INFO - Finished optimization with guess, [0.11581072 0.08739287 0.07809918 0.15863855].
2026-07-16 00:01:32,261 - INFO - Best fit parameters: [0.08105341 0.06367742 0.10548326 0.37966731].
2026-07-16 00:01:32,403 - INFO - Maximum log composite likelihood: -580.5745993846562.
2026-07-16 00:01:32,403 - INFO - Optimal value of theta: 8129.196004715852.
2026-07-16 00:01:32,403 - INFO - Beginning optimization with guess, [0.06183245 0.05247993 0.1277803  0.15861038].
2026-07-16 00:01:37,486 - INFO - Finished optimization with guess, [0.06183245 0.05247993 0.1277803  0.15861038].
2026-07-16 00:01:37,486 - INFO - Best fit parameters: [0.03650199 0.03684764 0.19549007 0.31015833].
2026-07-16 00:01:37,662 - INFO - Maximum log composite likelihood: -580.2815153673349.
2026-07-16 00:01:37,662 - INFO - Optimal value of theta: 14129.761669151358.
2026-07-16 00:01:37,662 - INFO - Beginning optimization with guess, [0.16833602 0.13240629 0.06531098 0.16231272].
2026-07-16 00:01:40,053 - INFO - Finished optimization with guess, [0.16833602 0.13240629 0.06531098 0.16231272].
2026-07-16 00:01:40,054 - INFO - Best fit parameters: [0.11315026 0.11239434 0.0901001  0.51090196].
2026-07-16 00:01:40,186 - INFO - Maximum log composite likelihood: -581.7113781862271.
2026-07-16 00:01:40,186 - INFO - Optimal value of theta: 4540.349125431919.
2026-07-16 00:01:40,186 - INFO - Beginning optimization with guess, [0.44516163 0.84695872 0.75987256 0.1219741 ].
2026-07-16 00:01:42,774 - INFO - Finished optimization with guess, [0.44516163 0.84695872 0.75987256 0.1219741 ].
2026-07-16 00:01:42,775 - INFO - Best fit parameters: [0.73186786 1.95629836 0.34024037 0.02793105].
2026-07-16 00:01:42,880 - INFO - Maximum log composite likelihood: -386.5851541920545.
2026-07-16 00:01:42,880 - INFO - Optimal value of theta: 533.5192035327548.
2026-07-16 00:01:42,880 - INFO - Beginning optimization with guess, [1.27502178 0.38210479 0.06101213 0.05281852].
2026-07-16 00:01:44,857 - INFO - Finished optimization with guess, [1.27502178 0.38210479 0.06101213 0.05281852].
2026-07-16 00:01:44,858 - INFO - Best fit parameters: [ 0.14613243 20.37014089  0.0662244   0.02480978].
2026-07-16 00:01:44,958 - INFO - Maximum log composite likelihood: -256.3097328851753.
2026-07-16 00:01:44,958 - INFO - Optimal value of theta: 694.1312690018372.
2026-07-16 00:01:44,959 - INFO - Beginning optimization with guess, [0.89683204 0.96153946 0.1822345  0.05257059].
2026-07-16 00:01:46,991 - INFO - Finished optimization with guess, [0.89683204 0.96153946 0.1822345  0.05257059].
2026-07-16 00:01:46,991 - INFO - Best fit parameters: [0.17003144 8.42362613 0.13832104 0.01277358].
2026-07-16 00:01:47,094 - INFO - Maximum log composite likelihood: -231.12458364932516.
2026-07-16 00:01:47,094 - INFO - Optimal value of theta: 1003.7473056849924.
2026-07-16 00:01:47,094 - INFO - Beginning optimization with guess, [0.78944546 0.64233725 0.08817262 0.12960931].
2026-07-16 00:01:49,107 - INFO - Finished optimization with guess, [0.78944546 0.64233725 0.08817262 0.12960931].
2026-07-16 00:01:49,107 - INFO - Best fit parameters: [1.07025646e-01 2.42055955e+01 1.24948203e-01 2.03049066e-02].
2026-07-16 00:01:49,212 - INFO - Maximum log composite likelihood: -377.9215259812767.
2026-07-16 00:01:49,212 - INFO - Optimal value of theta: 1018.9096657840545.
2026-07-16 00:01:49,212 - INFO - Beginning optimization with guess, [2.00187479 1.57582337 0.05886991 0.05227659].
2026-07-16 00:01:51,173 - INFO - Finished optimization with guess, [2.00187479 1.57582337 0.05886991 0.05227659].
2026-07-16 00:01:51,175 - INFO - Best fit parameters: [ 0.35069226 14.75913534  0.02826481  0.02593564].
2026-07-16 00:01:51,277 - INFO - Maximum log composite likelihood: -277.8938867605927.
2026-07-16 00:01:51,277 - INFO - Optimal value of theta: 484.10865961976515.
2026-07-16 00:01:51,278 - INFO - Beginning optimization with guess, [2.73217106 1.80773202 0.06645921 0.17873237].
2026-07-16 00:01:53,719 - INFO - Finished optimization with guess, [2.73217106 1.80773202 0.06645921 0.17873237].
2026-07-16 00:01:53,719 - INFO - Best fit parameters: [0.49470273 9.37834183 0.01119088 0.02622224].
2026-07-16 00:01:53,817 - INFO - Maximum log composite likelihood: -337.7109441407753.
2026-07-16 00:01:53,817 - INFO - Optimal value of theta: 438.0351586543172.
2026-07-16 00:01:53,817 - INFO - Beginning optimization with guess, [3.27247483 3.13710515 0.10513585 0.05302475].
2026-07-16 00:01:55,774 - INFO - Finished optimization with guess, [3.27247483 3.13710515 0.10513585 0.05302475].
2026-07-16 00:01:55,774 - INFO - Best fit parameters: [ 0.79033392 15.86534081  0.01777167  0.02607116].
2026-07-16 00:01:55,872 - INFO - Maximum log composite likelihood: -331.098216519896.
2026-07-16 00:01:55,872 - INFO - Optimal value of theta: 412.6848006065777.
2026-07-16 00:01:55,872 - INFO - Beginning optimization with guess, [4.31884802 3.69282682 0.11899239 0.08533083].
2026-07-16 00:01:57,830 - INFO - Finished optimization with guess, [4.31884802 3.69282682 0.11899239 0.08533083].
2026-07-16 00:01:57,832 - INFO - Best fit parameters: [1.30676037 7.64861019 0.0114988  0.02424944].
2026-07-16 00:01:57,935 - INFO - Maximum log composite likelihood: -356.1420942506299.
2026-07-16 00:01:57,935 - INFO - Optimal value of theta: 413.7504620832328.
2026-07-16 00:01:57,935 - INFO - Beginning optimization with guess, [1.25712027 2.0429538  0.10887639 0.07225912].
2026-07-16 00:04:28,355 - INFO - Finished optimization with guess, [1.25712027 2.0429538  0.10887639 0.07225912].
2026-07-16 00:04:28,356 - INFO - Best fit parameters: [0.33714047 4.98428634 0.099626   0.03843976].
2026-07-16 00:04:28,463 - INFO - Maximum log composite likelihood: -240.5233533658142.
2026-07-16 00:04:28,463 - INFO - Optimal value of theta: 534.2021707220771.
2026-07-16 00:04:28,463 - INFO - Beginning optimization with guess, [1.9987727  2.45440821 0.08114762 0.13478957].
2026-07-16 00:04:30,424 - INFO - Finished optimization with guess, [1.9987727  2.45440821 0.08114762 0.13478957].
2026-07-16 00:04:30,424 - INFO - Best fit parameters: [0.66525963 2.10321314 0.04385789 0.03097117].
2026-07-16 00:04:30,523 - INFO - Maximum log composite likelihood: -409.6185959970013.
2026-07-16 00:04:30,523 - INFO - Optimal value of theta: 488.02922177110617.
2026-07-16 00:04:30,524 - INFO - Beginning optimization with guess, [2.95298059 2.70660377 0.08892165 0.06551924].
2026-07-16 00:04:32,514 - INFO - Finished optimization with guess, [2.95298059 2.70660377 0.08892165 0.06551924].
2026-07-16 00:04:32,514 - INFO - Best fit parameters: [0.90565838 8.40584596 0.02762153 0.01997258].
2026-07-16 00:04:32,612 - INFO - Maximum log composite likelihood: -355.7714483172861.
2026-07-16 00:04:32,612 - INFO - Optimal value of theta: 438.8121814145364.
2026-07-16 00:04:32,612 - INFO - Beginning optimization with guess, [2.7658449  4.92668773 0.12716857 0.06971559].
2026-07-16 00:04:35,110 - INFO - Finished optimization with guess, [2.7658449  4.92668773 0.12716857 0.06971559].
2026-07-16 00:04:35,111 - INFO - Best fit parameters: [0.13855891 8.64832408 0.04072359 0.02249785].
2026-07-16 00:04:35,218 - INFO - Maximum log composite likelihood: -228.05129619891738.
2026-07-16 00:04:35,218 - INFO - Optimal value of theta: 682.8405564707589.
2026-07-16 00:04:35,218 - INFO - Beginning optimization with guess, [6.82830597 3.49660598 0.18813643 0.16688769].
2026-07-16 00:04:37,670 - INFO - Finished optimization with guess, [6.82830597 3.49660598 0.18813643 0.16688769].
2026-07-16 00:04:37,670 - INFO - Best fit parameters: [6.73379275e-01 3.78866497e+00 9.90259872e-04 4.52136107e-02].
2026-07-16 00:04:37,769 - INFO - Maximum log composite likelihood: -387.88796222390243.
2026-07-16 00:04:37,769 - INFO - Optimal value of theta: 400.66037215562415.
2026-07-16 00:04:37,769 - INFO - Beginning optimization with guess, [2.33911375 3.4516502  0.0565712  0.05557095].
2026-07-16 00:04:39,736 - INFO - Finished optimization with guess, [2.33911375 3.4516502  0.0565712  0.05557095].
2026-07-16 00:04:39,736 - INFO - Best fit parameters: [4.73618766e-01 2.26242203e+01 1.53651976e-02 2.72418376e-02].
2026-07-16 00:04:39,838 - INFO - Maximum log composite likelihood: -312.30473440667186.
2026-07-16 00:04:39,838 - INFO - Optimal value of theta: 428.80906665441125.
2026-07-16 00:04:39,838 - INFO - Beginning optimization with guess, [4.7539872  7.54699823 0.1978127  0.07615243].
2026-07-16 00:04:41,862 - INFO - Finished optimization with guess, [4.7539872  7.54699823 0.1978127  0.07615243].
2026-07-16 00:04:41,862 - INFO - Best fit parameters: [0.48277138 9.54079648 0.04022615 0.02631863].
2026-07-16 00:04:41,964 - INFO - Maximum log composite likelihood: -292.68135211088645.
2026-07-16 00:04:41,964 - INFO - Optimal value of theta: 473.6784727262346.
2026-07-16 00:04:41,964 - INFO - Beginning optimization with guess, [2.99902014 3.23131472 0.06525818 0.15426054].
2026-07-16 00:04:43,986 - INFO - Finished optimization with guess, [2.99902014 3.23131472 0.06525818 0.15426054].
2026-07-16 00:04:43,986 - INFO - Best fit parameters: [1.02153039 5.45809001 0.01838791 0.00939747].
2026-07-16 00:04:44,088 - INFO - Maximum log composite likelihood: -423.7577373559801.
2026-07-16 00:04:44,088 - INFO - Optimal value of theta: 475.35156683965994.
2026-07-16 00:04:44,088 - INFO - Beginning optimization with guess, [3.02075737 6.69405901 0.10802965 0.09930106].
2026-07-16 00:04:47,250 - INFO - Finished optimization with guess, [3.02075737 6.69405901 0.10802965 0.09930106].
2026-07-16 00:04:47,252 - INFO - Best fit parameters: [0.21612057 9.53939782 0.04362977 0.03104572].
2026-07-16 00:04:47,353 - INFO - Maximum log composite likelihood: -223.50825010947943.
2026-07-16 00:04:47,353 - INFO - Optimal value of theta: 552.7768827407494.
2026-07-16 00:04:47,353 - INFO - Beginning optimization with guess, [2.84955972 7.44833251 0.05497755 0.1835564 ].
2026-07-16 00:04:49,252 - INFO - Finished optimization with guess, [2.84955972 7.44833251 0.05497755 0.1835564 ].
2026-07-16 00:04:49,252 - INFO - Best fit parameters: [1.32127243 6.16550699 0.02451102 0.02011644].
2026-07-16 00:04:49,347 - INFO - Maximum log composite likelihood: -372.08457858324226.
2026-07-16 00:04:49,347 - INFO - Optimal value of theta: 423.27600423651126.
2026-07-16 00:04:49,347 - INFO - Beginning optimization with guess, [4.86081788 4.0131048  0.16508049 0.19217889].
2026-07-16 00:04:51,339 - INFO - Finished optimization with guess, [4.86081788 4.0131048  0.16508049 0.19217889].
2026-07-16 00:04:51,339 - INFO - Best fit parameters: [0.91386892 1.93759387 0.01716968 0.06163566].
2026-07-16 00:04:51,441 - INFO - Maximum log composite likelihood: -459.20202116473234.
2026-07-16 00:04:51,441 - INFO - Optimal value of theta: 435.7347420148194.
2026-07-16 00:04:51,442 - INFO - Converting and interpreting Tau estimates.
2026-07-16 00:04:51,444 - INFO - Finished demographic inference.
2026-07-16 00:04:51,444 - INFO - Pipeline executed succesfully.
