2026-07-16 00:01:21,547 - INFO - Beginning execution of fit_demographic_model.py in directory /u/project/kirk-bigdata/jonmah/sample_size_demography/Scripts

2026-07-16 00:01:21,548 - INFO - Progress is being logged to ../Analysis/tennessen_ooa_460/log.log

2026-07-16 00:01:21,548 - INFO - Parsed the following arguments:
	syn_input_sfs = ../Simulations/tennessen/ooa_460_sfs/dadi/pop1.sfs
	mask_singletons = False
	mask_doubletons = False
	sum_alleles = False
	L_syn = 100000000.0
	model_type = three_epoch
	input_params = []
	outprefix = ../Analysis/tennessen_ooa_460/

2026-07-16 00:01:21,553 - INFO - Beginning demographic inference for three-epoch demographic model.
2026-07-16 00:01:21,560 - INFO - Beginning optimization with guess, [0.00630717 0.00980776 0.05846616 0.05869642].
2026-07-16 00:02:05,524 - INFO - Finished optimization with guess, [0.00630717 0.00980776 0.05846616 0.05869642].
2026-07-16 00:02:05,527 - INFO - Best fit parameters: [0.00470641 0.02921035 0.06059416 0.02571002].
2026-07-16 00:02:07,222 - INFO - Maximum log composite likelihood: -1997.2295473288411.
2026-07-16 00:02:07,222 - INFO - Optimal value of theta: 28848.83831434034.
2026-07-16 00:02:07,222 - INFO - Beginning optimization with guess, [0.01431638 0.01268003 0.17239366 0.09298945].
2026-07-16 00:04:15,467 - INFO - Finished optimization with guess, [0.01431638 0.01268003 0.17239366 0.09298945].
2026-07-16 00:04:15,469 - INFO - Best fit parameters: [0.0057874  0.05522722 0.17309106 0.05341506].
2026-07-16 00:04:17,578 - INFO - Maximum log composite likelihood: -1998.2186444089775.
2026-07-16 00:04:17,578 - INFO - Optimal value of theta: 15193.370293695161.
2026-07-16 00:04:17,578 - INFO - Beginning optimization with guess, [0.02610859 0.03975144 0.14932887 0.07783849].
2026-07-16 00:04:50,308 - INFO - Finished optimization with guess, [0.02610859 0.03975144 0.14932887 0.07783849].
2026-07-16 00:04:50,309 - INFO - Best fit parameters: [0.01456039 0.0738849  0.19164598 0.06117975].
2026-07-16 00:04:51,991 - INFO - Maximum log composite likelihood: -1996.304245133306.
2026-07-16 00:04:51,992 - INFO - Optimal value of theta: 11426.050771025923.
2026-07-16 00:04:51,992 - INFO - Beginning optimization with guess, [0.0421791  0.09792688 0.19848835 0.11613078].
2026-07-16 00:05:22,388 - INFO - Finished optimization with guess, [0.0421791  0.09792688 0.19848835 0.11613078].
2026-07-16 00:05:22,391 - INFO - Best fit parameters: [0.0338532  0.13755111 0.22124347 0.09446802].
2026-07-16 00:05:23,905 - INFO - Maximum log composite likelihood: -1993.228264000224.
2026-07-16 00:05:23,905 - INFO - Optimal value of theta: 6222.749521729707.
2026-07-16 00:05:23,906 - INFO - Beginning optimization with guess, [0.05732743 0.05110084 0.13098673 0.06181324].
2026-07-16 00:05:54,915 - INFO - Finished optimization with guess, [0.05732743 0.05110084 0.13098673 0.06181324].
2026-07-16 00:05:54,917 - INFO - Best fit parameters: [0.02214285 0.08599446 0.24694595 0.06749651].
2026-07-16 00:05:56,548 - INFO - Maximum log composite likelihood: -1994.9079369591382.
2026-07-16 00:05:56,549 - INFO - Optimal value of theta: 9756.354928800934.
2026-07-16 00:05:56,549 - INFO - Beginning optimization with guess, [0.17524862 0.44822528 0.11811788 0.06364071].
2026-07-16 00:06:23,569 - INFO - Finished optimization with guess, [0.17524862 0.44822528 0.11811788 0.06364071].
2026-07-16 00:06:23,572 - INFO - Best fit parameters: [0.11373201 9.71513525 0.12074121 0.01009782].
2026-07-16 00:06:24,923 - INFO - Maximum log composite likelihood: -555.8957292381939.
2026-07-16 00:06:24,923 - INFO - Optimal value of theta: 1329.1239750534287.
2026-07-16 00:06:24,924 - INFO - Beginning optimization with guess, [0.36616232 0.55535943 0.64958696 0.07804644].
2026-07-16 00:06:52,670 - INFO - Finished optimization with guess, [0.36616232 0.55535943 0.64958696 0.07804644].
2026-07-16 00:06:52,672 - INFO - Best fit parameters: [0.4752687  2.23700113 0.57236557 0.01926753].
2026-07-16 00:06:54,012 - INFO - Maximum log composite likelihood: -973.4444595113355.
2026-07-16 00:06:54,012 - INFO - Optimal value of theta: 878.3956191369615.
2026-07-16 00:06:54,013 - INFO - Beginning optimization with guess, [1.09812707 0.44340668 0.1558872  0.11111859].
2026-07-16 00:07:20,589 - INFO - Finished optimization with guess, [1.09812707 0.44340668 0.1558872  0.11111859].
2026-07-16 00:07:20,591 - INFO - Best fit parameters: [ 0.60436021 17.74661708  0.11180721  0.05625483].
2026-07-16 00:07:21,914 - INFO - Maximum log composite likelihood: -667.8482301145978.
2026-07-16 00:07:21,914 - INFO - Optimal value of theta: 355.9115571119965.
2026-07-16 00:07:21,915 - INFO - Beginning optimization with guess, [1.0683315  0.56479111 0.19070891 0.12674696].
2026-07-16 00:07:48,533 - INFO - Finished optimization with guess, [1.0683315  0.56479111 0.19070891 0.12674696].
2026-07-16 00:07:48,535 - INFO - Best fit parameters: [ 0.55819635 17.7755161   0.13514261  0.05393446].
2026-07-16 00:07:49,855 - INFO - Maximum log composite likelihood: -655.0619763336546.
2026-07-16 00:07:49,855 - INFO - Optimal value of theta: 370.1679269725616.
2026-07-16 00:07:49,855 - INFO - Beginning optimization with guess, [0.78389763 1.81335523 0.05392482 0.08024139].
2026-07-16 00:08:16,322 - INFO - Finished optimization with guess, [0.78389763 1.81335523 0.05392482 0.08024139].
2026-07-16 00:08:16,325 - INFO - Best fit parameters: [ 0.26469256 17.03257541  0.08033071  0.02598102].
2026-07-16 00:08:17,653 - INFO - Maximum log composite likelihood: -528.4521370888863.
2026-07-16 00:08:17,654 - INFO - Optimal value of theta: 587.414615867759.
2026-07-16 00:08:17,654 - INFO - Beginning optimization with guess, [1.90044083 1.46271116 0.06450519 0.06887705].
2026-07-16 00:08:44,082 - INFO - Finished optimization with guess, [1.90044083 1.46271116 0.06450519 0.06887705].
2026-07-16 00:08:44,084 - INFO - Best fit parameters: [4.62537355e-01 3.23551398e+01 4.84107738e-02 3.13419591e-02].
2026-07-16 00:08:45,422 - INFO - Maximum log composite likelihood: -577.9077417208331.
2026-07-16 00:08:45,422 - INFO - Optimal value of theta: 436.13745706345.
2026-07-16 00:08:45,422 - INFO - Beginning optimization with guess, [2.13538285 0.93137005 0.05875331 0.19081522].
2026-07-16 00:09:11,884 - INFO - Finished optimization with guess, [2.13538285 0.93137005 0.05875331 0.19081522].
2026-07-16 00:09:11,886 - INFO - Best fit parameters: [7.70720204e-01 2.16843056e+02 3.47020549e-02 1.38701350e-02].
2026-07-16 00:09:13,208 - INFO - Maximum log composite likelihood: -710.839750721706.
2026-07-16 00:09:13,208 - INFO - Optimal value of theta: 513.3763385554836.
2026-07-16 00:09:13,209 - INFO - Beginning optimization with guess, [2.11686136 1.18596621 0.056123   0.07298202].
2026-07-16 00:09:39,639 - INFO - Finished optimization with guess, [2.11686136 1.18596621 0.056123   0.07298202].
2026-07-16 00:09:39,641 - INFO - Best fit parameters: [7.84506670e-01 4.02463377e+01 3.36633497e-02 2.86728719e-02].
2026-07-16 00:09:40,961 - INFO - Maximum log composite likelihood: -608.6105013609746.
2026-07-16 00:09:40,962 - INFO - Optimal value of theta: 402.7677875549257.
2026-07-16 00:09:40,962 - INFO - Beginning optimization with guess, [1.20638115 1.26996732 0.09218873 0.14938612].
2026-07-16 00:10:14,205 - INFO - Finished optimization with guess, [1.20638115 1.26996732 0.09218873 0.14938612].
2026-07-16 00:10:14,207 - INFO - Best fit parameters: [3.96430699e-01 4.68369051e+02 7.32777013e-02 1.45267163e-02].
2026-07-16 00:10:15,523 - INFO - Maximum log composite likelihood: -718.8488929658698.
2026-07-16 00:10:15,524 - INFO - Optimal value of theta: 616.0831552953607.
2026-07-16 00:10:15,524 - INFO - Beginning optimization with guess, [2.17026902 2.08701446 0.07930661 0.09346455].
2026-07-16 00:10:41,868 - INFO - Finished optimization with guess, [2.17026902 2.08701446 0.07930661 0.09346455].
2026-07-16 00:10:41,870 - INFO - Best fit parameters: [5.40739916e-01 4.08229200e+01 5.11479481e-02 3.04325535e-02].
2026-07-16 00:10:43,182 - INFO - Maximum log composite likelihood: -590.9120582106749.
2026-07-16 00:10:43,182 - INFO - Optimal value of theta: 423.2414160298209.
2026-07-16 00:10:43,182 - INFO - Beginning optimization with guess, [2.30429031 1.93414029 0.09287683 0.16582768].
2026-07-16 00:11:09,737 - INFO - Finished optimization with guess, [2.30429031 1.93414029 0.09287683 0.16582768].
2026-07-16 00:11:09,739 - INFO - Best fit parameters: [5.99742252e-01 3.91480451e+02 4.31715870e-02 2.61101461e-02].
2026-07-16 00:11:11,052 - INFO - Maximum log composite likelihood: -732.6577420260237.
2026-07-16 00:11:11,052 - INFO - Optimal value of theta: 415.67074978037977.
2026-07-16 00:11:11,053 - INFO - Beginning optimization with guess, [3.53861226 5.76886123 0.09802055 0.16120525].
2026-07-16 00:11:37,582 - INFO - Finished optimization with guess, [3.53861226 5.76886123 0.09802055 0.16120525].
2026-07-16 00:11:37,584 - INFO - Best fit parameters: [ 1.04071088 19.09837518  0.04224077  0.03035895].
2026-07-16 00:11:38,903 - INFO - Maximum log composite likelihood: -658.1518814875122.
2026-07-16 00:11:38,903 - INFO - Optimal value of theta: 400.71313473001095.
2026-07-16 00:11:38,904 - INFO - Beginning optimization with guess, [5.59416272 2.90927226 0.06654046 0.09010396].
2026-07-16 00:12:05,366 - INFO - Finished optimization with guess, [5.59416272 2.90927226 0.06654046 0.09010396].
2026-07-16 00:12:05,369 - INFO - Best fit parameters: [4.24983331e+00 3.52651289e+01 1.68836387e-02 1.93030064e-02].
2026-07-16 00:12:06,696 - INFO - Maximum log composite likelihood: -637.4288637974687.
2026-07-16 00:12:06,696 - INFO - Optimal value of theta: 388.82907110992375.
2026-07-16 00:12:06,696 - INFO - Beginning optimization with guess, [3.49963576 2.36100405 0.08685824 0.05351883].
2026-07-16 00:12:33,095 - INFO - Finished optimization with guess, [3.49963576 2.36100405 0.08685824 0.05351883].
2026-07-16 00:12:33,097 - INFO - Best fit parameters: [1.56691237e+00 3.20679548e+01 2.10076063e-02 2.70385563e-02].
2026-07-16 00:12:34,415 - INFO - Maximum log composite likelihood: -637.1108419152873.
2026-07-16 00:12:34,415 - INFO - Optimal value of theta: 379.97503000154904.
2026-07-16 00:12:34,416 - INFO - Beginning optimization with guess, [3.77609125 4.39341273 0.08798019 0.09609532].
2026-07-16 00:13:00,766 - INFO - Finished optimization with guess, [3.77609125 4.39341273 0.08798019 0.09609532].
2026-07-16 00:13:00,768 - INFO - Best fit parameters: [1.68503022e+00 2.64943334e+01 2.39602857e-02 2.68081678e-02].
2026-07-16 00:13:02,083 - INFO - Maximum log composite likelihood: -652.2554653758386.
2026-07-16 00:13:02,083 - INFO - Optimal value of theta: 381.2779847480013.
2026-07-16 00:13:02,084 - INFO - Beginning optimization with guess, [3.41033647 3.72455287 0.10880644 0.08717363].
2026-07-16 00:13:28,506 - INFO - Finished optimization with guess, [3.41033647 3.72455287 0.10880644 0.08717363].
2026-07-16 00:13:28,508 - INFO - Best fit parameters: [ 0.88026906 30.10432533  0.03796693  0.03024447].
2026-07-16 00:13:29,827 - INFO - Maximum log composite likelihood: -616.2712331816925.
2026-07-16 00:13:29,827 - INFO - Optimal value of theta: 395.459114999761.
2026-07-16 00:13:29,827 - INFO - Beginning optimization with guess, [8.46043603 3.45661409 0.09057871 0.19550101].
2026-07-16 00:14:02,770 - INFO - Finished optimization with guess, [8.46043603 3.45661409 0.09057871 0.19550101].
2026-07-16 00:14:02,772 - INFO - Best fit parameters: [5.15471976e+00 1.31399566e+02 1.04728914e-02 1.71431706e-02].
2026-07-16 00:14:04,094 - INFO - Maximum log composite likelihood: -620.8709962040931.
2026-07-16 00:14:04,094 - INFO - Optimal value of theta: 400.7580240200494.
2026-07-16 00:14:04,095 - INFO - Beginning optimization with guess, [2.65198925 8.64742721 0.12832399 0.13543417].
2026-07-16 00:14:30,514 - INFO - Finished optimization with guess, [2.65198925 8.64742721 0.12832399 0.13543417].
2026-07-16 00:14:30,516 - INFO - Best fit parameters: [ 0.38967352 24.19899805  0.08021572  0.02848298].
2026-07-16 00:14:31,846 - INFO - Maximum log composite likelihood: -542.7259943196543.
2026-07-16 00:14:31,846 - INFO - Optimal value of theta: 498.14542839110726.
2026-07-16 00:14:31,847 - INFO - Beginning optimization with guess, [4.22595617 2.74119728 0.0711584  0.14527138].
2026-07-16 00:14:58,190 - INFO - Finished optimization with guess, [4.22595617 2.74119728 0.0711584  0.14527138].
2026-07-16 00:14:58,192 - INFO - Best fit parameters: [2.50240328e+00 4.09266098e+01 2.52936690e-02 2.20177850e-02].
2026-07-16 00:14:59,514 - INFO - Maximum log composite likelihood: -644.27928008853.
2026-07-16 00:14:59,514 - INFO - Optimal value of theta: 374.684193225468.
2026-07-16 00:14:59,514 - INFO - Beginning optimization with guess, [4.00136686 4.97590811 0.1521687  0.17795884].
2026-07-16 00:15:26,003 - INFO - Finished optimization with guess, [4.00136686 4.97590811 0.1521687  0.17795884].
2026-07-16 00:15:26,007 - INFO - Best fit parameters: [1.20871638e+00 5.72155438e+01 2.96013964e-02 5.77129027e-02].
2026-07-16 00:15:27,322 - INFO - Maximum log composite likelihood: -800.8936553995213.
2026-07-16 00:15:27,322 - INFO - Optimal value of theta: 265.8067413619259.
2026-07-16 00:15:27,327 - INFO - Converting and interpreting Tau estimates.
2026-07-16 00:15:27,354 - INFO - Finished demographic inference.
2026-07-16 00:15:27,354 - INFO - Pipeline executed succesfully.
