2026-07-16 00:01:07,687 - INFO - Beginning execution of fit_demographic_model.py in directory /u/project/kirk-bigdata/jonmah/sample_size_demography/Scripts

2026-07-16 00:01:07,687 - INFO - Progress is being logged to ../Analysis/tennessen_ooa_300/log.log

2026-07-16 00:01:07,687 - INFO - Parsed the following arguments:
	syn_input_sfs = ../Simulations/tennessen/ooa_300_sfs/dadi/pop1.sfs
	mask_singletons = False
	mask_doubletons = False
	sum_alleles = False
	L_syn = 100000000.0
	model_type = three_epoch
	input_params = []
	outprefix = ../Analysis/tennessen_ooa_300/

2026-07-16 00:01:07,689 - INFO - Beginning demographic inference for three-epoch demographic model.
2026-07-16 00:01:07,691 - INFO - Beginning optimization with guess, [0.0051118  0.012526   0.10103139 0.16378282].
2026-07-16 00:01:58,480 - INFO - Finished optimization with guess, [0.0051118  0.012526   0.10103139 0.16378282].
2026-07-16 00:01:58,483 - INFO - Best fit parameters: [0.0048218  0.04037052 0.10103135 0.05463074].
2026-07-16 00:01:59,380 - INFO - Maximum log composite likelihood: -1244.3223517658064.
2026-07-16 00:01:59,380 - INFO - Optimal value of theta: 17028.031886441295.
2026-07-16 00:01:59,380 - INFO - Beginning optimization with guess, [0.01726625 0.01517105 0.11214674 0.12501959].
2026-07-16 00:02:08,919 - INFO - Finished optimization with guess, [0.01726625 0.01517105 0.11214674 0.12501959].
2026-07-16 00:02:08,923 - INFO - Best fit parameters: [0.00915017 0.01177267 0.14093179 0.25000862].
2026-07-16 00:02:10,118 - INFO - Maximum log composite likelihood: -1283.8225236765738.
2026-07-16 00:02:10,118 - INFO - Optimal value of theta: 52066.46561546677.
2026-07-16 00:02:10,118 - INFO - Beginning optimization with guess, [0.04964546 0.05483021 0.11768305 0.18458079].
2026-07-16 00:03:02,092 - INFO - Finished optimization with guess, [0.04964546 0.05483021 0.11768305 0.18458079].
2026-07-16 00:03:02,093 - INFO - Best fit parameters: [0.02015938 0.11747643 0.20257387 0.15414504].
2026-07-16 00:03:02,807 - INFO - Maximum log composite likelihood: -1244.2801106650165.
2026-07-16 00:03:02,807 - INFO - Optimal value of theta: 5837.333895935842.
2026-07-16 00:03:02,807 - INFO - Beginning optimization with guess, [0.0470158  0.13660543 0.08277624 0.05501555].
2026-07-16 00:03:14,519 - INFO - Finished optimization with guess, [0.0470158  0.13660543 0.08277624 0.05501555].
2026-07-16 00:03:14,520 - INFO - Best fit parameters: [0.03657797 0.1650136  0.10247815 0.05358144].
2026-07-16 00:03:15,084 - INFO - Maximum log composite likelihood: -1187.6136582261047.
2026-07-16 00:03:15,084 - INFO - Optimal value of theta: 4452.90268856639.
2026-07-16 00:03:15,084 - INFO - Beginning optimization with guess, [0.09672937 0.05837185 0.15141664 0.07082738].
2026-07-16 00:03:27,743 - INFO - Finished optimization with guess, [0.09672937 0.05837185 0.15141664 0.07082738].
2026-07-16 00:03:27,744 - INFO - Best fit parameters: [0.03956661 0.07145885 0.27979489 0.11381142].
2026-07-16 00:03:28,418 - INFO - Maximum log composite likelihood: -1260.6381235274214.
2026-07-16 00:03:28,418 - INFO - Optimal value of theta: 8954.817464900749.
2026-07-16 00:03:28,419 - INFO - Beginning optimization with guess, [0.34364933 0.26783323 0.12592615 0.05380802].
2026-07-16 00:03:39,769 - INFO - Finished optimization with guess, [0.34364933 0.26783323 0.12592615 0.05380802].
2026-07-16 00:03:39,770 - INFO - Best fit parameters: [0.16484629 1.13648067 0.19048253 0.05180593].
2026-07-16 00:03:40,311 - INFO - Maximum log composite likelihood: -764.9700177882686.
2026-07-16 00:03:40,311 - INFO - Optimal value of theta: 1023.0562739001815.
2026-07-16 00:03:40,311 - INFO - Beginning optimization with guess, [0.29984062 0.54499879 0.28083969 0.07438938].
2026-07-16 00:03:51,354 - INFO - Finished optimization with guess, [0.29984062 0.54499879 0.28083969 0.07438938].
2026-07-16 00:03:51,357 - INFO - Best fit parameters: [0.26436412 1.94900446 0.23926695 0.03372363].
2026-07-16 00:03:51,907 - INFO - Maximum log composite likelihood: -555.441759055451.
2026-07-16 00:03:51,907 - INFO - Optimal value of theta: 835.8486706720621.
2026-07-16 00:03:51,907 - INFO - Beginning optimization with guess, [0.70284358 0.99856767 0.13300338 0.06960712].
2026-07-16 00:04:02,512 - INFO - Finished optimization with guess, [0.70284358 0.99856767 0.13300338 0.06960712].
2026-07-16 00:04:02,515 - INFO - Best fit parameters: [ 0.29410835 11.57771257  0.11900603  0.0167228 ].
2026-07-16 00:04:03,042 - INFO - Maximum log composite likelihood: -398.3850775393015.
2026-07-16 00:04:03,042 - INFO - Optimal value of theta: 714.9547539313045.
2026-07-16 00:04:03,042 - INFO - Beginning optimization with guess, [0.52633474 0.66179505 0.10122817 0.09637885].
2026-07-16 00:04:13,677 - INFO - Finished optimization with guess, [0.52633474 0.66179505 0.10122817 0.09637885].
2026-07-16 00:04:13,678 - INFO - Best fit parameters: [ 0.30329883 14.66030454  0.09478403  0.02243222].
2026-07-16 00:04:14,214 - INFO - Maximum log composite likelihood: -380.23668113308406.
2026-07-16 00:04:14,215 - INFO - Optimal value of theta: 610.5252031261147.
2026-07-16 00:04:14,215 - INFO - Beginning optimization with guess, [0.88433756 1.78688989 0.08183012 0.10726174].
2026-07-16 00:04:28,341 - INFO - Finished optimization with guess, [0.88433756 1.78688989 0.08183012 0.10726174].
2026-07-16 00:04:28,350 - INFO - Best fit parameters: [9.67481169e-02 6.31526649e+01 1.15582200e-01 6.68496829e-03].
2026-07-16 00:04:28,898 - INFO - Maximum log composite likelihood: -545.2543189190726.
2026-07-16 00:04:28,899 - INFO - Optimal value of theta: 1595.9016595134156.
2026-07-16 00:04:28,899 - INFO - Beginning optimization with guess, [1.97641313 1.70388546 0.12340059 0.0781692 ].
2026-07-16 00:04:39,463 - INFO - Finished optimization with guess, [1.97641313 1.70388546 0.12340059 0.0781692 ].
2026-07-16 00:04:39,464 - INFO - Best fit parameters: [ 0.41108602 22.17727     0.06988081  0.02285052].
2026-07-16 00:04:39,986 - INFO - Maximum log composite likelihood: -409.1031910369974.
2026-07-16 00:04:39,987 - INFO - Optimal value of theta: 527.6958760679912.
2026-07-16 00:04:39,987 - INFO - Beginning optimization with guess, [1.09594423 2.19006408 0.08006619 0.15942701].
2026-07-16 00:04:53,244 - INFO - Finished optimization with guess, [1.09594423 2.19006408 0.08006619 0.15942701].
2026-07-16 00:04:53,250 - INFO - Best fit parameters: [2.15327887e-01 8.76286786e+01 9.01456819e-02 1.54847094e-02].
2026-07-16 00:04:53,784 - INFO - Maximum log composite likelihood: -501.3021056998693.
2026-07-16 00:04:53,784 - INFO - Optimal value of theta: 736.5866198636912.
2026-07-16 00:04:53,784 - INFO - Beginning optimization with guess, [3.87650527 1.18639027 0.12370879 0.1313202 ].
2026-07-16 00:05:06,994 - INFO - Finished optimization with guess, [3.87650527 1.18639027 0.12370879 0.1313202 ].
2026-07-16 00:05:07,009 - INFO - Best fit parameters: [5.00100082e-01 2.66335526e+02 7.60995854e-03 1.20284286e-02].
2026-07-16 00:05:07,528 - INFO - Maximum log composite likelihood: -604.2736142101412.
2026-07-16 00:05:07,528 - INFO - Optimal value of theta: 512.7240648188015.
2026-07-16 00:05:07,528 - INFO - Beginning optimization with guess, [1.89889648 1.36797033 0.17079381 0.07161454].
2026-07-16 00:05:18,121 - INFO - Finished optimization with guess, [1.89889648 1.36797033 0.17079381 0.07161454].
2026-07-16 00:05:18,122 - INFO - Best fit parameters: [3.79737869e-01 2.97983984e+01 7.04018485e-02 1.44918185e-02].
2026-07-16 00:05:18,662 - INFO - Maximum log composite likelihood: -471.2415288115362.
2026-07-16 00:05:18,662 - INFO - Optimal value of theta: 621.8900324562944.
2026-07-16 00:05:18,662 - INFO - Beginning optimization with guess, [1.78540187 2.04169867 0.07826024 0.06106654].
2026-07-16 00:05:31,845 - INFO - Finished optimization with guess, [1.78540187 2.04169867 0.07826024 0.06106654].
2026-07-16 00:05:31,846 - INFO - Best fit parameters: [ 0.31386225 19.0498647   0.05903421  0.02681909].
2026-07-16 00:05:32,367 - INFO - Maximum log composite likelihood: -394.38963471690676.
2026-07-16 00:05:32,367 - INFO - Optimal value of theta: 527.8010443121473.
2026-07-16 00:05:32,368 - INFO - Beginning optimization with guess, [5.07793473 2.82780024 0.07829324 0.16155798].
2026-07-16 00:05:45,472 - INFO - Finished optimization with guess, [5.07793473 2.82780024 0.07829324 0.16155798].
2026-07-16 00:05:45,473 - INFO - Best fit parameters: [2.45304234e+00 5.34742897e+01 8.11407882e-03 1.80602722e-02].
2026-07-16 00:05:45,998 - INFO - Maximum log composite likelihood: -492.9796117364154.
2026-07-16 00:05:45,998 - INFO - Optimal value of theta: 413.0305281460259.
2026-07-16 00:05:45,999 - INFO - Beginning optimization with guess, [4.32847556 5.36348452 0.12212649 0.12526348].
2026-07-16 00:05:56,572 - INFO - Finished optimization with guess, [4.32847556 5.36348452 0.12212649 0.12526348].
2026-07-16 00:05:56,573 - INFO - Best fit parameters: [ 1.70742502 13.46850689  0.038553    0.02661693].
2026-07-16 00:05:57,125 - INFO - Maximum log composite likelihood: -555.186040853633.
2026-07-16 00:05:57,125 - INFO - Optimal value of theta: 379.48189842019667.
2026-07-16 00:05:57,126 - INFO - Beginning optimization with guess, [2.01349872 3.86705805 0.092863   0.11701816].
2026-07-16 00:06:07,485 - INFO - Finished optimization with guess, [2.01349872 3.86705805 0.092863   0.11701816].
2026-07-16 00:06:07,493 - INFO - Best fit parameters: [ 0.38963533 13.11373031  0.06384539  0.02496247].
2026-07-16 00:06:08,021 - INFO - Maximum log composite likelihood: -406.86711401759544.
2026-07-16 00:06:08,021 - INFO - Optimal value of theta: 533.0230460131687.
2026-07-16 00:06:08,021 - INFO - Beginning optimization with guess, [2.52860725 3.91110771 0.10180558 0.09843866].
2026-07-16 00:06:18,543 - INFO - Finished optimization with guess, [2.52860725 3.91110771 0.10180558 0.09843866].
2026-07-16 00:06:18,547 - INFO - Best fit parameters: [ 0.73270931 11.12061568  0.06140077  0.02935908].
2026-07-16 00:06:19,074 - INFO - Maximum log composite likelihood: -489.86680928148695.
2026-07-16 00:06:19,074 - INFO - Optimal value of theta: 442.0902865048639.
2026-07-16 00:06:19,074 - INFO - Beginning optimization with guess, [4.05662967 5.22178631 0.12860048 0.06285499].
2026-07-16 00:06:29,619 - INFO - Finished optimization with guess, [4.05662967 5.22178631 0.12860048 0.06285499].
2026-07-16 00:06:29,620 - INFO - Best fit parameters: [ 0.84668987 22.09628663  0.02827998  0.02791834].
2026-07-16 00:06:30,141 - INFO - Maximum log composite likelihood: -485.6341924351213.
2026-07-16 00:06:30,141 - INFO - Optimal value of theta: 406.79205260918735.
2026-07-16 00:06:30,142 - INFO - Beginning optimization with guess, [2.31592407 2.88469992 0.08531365 0.08302092].
2026-07-16 00:06:40,655 - INFO - Finished optimization with guess, [2.31592407 2.88469992 0.08531365 0.08302092].
2026-07-16 00:06:40,656 - INFO - Best fit parameters: [ 0.3317303  19.83021282  0.04591941  0.03088813].
2026-07-16 00:06:41,173 - INFO - Maximum log composite likelihood: -406.3600906853991.
2026-07-16 00:06:41,173 - INFO - Optimal value of theta: 480.67074381859624.
2026-07-16 00:06:41,173 - INFO - Beginning optimization with guess, [8.46033945 3.24241914 0.15841377 0.1136411 ].
2026-07-16 00:06:51,671 - INFO - Finished optimization with guess, [8.46033945 3.24241914 0.15841377 0.1136411 ].
2026-07-16 00:06:51,672 - INFO - Best fit parameters: [3.04781780e+00 3.62626444e+01 3.21125371e-03 2.13277356e-02].
2026-07-16 00:06:52,193 - INFO - Maximum log composite likelihood: -489.85902000029836.
2026-07-16 00:06:52,193 - INFO - Optimal value of theta: 408.60535656004106.
2026-07-16 00:06:52,193 - INFO - Beginning optimization with guess, [5.37998924 7.37441885 0.1173663  0.07532118].
2026-07-16 00:07:02,692 - INFO - Finished optimization with guess, [5.37998924 7.37441885 0.1173663  0.07532118].
2026-07-16 00:07:02,707 - INFO - Best fit parameters: [2.51442966e+00 2.52308880e+01 1.64785707e-02 2.14115948e-02].
2026-07-16 00:07:03,234 - INFO - Maximum log composite likelihood: -503.9320338494303.
2026-07-16 00:07:03,234 - INFO - Optimal value of theta: 387.6905443551112.
2026-07-16 00:07:03,234 - INFO - Beginning optimization with guess, [8.67250634 3.81314636 0.10536067 0.18255473].
2026-07-16 00:07:13,743 - INFO - Finished optimization with guess, [8.67250634 3.81314636 0.10536067 0.18255473].
2026-07-16 00:07:13,743 - INFO - Best fit parameters: [5.29325112e+00 1.44180014e+01 5.15404350e-03 3.22889330e-02].
2026-07-16 00:07:14,264 - INFO - Maximum log composite likelihood: -516.9289583730631.
2026-07-16 00:07:14,264 - INFO - Optimal value of theta: 374.95077513988116.
2026-07-16 00:07:14,264 - INFO - Beginning optimization with guess, [5.88489161 7.79907082 0.08422958 0.05077271].
2026-07-16 00:07:24,749 - INFO - Finished optimization with guess, [5.88489161 7.79907082 0.08422958 0.05077271].
2026-07-16 00:07:24,750 - INFO - Best fit parameters: [5.36399848e+00 2.83455022e+01 1.24969226e-02 1.74646628e-02].
2026-07-16 00:07:25,260 - INFO - Maximum log composite likelihood: -495.5386242967129.
2026-07-16 00:07:25,260 - INFO - Optimal value of theta: 396.00426911066097.
2026-07-16 00:07:25,263 - INFO - Converting and interpreting Tau estimates.
2026-07-16 00:07:25,266 - INFO - Finished demographic inference.
2026-07-16 00:07:25,266 - INFO - Pipeline executed succesfully.
