2026-07-21 17:17:47,529 - INFO - Beginning execution of fit_demographic_model.py in directory /u/project/kirk-bigdata/jonmah/sample_size_demography/Scripts

2026-07-21 17:17:47,529 - INFO - Progress is being logged to ../Analysis/1KG_IBS_110/log.log

2026-07-21 17:17:47,529 - INFO - Parsed the following arguments:
	syn_input_sfs = ../Analysis/1KG_IBS_110/syn_downsampled_sfs.txt
	mask_singletons = False
	mask_doubletons = False
	sum_alleles = False
	L_syn = 100000000.0
	model_type = three_epoch
	input_params = []
	outprefix = ../Analysis/1KG_IBS_110/

2026-07-21 17:17:47,531 - INFO - Beginning demographic inference for three-epoch demographic model.
2026-07-21 17:17:47,534 - INFO - Beginning optimization with guess, [0.00989698 0.01533109 0.08948639 0.07838557].
2026-07-21 17:17:54,994 - INFO - Finished optimization with guess, [0.00989698 0.01533109 0.08948639 0.07838557].
2026-07-21 17:17:54,994 - INFO - Best fit parameters: [0.0077951  0.03452749 0.09159587 0.04339825].
2026-07-21 17:17:55,187 - INFO - Maximum log composite likelihood: -2389.262361388777.
2026-07-21 17:17:55,188 - INFO - Optimal value of theta: 233136.7973940283.
2026-07-21 17:17:55,188 - INFO - Beginning optimization with guess, [0.03098138 0.02852685 0.06656801 0.17121726].
2026-07-21 17:18:03,155 - INFO - Finished optimization with guess, [0.03098138 0.02852685 0.06656801 0.17121726].
2026-07-21 17:18:03,156 - INFO - Best fit parameters: [0.02334677 0.01603645 0.08583532 0.35301796].
2026-07-21 17:18:03,439 - INFO - Maximum log composite likelihood: -2732.2249860646098.
2026-07-21 17:18:03,440 - INFO - Optimal value of theta: 439999.78466072807.
2026-07-21 17:18:03,440 - INFO - Beginning optimization with guess, [0.04514649 0.05511478 0.13921958 0.10370335].
2026-07-21 17:18:09,660 - INFO - Finished optimization with guess, [0.04514649 0.05511478 0.13921958 0.10370335].
2026-07-21 17:18:09,660 - INFO - Best fit parameters: [0.01806312 0.08825096 0.2672872  0.10479476].
2026-07-21 17:18:09,875 - INFO - Maximum log composite likelihood: -2394.2818888339343.
2026-07-21 17:18:09,875 - INFO - Optimal value of theta: 92537.02169982555.
2026-07-21 17:18:09,875 - INFO - Beginning optimization with guess, [0.0736366  0.09576738 0.06739895 0.176771  ].
2026-07-21 17:18:14,504 - INFO - Finished optimization with guess, [0.0736366  0.09576738 0.06739895 0.176771  ].
2026-07-21 17:18:14,504 - INFO - Best fit parameters: [0.03912054 0.06651857 0.11647668 0.4670431 ].
2026-07-21 17:18:14,676 - INFO - Maximum log composite likelihood: -2733.0136577000126.
2026-07-21 17:18:14,676 - INFO - Optimal value of theta: 106058.56371199683.
2026-07-21 17:18:14,677 - INFO - Beginning optimization with guess, [0.05145792 0.05502886 0.12958051 0.06829101].
2026-07-21 17:18:19,854 - INFO - Finished optimization with guess, [0.05145792 0.05502886 0.12958051 0.06829101].
2026-07-21 17:18:19,854 - INFO - Best fit parameters: [0.02304404 0.07272712 0.23812886 0.08071047].
2026-07-21 17:18:20,036 - INFO - Maximum log composite likelihood: -2388.0454000464924.
2026-07-21 17:18:20,036 - INFO - Optimal value of theta: 111031.99160610739.
2026-07-21 17:18:20,036 - INFO - Beginning optimization with guess, [0.24261414 0.26382538 0.07562021 0.06619223].
2026-07-21 17:18:23,400 - INFO - Finished optimization with guess, [0.24261414 0.26382538 0.07562021 0.06619223].
2026-07-21 17:18:23,401 - INFO - Best fit parameters: [0.12959753 1.03184322 0.12335407 0.07162718].
2026-07-21 17:18:23,509 - INFO - Maximum log composite likelihood: -894.6607199470186.
2026-07-21 17:18:23,509 - INFO - Optimal value of theta: 12309.327224448065.
2026-07-21 17:18:23,510 - INFO - Beginning optimization with guess, [0.51232433 0.55340228 0.87893592 0.06322405].
2026-07-21 17:18:27,593 - INFO - Finished optimization with guess, [0.51232433 0.55340228 0.87893592 0.06322405].
2026-07-21 17:18:27,594 - INFO - Best fit parameters: [0.40626947 1.8861341  0.56419857 0.02680246].
2026-07-21 17:18:27,705 - INFO - Maximum log composite likelihood: -400.9270016385522.
2026-07-21 17:18:27,705 - INFO - Optimal value of theta: 10956.657094890697.
2026-07-21 17:18:27,706 - INFO - Beginning optimization with guess, [0.37522083 0.53504667 0.16990107 0.13530556].
2026-07-21 17:18:30,860 - INFO - Finished optimization with guess, [0.37522083 0.53504667 0.16990107 0.13530556].
2026-07-21 17:18:30,861 - INFO - Best fit parameters: [0.59330325 5.3074565  0.10445087 0.04771187].
2026-07-21 17:18:30,963 - INFO - Maximum log composite likelihood: -275.8464863727469.
2026-07-21 17:18:30,963 - INFO - Optimal value of theta: 6113.4238304130495.
2026-07-21 17:18:30,963 - INFO - Beginning optimization with guess, [1.66533452 0.5520517  0.06545326 0.05610735].
2026-07-21 17:18:33,964 - INFO - Finished optimization with guess, [1.66533452 0.5520517  0.06545326 0.05610735].
2026-07-21 17:18:33,964 - INFO - Best fit parameters: [0.46015443 9.74616091 0.04633684 0.04414098].
2026-07-21 17:18:34,061 - INFO - Maximum log composite likelihood: -282.7007445362899.
2026-07-21 17:18:34,061 - INFO - Optimal value of theta: 6020.153494409634.
2026-07-21 17:18:34,061 - INFO - Beginning optimization with guess, [1.62652676 0.85945066 0.0558291  0.18263629].
2026-07-21 17:18:37,119 - INFO - Finished optimization with guess, [1.62652676 0.85945066 0.0558291  0.18263629].
2026-07-21 17:18:37,120 - INFO - Best fit parameters: [0.92218621 2.83912036 0.04456937 0.04887926].
2026-07-21 17:18:37,222 - INFO - Maximum log composite likelihood: -745.7697686190193.
2026-07-21 17:18:37,222 - INFO - Optimal value of theta: 5823.9212903274.
2026-07-21 17:18:37,222 - INFO - Beginning optimization with guess, [0.91437317 0.8578873  0.12532279 0.13620162].
2026-07-21 17:18:40,343 - INFO - Finished optimization with guess, [0.91437317 0.8578873  0.12532279 0.13620162].
2026-07-21 17:18:40,344 - INFO - Best fit parameters: [0.48669661 4.79032559 0.11932801 0.03795301].
2026-07-21 17:18:40,447 - INFO - Maximum log composite likelihood: -282.63006712557376.
2026-07-21 17:18:40,447 - INFO - Optimal value of theta: 6968.409986956984.
2026-07-21 17:18:40,447 - INFO - Beginning optimization with guess, [3.45564843 3.29701933 0.06519634 0.12952421].
2026-07-21 17:18:43,505 - INFO - Finished optimization with guess, [3.45564843 3.29701933 0.06519634 0.12952421].
2026-07-21 17:18:43,505 - INFO - Best fit parameters: [2.27771037 7.56047141 0.01622017 0.02893878].
2026-07-21 17:18:43,607 - INFO - Maximum log composite likelihood: -455.53742203573137.
2026-07-21 17:18:43,607 - INFO - Optimal value of theta: 5478.812312358638.
2026-07-21 17:18:43,607 - INFO - Beginning optimization with guess, [3.3987141  1.81944489 0.19311028 0.17994246].
2026-07-21 17:18:47,188 - INFO - Finished optimization with guess, [3.3987141  1.81944489 0.19311028 0.17994246].
2026-07-21 17:18:47,188 - INFO - Best fit parameters: [0.2535448  4.38476625 0.01837844 0.05880086].
2026-07-21 17:18:47,290 - INFO - Maximum log composite likelihood: -308.2686082577236.
2026-07-21 17:18:47,290 - INFO - Optimal value of theta: 6034.982352298745.
2026-07-21 17:18:47,290 - INFO - Beginning optimization with guess, [1.13540671 4.30803764 0.07845592 0.06855506].
2026-07-21 17:18:50,374 - INFO - Finished optimization with guess, [1.13540671 4.30803764 0.07845592 0.06855506].
2026-07-21 17:18:50,374 - INFO - Best fit parameters: [0.47166192 5.46317764 0.08361753 0.0446081 ].
2026-07-21 17:18:50,477 - INFO - Maximum log composite likelihood: -252.76062145169902.
2026-07-21 17:18:50,477 - INFO - Optimal value of theta: 6484.084876027841.
2026-07-21 17:18:50,477 - INFO - Beginning optimization with guess, [2.58524647 3.11851401 0.14057574 0.18518873].
2026-07-21 17:18:53,560 - INFO - Finished optimization with guess, [2.58524647 3.11851401 0.14057574 0.18518873].
2026-07-21 17:18:53,561 - INFO - Best fit parameters: [0.47244762 5.07007322 0.07312882 0.04506381].
2026-07-21 17:18:53,663 - INFO - Maximum log composite likelihood: -260.68819283847813.
2026-07-21 17:18:53,663 - INFO - Optimal value of theta: 6424.975225196439.
2026-07-21 17:18:53,663 - INFO - Beginning optimization with guess, [4.05797605 2.9858626  0.13558234 0.05402316].
2026-07-21 17:18:56,727 - INFO - Finished optimization with guess, [4.05797605 2.9858626  0.13558234 0.05402316].
2026-07-21 17:18:56,729 - INFO - Best fit parameters: [4.75464664e-01 2.50344071e+01 7.46758873e-03 2.60244814e-02].
2026-07-21 17:18:56,830 - INFO - Maximum log composite likelihood: -372.5934807147362.
2026-07-21 17:18:56,831 - INFO - Optimal value of theta: 5929.9685752827645.
2026-07-21 17:18:56,831 - INFO - Beginning optimization with guess, [4.41632302 5.50438725 0.15074001 0.09967959].
2026-07-21 17:18:59,891 - INFO - Finished optimization with guess, [4.41632302 5.50438725 0.15074001 0.09967959].
2026-07-21 17:18:59,892 - INFO - Best fit parameters: [ 0.36627894 10.53278651  0.02152103  0.0488554 ].
2026-07-21 17:18:59,994 - INFO - Maximum log composite likelihood: -329.8224171844428.
2026-07-21 17:18:59,994 - INFO - Optimal value of theta: 5721.252420356461.
2026-07-21 17:18:59,994 - INFO - Beginning optimization with guess, [2.29133005 6.26501076 0.05968104 0.11362506].
2026-07-21 17:19:03,099 - INFO - Finished optimization with guess, [2.29133005 6.26501076 0.05968104 0.11362506].
2026-07-21 17:19:03,100 - INFO - Best fit parameters: [0.78688105 7.38983314 0.03417033 0.04006518].
2026-07-21 17:19:03,202 - INFO - Maximum log composite likelihood: -373.174812916576.
2026-07-21 17:19:03,202 - INFO - Optimal value of theta: 5611.557930549465.
2026-07-21 17:19:03,202 - INFO - Beginning optimization with guess, [5.81800506 1.75445603 0.07553006 0.0692852 ].
2026-07-21 17:19:06,256 - INFO - Finished optimization with guess, [5.81800506 1.75445603 0.07553006 0.0692852 ].
2026-07-21 17:19:06,257 - INFO - Best fit parameters: [5.52849881e+00 1.48595451e+01 8.88582385e-03 2.17597753e-02].
2026-07-21 17:19:06,358 - INFO - Maximum log composite likelihood: -361.6393400496706.
2026-07-21 17:19:06,358 - INFO - Optimal value of theta: 5588.563294995965.
2026-07-21 17:19:06,359 - INFO - Beginning optimization with guess, [4.1472774  6.37009217 0.19072447 0.17022746].
2026-07-21 17:19:09,946 - INFO - Finished optimization with guess, [4.1472774  6.37009217 0.19072447 0.17022746].
2026-07-21 17:19:09,946 - INFO - Best fit parameters: [0.33693248 3.77246797 0.05495097 0.05819201].
2026-07-21 17:19:10,049 - INFO - Maximum log composite likelihood: -301.7295747176227.
2026-07-21 17:19:10,049 - INFO - Optimal value of theta: 6513.170627762416.
2026-07-21 17:19:10,049 - INFO - Beginning optimization with guess, [7.57828851 2.33132552 0.05796482 0.1151969 ].
2026-07-21 17:19:13,098 - INFO - Finished optimization with guess, [7.57828851 2.33132552 0.05796482 0.1151969 ].
2026-07-21 17:19:13,099 - INFO - Best fit parameters: [ 6.98959129 10.6405607   0.01364915  0.01869002].
2026-07-21 17:19:13,200 - INFO - Maximum log composite likelihood: -378.15179201575995.
2026-07-21 17:19:13,200 - INFO - Optimal value of theta: 5577.9036122657935.
2026-07-21 17:19:13,200 - INFO - Beginning optimization with guess, [6.60971076 3.4007229  0.11522916 0.06892057].
2026-07-21 17:19:16,242 - INFO - Finished optimization with guess, [6.60971076 3.4007229  0.11522916 0.06892057].
2026-07-21 17:19:16,243 - INFO - Best fit parameters: [4.74695933 8.09157662 0.01002751 0.02938572].
2026-07-21 17:19:16,345 - INFO - Maximum log composite likelihood: -428.72329129309315.
2026-07-21 17:19:16,345 - INFO - Optimal value of theta: 5454.132625931264.
2026-07-21 17:19:16,345 - INFO - Beginning optimization with guess, [6.28197011 7.60808553 0.10538184 0.11775261].
2026-07-21 17:19:19,384 - INFO - Finished optimization with guess, [6.28197011 7.60808553 0.10538184 0.11775261].
2026-07-21 17:19:19,384 - INFO - Best fit parameters: [3.88471829 7.20094866 0.01578284 0.01863542].
2026-07-21 17:19:19,481 - INFO - Maximum log composite likelihood: -447.5258227773834.
2026-07-21 17:19:19,481 - INFO - Optimal value of theta: 5684.318077448438.
2026-07-21 17:19:19,481 - INFO - Beginning optimization with guess, [4.83533973 3.93011989 0.12529236 0.05746719].
2026-07-21 17:19:22,361 - INFO - Finished optimization with guess, [4.83533973 3.93011989 0.12529236 0.05746719].
2026-07-21 17:19:22,361 - INFO - Best fit parameters: [1.21007936e+00 1.81864549e+01 5.91420384e-03 2.92844137e-02].
2026-07-21 17:19:22,457 - INFO - Maximum log composite likelihood: -363.7057715656459.
2026-07-21 17:19:22,457 - INFO - Optimal value of theta: 5533.259307145778.
2026-07-21 17:19:22,457 - INFO - Beginning optimization with guess, [3.6895413  5.63323752 0.06384403 0.07909829].
2026-07-21 17:19:25,338 - INFO - Finished optimization with guess, [3.6895413  5.63323752 0.06384403 0.07909829].
2026-07-21 17:19:25,339 - INFO - Best fit parameters: [3.49113655e+00 1.41113354e+01 1.11117057e-02 2.13171140e-02].
2026-07-21 17:19:25,434 - INFO - Maximum log composite likelihood: -371.0922289962954.
2026-07-21 17:19:25,434 - INFO - Optimal value of theta: 5604.529614907486.
2026-07-21 17:19:25,436 - INFO - Converting and interpreting Tau estimates.
2026-07-21 17:19:25,439 - INFO - Finished demographic inference.
2026-07-21 17:19:25,439 - INFO - Pipeline executed succesfully.
