2026-07-21 17:17:44,817 - INFO - Beginning execution of fit_demographic_model.py in directory /u/project/kirk-bigdata/jonmah/sample_size_demography/Scripts

2026-07-21 17:17:44,817 - INFO - Progress is being logged to ../Analysis/1KG_IBS_50/log.log

2026-07-21 17:17:44,817 - INFO - Parsed the following arguments:
	syn_input_sfs = ../Analysis/1KG_IBS_50/syn_downsampled_sfs.txt
	mask_singletons = False
	mask_doubletons = False
	sum_alleles = False
	L_syn = 100000000.0
	model_type = three_epoch
	input_params = []
	outprefix = ../Analysis/1KG_IBS_50/

2026-07-21 17:17:44,819 - INFO - Beginning demographic inference for three-epoch demographic model.
2026-07-21 17:17:44,821 - INFO - Beginning optimization with guess, [0.00595333 0.00835587 0.13994516 0.08920466].
2026-07-21 17:17:54,141 - INFO - Finished optimization with guess, [0.00595333 0.00835587 0.13994516 0.08920466].
2026-07-21 17:17:54,142 - INFO - Best fit parameters: [0.0049989  0.02119746 0.13994512 0.04224687].
2026-07-21 17:17:54,384 - INFO - Maximum log composite likelihood: -699.0918912068585.
2026-07-21 17:17:54,384 - INFO - Optimal value of theta: 325506.75783392903.
2026-07-21 17:17:54,385 - INFO - Beginning optimization with guess, [0.04006808 0.02491616 0.07382498 0.07737129].
2026-07-21 17:17:58,027 - INFO - Finished optimization with guess, [0.04006808 0.02491616 0.07382498 0.07737129].
2026-07-21 17:17:58,027 - INFO - Best fit parameters: [0.0257129  0.01519915 0.10916754 0.16558112].
2026-07-21 17:17:58,171 - INFO - Maximum log composite likelihood: -743.9599513931048.
2026-07-21 17:17:58,171 - INFO - Optimal value of theta: 423410.43894908496.
2026-07-21 17:17:58,171 - INFO - Beginning optimization with guess, [0.03899495 0.06809958 0.19953889 0.14150697].
2026-07-21 17:18:00,811 - INFO - Finished optimization with guess, [0.03899495 0.06809958 0.19953889 0.14150697].
2026-07-21 17:18:00,812 - INFO - Best fit parameters: [0.03518461 0.07958478 0.20797821 0.12964214].
2026-07-21 17:18:00,897 - INFO - Maximum log composite likelihood: -699.039537853982.
2026-07-21 17:18:00,897 - INFO - Optimal value of theta: 86620.45986056452.
2026-07-21 17:18:00,897 - INFO - Beginning optimization with guess, [0.04411968 0.10595716 0.16266167 0.10693989].
2026-07-21 17:18:03,084 - INFO - Finished optimization with guess, [0.04411968 0.10595716 0.16266167 0.10693989].
2026-07-21 17:18:03,086 - INFO - Best fit parameters: [0.04639109 0.1071973  0.15526211 0.10269494].
2026-07-21 17:18:03,157 - INFO - Maximum log composite likelihood: -696.738383912849.
2026-07-21 17:18:03,157 - INFO - Optimal value of theta: 64054.31295110576.
2026-07-21 17:18:03,158 - INFO - Beginning optimization with guess, [0.18280936 0.09727722 0.05462296 0.0872443 ].
2026-07-21 17:18:30,245 - INFO - Finished optimization with guess, [0.18280936 0.09727722 0.05462296 0.0872443 ].
2026-07-21 17:18:30,247 - INFO - Best fit parameters: [1.32293162e-02 1.16373703e-01 4.65293015e-01 9.38866292e+01].
2026-07-21 17:18:35,164 - INFO - Maximum log composite likelihood: -743.9351846256475.
2026-07-21 17:18:35,164 - INFO - Optimal value of theta: 55301.20937613623.
2026-07-21 17:18:35,164 - INFO - Beginning optimization with guess, [0.23723983 0.22839949 0.12240894 0.19608415].
2026-07-21 17:18:36,385 - INFO - Finished optimization with guess, [0.23723983 0.22839949 0.12240894 0.19608415].
2026-07-21 17:18:36,386 - INFO - Best fit parameters: [0.12427831 0.41558835 0.19502172 0.35879019].
2026-07-21 17:18:36,427 - INFO - Maximum log composite likelihood: -693.5494649250909.
2026-07-21 17:18:36,428 - INFO - Optimal value of theta: 16683.11810849911.
2026-07-21 17:18:36,428 - INFO - Beginning optimization with guess, [0.80947465 0.29761074 0.27042328 0.19693044].
2026-07-21 17:18:38,003 - INFO - Finished optimization with guess, [0.80947465 0.29761074 0.27042328 0.19693044].
2026-07-21 17:18:38,003 - INFO - Best fit parameters: [0.47904819 2.49194425 0.21273371 0.0517076 ].
2026-07-21 17:18:38,032 - INFO - Maximum log composite likelihood: -120.74161157772437.
2026-07-21 17:18:38,032 - INFO - Optimal value of theta: 7308.74732037268.
2026-07-21 17:18:38,032 - INFO - Beginning optimization with guess, [0.37551039 0.45179888 0.06967267 0.07005033].
2026-07-21 17:18:38,878 - INFO - Finished optimization with guess, [0.37551039 0.45179888 0.06967267 0.07005033].
2026-07-21 17:18:38,878 - INFO - Best fit parameters: [0.3187139  2.37664231 0.07809223 0.06749104].
2026-07-21 17:18:38,906 - INFO - Maximum log composite likelihood: -126.28932234193189.
2026-07-21 17:18:38,906 - INFO - Optimal value of theta: 6968.543613486278.
2026-07-21 17:18:38,907 - INFO - Beginning optimization with guess, [0.93356122 1.69534393 0.07413027 0.11286376].
2026-07-21 17:18:39,743 - INFO - Finished optimization with guess, [0.93356122 1.69534393 0.07413027 0.11286376].
2026-07-21 17:18:39,743 - INFO - Best fit parameters: [0.37767613 3.09648171 0.08027566 0.05990745].
2026-07-21 17:18:39,771 - INFO - Maximum log composite likelihood: -114.0386687757998.
2026-07-21 17:18:39,771 - INFO - Optimal value of theta: 6677.493016316876.
2026-07-21 17:18:39,771 - INFO - Beginning optimization with guess, [0.69427905 1.30513955 0.05948996 0.12658014].
2026-07-21 17:18:40,596 - INFO - Finished optimization with guess, [0.69427905 1.30513955 0.05948996 0.12658014].
2026-07-21 17:18:40,596 - INFO - Best fit parameters: [0.38166842 3.6028435  0.06862528 0.05664738].
2026-07-21 17:18:40,622 - INFO - Maximum log composite likelihood: -113.132538460035.
2026-07-21 17:18:40,622 - INFO - Optimal value of theta: 6536.851366888944.
2026-07-21 17:18:40,622 - INFO - Beginning optimization with guess, [1.81326772 1.06148159 0.05021168 0.12398643].
2026-07-21 17:18:41,466 - INFO - Finished optimization with guess, [1.81326772 1.06148159 0.05021168 0.12398643].
2026-07-21 17:18:41,466 - INFO - Best fit parameters: [0.89066218 2.09857548 0.03162269 0.04641151].
2026-07-21 17:18:41,488 - INFO - Maximum log composite likelihood: -325.11425084593907.
2026-07-21 17:18:41,488 - INFO - Optimal value of theta: 5879.016306996307.
2026-07-21 17:18:41,489 - INFO - Beginning optimization with guess, [3.12163175 2.24513951 0.09328731 0.0603107 ].
2026-07-21 17:18:42,213 - INFO - Finished optimization with guess, [3.12163175 2.24513951 0.09328731 0.0603107 ].
2026-07-21 17:18:42,213 - INFO - Best fit parameters: [0.63346311 6.54733287 0.01554203 0.04280579].
2026-07-21 17:18:42,239 - INFO - Maximum log composite likelihood: -233.4267377723918.
2026-07-21 17:18:42,240 - INFO - Optimal value of theta: 5608.4465517942945.
2026-07-21 17:18:42,240 - INFO - Beginning optimization with guess, [1.87553702 1.49394696 0.11350865 0.09593419].
2026-07-21 17:18:43,041 - INFO - Finished optimization with guess, [1.87553702 1.49394696 0.11350865 0.09593419].
2026-07-21 17:18:43,041 - INFO - Best fit parameters: [0.41291951 3.58109426 0.05481701 0.0581389 ].
2026-07-21 17:18:43,066 - INFO - Maximum log composite likelihood: -123.406359320913.
2026-07-21 17:18:43,067 - INFO - Optimal value of theta: 6250.235936756371.
2026-07-21 17:18:43,067 - INFO - Beginning optimization with guess, [2.79046953 3.72040879 0.12939403 0.1532501 ].
2026-07-21 17:18:43,989 - INFO - Finished optimization with guess, [2.79046953 3.72040879 0.12939403 0.1532501 ].
2026-07-21 17:18:43,989 - INFO - Best fit parameters: [0.27070616 2.77272553 0.03228875 0.07687045].
2026-07-21 17:18:44,016 - INFO - Maximum log composite likelihood: -135.90264273045682.
2026-07-21 17:18:44,016 - INFO - Optimal value of theta: 6213.057919955553.
2026-07-21 17:18:44,016 - INFO - Beginning optimization with guess, [4.80049842 2.21656033 0.17739115 0.19917661].
2026-07-21 17:18:44,846 - INFO - Finished optimization with guess, [4.80049842 2.21656033 0.17739115 0.19917661].
2026-07-21 17:18:44,846 - INFO - Best fit parameters: [2.00534314 1.39269649 0.04141952 0.23546187].
2026-07-21 17:18:44,874 - INFO - Maximum log composite likelihood: -641.3168763158042.
2026-07-21 17:18:44,874 - INFO - Optimal value of theta: 5507.231712777515.
2026-07-21 17:18:44,874 - INFO - Beginning optimization with guess, [1.55919904 2.79089268 0.14169642 0.16832778].
2026-07-21 17:18:45,638 - INFO - Finished optimization with guess, [1.55919904 2.79089268 0.14169642 0.16832778].
2026-07-21 17:18:45,638 - INFO - Best fit parameters: [0.41979543 2.90360591 0.1250499  0.05952237].
2026-07-21 17:18:45,662 - INFO - Maximum log composite likelihood: -118.13361668686548.
2026-07-21 17:18:45,662 - INFO - Optimal value of theta: 6886.277481098381.
2026-07-21 17:18:45,663 - INFO - Beginning optimization with guess, [1.89740459 3.59529643 0.12996806 0.11548412].
2026-07-21 17:18:46,456 - INFO - Finished optimization with guess, [1.89740459 3.59529643 0.12996806 0.11548412].
2026-07-21 17:18:46,457 - INFO - Best fit parameters: [0.37963015 2.85547111 0.10558398 0.05949299].
2026-07-21 17:18:46,484 - INFO - Maximum log composite likelihood: -118.87567126881413.
2026-07-21 17:18:46,484 - INFO - Optimal value of theta: 6956.803300763835.
2026-07-21 17:18:46,484 - INFO - Beginning optimization with guess, [2.87042784 2.31757985 0.05024458 0.15398431].
2026-07-21 17:18:47,271 - INFO - Finished optimization with guess, [2.87042784 2.31757985 0.05024458 0.15398431].
2026-07-21 17:18:47,271 - INFO - Best fit parameters: [1.19247499 2.79993942 0.01312658 0.02508058].
2026-07-21 17:18:47,297 - INFO - Maximum log composite likelihood: -311.52935703119647.
2026-07-21 17:18:47,297 - INFO - Optimal value of theta: 5918.248125104567.
2026-07-21 17:18:47,298 - INFO - Beginning optimization with guess, [5.84841855 4.57331308 0.10785265 0.0807971 ].
2026-07-21 17:18:48,089 - INFO - Finished optimization with guess, [5.84841855 4.57331308 0.10785265 0.0807971 ].
2026-07-21 17:18:48,089 - INFO - Best fit parameters: [3.16092066 3.50525353 0.01449388 0.01903125].
2026-07-21 17:18:48,115 - INFO - Maximum log composite likelihood: -265.91852874919755.
2026-07-21 17:18:48,115 - INFO - Optimal value of theta: 5774.843458829494.
2026-07-21 17:18:48,116 - INFO - Beginning optimization with guess, [3.7279059  7.49041633 0.05642101 0.12452916].
2026-07-21 17:18:48,912 - INFO - Finished optimization with guess, [3.7279059  7.49041633 0.05642101 0.12452916].
2026-07-21 17:18:48,913 - INFO - Best fit parameters: [1.88761074 4.54425998 0.01770428 0.0193671 ].
2026-07-21 17:18:48,939 - INFO - Maximum log composite likelihood: -262.1767287042794.
2026-07-21 17:18:48,939 - INFO - Optimal value of theta: 5773.990665549959.
2026-07-21 17:18:48,940 - INFO - Beginning optimization with guess, [5.52556092 2.15708624 0.08030064 0.09703956].
2026-07-21 17:18:49,868 - INFO - Finished optimization with guess, [5.52556092 2.15708624 0.08030064 0.09703956].
2026-07-21 17:18:49,868 - INFO - Best fit parameters: [4.60418972 5.10683661 0.00663951 0.0271824 ].
2026-07-21 17:18:49,894 - INFO - Maximum log composite likelihood: -244.10827934142617.
2026-07-21 17:18:49,895 - INFO - Optimal value of theta: 5664.592021181421.
2026-07-21 17:18:49,895 - INFO - Beginning optimization with guess, [5.28465927 3.05854314 0.07270157 0.06880852].
2026-07-21 17:18:50,674 - INFO - Finished optimization with guess, [5.28465927 3.05854314 0.07270157 0.06880852].
2026-07-21 17:18:50,675 - INFO - Best fit parameters: [3.81222351 4.32421796 0.01366841 0.01848176].
2026-07-21 17:18:50,701 - INFO - Maximum log composite likelihood: -253.407220708737.
2026-07-21 17:18:50,701 - INFO - Optimal value of theta: 5744.321749151312.
2026-07-21 17:18:50,701 - INFO - Beginning optimization with guess, [2.64514201 3.3216903  0.17729063 0.07755369].
2026-07-21 17:18:51,672 - INFO - Finished optimization with guess, [2.64514201 3.3216903  0.17729063 0.07755369].
2026-07-21 17:18:51,672 - INFO - Best fit parameters: [0.39408942 2.93389222 0.09914947 0.05786902].
2026-07-21 17:18:51,700 - INFO - Maximum log composite likelihood: -115.77270720376077.
2026-07-21 17:18:51,700 - INFO - Optimal value of theta: 6848.83033471954.
2026-07-21 17:18:51,700 - INFO - Beginning optimization with guess, [8.61402232 2.51211116 0.09398374 0.17065815].
2026-07-21 17:18:52,504 - INFO - Finished optimization with guess, [8.61402232 2.51211116 0.09398374 0.17065815].
2026-07-21 17:18:52,504 - INFO - Best fit parameters: [4.82631554e+00 2.44765964e+00 3.35152127e-03 4.52940134e-02].
2026-07-21 17:18:52,530 - INFO - Maximum log composite likelihood: -304.5117599000673.
2026-07-21 17:18:52,530 - INFO - Optimal value of theta: 5693.025217290316.
2026-07-21 17:18:52,531 - INFO - Beginning optimization with guess, [2.83152546 5.43449218 0.08533608 0.1086109 ].
2026-07-21 17:18:53,331 - INFO - Finished optimization with guess, [2.83152546 5.43449218 0.08533608 0.1086109 ].
2026-07-21 17:18:53,331 - INFO - Best fit parameters: [0.59000712 4.55239025 0.03360305 0.03468431].
2026-07-21 17:18:53,358 - INFO - Maximum log composite likelihood: -217.65287822049777.
2026-07-21 17:18:53,358 - INFO - Optimal value of theta: 6062.095384182247.
2026-07-21 17:18:53,360 - INFO - Converting and interpreting Tau estimates.
2026-07-21 17:18:53,362 - INFO - Finished demographic inference.
2026-07-21 17:18:53,362 - INFO - Pipeline executed succesfully.
