2026-07-21 17:17:45,434 - INFO - Beginning execution of fit_demographic_model.py in directory /u/project/kirk-bigdata/jonmah/sample_size_demography/Scripts

2026-07-21 17:17:45,434 - INFO - Progress is being logged to ../Analysis/1KG_IBS_150/log.log

2026-07-21 17:17:45,434 - INFO - Parsed the following arguments:
	syn_input_sfs = ../Analysis/1KG_IBS_150/syn_downsampled_sfs.txt
	mask_singletons = False
	mask_doubletons = False
	sum_alleles = False
	L_syn = 100000000.0
	model_type = three_epoch
	input_params = []
	outprefix = ../Analysis/1KG_IBS_150/

2026-07-21 17:17:45,437 - INFO - Beginning demographic inference for three-epoch demographic model.
2026-07-21 17:17:45,440 - INFO - Beginning optimization with guess, [0.00855654 0.01945952 0.07691637 0.07816109].
2026-07-21 17:17:56,904 - INFO - Finished optimization with guess, [0.00855654 0.01945952 0.07691637 0.07816109].
2026-07-21 17:17:56,905 - INFO - Best fit parameters: [0.00750664 0.0394557  0.07809166 0.04340923].
2026-07-21 17:17:57,266 - INFO - Maximum log composite likelihood: -3693.1384104298213.
2026-07-21 17:17:57,266 - INFO - Optimal value of theta: 219815.19574192638.
2026-07-21 17:17:57,266 - INFO - Beginning optimization with guess, [0.04751502 0.02363986 0.16721477 0.0731787 ].
2026-07-21 17:18:10,220 - INFO - Finished optimization with guess, [0.04751502 0.02363986 0.16721477 0.0731787 ].
2026-07-21 17:18:10,222 - INFO - Best fit parameters: [0.02579916 0.01516831 0.24824141 0.15881239].
2026-07-21 17:18:10,701 - INFO - Maximum log composite likelihood: -4308.21912718433.
2026-07-21 17:18:10,701 - INFO - Optimal value of theta: 489864.8225846012.
2026-07-21 17:18:10,702 - INFO - Beginning optimization with guess, [0.03169959 0.03344487 0.18083907 0.15607545].
2026-07-21 18:03:37,680 - INFO - Finished optimization with guess, [0.03169959 0.03344487 0.18083907 0.15607545].
2026-07-21 18:03:37,684 - INFO - Best fit parameters: [0.00158556 0.17819375 0.54600333 0.23737504].
2026-07-21 18:03:41,463 - INFO - Maximum log composite likelihood: -3696.537146182924.
2026-07-21 18:03:41,463 - INFO - Optimal value of theta: 48436.222398950646.
2026-07-21 18:03:41,463 - INFO - Beginning optimization with guess, [0.11433247 0.06910423 0.09539183 0.1209069 ].
2026-07-21 18:03:49,062 - INFO - Finished optimization with guess, [0.11433247 0.06910423 0.09539183 0.1209069 ].
2026-07-21 18:03:49,065 - INFO - Best fit parameters: [0.07050666 0.04188089 0.14229036 0.35433924].
2026-07-21 18:03:49,370 - INFO - Maximum log composite likelihood: -4311.106141087483.
2026-07-21 18:03:49,370 - INFO - Optimal value of theta: 177346.09342799993.
2026-07-21 18:03:49,371 - INFO - Beginning optimization with guess, [0.1716854  0.14477698 0.15296485 0.06709306].
2026-07-21 18:03:58,726 - INFO - Finished optimization with guess, [0.1716854  0.14477698 0.15296485 0.06709306].
2026-07-21 18:03:58,728 - INFO - Best fit parameters: [0.11819743 0.48788933 0.1761833  0.03442001].
2026-07-21 18:03:58,948 - INFO - Maximum log composite likelihood: -2177.3435729150847.
2026-07-21 18:03:58,948 - INFO - Optimal value of theta: 21997.527953301553.
2026-07-21 18:03:58,948 - INFO - Beginning optimization with guess, [0.24259579 0.13010803 0.0566375  0.08258257].
2026-07-21 18:04:08,350 - INFO - Finished optimization with guess, [0.24259579 0.13010803 0.0566375  0.08258257].
2026-07-21 18:04:08,352 - INFO - Best fit parameters: [0.16596641 5.23015528 0.06321433 0.04162969].
2026-07-21 18:04:08,547 - INFO - Maximum log composite likelihood: -958.8713145691477.
2026-07-21 18:04:08,547 - INFO - Optimal value of theta: 8447.796203562104.
2026-07-21 18:04:08,548 - INFO - Beginning optimization with guess, [0.77290894 0.83869269 0.40402849 0.19309492].
2026-07-21 18:04:14,782 - INFO - Finished optimization with guess, [0.77290894 0.83869269 0.40402849 0.19309492].
2026-07-21 18:04:14,782 - INFO - Best fit parameters: [0.77571292 4.20941689 0.20866483 0.03869786].
2026-07-21 18:04:14,972 - INFO - Maximum log composite likelihood: -591.4344277308127.
2026-07-21 18:04:14,973 - INFO - Optimal value of theta: 6299.599186118858.
2026-07-21 18:04:14,973 - INFO - Beginning optimization with guess, [0.95260618 1.06162851 0.14399582 0.14310925].
2026-07-21 18:04:21,634 - INFO - Finished optimization with guess, [0.95260618 1.06162851 0.14399582 0.14310925].
2026-07-21 18:04:21,634 - INFO - Best fit parameters: [0.5113398  5.58688797 0.13430446 0.03902309].
2026-07-21 18:04:21,831 - INFO - Maximum log composite likelihood: -358.84208585243545.
2026-07-21 18:04:21,831 - INFO - Optimal value of theta: 6824.906645493934.
2026-07-21 18:04:21,831 - INFO - Beginning optimization with guess, [1.16728947 1.40352597 0.08595735 0.08765279].
2026-07-21 18:04:28,229 - INFO - Finished optimization with guess, [1.16728947 1.40352597 0.08595735 0.08765279].
2026-07-21 18:04:28,229 - INFO - Best fit parameters: [0.5242382  6.90389873 0.09249387 0.04000283].
2026-07-21 18:04:28,447 - INFO - Maximum log composite likelihood: -341.58993983992696.
2026-07-21 18:04:28,447 - INFO - Optimal value of theta: 6425.502097547872.
2026-07-21 18:04:28,447 - INFO - Beginning optimization with guess, [1.25397618 0.66132707 0.06007282 0.08073398].
2026-07-21 18:04:34,631 - INFO - Finished optimization with guess, [1.25397618 0.66132707 0.06007282 0.08073398].
2026-07-21 18:04:34,632 - INFO - Best fit parameters: [0.49858102 8.32665304 0.06251414 0.03753852].
2026-07-21 18:04:34,855 - INFO - Maximum log composite likelihood: -350.36564312714154.
2026-07-21 18:04:34,855 - INFO - Optimal value of theta: 6378.106601457274.
2026-07-21 18:04:34,855 - INFO - Beginning optimization with guess, [1.60940246 2.2165726  0.07285951 0.07034431].
2026-07-21 18:04:40,970 - INFO - Finished optimization with guess, [1.60940246 2.2165726  0.07285951 0.07034431].
2026-07-21 18:04:40,970 - INFO - Best fit parameters: [ 0.55773071 10.72260834  0.06097092  0.03751891].
2026-07-21 18:04:41,159 - INFO - Maximum log composite likelihood: -344.0169197604773.
2026-07-21 18:04:41,159 - INFO - Optimal value of theta: 6123.596731805739.
2026-07-21 18:04:41,160 - INFO - Beginning optimization with guess, [0.93296123 1.14560812 0.07536724 0.14024054].
2026-07-21 18:04:47,118 - INFO - Finished optimization with guess, [0.93296123 1.14560812 0.07536724 0.14024054].
2026-07-21 18:04:47,118 - INFO - Best fit parameters: [0.45795043 6.12575943 0.08054905 0.03915121].
2026-07-21 18:04:47,341 - INFO - Maximum log composite likelihood: -367.2176743774852.
2026-07-21 18:04:47,341 - INFO - Optimal value of theta: 6690.2426147529695.
2026-07-21 18:04:47,342 - INFO - Beginning optimization with guess, [3.84163968 2.61393983 0.12083556 0.1780643 ].
2026-07-21 18:04:53,212 - INFO - Finished optimization with guess, [3.84163968 2.61393983 0.12083556 0.1780643 ].
2026-07-21 18:04:53,212 - INFO - Best fit parameters: [0.75929481 7.21926928 0.01180607 0.02706737].
2026-07-21 18:04:53,400 - INFO - Maximum log composite likelihood: -723.2977083807771.
2026-07-21 18:04:53,400 - INFO - Optimal value of theta: 6058.149017043377.
2026-07-21 18:04:53,400 - INFO - Beginning optimization with guess, [2.34059944 1.72427754 0.06194619 0.13223889].
2026-07-21 18:04:59,239 - INFO - Finished optimization with guess, [2.34059944 1.72427754 0.06194619 0.13223889].
2026-07-21 18:04:59,239 - INFO - Best fit parameters: [ 0.8785057  10.3782593   0.03530601  0.02694633].
2026-07-21 18:04:59,430 - INFO - Maximum log composite likelihood: -523.7816350766376.
2026-07-21 18:04:59,430 - INFO - Optimal value of theta: 5931.800161245388.
2026-07-21 18:04:59,430 - INFO - Beginning optimization with guess, [1.38209436 2.12479563 0.06162427 0.18605597].
2026-07-21 18:05:05,166 - INFO - Finished optimization with guess, [1.38209436 2.12479563 0.06162427 0.18605597].
2026-07-21 18:05:05,166 - INFO - Best fit parameters: [ 0.61664477 11.2552834   0.05279454  0.03535114].
2026-07-21 18:05:05,355 - INFO - Maximum log composite likelihood: -358.25072324532.
2026-07-21 18:05:05,355 - INFO - Optimal value of theta: 6018.767735985468.
2026-07-21 18:05:05,355 - INFO - Beginning optimization with guess, [1.81837037 5.31274218 0.05000522 0.07140034].
2026-07-21 18:05:11,001 - INFO - Finished optimization with guess, [1.81837037 5.31274218 0.05000522 0.07140034].
2026-07-21 18:05:11,002 - INFO - Best fit parameters: [ 0.57304621 11.51236925  0.03565952  0.03530626].
2026-07-21 18:05:11,190 - INFO - Maximum log composite likelihood: -374.4030747453937.
2026-07-21 18:05:11,190 - INFO - Optimal value of theta: 5982.4307087657535.
2026-07-21 18:05:11,190 - INFO - Beginning optimization with guess, [5.46186491 2.88827129 0.05809897 0.19277258].
2026-07-21 18:05:17,170 - INFO - Finished optimization with guess, [5.46186491 2.88827129 0.05809897 0.19277258].
2026-07-21 18:05:17,170 - INFO - Best fit parameters: [7.0729272  4.49303652 0.03389761 0.00929697].
2026-07-21 18:05:17,358 - INFO - Maximum log composite likelihood: -659.1656937493939.
2026-07-21 18:05:17,358 - INFO - Optimal value of theta: 5444.857613475505.
2026-07-21 18:05:17,358 - INFO - Beginning optimization with guess, [5.44526132 3.26433452 0.07287368 0.09280467].
2026-07-21 18:05:23,003 - INFO - Finished optimization with guess, [5.44526132 3.26433452 0.07287368 0.09280467].
2026-07-21 18:05:23,003 - INFO - Best fit parameters: [4.25039000e+00 1.78991038e+01 9.57691177e-03 2.26850371e-02].
2026-07-21 18:05:23,190 - INFO - Maximum log composite likelihood: -438.78155884841044.
2026-07-21 18:05:23,191 - INFO - Optimal value of theta: 5528.66275012838.
2026-07-21 18:05:23,191 - INFO - Beginning optimization with guess, [2.02135512 5.82516711 0.1107446  0.05051428].
2026-07-21 18:05:29,648 - INFO - Finished optimization with guess, [2.02135512 5.82516711 0.1107446  0.05051428].
2026-07-21 18:05:29,648 - INFO - Best fit parameters: [0.54070394 8.14469156 0.07820106 0.03879881].
2026-07-21 18:05:29,871 - INFO - Maximum log composite likelihood: -337.56424334815034.
2026-07-21 18:05:29,871 - INFO - Optimal value of theta: 6293.2837629345595.
2026-07-21 18:05:29,871 - INFO - Beginning optimization with guess, [6.40162471 4.77623634 0.05581303 0.1843065 ].
2026-07-21 18:05:36,434 - INFO - Finished optimization with guess, [6.40162471 4.77623634 0.05581303 0.1843065 ].
2026-07-21 18:05:36,434 - INFO - Best fit parameters: [6.38526785 6.42253095 0.01724684 0.01576909].
2026-07-21 18:05:36,651 - INFO - Maximum log composite likelihood: -593.1632985259482.
2026-07-21 18:05:36,651 - INFO - Optimal value of theta: 5715.967885806724.
2026-07-21 18:05:36,651 - INFO - Beginning optimization with guess, [2.03883823 7.76858794 0.1328729  0.13667093].
2026-07-21 18:05:43,352 - INFO - Finished optimization with guess, [2.03883823 7.76858794 0.1328729  0.13667093].
2026-07-21 18:05:43,352 - INFO - Best fit parameters: [0.54920971 6.50690015 0.12953064 0.03879616].
2026-07-21 18:05:43,577 - INFO - Maximum log composite likelihood: -337.81788620438437.
2026-07-21 18:05:43,578 - INFO - Optimal value of theta: 6579.362145622684.
2026-07-21 18:05:43,578 - INFO - Beginning optimization with guess, [4.04545374 5.11343556 0.08075798 0.18036486].
2026-07-21 18:05:50,081 - INFO - Finished optimization with guess, [4.04545374 5.11343556 0.08075798 0.18036486].
2026-07-21 18:05:50,082 - INFO - Best fit parameters: [2.15630098 8.92816984 0.01310692 0.03299758].
2026-07-21 18:05:50,303 - INFO - Maximum log composite likelihood: -570.2029493859827.
2026-07-21 18:05:50,303 - INFO - Optimal value of theta: 5379.215127592875.
2026-07-21 18:05:50,304 - INFO - Beginning optimization with guess, [7.69390158 4.40544304 0.10278435 0.07675819].
2026-07-21 18:05:56,642 - INFO - Finished optimization with guess, [7.69390158 4.40544304 0.10278435 0.07675819].
2026-07-21 18:05:56,642 - INFO - Best fit parameters: [5.14756383e+00 1.53682816e+01 7.28155005e-03 2.26656742e-02].
2026-07-21 18:05:56,864 - INFO - Maximum log composite likelihood: -437.147726630045.
2026-07-21 18:05:56,864 - INFO - Optimal value of theta: 5610.8752412169515.
2026-07-21 18:05:56,864 - INFO - Beginning optimization with guess, [3.36387096 6.48614093 0.10900303 0.05208646].
2026-07-21 18:06:03,396 - INFO - Finished optimization with guess, [3.36387096 6.48614093 0.10900303 0.05208646].
2026-07-21 18:06:03,396 - INFO - Best fit parameters: [ 0.60925898 15.46119622  0.02818634  0.03410549].
2026-07-21 18:06:03,618 - INFO - Maximum log composite likelihood: -385.3683790051279.
2026-07-21 18:06:03,618 - INFO - Optimal value of theta: 5814.265967345402.
2026-07-21 18:06:03,619 - INFO - Beginning optimization with guess, [2.50886884 2.95616736 0.15582216 0.17230319].
2026-07-21 18:06:10,393 - INFO - Finished optimization with guess, [2.50886884 2.95616736 0.15582216 0.17230319].
2026-07-21 18:06:10,393 - INFO - Best fit parameters: [0.32447728 4.34594035 0.05304555 0.05357404].
2026-07-21 18:06:10,617 - INFO - Maximum log composite likelihood: -443.3534024200139.
2026-07-21 18:06:10,617 - INFO - Optimal value of theta: 6602.90805276364.
2026-07-21 18:06:10,619 - INFO - Converting and interpreting Tau estimates.
2026-07-21 18:06:10,621 - INFO - Finished demographic inference.
2026-07-21 18:06:10,621 - INFO - Pipeline executed succesfully.
