2026-07-16 00:01:24,016 - INFO - Beginning execution of fit_demographic_model.py in directory /u/project/kirk-bigdata/jonmah/sample_size_demography/Scripts

2026-07-16 00:01:24,017 - INFO - Progress is being logged to ../Analysis/tennessen_ooa_480/log.log

2026-07-16 00:01:24,017 - INFO - Parsed the following arguments:
	syn_input_sfs = ../Simulations/tennessen/ooa_480_sfs/dadi/pop1.sfs
	mask_singletons = False
	mask_doubletons = False
	sum_alleles = False
	L_syn = 100000000.0
	model_type = three_epoch
	input_params = []
	outprefix = ../Analysis/tennessen_ooa_480/

2026-07-16 00:01:24,023 - INFO - Beginning demographic inference for three-epoch demographic model.
2026-07-16 00:01:24,028 - INFO - Beginning optimization with guess, [0.00539481 0.0177126  0.16063275 0.18663618].
2026-07-16 00:02:15,729 - INFO - Finished optimization with guess, [0.00539481 0.0177126  0.16063275 0.18663618].
2026-07-16 00:02:15,732 - INFO - Best fit parameters: [0.00513812 0.06027402 0.16063275 0.05825727].
2026-07-16 00:02:16,823 - INFO - Maximum log composite likelihood: -2052.6466306462294.
2026-07-16 00:02:16,823 - INFO - Optimal value of theta: 14106.020168315712.
2026-07-16 00:02:16,823 - INFO - Beginning optimization with guess, [0.02498994 0.02491503 0.10434487 0.05308648].
2026-07-16 00:02:39,975 - INFO - Finished optimization with guess, [0.02498994 0.02491503 0.10434487 0.05308648].
2026-07-16 00:02:39,977 - INFO - Best fit parameters: [0.00849393 0.04877556 0.20595556 0.04773295].
2026-07-16 00:02:40,977 - INFO - Maximum log composite likelihood: -2054.3314032138082.
2026-07-16 00:02:40,977 - INFO - Optimal value of theta: 17092.74873867888.
2026-07-16 00:02:40,977 - INFO - Beginning optimization with guess, [0.05038464 0.09788651 0.13664946 0.09957735].
2026-07-16 00:03:32,376 - INFO - Finished optimization with guess, [0.05038464 0.09788651 0.13664946 0.09957735].
2026-07-16 00:03:32,378 - INFO - Best fit parameters: [0.0497169  0.12221005 0.22820293 0.05537517].
2026-07-16 00:03:33,118 - INFO - Maximum log composite likelihood: -2024.1446785925436.
2026-07-16 00:03:33,118 - INFO - Optimal value of theta: 6929.918156597999.
2026-07-16 00:03:33,118 - INFO - Beginning optimization with guess, [0.07105033 0.08536389 0.06840095 0.07933962].
2026-07-16 00:03:47,333 - INFO - Finished optimization with guess, [0.07105033 0.08536389 0.06840095 0.07933962].
2026-07-16 00:03:47,335 - INFO - Best fit parameters: [0.02671784 0.14626891 0.15343198 0.11417211].
2026-07-16 00:03:48,106 - INFO - Maximum log composite likelihood: -2049.657946379689.
2026-07-16 00:03:48,106 - INFO - Optimal value of theta: 5869.367535146398.
2026-07-16 00:03:48,106 - INFO - Beginning optimization with guess, [0.11132107 0.07946483 0.05352937 0.17579443].
2026-07-16 00:04:02,978 - INFO - Finished optimization with guess, [0.11132107 0.07946483 0.05352937 0.17579443].
2026-07-16 00:04:02,979 - INFO - Best fit parameters: [0.08992282 0.04839833 0.06435391 0.45542246].
2026-07-16 00:04:03,787 - INFO - Maximum log composite likelihood: -2187.786324586224.
2026-07-16 00:04:03,787 - INFO - Optimal value of theta: 14842.193089798018.
2026-07-16 00:04:03,787 - INFO - Beginning optimization with guess, [0.26599435 0.14079534 0.05493293 0.18974468].
2026-07-16 00:04:18,766 - INFO - Finished optimization with guess, [0.26599435 0.14079534 0.05493293 0.18974468].
2026-07-16 00:04:18,768 - INFO - Best fit parameters: [0.21883367 0.09498884 0.06321243 0.71816285].
2026-07-16 00:04:19,519 - INFO - Maximum log composite likelihood: -2189.7034467616336.
2026-07-16 00:04:19,519 - INFO - Optimal value of theta: 7551.9526136901995.
2026-07-16 00:04:19,519 - INFO - Beginning optimization with guess, [0.64889306 0.58745324 0.61759312 0.10346942].
2026-07-16 00:04:33,194 - INFO - Finished optimization with guess, [0.64889306 0.58745324 0.61759312 0.10346942].
2026-07-16 00:04:33,197 - INFO - Best fit parameters: [2.08480902e-01 2.09823998e+01 5.07586906e-01 1.63871580e-02].
2026-07-16 00:04:33,901 - INFO - Maximum log composite likelihood: -854.058571736768.
2026-07-16 00:04:33,901 - INFO - Optimal value of theta: 977.5239956628023.
2026-07-16 00:04:33,901 - INFO - Beginning optimization with guess, [0.61432564 0.60613237 0.08114967 0.11512699].
2026-07-16 00:04:47,280 - INFO - Finished optimization with guess, [0.61432564 0.60613237 0.08114967 0.11512699].
2026-07-16 00:04:47,282 - INFO - Best fit parameters: [4.38413513e-01 3.71631607e+01 7.48118239e-02 2.78519599e-02].
2026-07-16 00:04:47,951 - INFO - Maximum log composite likelihood: -587.8653612371145.
2026-07-16 00:04:47,952 - INFO - Optimal value of theta: 468.82815754489064.
2026-07-16 00:04:47,952 - INFO - Beginning optimization with guess, [1.11166953 1.74621615 0.10166643 0.09651583].
2026-07-16 00:05:01,410 - INFO - Finished optimization with guess, [1.11166953 1.74621615 0.10166643 0.09651583].
2026-07-16 00:05:01,413 - INFO - Best fit parameters: [3.70650265e-01 3.97859402e+01 1.39042541e-01 1.41238107e-02].
2026-07-16 00:05:02,069 - INFO - Maximum log composite likelihood: -602.5443542269387.
2026-07-16 00:05:02,069 - INFO - Optimal value of theta: 694.3869101430132.
2026-07-16 00:05:02,069 - INFO - Beginning optimization with guess, [2.41390839 1.83503156 0.09510732 0.09972115].
2026-07-16 00:05:14,784 - INFO - Finished optimization with guess, [2.41390839 1.83503156 0.09510732 0.09972115].
2026-07-16 00:05:14,786 - INFO - Best fit parameters: [6.55596227e-01 5.92551818e+01 5.02708183e-02 2.80577821e-02].
2026-07-16 00:05:15,425 - INFO - Maximum log composite likelihood: -628.2745165534661.
2026-07-16 00:05:15,425 - INFO - Optimal value of theta: 412.2970869873778.
2026-07-16 00:05:15,426 - INFO - Beginning optimization with guess, [1.259026   2.2835182  0.10984884 0.07235686].
2026-07-16 00:05:28,092 - INFO - Finished optimization with guess, [1.259026   2.2835182  0.10984884 0.07235686].
2026-07-16 00:05:28,094 - INFO - Best fit parameters: [ 0.35479941 17.27076016  0.1126932   0.02022287].
2026-07-16 00:05:28,739 - INFO - Maximum log composite likelihood: -544.4746650282318.
2026-07-16 00:05:28,739 - INFO - Optimal value of theta: 624.68801490869.
2026-07-16 00:05:28,740 - INFO - Beginning optimization with guess, [2.20487835 2.48581981 0.06086627 0.18931563].
2026-07-16 00:05:44,902 - INFO - Finished optimization with guess, [2.20487835 2.48581981 0.06086627 0.18931563].
2026-07-16 00:05:44,904 - INFO - Best fit parameters: [1.21286304e+00 1.83286619e+02 3.30877563e-02 2.18337782e-02].
2026-07-16 00:05:45,530 - INFO - Maximum log composite likelihood: -656.3269308876188.
2026-07-16 00:05:45,531 - INFO - Optimal value of theta: 396.4032042093599.
2026-07-16 00:05:45,531 - INFO - Beginning optimization with guess, [3.25671294 3.33573983 0.06373396 0.08742216].
2026-07-16 00:05:57,994 - INFO - Finished optimization with guess, [3.25671294 3.33573983 0.06373396 0.08742216].
2026-07-16 00:05:57,997 - INFO - Best fit parameters: [1.58598477e+00 3.08563899e+01 2.18109062e-02 2.54520990e-02].
2026-07-16 00:05:58,620 - INFO - Maximum log composite likelihood: -651.0822511417616.
2026-07-16 00:05:58,620 - INFO - Optimal value of theta: 386.89643154944144.
2026-07-16 00:05:58,621 - INFO - Beginning optimization with guess, [2.95982681 1.98607891 0.1529219  0.06278314].
2026-07-16 00:06:11,380 - INFO - Finished optimization with guess, [2.95982681 1.98607891 0.1529219  0.06278314].
2026-07-16 00:06:11,382 - INFO - Best fit parameters: [3.29831490e-01 2.93100693e+01 7.92532745e-02 2.73052435e-02].
2026-07-16 00:06:12,010 - INFO - Maximum log composite likelihood: -578.6042198431695.
2026-07-16 00:06:12,011 - INFO - Optimal value of theta: 514.0582432524953.
2026-07-16 00:06:12,011 - INFO - Beginning optimization with guess, [2.28087655 3.53736031 0.10071547 0.14297786].
2026-07-16 00:06:24,574 - INFO - Finished optimization with guess, [2.28087655 3.53736031 0.10071547 0.14297786].
2026-07-16 00:06:24,576 - INFO - Best fit parameters: [ 0.86381882 18.78062334  0.0656697   0.02792704].
2026-07-16 00:06:25,224 - INFO - Maximum log composite likelihood: -646.229186847523.
2026-07-16 00:06:25,224 - INFO - Optimal value of theta: 428.8167791341008.
2026-07-16 00:06:25,225 - INFO - Beginning optimization with guess, [1.65420883 4.61338967 0.14726839 0.10865125].
2026-07-16 00:06:40,996 - INFO - Finished optimization with guess, [1.65420883 4.61338967 0.14726839 0.10865125].
2026-07-16 00:06:40,998 - INFO - Best fit parameters: [1.52216847e-01 2.58185055e+01 1.89984883e-01 9.71750351e-03].
2026-07-16 00:06:41,641 - INFO - Maximum log composite likelihood: -631.2661646710956.
2026-07-16 00:06:41,641 - INFO - Optimal value of theta: 1244.9670811976343.
2026-07-16 00:06:41,641 - INFO - Beginning optimization with guess, [1.52377421 1.92600049 0.07191004 0.09182165].
2026-07-16 00:06:54,102 - INFO - Finished optimization with guess, [1.52377421 1.92600049 0.07191004 0.09182165].
2026-07-16 00:06:54,103 - INFO - Best fit parameters: [3.73854010e-01 3.61198603e+01 7.82163898e-02 2.86688589e-02].
2026-07-16 00:06:54,734 - INFO - Maximum log composite likelihood: -596.6943017698361.
2026-07-16 00:06:54,734 - INFO - Optimal value of theta: 479.892294005745.
2026-07-16 00:06:54,735 - INFO - Beginning optimization with guess, [3.44331649 2.2972861  0.19283723 0.07645285].
2026-07-16 00:07:07,370 - INFO - Finished optimization with guess, [3.44331649 2.2972861  0.19283723 0.07645285].
2026-07-16 00:07:07,372 - INFO - Best fit parameters: [4.67703593e-01 3.50570434e+01 7.80456549e-02 2.86622079e-02].
2026-07-16 00:07:08,035 - INFO - Maximum log composite likelihood: -583.5981696907465.
2026-07-16 00:07:08,035 - INFO - Optimal value of theta: 459.3008184426024.
2026-07-16 00:07:08,035 - INFO - Beginning optimization with guess, [3.9939322  6.63620871 0.0876767  0.13386888].
2026-07-16 00:07:20,720 - INFO - Finished optimization with guess, [3.9939322  6.63620871 0.0876767  0.13386888].
2026-07-16 00:07:20,721 - INFO - Best fit parameters: [1.15619051e+00 3.05116387e+01 2.32179239e-02 3.11087699e-02].
2026-07-16 00:07:21,349 - INFO - Maximum log composite likelihood: -646.0617132308982.
2026-07-16 00:07:21,349 - INFO - Optimal value of theta: 373.9103116202526.
2026-07-16 00:07:21,349 - INFO - Beginning optimization with guess, [2.84694366 3.85709188 0.13340677 0.06058645].
2026-07-16 00:07:37,016 - INFO - Finished optimization with guess, [2.84694366 3.85709188 0.13340677 0.06058645].
2026-07-16 00:07:37,017 - INFO - Best fit parameters: [ 0.4326542  25.23809496  0.06965586  0.02835443].
2026-07-16 00:07:37,647 - INFO - Maximum log composite likelihood: -564.9546405676228.
2026-07-16 00:07:37,647 - INFO - Optimal value of theta: 479.9348951998245.
2026-07-16 00:07:37,647 - INFO - Beginning optimization with guess, [2.53302051 2.05254221 0.10906003 0.12112061].
2026-07-16 00:07:50,486 - INFO - Finished optimization with guess, [2.53302051 2.05254221 0.10906003 0.12112061].
2026-07-16 00:07:50,491 - INFO - Best fit parameters: [6.54172252e-01 1.18757292e+02 5.18915323e-02 2.60581656e-02].
2026-07-16 00:07:51,167 - INFO - Maximum log composite likelihood: -671.2517483124967.
2026-07-16 00:07:51,167 - INFO - Optimal value of theta: 416.7691885521856.
2026-07-16 00:07:51,167 - INFO - Beginning optimization with guess, [5.52436509 5.18474205 0.11676131 0.16776836].
2026-07-16 00:08:03,685 - INFO - Finished optimization with guess, [5.52436509 5.18474205 0.11676131 0.16776836].
2026-07-16 00:08:03,687 - INFO - Best fit parameters: [2.14803504e+00 2.49195161e+01 1.90772690e-02 8.00188990e-03].
2026-07-16 00:08:04,310 - INFO - Maximum log composite likelihood: -849.3860310564355.
2026-07-16 00:08:04,310 - INFO - Optimal value of theta: 503.55351301334497.
2026-07-16 00:08:04,310 - INFO - Beginning optimization with guess, [7.37103864 8.79140735 0.06962594 0.13076561].
2026-07-16 00:08:16,712 - INFO - Finished optimization with guess, [7.37103864 8.79140735 0.06962594 0.13076561].
2026-07-16 00:08:16,714 - INFO - Best fit parameters: [5.16951303e+00 3.57977233e+01 1.00985643e-02 2.17772911e-02].
2026-07-16 00:08:17,349 - INFO - Maximum log composite likelihood: -637.1102130673451.
2026-07-16 00:08:17,349 - INFO - Optimal value of theta: 386.6398983717416.
2026-07-16 00:08:17,350 - INFO - Beginning optimization with guess, [2.75252819 6.81209516 0.06228874 0.17254812].
2026-07-16 00:08:29,781 - INFO - Finished optimization with guess, [2.75252819 6.81209516 0.06228874 0.17254812].
2026-07-16 00:08:29,783 - INFO - Best fit parameters: [ 1.17916684 22.70363463  0.03357765  0.02726995].
2026-07-16 00:08:30,430 - INFO - Maximum log composite likelihood: -664.195481876004.
2026-07-16 00:08:30,430 - INFO - Optimal value of theta: 400.06924007863944.
2026-07-16 00:08:30,430 - INFO - Beginning optimization with guess, [3.59158292 8.12140918 0.10392667 0.05923617].
2026-07-16 00:08:43,423 - INFO - Finished optimization with guess, [3.59158292 8.12140918 0.10392667 0.05923617].
2026-07-16 00:08:43,425 - INFO - Best fit parameters: [7.36648452e-01 4.53660554e+01 3.10039089e-02 2.98917170e-02].
2026-07-16 00:08:44,037 - INFO - Maximum log composite likelihood: -627.6889830871272.
2026-07-16 00:08:44,037 - INFO - Optimal value of theta: 394.0294381574209.
2026-07-16 00:08:44,041 - INFO - Converting and interpreting Tau estimates.
2026-07-16 00:08:44,043 - INFO - Finished demographic inference.
2026-07-16 00:08:44,043 - INFO - Pipeline executed succesfully.
