2026-07-16 19:07:22,636 - INFO - Beginning execution of fit_demographic_model.py in directory /u/project/kirk-bigdata/jonmah/sample_size_demography/Scripts

2026-07-16 19:07:22,636 - INFO - Progress is being logged to ../Analysis/tennessen_ooa_130/log.log

2026-07-16 19:07:22,636 - INFO - Parsed the following arguments:
	syn_input_sfs = ../Simulations/tennessen/ooa_130_sfs/dadi/pop1.sfs
	mask_singletons = False
	mask_doubletons = False
	sum_alleles = False
	L_syn = 100000000.0
	model_type = three_epoch
	input_params = []
	outprefix = ../Analysis/tennessen_ooa_130/

2026-07-16 19:07:22,638 - INFO - Beginning demographic inference for three-epoch demographic model.
2026-07-16 19:07:22,641 - INFO - Beginning optimization with guess, [0.00862197 0.01554296 0.08651951 0.07009075].
2026-07-16 19:07:26,679 - INFO - Finished optimization with guess, [0.00862197 0.01554296 0.08651951 0.07009075].
2026-07-16 19:07:26,680 - INFO - Best fit parameters: [0.01029447 0.0071423  0.08577487 0.12812536].
2026-07-16 19:07:27,131 - INFO - Maximum log composite likelihood: -515.9164430111799.
2026-07-16 19:07:27,131 - INFO - Optimal value of theta: 71756.3773375828.
2026-07-16 19:07:27,131 - INFO - Beginning optimization with guess, [0.01730194 0.01276657 0.17122613 0.06936153].
2026-07-16 19:07:36,082 - INFO - Finished optimization with guess, [0.01730194 0.01276657 0.17122613 0.06936153].
2026-07-16 19:07:36,083 - INFO - Best fit parameters: [0.0185853  0.01314832 0.1708061  0.06277903].
2026-07-16 19:07:36,385 - INFO - Maximum log composite likelihood: -515.9109793244637.
2026-07-16 19:07:36,385 - INFO - Optimal value of theta: 38902.9616382301.
2026-07-16 19:07:36,385 - INFO - Beginning optimization with guess, [0.03077551 0.06545046 0.09162501 0.11812353].
2026-07-16 19:07:44,138 - INFO - Finished optimization with guess, [0.03077551 0.06545046 0.09162501 0.11812353].
2026-07-16 19:07:44,139 - INFO - Best fit parameters: [0.02928087 0.06646776 0.09474845 0.11860389].
2026-07-16 19:07:44,349 - INFO - Maximum log composite likelihood: -515.9078137774709.
2026-07-16 19:07:44,349 - INFO - Optimal value of theta: 7697.517086086996.
2026-07-16 19:07:44,349 - INFO - Beginning optimization with guess, [0.04846859 0.13093063 0.06029355 0.06803027].
2026-07-16 19:07:50,133 - INFO - Finished optimization with guess, [0.04846859 0.13093063 0.06029355 0.06803027].
2026-07-16 19:07:50,133 - INFO - Best fit parameters: [0.03698146 0.16653834 0.07632105 0.06712542].
2026-07-16 19:07:50,323 - INFO - Maximum log composite likelihood: -499.5758556796298.
2026-07-16 19:07:50,323 - INFO - Optimal value of theta: 3169.1257506896627.
2026-07-16 19:07:50,324 - INFO - Beginning optimization with guess, [0.13089816 0.08629455 0.10020974 0.13970278].
2026-07-16 19:07:56,924 - INFO - Finished optimization with guess, [0.13089816 0.08629455 0.10020974 0.13970278].
2026-07-16 19:07:56,924 - INFO - Best fit parameters: [0.08192637 0.06400669 0.14673147 0.3531439 ].
2026-07-16 19:07:57,156 - INFO - Maximum log composite likelihood: -515.9317928083906.
2026-07-16 19:07:57,156 - INFO - Optimal value of theta: 7960.005496805519.
2026-07-16 19:07:57,157 - INFO - Beginning optimization with guess, [0.14844696 0.22738234 0.07064226 0.09315956].
2026-07-16 19:08:02,206 - INFO - Finished optimization with guess, [0.14844696 0.22738234 0.07064226 0.09315956].
2026-07-16 19:08:02,207 - INFO - Best fit parameters: [0.13662857 1.62058479 0.06146939 0.030537  ].
2026-07-16 19:08:02,371 - INFO - Maximum log composite likelihood: -237.38962569339807.
2026-07-16 19:08:02,371 - INFO - Optimal value of theta: 786.5240587555343.
2026-07-16 19:08:02,372 - INFO - Beginning optimization with guess, [0.38342823 0.85196303 0.42001488 0.15100651].
2026-07-16 19:08:07,365 - INFO - Finished optimization with guess, [0.38342823 0.85196303 0.42001488 0.15100651].
2026-07-16 19:08:07,365 - INFO - Best fit parameters: [0.36448555 4.19348491 0.17534003 0.02610704].
2026-07-16 19:08:07,535 - INFO - Maximum log composite likelihood: -218.08999860730438.
2026-07-16 19:08:07,535 - INFO - Optimal value of theta: 633.2898017474884.
2026-07-16 19:08:07,535 - INFO - Beginning optimization with guess, [0.44165391 0.66420827 0.13455102 0.17498119].
2026-07-16 19:08:13,349 - INFO - Finished optimization with guess, [0.44165391 0.66420827 0.13455102 0.17498119].
2026-07-16 19:08:13,349 - INFO - Best fit parameters: [0.26224396 2.79755046 0.09907445 0.03927795].
2026-07-16 19:08:13,513 - INFO - Maximum log composite likelihood: -221.4570701790802.
2026-07-16 19:08:13,513 - INFO - Optimal value of theta: 611.9869673230596.
2026-07-16 19:08:13,513 - INFO - Beginning optimization with guess, [0.77725739 1.0635638  0.06852659 0.17624257].
2026-07-16 19:08:18,631 - INFO - Finished optimization with guess, [0.77725739 1.0635638  0.06852659 0.17624257].
2026-07-16 19:08:18,631 - INFO - Best fit parameters: [ 0.15331004 23.6556902   0.08583609  0.04319066].
2026-07-16 19:08:18,796 - INFO - Maximum log composite likelihood: -346.0007225707198.
2026-07-16 19:08:18,796 - INFO - Optimal value of theta: 579.3397049967272.
2026-07-16 19:08:18,797 - INFO - Beginning optimization with guess, [0.82278459 0.99684678 0.1611083  0.08936391].
2026-07-16 19:08:23,757 - INFO - Finished optimization with guess, [0.82278459 0.99684678 0.1611083  0.08936391].
2026-07-16 19:08:23,757 - INFO - Best fit parameters: [0.22595975 8.35916857 0.12253938 0.02310907].
2026-07-16 19:08:23,922 - INFO - Maximum log composite likelihood: -192.75487456445063.
2026-07-16 19:08:23,922 - INFO - Optimal value of theta: 723.7365404354141.
2026-07-16 19:08:23,923 - INFO - Beginning optimization with guess, [2.31197709 2.90367722 0.12993462 0.07719806].
2026-07-16 19:08:36,616 - INFO - Finished optimization with guess, [2.31197709 2.90367722 0.12993462 0.07719806].
2026-07-16 19:08:36,617 - INFO - Best fit parameters: [1.04442822e-02 8.39347023e+00 1.69643834e-02 6.64312123e-03].
2026-07-16 19:08:36,795 - INFO - Maximum log composite likelihood: -314.7926180528301.
2026-07-16 19:08:36,795 - INFO - Optimal value of theta: 2667.1012182331237.
2026-07-16 19:08:36,795 - INFO - Beginning optimization with guess, [3.20614677 1.78774608 0.17501777 0.1246844 ].
2026-07-16 19:08:42,943 - INFO - Finished optimization with guess, [3.20614677 1.78774608 0.17501777 0.1246844 ].
2026-07-16 19:08:42,943 - INFO - Best fit parameters: [0.01781331 6.36832573 0.00765483 0.05085813].
2026-07-16 19:08:43,107 - INFO - Maximum log composite likelihood: -262.2480950331985.
2026-07-16 19:08:43,108 - INFO - Optimal value of theta: 613.2990067617761.
2026-07-16 19:08:43,108 - INFO - Beginning optimization with guess, [3.7546272  2.91957635 0.13023316 0.05873171].
2026-07-16 19:08:47,910 - INFO - Finished optimization with guess, [3.7546272  2.91957635 0.13023316 0.05873171].
2026-07-16 19:08:47,911 - INFO - Best fit parameters: [2.88001423e-01 4.02777997e+01 1.07507229e-02 3.14368842e-02].
2026-07-16 19:08:48,071 - INFO - Maximum log composite likelihood: -279.8963117404796.
2026-07-16 19:08:48,072 - INFO - Optimal value of theta: 428.798402978197.
2026-07-16 19:08:48,072 - INFO - Beginning optimization with guess, [3.88718617 3.18806571 0.1864879  0.05959194].
2026-07-16 19:08:53,337 - INFO - Finished optimization with guess, [3.88718617 3.18806571 0.1864879  0.05959194].
2026-07-16 19:08:53,337 - INFO - Best fit parameters: [0.20745573 8.03275879 0.03228844 0.03546647].
2026-07-16 19:08:53,503 - INFO - Maximum log composite likelihood: -208.2876692229954.
2026-07-16 19:08:53,503 - INFO - Optimal value of theta: 522.1318945613912.
2026-07-16 19:08:53,504 - INFO - Beginning optimization with guess, [3.04498165 1.81407346 0.09515803 0.05756623].
2026-07-16 19:08:59,287 - INFO - Finished optimization with guess, [3.04498165 1.81407346 0.09515803 0.05756623].
2026-07-16 19:08:59,287 - INFO - Best fit parameters: [3.78898204e-01 3.54724444e+01 2.33559171e-02 2.88791692e-02].
2026-07-16 19:08:59,452 - INFO - Maximum log composite likelihood: -264.29509969163735.
2026-07-16 19:08:59,453 - INFO - Optimal value of theta: 449.1226437965089.
2026-07-16 19:08:59,453 - INFO - Beginning optimization with guess, [4.27845201 3.59109607 0.0501145  0.12717069].
2026-07-16 19:09:04,337 - INFO - Finished optimization with guess, [4.27845201 3.59109607 0.0501145  0.12717069].
2026-07-16 19:09:04,338 - INFO - Best fit parameters: [1.15877753e+01 1.55956178e+01 1.70467646e-02 6.20039590e-03].
2026-07-16 19:09:04,497 - INFO - Maximum log composite likelihood: -315.2030183099697.
2026-07-16 19:09:04,497 - INFO - Optimal value of theta: 415.0542114213075.
2026-07-16 19:09:04,498 - INFO - Beginning optimization with guess, [4.34653064 4.34810942 0.06008111 0.10382235].
2026-07-16 19:09:09,294 - INFO - Finished optimization with guess, [4.34653064 4.34810942 0.06008111 0.10382235].
2026-07-16 19:09:09,295 - INFO - Best fit parameters: [7.17192252e+00 2.38697864e+01 1.34028627e-02 9.90605931e-03].
2026-07-16 19:09:09,455 - INFO - Maximum log composite likelihood: -314.8882617346481.
2026-07-16 19:09:09,455 - INFO - Optimal value of theta: 416.06869609316095.
2026-07-16 19:09:09,455 - INFO - Beginning optimization with guess, [2.73129776 4.9145429  0.06721655 0.18919193].
2026-07-16 19:09:14,264 - INFO - Finished optimization with guess, [2.73129776 4.9145429  0.06721655 0.18919193].
2026-07-16 19:09:14,264 - INFO - Best fit parameters: [1.06201759 5.13426957 0.02493422 0.04111269].
2026-07-16 19:09:14,425 - INFO - Maximum log composite likelihood: -347.08048136525144.
2026-07-16 19:09:14,425 - INFO - Optimal value of theta: 392.0390392136067.
2026-07-16 19:09:14,425 - INFO - Beginning optimization with guess, [2.75580503 6.59069945 0.08894923 0.1050536 ].
2026-07-16 19:09:19,305 - INFO - Finished optimization with guess, [2.75580503 6.59069945 0.08894923 0.1050536 ].
2026-07-16 19:09:19,306 - INFO - Best fit parameters: [0.41603425 5.82358098 0.03554157 0.04216187].
2026-07-16 19:09:19,468 - INFO - Maximum log composite likelihood: -267.5564884547643.
2026-07-16 19:09:19,469 - INFO - Optimal value of theta: 444.8364179884425.
2026-07-16 19:09:19,469 - INFO - Beginning optimization with guess, [2.29656682 2.25137402 0.07268417 0.13051785].
2026-07-16 19:09:24,338 - INFO - Finished optimization with guess, [2.29656682 2.25137402 0.07268417 0.13051785].
2026-07-16 19:09:24,339 - INFO - Best fit parameters: [0.37448224 3.47619238 0.03567605 0.05521222].
2026-07-16 19:09:24,500 - INFO - Maximum log composite likelihood: -287.495232529847.
2026-07-16 19:09:24,500 - INFO - Optimal value of theta: 447.4122708559379.
2026-07-16 19:09:24,501 - INFO - Beginning optimization with guess, [7.72523577 3.57065723 0.14811688 0.06181018].
2026-07-16 19:09:29,297 - INFO - Finished optimization with guess, [7.72523577 3.57065723 0.14811688 0.06181018].
2026-07-16 19:09:29,298 - INFO - Best fit parameters: [5.51810001e+00 3.21687480e+01 4.77338555e-03 2.39940608e-02].
2026-07-16 19:09:29,458 - INFO - Maximum log composite likelihood: -311.98869138411226.
2026-07-16 19:09:29,458 - INFO - Optimal value of theta: 391.8463470631865.
2026-07-16 19:09:29,458 - INFO - Beginning optimization with guess, [4.97755638 5.04543766 0.08766971 0.14782194].
2026-07-16 19:09:34,264 - INFO - Finished optimization with guess, [4.97755638 5.04543766 0.08766971 0.14782194].
2026-07-16 19:09:34,265 - INFO - Best fit parameters: [ 4.58998636 10.71575964  0.01732793  0.01336304].
2026-07-16 19:09:34,425 - INFO - Maximum log composite likelihood: -324.1032027858145.
2026-07-16 19:09:34,425 - INFO - Optimal value of theta: 406.527856610077.
2026-07-16 19:09:34,425 - INFO - Beginning optimization with guess, [2.38127384 8.19880168 0.11690486 0.05417904].
2026-07-16 19:09:39,507 - INFO - Finished optimization with guess, [2.38127384 8.19880168 0.11690486 0.05417904].
2026-07-16 19:09:39,508 - INFO - Best fit parameters: [0.14777946 7.91791466 0.05782952 0.03010602].
2026-07-16 19:09:39,672 - INFO - Maximum log composite likelihood: -189.7184261863698.
2026-07-16 19:09:39,672 - INFO - Optimal value of theta: 667.1705912535829.
2026-07-16 19:09:39,672 - INFO - Beginning optimization with guess, [8.60437318 4.51923959 0.09349317 0.10117221].
2026-07-16 19:09:44,532 - INFO - Finished optimization with guess, [8.60437318 4.51923959 0.09349317 0.10117221].
2026-07-16 19:09:44,532 - INFO - Best fit parameters: [1.03012784e+01 1.59123298e+01 8.99262863e-03 1.61553192e-02].
2026-07-16 19:09:44,692 - INFO - Maximum log composite likelihood: -312.67020662866895.
2026-07-16 19:09:44,693 - INFO - Optimal value of theta: 407.6434660580485.
2026-07-16 19:09:44,693 - INFO - Beginning optimization with guess, [4.0580217  5.6904484  0.05529791 0.07832786].
2026-07-16 19:09:49,531 - INFO - Finished optimization with guess, [4.0580217  5.6904484  0.05529791 0.07832786].
2026-07-16 19:09:49,532 - INFO - Best fit parameters: [9.48560352e+00 1.17447744e+02 2.63396622e-03 2.41680011e-02].
2026-07-16 19:09:49,692 - INFO - Maximum log composite likelihood: -310.685874633254.
2026-07-16 19:09:49,692 - INFO - Optimal value of theta: 391.22351028027083.
2026-07-16 19:09:49,694 - INFO - Converting and interpreting Tau estimates.
2026-07-16 19:09:49,696 - INFO - Finished demographic inference.
2026-07-16 19:09:49,696 - INFO - Pipeline executed succesfully.
