2026-07-16 00:01:09,599 - INFO - Beginning execution of fit_demographic_model.py in directory /u/project/kirk-bigdata/jonmah/sample_size_demography/Scripts

2026-07-16 00:01:09,599 - INFO - Progress is being logged to ../Analysis/tennessen_ooa_310/log.log

2026-07-16 00:01:09,599 - INFO - Parsed the following arguments:
	syn_input_sfs = ../Simulations/tennessen/ooa_310_sfs/dadi/pop1.sfs
	mask_singletons = False
	mask_doubletons = False
	sum_alleles = False
	L_syn = 100000000.0
	model_type = three_epoch
	input_params = []
	outprefix = ../Analysis/tennessen_ooa_310/

2026-07-16 00:01:09,602 - INFO - Beginning demographic inference for three-epoch demographic model.
2026-07-16 00:01:09,605 - INFO - Beginning optimization with guess, [0.00927719 0.00798513 0.14493194 0.14708487].
2026-07-16 00:01:15,216 - INFO - Finished optimization with guess, [0.00927719 0.00798513 0.14493194 0.14708487].
2026-07-16 00:01:15,217 - INFO - Best fit parameters: [0.00927719 0.00798513 0.14493194 0.14708487].
2026-07-16 00:01:16,358 - INFO - Maximum log composite likelihood: -1325.7029629281674.
2026-07-16 00:01:16,358 - INFO - Optimal value of theta: 77300.23119703136.
2026-07-16 00:01:16,358 - INFO - Beginning optimization with guess, [0.01527026 0.01898634 0.10323609 0.16850559].
2026-07-16 00:02:05,926 - INFO - Finished optimization with guess, [0.01527026 0.01898634 0.10323609 0.16850559].
2026-07-16 00:02:05,927 - INFO - Best fit parameters: [0.00767205 0.06133531 0.13019083 0.08594175].
2026-07-16 00:02:06,793 - INFO - Maximum log composite likelihood: -1283.7486483682337.
2026-07-16 00:02:06,793 - INFO - Optimal value of theta: 11207.701605425777.
2026-07-16 00:02:06,794 - INFO - Beginning optimization with guess, [0.0440929  0.04290275 0.07215933 0.0578438 ].
2026-07-16 00:02:27,438 - INFO - Finished optimization with guess, [0.0440929  0.04290275 0.07215933 0.0578438 ].
2026-07-16 00:02:27,441 - INFO - Best fit parameters: [0.01800084 0.0570063  0.1455597  0.07889738].
2026-07-16 00:02:28,184 - INFO - Maximum log composite likelihood: -1287.1042198945252.
2026-07-16 00:02:28,184 - INFO - Optimal value of theta: 11776.744608607589.
2026-07-16 00:02:28,184 - INFO - Beginning optimization with guess, [0.07252258 0.10850275 0.08677218 0.12197409].
2026-07-16 00:02:43,981 - INFO - Finished optimization with guess, [0.07252258 0.10850275 0.08677218 0.12197409].
2026-07-16 00:02:43,982 - INFO - Best fit parameters: [0.0337013  0.15084388 0.16457606 0.17382917].
2026-07-16 00:02:44,595 - INFO - Maximum log composite likelihood: -1283.2182582302426.
2026-07-16 00:02:44,595 - INFO - Optimal value of theta: 4592.237087768455.
2026-07-16 00:02:44,595 - INFO - Beginning optimization with guess, [0.17141959 0.13399173 0.16651936 0.05589421].
2026-07-16 00:03:05,046 - INFO - Finished optimization with guess, [0.17141959 0.13399173 0.16651936 0.05589421].
2026-07-16 00:03:05,048 - INFO - Best fit parameters: [0.12570978 1.79992818 0.1439455  0.0106592 ].
2026-07-16 00:03:05,603 - INFO - Maximum log composite likelihood: -475.1517807152386.
2026-07-16 00:03:05,603 - INFO - Optimal value of theta: 1486.3338377615657.
2026-07-16 00:03:05,603 - INFO - Beginning optimization with guess, [0.36956431 0.21500177 0.09627397 0.19427704].
2026-07-16 00:03:17,535 - INFO - Finished optimization with guess, [0.36956431 0.21500177 0.09627397 0.19427704].
2026-07-16 00:03:17,536 - INFO - Best fit parameters: [0.16190957 0.34275045 0.16849568 1.0240167 ].
2026-07-16 00:03:18,148 - INFO - Maximum log composite likelihood: -1331.177526105848.
2026-07-16 00:03:18,148 - INFO - Optimal value of theta: 1786.4274108150194.
2026-07-16 00:03:18,149 - INFO - Beginning optimization with guess, [0.27419086 0.93480396 0.45764658 0.1004473 ].
2026-07-16 00:03:31,920 - INFO - Finished optimization with guess, [0.27419086 0.93480396 0.45764658 0.1004473 ].
2026-07-16 00:03:31,928 - INFO - Best fit parameters: [0.48273892 2.74659619 0.23152965 0.02176682].
2026-07-16 00:03:32,490 - INFO - Maximum log composite likelihood: -607.8080752956895.
2026-07-16 00:03:32,491 - INFO - Optimal value of theta: 684.3487453329011.
2026-07-16 00:03:32,491 - INFO - Beginning optimization with guess, [0.92211407 0.68841667 0.18575595 0.05181585].
2026-07-16 00:03:43,742 - INFO - Finished optimization with guess, [0.92211407 0.68841667 0.18575595 0.05181585].
2026-07-16 00:03:43,743 - INFO - Best fit parameters: [0.27636584 5.52597431 0.21604694 0.03428755].
2026-07-16 00:03:44,323 - INFO - Maximum log composite likelihood: -449.77387542642003.
2026-07-16 00:03:44,323 - INFO - Optimal value of theta: 651.058122690072.
2026-07-16 00:03:44,323 - INFO - Beginning optimization with guess, [0.92703224 0.51856911 0.18709179 0.09781906].
2026-07-16 00:03:55,772 - INFO - Finished optimization with guess, [0.92703224 0.51856911 0.18709179 0.09781906].
2026-07-16 00:03:55,773 - INFO - Best fit parameters: [ 0.30730068 22.59223702  0.15757499  0.02879509].
2026-07-16 00:03:56,283 - INFO - Maximum log composite likelihood: -445.4909489840498.
2026-07-16 00:03:56,283 - INFO - Optimal value of theta: 558.8294674603903.
2026-07-16 00:03:56,283 - INFO - Beginning optimization with guess, [1.38380658 1.73430645 0.08146784 0.18543607].
2026-07-16 00:04:09,926 - INFO - Finished optimization with guess, [1.38380658 1.73430645 0.08146784 0.18543607].
2026-07-16 00:04:09,927 - INFO - Best fit parameters: [3.46679124e-01 2.18379770e+02 5.31110444e-02 2.07353120e-02].
2026-07-16 00:04:10,498 - INFO - Maximum log composite likelihood: -523.0568094279923.
2026-07-16 00:04:10,498 - INFO - Optimal value of theta: 528.4795333769492.
2026-07-16 00:04:10,498 - INFO - Beginning optimization with guess, [2.36236631 1.12978695 0.15235619 0.08521991].
2026-07-16 00:04:21,659 - INFO - Finished optimization with guess, [2.36236631 1.12978695 0.15235619 0.08521991].
2026-07-16 00:04:21,660 - INFO - Best fit parameters: [4.49813723e-01 2.97011437e+01 5.94066800e-02 2.25204061e-02].
2026-07-16 00:04:22,210 - INFO - Maximum log composite likelihood: -438.3085273424847.
2026-07-16 00:04:22,211 - INFO - Optimal value of theta: 504.44771713419084.
2026-07-16 00:04:22,211 - INFO - Beginning optimization with guess, [1.12194787 2.85805311 0.07905036 0.1567824 ].
2026-07-16 00:04:33,322 - INFO - Finished optimization with guess, [1.12194787 2.85805311 0.07905036 0.1567824 ].
2026-07-16 00:04:33,327 - INFO - Best fit parameters: [ 0.45900732 12.411232    0.0744194   0.0252337 ].
2026-07-16 00:04:33,886 - INFO - Maximum log composite likelihood: -428.91588478078205.
2026-07-16 00:04:33,886 - INFO - Optimal value of theta: 517.7467044928914.
2026-07-16 00:04:33,886 - INFO - Beginning optimization with guess, [1.07127031 1.53550955 0.07440638 0.11573012].
2026-07-16 00:04:45,047 - INFO - Finished optimization with guess, [1.07127031 1.53550955 0.07440638 0.11573012].
2026-07-16 00:04:45,052 - INFO - Best fit parameters: [3.83832182e-01 8.24327466e+01 1.24642657e-01 1.23517188e-02].
2026-07-16 00:04:45,603 - INFO - Maximum log composite likelihood: -482.52089070169376.
2026-07-16 00:04:45,603 - INFO - Optimal value of theta: 681.2546115859864.
2026-07-16 00:04:45,603 - INFO - Beginning optimization with guess, [1.74763833 1.20551746 0.18534879 0.19815142].
2026-07-16 00:04:57,095 - INFO - Finished optimization with guess, [1.74763833 1.20551746 0.18534879 0.19815142].
2026-07-16 00:04:57,101 - INFO - Best fit parameters: [1.03284870e-02 1.29776756e+04 4.57095254e-02 7.73654214e-04].
2026-07-16 00:04:57,736 - INFO - Maximum log composite likelihood: -688.3507390476296.
2026-07-16 00:04:57,737 - INFO - Optimal value of theta: 17605.22675944216.
2026-07-16 00:04:57,737 - INFO - Beginning optimization with guess, [1.40514723 3.57399293 0.18463071 0.07326961].
2026-07-16 00:05:08,820 - INFO - Finished optimization with guess, [1.40514723 3.57399293 0.18463071 0.07326961].
2026-07-16 00:05:08,821 - INFO - Best fit parameters: [ 0.22881292 11.17493647  0.17807957  0.01378695].
2026-07-16 00:05:09,375 - INFO - Maximum log composite likelihood: -393.4500506044423.
2026-07-16 00:05:09,375 - INFO - Optimal value of theta: 905.3508503566209.
2026-07-16 00:05:09,376 - INFO - Beginning optimization with guess, [1.86950092 3.01418544 0.08916712 0.11263754].
2026-07-16 00:05:20,803 - INFO - Finished optimization with guess, [1.86950092 3.01418544 0.08916712 0.11263754].
2026-07-16 00:05:20,804 - INFO - Best fit parameters: [ 0.68825881 10.31667251  0.06698079  0.03434119].
2026-07-16 00:05:21,382 - INFO - Maximum log composite likelihood: -495.90547298422246.
2026-07-16 00:05:21,382 - INFO - Optimal value of theta: 432.7527658146112.
2026-07-16 00:05:21,382 - INFO - Beginning optimization with guess, [5.05273771 2.02784535 0.10335795 0.17788251].
2026-07-16 00:05:35,236 - INFO - Finished optimization with guess, [5.05273771 2.02784535 0.10335795 0.17788251].
2026-07-16 00:05:35,248 - INFO - Best fit parameters: [1.30975437e+00 5.67914282e+02 2.96474457e-03 1.86538085e-02].
2026-07-16 00:05:35,828 - INFO - Maximum log composite likelihood: -511.4643670743751.
2026-07-16 00:05:35,828 - INFO - Optimal value of theta: 419.6360408008528.
2026-07-16 00:05:35,828 - INFO - Beginning optimization with guess, [3.1716214  4.93543655 0.17659438 0.06084468].
2026-07-16 00:05:46,702 - INFO - Finished optimization with guess, [3.1716214  4.93543655 0.17659438 0.06084468].
2026-07-16 00:05:46,703 - INFO - Best fit parameters: [ 0.25068684 15.56642184  0.07836498  0.02036343].
2026-07-16 00:05:47,269 - INFO - Maximum log composite likelihood: -399.94926747128335.
2026-07-16 00:05:47,269 - INFO - Optimal value of theta: 650.0552947614309.
2026-07-16 00:05:47,270 - INFO - Beginning optimization with guess, [2.55298956 4.18706601 0.05479707 0.06282354].
2026-07-16 00:05:58,297 - INFO - Finished optimization with guess, [2.55298956 4.18706601 0.05479707 0.06282354].
2026-07-16 00:05:58,298 - INFO - Best fit parameters: [2.80719437e-01 3.78578301e+01 6.13881299e-03 2.19105578e-02].
2026-07-16 00:05:58,865 - INFO - Maximum log composite likelihood: -512.5664702232341.
2026-07-16 00:05:58,865 - INFO - Optimal value of theta: 465.00625384294784.
2026-07-16 00:05:58,865 - INFO - Beginning optimization with guess, [2.41315334 4.20009699 0.11416546 0.05668768].
2026-07-16 00:06:09,833 - INFO - Finished optimization with guess, [2.41315334 4.20009699 0.11416546 0.05668768].
2026-07-16 00:06:09,835 - INFO - Best fit parameters: [ 0.28644774 13.6007879   0.05707342  0.02630915].
2026-07-16 00:06:10,379 - INFO - Maximum log composite likelihood: -396.81892957548337.
2026-07-16 00:06:10,380 - INFO - Optimal value of theta: 555.1384428459568.
2026-07-16 00:06:10,380 - INFO - Beginning optimization with guess, [2.98485741 4.72605403 0.14289038 0.10979489].
2026-07-16 00:06:21,478 - INFO - Finished optimization with guess, [2.98485741 4.72605403 0.14289038 0.10979489].
2026-07-16 00:06:21,479 - INFO - Best fit parameters: [1.72673902e-01 1.73850707e+01 6.70678281e-02 1.43184664e-02].
2026-07-16 00:06:22,045 - INFO - Maximum log composite likelihood: -459.23964102214063.
2026-07-16 00:06:22,045 - INFO - Optimal value of theta: 807.2031773840386.
2026-07-16 00:06:22,045 - INFO - Beginning optimization with guess, [2.84808056 2.12645148 0.09790589 0.10378704].
2026-07-16 00:06:32,800 - INFO - Finished optimization with guess, [2.84808056 2.12645148 0.09790589 0.10378704].
2026-07-16 00:06:32,801 - INFO - Best fit parameters: [6.80054056e-01 3.40118883e+01 2.99068978e-02 3.10726793e-02].
2026-07-16 00:06:33,339 - INFO - Maximum log composite likelihood: -485.348451065179.
2026-07-16 00:06:33,339 - INFO - Optimal value of theta: 395.702417639614.
2026-07-16 00:06:33,340 - INFO - Beginning optimization with guess, [8.47477777 8.23790602 0.14499521 0.05674988].
2026-07-16 00:06:44,252 - INFO - Finished optimization with guess, [8.47477777 8.23790602 0.14499521 0.05674988].
2026-07-16 00:06:44,254 - INFO - Best fit parameters: [7.34249438e+00 1.89762836e+01 1.45531567e-02 1.50180799e-02].
2026-07-16 00:06:44,786 - INFO - Maximum log composite likelihood: -515.8099301403737.
2026-07-16 00:06:44,786 - INFO - Optimal value of theta: 400.8127638119624.
2026-07-16 00:06:44,787 - INFO - Beginning optimization with guess, [6.37561915 2.67191006 0.10081478 0.10568763].
2026-07-16 00:06:56,026 - INFO - Finished optimization with guess, [6.37561915 2.67191006 0.10081478 0.10568763].
2026-07-16 00:06:56,029 - INFO - Best fit parameters: [3.20169083e+00 6.03458560e+01 4.95709885e-03 1.46071165e-02].
2026-07-16 00:06:56,547 - INFO - Maximum log composite likelihood: -518.7116441858956.
2026-07-16 00:06:56,547 - INFO - Optimal value of theta: 438.4099835626616.
2026-07-16 00:06:56,548 - INFO - Beginning optimization with guess, [4.29346365 3.37391292 0.06855915 0.19665527].
2026-07-16 00:07:07,643 - INFO - Finished optimization with guess, [4.29346365 3.37391292 0.06855915 0.19665527].
2026-07-16 00:07:07,648 - INFO - Best fit parameters: [6.74203780e+00 1.49299406e+01 1.88679342e-02 1.04155598e-02].
2026-07-16 00:07:08,169 - INFO - Maximum log composite likelihood: -538.2083051081804.
2026-07-16 00:07:08,169 - INFO - Optimal value of theta: 414.17225239160047.
2026-07-16 00:07:08,172 - INFO - Converting and interpreting Tau estimates.
2026-07-16 00:07:08,183 - INFO - Finished demographic inference.
2026-07-16 00:07:08,183 - INFO - Pipeline executed succesfully.
