2026-07-16 00:01:07,556 - INFO - Beginning execution of fit_demographic_model.py in directory /u/project/kirk-bigdata/jonmah/sample_size_demography/Scripts

2026-07-16 00:01:07,556 - INFO - Progress is being logged to ../Analysis/tennessen_ooa_290/log.log

2026-07-16 00:01:07,556 - INFO - Parsed the following arguments:
	syn_input_sfs = ../Simulations/tennessen/ooa_290_sfs/dadi/pop1.sfs
	mask_singletons = False
	mask_doubletons = False
	sum_alleles = False
	L_syn = 100000000.0
	model_type = three_epoch
	input_params = []
	outprefix = ../Analysis/tennessen_ooa_290/

2026-07-16 00:01:07,558 - INFO - Beginning demographic inference for three-epoch demographic model.
2026-07-16 00:01:07,560 - INFO - Beginning optimization with guess, [0.01117201 0.01797899 0.1877924  0.14683762].
2026-07-16 00:01:32,033 - INFO - Finished optimization with guess, [0.01117201 0.01797899 0.1877924  0.14683762].
2026-07-16 00:01:32,035 - INFO - Best fit parameters: [0.00946447 0.04854245 0.1877948  0.06465285].
2026-07-16 00:01:32,772 - INFO - Maximum log composite likelihood: -1195.7307617807055.
2026-07-16 00:01:32,772 - INFO - Optimal value of theta: 13947.725899977007.
2026-07-16 00:01:32,772 - INFO - Beginning optimization with guess, [0.01728292 0.02537269 0.11232016 0.09346943].
2026-07-16 00:01:44,925 - INFO - Finished optimization with guess, [0.01728292 0.02537269 0.11232016 0.09346943].
2026-07-16 00:01:44,926 - INFO - Best fit parameters: [0.01130325 0.04996161 0.13080505 0.06388799].
2026-07-16 00:01:45,629 - INFO - Maximum log composite likelihood: -1195.6618423674881.
2026-07-16 00:01:45,629 - INFO - Optimal value of theta: 13572.16498946625.
2026-07-16 00:01:45,629 - INFO - Beginning optimization with guess, [0.04112547 0.07521254 0.05823378 0.06158773].
2026-07-16 00:01:57,611 - INFO - Finished optimization with guess, [0.04112547 0.07521254 0.05823378 0.06158773].
2026-07-16 00:01:57,612 - INFO - Best fit parameters: [0.02209811 0.08538322 0.10494738 0.08854695].
2026-07-16 00:01:58,227 - INFO - Maximum log composite likelihood: -1195.1431209426105.
2026-07-16 00:01:58,227 - INFO - Optimal value of theta: 7993.876460578563.
2026-07-16 00:01:58,228 - INFO - Beginning optimization with guess, [0.12483327 0.04434227 0.09025993 0.07075351].
2026-07-16 00:02:10,545 - INFO - Finished optimization with guess, [0.12483327 0.04434227 0.09025993 0.07075351].
2026-07-16 00:02:10,547 - INFO - Best fit parameters: [0.08175461 0.02974913 0.12807366 0.1913878 ].
2026-07-16 00:02:11,208 - INFO - Maximum log composite likelihood: -1236.1801554008177.
2026-07-16 00:02:11,208 - INFO - Optimal value of theta: 20314.692030980455.
2026-07-16 00:02:11,209 - INFO - Beginning optimization with guess, [0.12185047 0.10194005 0.18889822 0.13754838].
2026-07-16 00:02:23,741 - INFO - Finished optimization with guess, [0.12185047 0.10194005 0.18889822 0.13754838].
2026-07-16 00:02:23,742 - INFO - Best fit parameters: [0.04895922 0.15146744 0.34322259 0.19037154].
2026-07-16 00:02:24,400 - INFO - Maximum log composite likelihood: -1196.3734664325814.
2026-07-16 00:02:24,400 - INFO - Optimal value of theta: 4419.23432506667.
2026-07-16 00:02:24,401 - INFO - Beginning optimization with guess, [0.26175659 0.37636261 0.10924112 0.06929469].
2026-07-16 00:02:34,598 - INFO - Finished optimization with guess, [0.26175659 0.37636261 0.10924112 0.06929469].
2026-07-16 00:02:34,600 - INFO - Best fit parameters: [0.12989803 4.67343162 0.14023448 0.02073635].
2026-07-16 00:02:35,118 - INFO - Maximum log composite likelihood: -379.7937214978522.
2026-07-16 00:02:35,118 - INFO - Optimal value of theta: 1020.2990995785705.
2026-07-16 00:02:35,118 - INFO - Beginning optimization with guess, [0.69825639 0.50647176 0.69813024 0.07685662].
2026-07-16 00:02:44,623 - INFO - Finished optimization with guess, [0.69825639 0.50647176 0.69813024 0.07685662].
2026-07-16 00:02:44,623 - INFO - Best fit parameters: [0.35220349 5.65787299 0.49466739 0.02225844].
2026-07-16 00:02:45,033 - INFO - Maximum log composite likelihood: -430.25969136726025.
2026-07-16 00:02:45,033 - INFO - Optimal value of theta: 792.3346645667717.
2026-07-16 00:02:45,033 - INFO - Beginning optimization with guess, [0.88940111 0.92035462 0.07787421 0.15244031].
2026-07-16 00:02:56,611 - INFO - Finished optimization with guess, [0.88940111 0.92035462 0.07787421 0.15244031].
2026-07-16 00:02:56,611 - INFO - Best fit parameters: [3.26861380e-01 4.31018555e+01 7.86584476e-02 2.76948058e-02].
2026-07-16 00:02:57,023 - INFO - Maximum log composite likelihood: -429.15242957511634.
2026-07-16 00:02:57,024 - INFO - Optimal value of theta: 507.72148429771084.
2026-07-16 00:02:57,024 - INFO - Beginning optimization with guess, [0.90372365 1.06968829 0.19425301 0.12341761].
2026-07-16 00:03:05,823 - INFO - Finished optimization with guess, [0.90372365 1.06968829 0.19425301 0.12341761].
2026-07-16 00:03:05,824 - INFO - Best fit parameters: [3.82533393e-01 2.09614266e+01 1.27779580e-01 2.05956742e-02].
2026-07-16 00:03:06,283 - INFO - Maximum log composite likelihood: -375.38264990978683.
2026-07-16 00:03:06,283 - INFO - Optimal value of theta: 593.0850081270903.
2026-07-16 00:03:06,284 - INFO - Beginning optimization with guess, [1.90777392 1.85946864 0.08642439 0.11591213].
2026-07-16 00:03:15,270 - INFO - Finished optimization with guess, [1.90777392 1.85946864 0.08642439 0.11591213].
2026-07-16 00:03:15,273 - INFO - Best fit parameters: [3.32429061e-01 5.01678230e+01 6.00743418e-02 3.05910396e-02].
2026-07-16 00:03:15,790 - INFO - Maximum log composite likelihood: -451.20847840423306.
2026-07-16 00:03:15,790 - INFO - Optimal value of theta: 469.0810865893652.
2026-07-16 00:03:15,791 - INFO - Beginning optimization with guess, [0.98819959 2.18300317 0.18359507 0.11251113].
2026-07-16 00:03:28,434 - INFO - Finished optimization with guess, [0.98819959 2.18300317 0.18359507 0.11251113].
2026-07-16 00:03:28,435 - INFO - Best fit parameters: [1.37550080e-01 2.44280127e+01 1.85185357e-01 7.52911099e-03].
2026-07-16 00:03:28,972 - INFO - Maximum log composite likelihood: -420.1142066154095.
2026-07-16 00:03:28,972 - INFO - Optimal value of theta: 1477.625235713294.
2026-07-16 00:03:28,972 - INFO - Beginning optimization with guess, [1.78512516 1.86572306 0.11926618 0.07379841].
2026-07-16 00:03:39,346 - INFO - Finished optimization with guess, [1.78512516 1.86572306 0.11926618 0.07379841].
2026-07-16 00:03:39,349 - INFO - Best fit parameters: [3.82059653e-01 1.99824968e+01 7.67588166e-02 1.94258265e-02].
2026-07-16 00:03:39,871 - INFO - Maximum log composite likelihood: -399.4322054886822.
2026-07-16 00:03:39,872 - INFO - Optimal value of theta: 577.5726406990467.
2026-07-16 00:03:39,872 - INFO - Beginning optimization with guess, [2.48178252 1.15574268 0.1816028  0.10229235].
2026-07-16 00:03:50,351 - INFO - Finished optimization with guess, [2.48178252 1.15574268 0.1816028  0.10229235].
2026-07-16 00:03:50,353 - INFO - Best fit parameters: [2.23288906e-01 8.77787046e+01 4.78799905e-02 1.49101080e-02].
2026-07-16 00:03:50,853 - INFO - Maximum log composite likelihood: -505.2071424244696.
2026-07-16 00:03:50,853 - INFO - Optimal value of theta: 673.9326891012767.
2026-07-16 00:03:50,854 - INFO - Beginning optimization with guess, [1.2494624  2.33832261 0.06782087 0.16179052].
2026-07-16 00:04:00,057 - INFO - Finished optimization with guess, [1.2494624  2.33832261 0.06782087 0.16179052].
2026-07-16 00:04:00,057 - INFO - Best fit parameters: [ 0.49904185 19.08903402  0.05842876  0.02587596].
2026-07-16 00:04:00,541 - INFO - Maximum log composite likelihood: -409.3969169934841.
2026-07-16 00:04:00,542 - INFO - Optimal value of theta: 480.05690605571857.
2026-07-16 00:04:00,542 - INFO - Beginning optimization with guess, [3.6604745  2.1284781  0.1199105  0.05543449].
2026-07-16 00:04:09,846 - INFO - Finished optimization with guess, [3.6604745  2.1284781  0.1199105  0.05543449].
2026-07-16 00:04:09,847 - INFO - Best fit parameters: [1.04472684e+00 2.15547186e+01 2.08403163e-02 2.78260140e-02].
2026-07-16 00:04:10,300 - INFO - Maximum log composite likelihood: -479.6945772508774.
2026-07-16 00:04:10,301 - INFO - Optimal value of theta: 395.37657507369096.
2026-07-16 00:04:10,301 - INFO - Beginning optimization with guess, [1.47196688 5.16593088 0.13221854 0.05409789].
2026-07-16 00:04:19,534 - INFO - Finished optimization with guess, [1.47196688 5.16593088 0.13221854 0.05409789].
2026-07-16 00:04:19,536 - INFO - Best fit parameters: [ 0.34413531 10.21593321  0.12351005  0.03598594].
2026-07-16 00:04:19,947 - INFO - Maximum log composite likelihood: -382.32519020476553.
2026-07-16 00:04:19,947 - INFO - Optimal value of theta: 525.591881002622.
2026-07-16 00:04:19,948 - INFO - Beginning optimization with guess, [3.9446501  2.80056537 0.08906164 0.18638389].
2026-07-16 00:04:29,585 - INFO - Finished optimization with guess, [3.9446501  2.80056537 0.08906164 0.18638389].
2026-07-16 00:04:29,586 - INFO - Best fit parameters: [ 1.59333066 13.72394669  0.01881831  0.02142453].
2026-07-16 00:04:30,052 - INFO - Maximum log composite likelihood: -515.5682196936724.
2026-07-16 00:04:30,052 - INFO - Optimal value of theta: 414.92515257874646.
2026-07-16 00:04:30,052 - INFO - Beginning optimization with guess, [3.87914521 1.80979642 0.17836399 0.10146353].
2026-07-16 00:04:39,571 - INFO - Finished optimization with guess, [3.87914521 1.80979642 0.17836399 0.10146353].
2026-07-16 00:04:39,572 - INFO - Best fit parameters: [2.98657899e-01 4.04722619e+01 2.33576820e-02 1.89032713e-02].
2026-07-16 00:04:39,969 - INFO - Maximum log composite likelihood: -473.36738984661247.
2026-07-16 00:04:39,969 - INFO - Optimal value of theta: 539.3194009154405.
2026-07-16 00:04:39,969 - INFO - Beginning optimization with guess, [2.28164524 5.35259635 0.10587534 0.14476686].
2026-07-16 00:04:50,005 - INFO - Finished optimization with guess, [2.28164524 5.35259635 0.10587534 0.14476686].
2026-07-16 00:04:50,006 - INFO - Best fit parameters: [0.75367083 9.22225142 0.06744162 0.02730457].
2026-07-16 00:04:50,522 - INFO - Maximum log composite likelihood: -494.1166057872627.
2026-07-16 00:04:50,523 - INFO - Optimal value of theta: 457.12130062041336.
2026-07-16 00:04:50,523 - INFO - Beginning optimization with guess, [2.63008725 2.96426769 0.09524275 0.12628487].
2026-07-16 00:05:00,899 - INFO - Finished optimization with guess, [2.63008725 2.96426769 0.09524275 0.12628487].
2026-07-16 00:05:00,900 - INFO - Best fit parameters: [ 0.83741583 14.8725007   0.03924201  0.02395869].
2026-07-16 00:05:01,424 - INFO - Maximum log composite likelihood: -486.73876121514564.
2026-07-16 00:05:01,424 - INFO - Optimal value of theta: 439.35267911045923.
2026-07-16 00:05:01,424 - INFO - Beginning optimization with guess, [2.25287381 2.11303892 0.13498764 0.17990846].
2026-07-16 00:05:14,347 - INFO - Finished optimization with guess, [2.25287381 2.11303892 0.13498764 0.17990846].
2026-07-16 00:05:14,348 - INFO - Best fit parameters: [2.26804341e-01 1.17495635e+02 2.78017027e-02 2.34348536e-02].
2026-07-16 00:05:14,867 - INFO - Maximum log composite likelihood: -514.8735928378784.
2026-07-16 00:05:14,867 - INFO - Optimal value of theta: 522.3400789705994.
2026-07-16 00:05:14,867 - INFO - Beginning optimization with guess, [4.8657701  3.09532536 0.05640296 0.15852102].
2026-07-16 00:05:25,171 - INFO - Finished optimization with guess, [4.8657701  3.09532536 0.05640296 0.15852102].
2026-07-16 00:05:25,175 - INFO - Best fit parameters: [6.67679699e+00 3.09674640e+01 1.60644267e-02 1.54454688e-02].
2026-07-16 00:05:25,689 - INFO - Maximum log composite likelihood: -479.1012282358841.
2026-07-16 00:05:25,690 - INFO - Optimal value of theta: 390.01953623255747.
2026-07-16 00:05:25,690 - INFO - Beginning optimization with guess, [2.50636898 4.61175883 0.06188663 0.15902463].
2026-07-16 00:05:36,001 - INFO - Finished optimization with guess, [2.50636898 4.61175883 0.06188663 0.15902463].
2026-07-16 00:05:36,002 - INFO - Best fit parameters: [1.36561622 9.18118559 0.0364694  0.02600229].
2026-07-16 00:05:36,516 - INFO - Maximum log composite likelihood: -556.6126041066773.
2026-07-16 00:05:36,516 - INFO - Optimal value of theta: 409.99733918699275.
2026-07-16 00:05:36,516 - INFO - Beginning optimization with guess, [7.39505567 4.7659892  0.11275404 0.0772207 ].
2026-07-16 00:05:45,685 - INFO - Finished optimization with guess, [7.39505567 4.7659892  0.11275404 0.0772207 ].
2026-07-16 00:05:45,686 - INFO - Best fit parameters: [7.56227006e+00 1.58679457e+01 1.63095558e-02 1.24966172e-02].
2026-07-16 00:05:46,109 - INFO - Maximum log composite likelihood: -495.09817615889614.
2026-07-16 00:05:46,109 - INFO - Optimal value of theta: 409.0127343798453.
2026-07-16 00:05:46,109 - INFO - Beginning optimization with guess, [3.53864512 3.89408867 0.18206993 0.08600487].
2026-07-16 00:05:53,834 - INFO - Finished optimization with guess, [3.53864512 3.89408867 0.18206993 0.08600487].
2026-07-16 00:05:53,836 - INFO - Best fit parameters: [ 0.54667294 13.56596607  0.06237072  0.02466174].
2026-07-16 00:05:54,221 - INFO - Maximum log composite likelihood: -429.0547751231112.
2026-07-16 00:05:54,221 - INFO - Optimal value of theta: 490.1791903479329.
2026-07-16 00:05:54,223 - INFO - Converting and interpreting Tau estimates.
2026-07-16 00:05:54,225 - INFO - Finished demographic inference.
2026-07-16 00:05:54,225 - INFO - Pipeline executed succesfully.
