2026-07-16 00:07:00,282 - INFO - Beginning execution of fit_demographic_model.py in directory /u/project/kirk-bigdata/jonmah/sample_size_demography/Scripts

2026-07-16 00:07:00,283 - INFO - Progress is being logged to ../Analysis/tennessen_ooa_710/log.log

2026-07-16 00:07:00,283 - INFO - Parsed the following arguments:
	syn_input_sfs = ../Simulations/tennessen/ooa_710_sfs/dadi/pop1.sfs
	mask_singletons = False
	mask_doubletons = False
	sum_alleles = False
	L_syn = 100000000.0
	model_type = three_epoch
	input_params = []
	outprefix = ../Analysis/tennessen_ooa_710/

2026-07-16 00:07:00,286 - INFO - Beginning demographic inference for three-epoch demographic model.
2026-07-16 00:07:00,289 - INFO - Beginning optimization with guess, [0.00541338 0.01269108 0.13753701 0.05357815].
2026-07-16 00:08:43,449 - INFO - Finished optimization with guess, [0.00541338 0.01269108 0.13753701 0.05357815].
2026-07-16 00:08:43,451 - INFO - Best fit parameters: [0.00469324 0.03290376 0.13753701 0.0239087 ].
2026-07-16 00:08:47,581 - INFO - Maximum log composite likelihood: -2898.050905152471.
2026-07-16 00:08:47,582 - INFO - Optimal value of theta: 29830.25216938752.
2026-07-16 00:08:47,582 - INFO - Beginning optimization with guess, [0.0388498  0.02291974 0.064245   0.10089971].
2026-07-16 00:10:52,293 - INFO - Finished optimization with guess, [0.0388498  0.02291974 0.064245   0.10089971].
2026-07-16 00:10:52,295 - INFO - Best fit parameters: [0.02924659 0.01311252 0.08305412 0.21250148].
2026-07-16 00:10:55,951 - INFO - Maximum log composite likelihood: -3144.995100247067.
2026-07-16 00:10:55,951 - INFO - Optimal value of theta: 61697.66951389016.
2026-07-16 00:10:55,952 - INFO - Beginning optimization with guess, [0.03013279 0.0670677  0.12943955 0.18577148].
2026-07-16 00:12:59,660 - INFO - Finished optimization with guess, [0.03013279 0.0670677  0.12943955 0.18577148].
2026-07-16 00:12:59,661 - INFO - Best fit parameters: [0.01649364 0.14261374 0.19219347 0.11826429].
2026-07-16 00:13:03,055 - INFO - Maximum log composite likelihood: -2903.3113260545715.
2026-07-16 00:13:03,055 - INFO - Optimal value of theta: 6777.031264944726.
2026-07-16 00:13:03,056 - INFO - Beginning optimization with guess, [0.04375533 0.12784306 0.05834096 0.08612742].
2026-07-16 00:14:19,300 - INFO - Finished optimization with guess, [0.04375533 0.12784306 0.05834096 0.08612742].
2026-07-16 00:14:19,304 - INFO - Best fit parameters: [0.0246454  0.17552223 0.10056007 0.10300251].
2026-07-16 00:14:22,445 - INFO - Maximum log composite likelihood: -2882.9082885193056.
2026-07-16 00:14:22,446 - INFO - Optimal value of theta: 5639.16735535719.
2026-07-16 00:14:22,446 - INFO - Beginning optimization with guess, [0.06685794 0.09943339 0.0809951  0.12279935].
2026-07-16 00:15:26,632 - INFO - Finished optimization with guess, [0.06685794 0.09943339 0.0809951  0.12279935].
2026-07-16 00:15:26,634 - INFO - Best fit parameters: [0.02252721 0.18978013 0.19432698 0.14823833].
2026-07-16 00:15:29,883 - INFO - Maximum log composite likelihood: -2900.6289441747363.
2026-07-16 00:15:29,884 - INFO - Optimal value of theta: 5139.115894602355.
2026-07-16 00:15:29,884 - INFO - Beginning optimization with guess, [0.40366786 0.49377862 0.05004405 0.16363004].
2026-07-16 00:16:28,431 - INFO - Finished optimization with guess, [0.40366786 0.49377862 0.05004405 0.16363004].
2026-07-16 00:16:28,433 - INFO - Best fit parameters: [ 0.38322689 22.26666834  0.04802976  0.08377045].
2026-07-16 00:16:31,410 - INFO - Maximum log composite likelihood: -1066.5661410798211.
2026-07-16 00:16:31,410 - INFO - Optimal value of theta: 281.0282622642286.
2026-07-16 00:16:31,411 - INFO - Beginning optimization with guess, [0.63680731 0.61430054 0.76557506 0.09472684].
2026-07-16 00:17:46,069 - INFO - Finished optimization with guess, [0.63680731 0.61430054 0.76557506 0.09472684].
2026-07-16 00:17:46,070 - INFO - Best fit parameters: [2.35412870e-01 3.07143493e+01 6.01733913e-01 8.64116533e-03].
2026-07-16 00:17:48,999 - INFO - Maximum log composite likelihood: -855.1169347132379.
2026-07-16 00:17:49,000 - INFO - Optimal value of theta: 1243.1964136048964.
2026-07-16 00:17:49,000 - INFO - Beginning optimization with guess, [1.07659314 0.65007655 0.05794305 0.09145681].
2026-07-16 00:18:42,779 - INFO - Finished optimization with guess, [1.07659314 0.65007655 0.05794305 0.09145681].
2026-07-16 00:18:42,784 - INFO - Best fit parameters: [8.92424719e-01 8.80849065e+01 5.01463409e-02 1.99478005e-02].
2026-07-16 00:18:45,466 - INFO - Maximum log composite likelihood: -823.1435523845033.
2026-07-16 00:18:45,466 - INFO - Optimal value of theta: 433.2037660871562.
2026-07-16 00:18:45,466 - INFO - Beginning optimization with guess, [0.57598685 0.62199068 0.17556906 0.11059231].
2026-07-16 00:19:40,215 - INFO - Finished optimization with guess, [0.57598685 0.62199068 0.17556906 0.11059231].
2026-07-16 00:19:40,217 - INFO - Best fit parameters: [ 0.31392358 20.31558319  0.16754868  0.02937249].
2026-07-16 00:19:42,967 - INFO - Maximum log composite likelihood: -786.690707673907.
2026-07-16 00:19:42,967 - INFO - Optimal value of theta: 532.2951864025373.
2026-07-16 00:19:42,967 - INFO - Beginning optimization with guess, [0.73358465 2.15192964 0.08396363 0.17017534].
2026-07-16 00:20:41,189 - INFO - Finished optimization with guess, [0.73358465 2.15192964 0.08396363 0.17017534].
2026-07-16 00:20:41,191 - INFO - Best fit parameters: [2.63305778e-01 7.23348972e+01 9.82442178e-02 1.57384431e-02].
2026-07-16 00:20:44,035 - INFO - Maximum log composite likelihood: -930.5790497446737.
2026-07-16 00:20:44,035 - INFO - Optimal value of theta: 665.2320999795894.
2026-07-16 00:20:44,036 - INFO - Beginning optimization with guess, [1.30644496 1.41905678 0.10558836 0.05100852].
2026-07-16 00:21:37,877 - INFO - Finished optimization with guess, [1.30644496 1.41905678 0.10558836 0.05100852].
2026-07-16 00:21:37,879 - INFO - Best fit parameters: [3.93487848e-01 2.09381116e+01 1.04035996e-01 1.81816800e-02].
2026-07-16 00:21:40,678 - INFO - Maximum log composite likelihood: -729.8333326466795.
2026-07-16 00:21:40,679 - INFO - Optimal value of theta: 614.1659421947184.
2026-07-16 00:21:40,679 - INFO - Beginning optimization with guess, [1.6545474  1.22489799 0.11425575 0.05675018].
2026-07-16 00:22:37,169 - INFO - Finished optimization with guess, [1.6545474  1.22489799 0.11425575 0.05675018].
2026-07-16 00:22:37,170 - INFO - Best fit parameters: [5.25336945e-01 4.17112345e+01 9.31511326e-02 1.59556454e-02].
2026-07-16 00:22:39,897 - INFO - Maximum log composite likelihood: -784.8048573487936.
2026-07-16 00:22:39,897 - INFO - Optimal value of theta: 569.6576190716004.
2026-07-16 00:22:39,897 - INFO - Beginning optimization with guess, [3.66139621 2.15965581 0.15996316 0.17456619].
2026-07-16 00:23:47,657 - INFO - Finished optimization with guess, [3.66139621 2.15965581 0.15996316 0.17456619].
2026-07-16 00:23:47,659 - INFO - Best fit parameters: [1.08022010e+00 4.49309073e+03 1.23043186e-02 1.19004370e-02].
2026-07-16 00:23:50,361 - INFO - Maximum log composite likelihood: -935.8182861853036.
2026-07-16 00:23:50,361 - INFO - Optimal value of theta: 495.42323243289627.
2026-07-16 00:23:50,362 - INFO - Beginning optimization with guess, [1.58473781 2.57899676 0.06227976 0.05304313].
2026-07-16 00:24:47,141 - INFO - Finished optimization with guess, [1.58473781 2.57899676 0.06227976 0.05304313].
2026-07-16 00:24:47,143 - INFO - Best fit parameters: [3.98235422e-01 2.89043467e+01 6.22607075e-02 2.72120690e-02].
2026-07-16 00:24:49,924 - INFO - Maximum log composite likelihood: -750.5064296542714.
2026-07-16 00:24:49,924 - INFO - Optimal value of theta: 473.92730305274455.
2026-07-16 00:24:49,925 - INFO - Beginning optimization with guess, [1.61912655 1.29134035 0.07916463 0.12237646].
2026-07-16 00:25:46,079 - INFO - Finished optimization with guess, [1.61912655 1.29134035 0.07916463 0.12237646].
2026-07-16 00:25:46,080 - INFO - Best fit parameters: [1.75373630e+00 4.73293745e+02 5.33049144e-02 8.93775651e-03].
2026-07-16 00:25:48,760 - INFO - Maximum log composite likelihood: -1024.2061404267367.
2026-07-16 00:25:48,760 - INFO - Optimal value of theta: 476.8144802631777.
2026-07-16 00:25:48,760 - INFO - Beginning optimization with guess, [3.75901609 4.00769066 0.08132847 0.13899593].
2026-07-16 00:26:45,353 - INFO - Finished optimization with guess, [3.75901609 4.00769066 0.08132847 0.13899593].
2026-07-16 00:26:45,354 - INFO - Best fit parameters: [1.94007861e+00 2.82912610e+01 3.96430691e-02 2.32645051e-02].
2026-07-16 00:26:48,036 - INFO - Maximum log composite likelihood: -877.6462696839632.
2026-07-16 00:26:48,036 - INFO - Optimal value of theta: 377.86188063378904.
2026-07-16 00:26:48,037 - INFO - Beginning optimization with guess, [4.68372474 4.06344267 0.06046502 0.07056326].
2026-07-16 00:27:44,776 - INFO - Finished optimization with guess, [4.68372474 4.06344267 0.06046502 0.07056326].
2026-07-16 00:27:44,778 - INFO - Best fit parameters: [2.72194203e+00 4.28264161e+01 1.48842670e-02 2.06544760e-02].
2026-07-16 00:27:47,604 - INFO - Maximum log composite likelihood: -807.4024385009022.
2026-07-16 00:27:47,604 - INFO - Optimal value of theta: 387.9751223633484.
2026-07-16 00:27:47,604 - INFO - Beginning optimization with guess, [3.44810311 4.2557878  0.11200978 0.0628003 ].
2026-07-16 00:28:43,566 - INFO - Finished optimization with guess, [3.44810311 4.2557878  0.11200978 0.0628003 ].
2026-07-16 00:28:43,567 - INFO - Best fit parameters: [4.27424620e-01 4.97993689e+01 4.88187049e-02 2.00387585e-02].
2026-07-16 00:28:46,239 - INFO - Maximum log composite likelihood: -806.4398602388875.
2026-07-16 00:28:46,239 - INFO - Optimal value of theta: 513.2343403513116.
2026-07-16 00:28:46,239 - INFO - Beginning optimization with guess, [2.52700706 4.96398963 0.15655708 0.10041698].
2026-07-16 00:29:43,481 - INFO - Finished optimization with guess, [2.52700706 4.96398963 0.15655708 0.10041698].
2026-07-16 00:29:43,482 - INFO - Best fit parameters: [3.82502789e-01 3.60075281e+01 1.42642186e-01 2.40174526e-02].
2026-07-16 00:29:46,368 - INFO - Maximum log composite likelihood: -772.5124736940317.
2026-07-16 00:29:46,368 - INFO - Optimal value of theta: 520.2986402356889.
2026-07-16 00:29:46,368 - INFO - Beginning optimization with guess, [7.14146435 4.0487427  0.1681588  0.15720579].
2026-07-16 00:30:44,734 - INFO - Finished optimization with guess, [7.14146435 4.0487427  0.1681588  0.15720579].
2026-07-16 00:30:44,736 - INFO - Best fit parameters: [2.29007341e+00 5.38030317e+02 5.49024145e-03 1.73248861e-02].
2026-07-16 00:30:47,571 - INFO - Maximum log composite likelihood: -864.6972353664852.
2026-07-16 00:30:47,571 - INFO - Optimal value of theta: 415.52763161342347.
2026-07-16 00:30:47,571 - INFO - Beginning optimization with guess, [4.47064195 5.47264892 0.16821699 0.06131863].
2026-07-16 00:31:58,919 - INFO - Finished optimization with guess, [4.47064195 5.47264892 0.16821699 0.06131863].
2026-07-16 00:31:58,920 - INFO - Best fit parameters: [5.47274142e-01 3.53787198e+01 3.18378969e-02 3.70276770e-02].
2026-07-16 00:32:01,820 - INFO - Maximum log composite likelihood: -815.994278460247.
2026-07-16 00:32:01,820 - INFO - Optimal value of theta: 367.52066086964743.
2026-07-16 00:32:01,820 - INFO - Beginning optimization with guess, [2.53214227 7.13776612 0.10023079 0.16509599].
2026-07-16 00:33:00,028 - INFO - Finished optimization with guess, [2.53214227 7.13776612 0.10023079 0.16509599].
2026-07-16 00:33:00,030 - INFO - Best fit parameters: [6.72733854e-01 2.51418660e+01 6.84712801e-02 2.39651616e-02].
2026-07-16 00:33:02,902 - INFO - Maximum log composite likelihood: -770.1888176992223.
2026-07-16 00:33:02,902 - INFO - Optimal value of theta: 464.0744447262013.
2026-07-16 00:33:02,903 - INFO - Beginning optimization with guess, [8.35252386 8.70394846 0.08289327 0.14925398].
2026-07-16 00:34:01,099 - INFO - Finished optimization with guess, [8.35252386 8.70394846 0.08289327 0.14925398].
2026-07-16 00:34:01,101 - INFO - Best fit parameters: [5.53729806e+00 3.42405802e+01 1.40779824e-02 2.07142322e-02].
2026-07-16 00:34:04,097 - INFO - Maximum log composite likelihood: -819.4553063305235.
2026-07-16 00:34:04,098 - INFO - Optimal value of theta: 375.1752128605249.
2026-07-16 00:34:04,098 - INFO - Beginning optimization with guess, [7.37327968 2.93485655 0.17134788 0.14101212].
2026-07-16 00:35:02,896 - INFO - Finished optimization with guess, [7.37327968 2.93485655 0.17134788 0.14101212].
2026-07-16 00:35:02,897 - INFO - Best fit parameters: [2.23791361e+00 2.92663041e+02 9.49028802e-03 1.15360101e-02].
2026-07-16 00:35:05,870 - INFO - Maximum log composite likelihood: -872.6757286219682.
2026-07-16 00:35:05,871 - INFO - Optimal value of theta: 475.72322523395405.
2026-07-16 00:35:05,871 - INFO - Beginning optimization with guess, [6.61433544 4.31512662 0.10516432 0.09598089].
2026-07-16 00:36:03,459 - INFO - Finished optimization with guess, [6.61433544 4.31512662 0.10516432 0.09598089].
2026-07-16 00:36:03,461 - INFO - Best fit parameters: [4.38095614e+00 4.87842130e+01 1.69649068e-02 1.93269223e-02].
2026-07-16 00:36:06,433 - INFO - Maximum log composite likelihood: -809.258112533031.
2026-07-16 00:36:06,433 - INFO - Optimal value of theta: 374.98310293272664.
2026-07-16 00:36:06,440 - INFO - Converting and interpreting Tau estimates.
2026-07-16 00:36:06,444 - INFO - Finished demographic inference.
2026-07-16 00:36:06,444 - INFO - Pipeline executed succesfully.
