2026-07-16 00:01:24,009 - INFO - Beginning execution of fit_demographic_model.py in directory /u/project/kirk-bigdata/jonmah/sample_size_demography/Scripts

2026-07-16 00:01:24,012 - INFO - Progress is being logged to ../Analysis/tennessen_ooa_370/log.log

2026-07-16 00:01:24,012 - INFO - Parsed the following arguments:
	syn_input_sfs = ../Simulations/tennessen/ooa_370_sfs/dadi/pop1.sfs
	mask_singletons = False
	mask_doubletons = False
	sum_alleles = False
	L_syn = 100000000.0
	model_type = three_epoch
	input_params = []
	outprefix = ../Analysis/tennessen_ooa_370/

2026-07-16 00:01:24,016 - INFO - Beginning demographic inference for three-epoch demographic model.
2026-07-16 00:01:24,023 - INFO - Beginning optimization with guess, [0.01062222 0.01150536 0.18373159 0.15707524].
2026-07-16 00:02:05,216 - INFO - Finished optimization with guess, [0.01062222 0.01150536 0.18373159 0.15707524].
2026-07-16 00:02:05,217 - INFO - Best fit parameters: [0.00503949 0.05649307 0.18374027 0.06801173].
2026-07-16 00:02:06,039 - INFO - Maximum log composite likelihood: -1511.232432792073.
2026-07-16 00:02:06,039 - INFO - Optimal value of theta: 13134.758288238681.
2026-07-16 00:02:06,039 - INFO - Beginning optimization with guess, [0.01566631 0.01646884 0.07140205 0.08658524].
2026-07-16 00:02:50,036 - INFO - Finished optimization with guess, [0.01566631 0.01646884 0.07140205 0.08658524].
2026-07-16 00:02:50,039 - INFO - Best fit parameters: [0.00690556 0.04426767 0.11665735 0.05042689].
2026-07-16 00:02:50,640 - INFO - Maximum log composite likelihood: -1511.0512559328401.
2026-07-16 00:02:50,640 - INFO - Optimal value of theta: 16735.40013950056.
2026-07-16 00:02:50,641 - INFO - Beginning optimization with guess, [0.06908572 0.09785847 0.12560931 0.08738966].
2026-07-16 00:02:59,939 - INFO - Finished optimization with guess, [0.06908572 0.09785847 0.12560931 0.08738966].
2026-07-16 00:02:59,941 - INFO - Best fit parameters: [0.03417685 0.12112046 0.22760338 0.11202027].
2026-07-16 00:03:00,424 - INFO - Maximum log composite likelihood: -1509.968089086179.
2026-07-16 00:03:00,424 - INFO - Optimal value of theta: 6152.307388977912.
2026-07-16 00:03:00,424 - INFO - Beginning optimization with guess, [0.14893992 0.13297014 0.05450436 0.06458691].
2026-07-16 00:03:34,932 - INFO - Finished optimization with guess, [0.14893992 0.13297014 0.05450436 0.06458691].
2026-07-16 00:03:34,934 - INFO - Best fit parameters: [0.05817909 0.51905662 0.11925929 0.12582146].
2026-07-16 00:03:35,372 - INFO - Maximum log composite likelihood: -1435.2683970979062.
2026-07-16 00:03:35,372 - INFO - Optimal value of theta: 1724.1107876305687.
2026-07-16 00:03:35,372 - INFO - Beginning optimization with guess, [0.12994643 0.0791577  0.15001649 0.13779781].
2026-07-16 00:03:44,733 - INFO - Finished optimization with guess, [0.12994643 0.0791577  0.15001649 0.13779781].
2026-07-16 00:03:44,736 - INFO - Best fit parameters: [0.06971824 0.05995188 0.23971758 0.32373724].
2026-07-16 00:03:45,229 - INFO - Maximum log composite likelihood: -1579.168747387097.
2026-07-16 00:03:45,229 - INFO - Optimal value of theta: 10801.491412042926.
2026-07-16 00:03:45,229 - INFO - Beginning optimization with guess, [0.3773473  0.19955038 0.18751761 0.05709825].
2026-07-16 00:03:55,198 - INFO - Finished optimization with guess, [0.3773473  0.19955038 0.18751761 0.05709825].
2026-07-16 00:03:55,200 - INFO - Best fit parameters: [0.1470235  0.76926998 0.31583254 0.06413311].
2026-07-16 00:03:55,625 - INFO - Maximum log composite likelihood: -1200.6122098332967.
2026-07-16 00:03:55,626 - INFO - Optimal value of theta: 1419.1293095977835.
2026-07-16 00:03:55,626 - INFO - Beginning optimization with guess, [0.50905799 0.62660217 0.35919675 0.06338704].
2026-07-16 00:04:03,811 - INFO - Finished optimization with guess, [0.50905799 0.62660217 0.35919675 0.06338704].
2026-07-16 00:04:03,812 - INFO - Best fit parameters: [3.16811274e-01 1.82639323e+01 1.71693018e-01 7.49525496e-03].
2026-07-16 00:04:04,229 - INFO - Maximum log composite likelihood: -628.1079656127191.
2026-07-16 00:04:04,230 - INFO - Optimal value of theta: 925.7445978089061.
2026-07-16 00:04:04,230 - INFO - Beginning optimization with guess, [0.48097464 0.88776229 0.19366531 0.06146402].
2026-07-16 00:04:12,617 - INFO - Finished optimization with guess, [0.48097464 0.88776229 0.19366531 0.06146402].
2026-07-16 00:04:12,619 - INFO - Best fit parameters: [0.27402557 8.33597261 0.15433594 0.0163021 ].
2026-07-16 00:04:13,046 - INFO - Maximum log composite likelihood: -452.868344808249.
2026-07-16 00:04:13,046 - INFO - Optimal value of theta: 794.1841056576278.
2026-07-16 00:04:13,047 - INFO - Beginning optimization with guess, [1.19445435 1.69412786 0.05768944 0.06582422].
2026-07-16 00:04:23,341 - INFO - Finished optimization with guess, [1.19445435 1.69412786 0.05768944 0.06582422].
2026-07-16 00:04:23,343 - INFO - Best fit parameters: [ 0.30924297 15.74110101  0.06548239  0.02901669].
2026-07-16 00:04:23,742 - INFO - Maximum log composite likelihood: -449.1889965787033.
2026-07-16 00:04:23,743 - INFO - Optimal value of theta: 523.6402606223006.
2026-07-16 00:04:23,743 - INFO - Beginning optimization with guess, [1.65775193 1.95957245 0.08809506 0.05026473].
2026-07-16 00:04:33,891 - INFO - Finished optimization with guess, [1.65775193 1.95957245 0.08809506 0.05026473].
2026-07-16 00:04:33,893 - INFO - Best fit parameters: [ 0.30763397 15.74655374  0.07895564  0.02798169].
2026-07-16 00:04:34,306 - INFO - Maximum log composite likelihood: -445.91895561297355.
2026-07-16 00:04:34,306 - INFO - Optimal value of theta: 541.209986172357.
2026-07-16 00:04:34,307 - INFO - Beginning optimization with guess, [2.67729408 1.60384292 0.0597773  0.09168442].
2026-07-16 00:04:42,439 - INFO - Finished optimization with guess, [2.67729408 1.60384292 0.0597773  0.09168442].
2026-07-16 00:04:42,441 - INFO - Best fit parameters: [1.00874399e+00 3.60426033e+01 2.43769472e-02 2.45364093e-02].
2026-07-16 00:04:42,852 - INFO - Maximum log composite likelihood: -542.7977760473784.
2026-07-16 00:04:42,852 - INFO - Optimal value of theta: 402.10572984409487.
2026-07-16 00:04:42,852 - INFO - Beginning optimization with guess, [2.9888393  2.33635095 0.18632698 0.0896253 ].
2026-07-16 00:04:50,984 - INFO - Finished optimization with guess, [2.9888393  2.33635095 0.18632698 0.0896253 ].
2026-07-16 00:04:50,986 - INFO - Best fit parameters: [5.14246634e-01 3.42054453e+01 5.62162721e-02 2.14364865e-02].
2026-07-16 00:04:51,398 - INFO - Maximum log composite likelihood: -502.09333795193425.
2026-07-16 00:04:51,398 - INFO - Optimal value of theta: 493.0257384844235.
2026-07-16 00:04:51,398 - INFO - Beginning optimization with guess, [1.01701298 3.08841902 0.12473091 0.16395175].
2026-07-16 00:05:06,588 - INFO - Finished optimization with guess, [1.01701298 3.08841902 0.12473091 0.16395175].
2026-07-16 00:05:06,590 - INFO - Best fit parameters: [0.35035993 9.60457094 0.12871592 0.02284659].
2026-07-16 00:05:06,985 - INFO - Maximum log composite likelihood: -448.0025516077766.
2026-07-16 00:05:06,986 - INFO - Optimal value of theta: 625.447431138958.
2026-07-16 00:05:06,986 - INFO - Beginning optimization with guess, [1.48728924 3.27660385 0.17542032 0.10010231].
2026-07-16 00:05:15,019 - INFO - Finished optimization with guess, [1.48728924 3.27660385 0.17542032 0.10010231].
2026-07-16 00:05:15,021 - INFO - Best fit parameters: [1.59508775e-01 2.02842646e+01 2.87424394e-01 7.61444956e-03].
2026-07-16 00:05:15,432 - INFO - Maximum log composite likelihood: -492.98205277397574.
2026-07-16 00:05:15,432 - INFO - Optimal value of theta: 1523.4817325797942.
2026-07-16 00:05:15,432 - INFO - Beginning optimization with guess, [2.999007   2.25706169 0.1021951  0.11489494].
2026-07-16 00:05:23,289 - INFO - Finished optimization with guess, [2.999007   2.25706169 0.1021951  0.11489494].
2026-07-16 00:05:23,290 - INFO - Best fit parameters: [8.23215599e-01 5.26643076e+01 2.76620880e-02 2.92346368e-02].
2026-07-16 00:05:23,683 - INFO - Maximum log composite likelihood: -547.2406701389837.
2026-07-16 00:05:23,683 - INFO - Optimal value of theta: 382.23965796974295.
2026-07-16 00:05:23,683 - INFO - Beginning optimization with guess, [3.17570159 3.89301648 0.13049423 0.08176235].
2026-07-16 00:05:31,600 - INFO - Finished optimization with guess, [3.17570159 3.89301648 0.13049423 0.08176235].
2026-07-16 00:05:31,602 - INFO - Best fit parameters: [ 0.79183516 15.946822    0.05219694  0.02155967].
2026-07-16 00:05:32,003 - INFO - Maximum log composite likelihood: -561.1456829897303.
2026-07-16 00:05:32,003 - INFO - Optimal value of theta: 463.4038223307017.
2026-07-16 00:05:32,004 - INFO - Beginning optimization with guess, [2.86141741 1.54232156 0.05646394 0.14868875].
2026-07-16 00:05:42,033 - INFO - Finished optimization with guess, [2.86141741 1.54232156 0.05646394 0.14868875].
2026-07-16 00:05:42,038 - INFO - Best fit parameters: [1.32578304e+00 1.09741434e+02 2.57569002e-02 2.07322220e-02].
2026-07-16 00:05:42,481 - INFO - Maximum log composite likelihood: -550.8532404154058.
2026-07-16 00:05:42,481 - INFO - Optimal value of theta: 395.6474175382683.
2026-07-16 00:05:42,481 - INFO - Beginning optimization with guess, [3.64547435 2.3630784  0.16465655 0.11675001].
2026-07-16 00:05:50,418 - INFO - Finished optimization with guess, [3.64547435 2.3630784  0.16465655 0.11675001].
2026-07-16 00:05:50,420 - INFO - Best fit parameters: [7.02220520e-01 6.69253340e+01 2.06694954e-02 2.52098650e-02].
2026-07-16 00:05:50,813 - INFO - Maximum log composite likelihood: -546.5359236964086.
2026-07-16 00:05:50,813 - INFO - Optimal value of theta: 409.56170505408426.
2026-07-16 00:05:50,813 - INFO - Beginning optimization with guess, [6.26388345 2.25688856 0.16225109 0.06046006].
2026-07-16 00:05:58,701 - INFO - Finished optimization with guess, [6.26388345 2.25688856 0.16225109 0.06046006].
2026-07-16 00:05:58,702 - INFO - Best fit parameters: [3.99709979e+00 2.40301089e+01 1.54754818e-02 1.84495238e-02].
2026-07-16 00:05:59,102 - INFO - Maximum log composite likelihood: -562.1736820727521.
2026-07-16 00:05:59,102 - INFO - Optimal value of theta: 393.74876631355073.
2026-07-16 00:05:59,103 - INFO - Beginning optimization with guess, [6.61204209 2.87386742 0.08393167 0.1458231 ].
2026-07-16 00:06:06,985 - INFO - Finished optimization with guess, [6.61204209 2.87386742 0.08393167 0.1458231 ].
2026-07-16 00:06:06,988 - INFO - Best fit parameters: [3.46398467e+00 8.52914781e+01 7.19611151e-03 1.28094152e-02].
2026-07-16 00:06:07,388 - INFO - Maximum log composite likelihood: -566.791959790932.
2026-07-16 00:06:07,389 - INFO - Optimal value of theta: 443.9171145131431.
2026-07-16 00:06:07,389 - INFO - Beginning optimization with guess, [2.84699162 4.08358588 0.10518438 0.09985116].
2026-07-16 00:06:15,312 - INFO - Finished optimization with guess, [2.84699162 4.08358588 0.10518438 0.09985116].
2026-07-16 00:06:15,314 - INFO - Best fit parameters: [ 0.83144433 13.5602632   0.05283204  0.02340462].
2026-07-16 00:06:15,715 - INFO - Maximum log composite likelihood: -572.1226566843425.
2026-07-16 00:06:15,715 - INFO - Optimal value of theta: 453.4211851155605.
2026-07-16 00:06:15,715 - INFO - Beginning optimization with guess, [3.88179233 3.0456242  0.0654505  0.19753261].
2026-07-16 00:06:23,614 - INFO - Finished optimization with guess, [3.88179233 3.0456242  0.0654505  0.19753261].
2026-07-16 00:06:23,619 - INFO - Best fit parameters: [4.38538190e+00 4.88950019e+01 2.33954499e-02 2.94181433e-02].
2026-07-16 00:06:24,023 - INFO - Maximum log composite likelihood: -608.0308479726123.
2026-07-16 00:06:24,023 - INFO - Optimal value of theta: 316.4115799939454.
2026-07-16 00:06:24,023 - INFO - Beginning optimization with guess, [7.42191373 8.56265607 0.06404299 0.1997915 ].
2026-07-16 00:06:31,909 - INFO - Finished optimization with guess, [7.42191373 8.56265607 0.06404299 0.1997915 ].
2026-07-16 00:06:31,911 - INFO - Best fit parameters: [8.65049500e+00 1.77286188e+01 1.84866953e-02 8.66649399e-03].
2026-07-16 00:06:32,296 - INFO - Maximum log composite likelihood: -578.7382431423885.
2026-07-16 00:06:32,296 - INFO - Optimal value of theta: 419.04381501315316.
2026-07-16 00:06:32,297 - INFO - Beginning optimization with guess, [5.19854544 4.29847764 0.06872678 0.06464524].
2026-07-16 00:06:40,203 - INFO - Finished optimization with guess, [5.19854544 4.29847764 0.06872678 0.06464524].
2026-07-16 00:06:40,204 - INFO - Best fit parameters: [3.93447494e+00 2.09883318e+01 1.39125465e-02 1.94106096e-02].
2026-07-16 00:06:40,603 - INFO - Maximum log composite likelihood: -564.6295454929285.
2026-07-16 00:06:40,603 - INFO - Optimal value of theta: 395.90938396549376.
2026-07-16 00:06:40,603 - INFO - Beginning optimization with guess, [3.39317077 6.94658081 0.05141574 0.10524872].
2026-07-16 00:06:48,485 - INFO - Finished optimization with guess, [3.39317077 6.94658081 0.05141574 0.10524872].
2026-07-16 00:06:48,486 - INFO - Best fit parameters: [1.62616608e+00 3.63054736e+01 1.37738243e-02 2.12829031e-02].
2026-07-16 00:06:48,874 - INFO - Maximum log composite likelihood: -548.3755267808959.
2026-07-16 00:06:48,874 - INFO - Optimal value of theta: 401.34900997944675.
2026-07-16 00:06:48,876 - INFO - Converting and interpreting Tau estimates.
2026-07-16 00:06:48,878 - INFO - Finished demographic inference.
2026-07-16 00:06:48,879 - INFO - Pipeline executed succesfully.
