2026-07-16 00:01:05,358 - INFO - Beginning execution of fit_demographic_model.py in directory /u/project/kirk-bigdata/jonmah/sample_size_demography/Scripts

2026-07-16 00:01:05,358 - INFO - Progress is being logged to ../Analysis/tennessen_ooa_220/log.log

2026-07-16 00:01:05,358 - INFO - Parsed the following arguments:
	syn_input_sfs = ../Simulations/tennessen/ooa_220_sfs/dadi/pop1.sfs
	mask_singletons = False
	mask_doubletons = False
	sum_alleles = False
	L_syn = 100000000.0
	model_type = three_epoch
	input_params = []
	outprefix = ../Analysis/tennessen_ooa_220/

2026-07-16 00:01:05,360 - INFO - Beginning demographic inference for three-epoch demographic model.
2026-07-16 00:01:05,362 - INFO - Beginning optimization with guess, [0.01258189 0.00709028 0.06098847 0.0508712 ].
2026-07-16 00:01:11,169 - INFO - Finished optimization with guess, [0.01258189 0.00709028 0.06098847 0.0508712 ].
2026-07-16 00:01:11,169 - INFO - Best fit parameters: [0.00869809 0.00409036 0.08042497 0.10204608].
2026-07-16 00:01:11,888 - INFO - Maximum log composite likelihood: -898.2738848270133.
2026-07-16 00:01:11,889 - INFO - Optimal value of theta: 138374.10918162155.
2026-07-16 00:01:11,889 - INFO - Beginning optimization with guess, [0.02033645 0.01359166 0.18633438 0.05516037].
2026-07-16 00:02:16,023 - INFO - Finished optimization with guess, [0.02033645 0.01359166 0.18633438 0.05516037].
2026-07-16 00:02:16,025 - INFO - Best fit parameters: [0.00125949 0.0797211  0.1914059  0.15098989].
2026-07-16 00:02:18,258 - INFO - Maximum log composite likelihood: -884.6979435965345.
2026-07-16 00:02:18,259 - INFO - Optimal value of theta: 7667.487607558902.
2026-07-16 00:02:18,259 - INFO - Beginning optimization with guess, [0.04077544 0.06928245 0.11873528 0.0683322 ].
2026-07-16 00:02:26,584 - INFO - Finished optimization with guess, [0.04077544 0.06928245 0.11873528 0.0683322 ].
2026-07-16 00:02:26,585 - INFO - Best fit parameters: [0.01910461 0.0679187  0.2324827  0.09644667].
2026-07-16 00:02:27,036 - INFO - Maximum log composite likelihood: -885.1666468440351.
2026-07-16 00:02:27,036 - INFO - Optimal value of theta: 9125.50426111854.
2026-07-16 00:02:27,036 - INFO - Beginning optimization with guess, [0.10136041 0.04694041 0.13467508 0.13187535].
2026-07-16 00:02:37,398 - INFO - Finished optimization with guess, [0.10136041 0.04694041 0.13467508 0.13187535].
2026-07-16 00:02:37,399 - INFO - Best fit parameters: [0.07010849 0.02942083 0.18144205 0.28902392].
2026-07-16 00:02:37,858 - INFO - Maximum log composite likelihood: -898.3084342824959.
2026-07-16 00:02:37,859 - INFO - Optimal value of theta: 19236.058254566735.
2026-07-16 00:02:37,859 - INFO - Beginning optimization with guess, [0.14859971 0.13966656 0.08905863 0.11364917].
2026-07-16 00:02:44,356 - INFO - Finished optimization with guess, [0.14859971 0.13966656 0.08905863 0.11364917].
2026-07-16 00:02:44,356 - INFO - Best fit parameters: [0.06419931 0.22449413 0.17700262 0.22847589].
2026-07-16 00:02:44,692 - INFO - Maximum log composite likelihood: -884.1626369202429.
2026-07-16 00:02:44,692 - INFO - Optimal value of theta: 2743.799909582699.
2026-07-16 00:02:44,692 - INFO - Beginning optimization with guess, [0.3435752  0.28498975 0.08056155 0.15183552].
2026-07-16 00:02:50,619 - INFO - Finished optimization with guess, [0.3435752  0.28498975 0.08056155 0.15183552].
2026-07-16 00:02:50,619 - INFO - Best fit parameters: [0.19951129 1.22808341 0.11394903 0.234945  ].
2026-07-16 00:02:50,912 - INFO - Maximum log composite likelihood: -794.1634156391834.
2026-07-16 00:02:50,912 - INFO - Optimal value of theta: 612.4031802266148.
2026-07-16 00:02:50,912 - INFO - Beginning optimization with guess, [0.26348865 0.44982985 0.56726623 0.17335918].
2026-07-16 00:03:00,358 - INFO - Finished optimization with guess, [0.26348865 0.44982985 0.56726623 0.17335918].
2026-07-16 00:03:00,359 - INFO - Best fit parameters: [0.29999052 4.51487663 0.3050944  0.01963108].
2026-07-16 00:03:00,654 - INFO - Maximum log composite likelihood: -315.69030871498717.
2026-07-16 00:03:00,654 - INFO - Optimal value of theta: 836.0478774011959.
2026-07-16 00:03:00,654 - INFO - Beginning optimization with guess, [0.39696205 1.3441026  0.15671114 0.07236212].
2026-07-16 00:03:06,620 - INFO - Finished optimization with guess, [0.39696205 1.3441026  0.15671114 0.07236212].
2026-07-16 00:03:06,620 - INFO - Best fit parameters: [0.23105997 5.57404779 0.14091273 0.02454196].
2026-07-16 00:03:06,914 - INFO - Maximum log composite likelihood: -290.0636400104814.
2026-07-16 00:03:06,914 - INFO - Optimal value of theta: 740.7485346844799.
2026-07-16 00:03:06,914 - INFO - Beginning optimization with guess, [0.55497047 0.50240082 0.06332167 0.15673191].
2026-07-16 00:03:12,742 - INFO - Finished optimization with guess, [0.55497047 0.50240082 0.06332167 0.15673191].
2026-07-16 00:03:12,742 - INFO - Best fit parameters: [1.06274190e-01 1.32219952e+02 1.09149961e-01 1.06847749e-02].
2026-07-16 00:03:13,037 - INFO - Maximum log composite likelihood: -437.7320912002446.
2026-07-16 00:03:13,037 - INFO - Optimal value of theta: 1225.6341201251325.
2026-07-16 00:03:13,038 - INFO - Beginning optimization with guess, [1.33953597 1.85169689 0.12992838 0.05139005].
2026-07-16 00:03:18,872 - INFO - Finished optimization with guess, [1.33953597 1.85169689 0.12992838 0.05139005].
2026-07-16 00:03:18,873 - INFO - Best fit parameters: [0.30341283 8.08264137 0.12713178 0.03321028].
2026-07-16 00:03:19,159 - INFO - Maximum log composite likelihood: -301.4325000669024.
2026-07-16 00:03:19,159 - INFO - Optimal value of theta: 577.568260146154.
2026-07-16 00:03:19,159 - INFO - Beginning optimization with guess, [1.36270995 2.99681673 0.06033015 0.11449605].
2026-07-16 00:03:26,682 - INFO - Finished optimization with guess, [1.36270995 2.99681673 0.06033015 0.11449605].
2026-07-16 00:03:26,682 - INFO - Best fit parameters: [0.43750551 9.04315724 0.05441633 0.02574204].
2026-07-16 00:03:26,968 - INFO - Maximum log composite likelihood: -352.20311978999723.
2026-07-16 00:03:26,969 - INFO - Optimal value of theta: 512.9303337547391.
2026-07-16 00:03:26,969 - INFO - Beginning optimization with guess, [2.42273008 1.67998126 0.05536253 0.11129163].
2026-07-16 00:03:32,657 - INFO - Finished optimization with guess, [2.42273008 1.67998126 0.05536253 0.11129163].
2026-07-16 00:03:32,657 - INFO - Best fit parameters: [8.58826018e-01 3.26711299e+01 2.19226423e-02 2.72297680e-02].
2026-07-16 00:03:32,940 - INFO - Maximum log composite likelihood: -394.65123908098684.
2026-07-16 00:03:32,940 - INFO - Optimal value of theta: 398.83321513222006.
2026-07-16 00:03:32,940 - INFO - Beginning optimization with guess, [1.12516774 3.70641114 0.07087248 0.06202014].
2026-07-16 00:03:38,764 - INFO - Finished optimization with guess, [1.12516774 3.70641114 0.07087248 0.06202014].
2026-07-16 00:03:38,764 - INFO - Best fit parameters: [0.27835839 9.63955333 0.07902822 0.03158147].
2026-07-16 00:03:39,040 - INFO - Maximum log composite likelihood: -293.004738009427.
2026-07-16 00:03:39,040 - INFO - Optimal value of theta: 559.2446439199559.
2026-07-16 00:03:39,040 - INFO - Beginning optimization with guess, [1.46677726 3.05722238 0.13232023 0.06919532].
2026-07-16 00:03:45,062 - INFO - Finished optimization with guess, [1.46677726 3.05722238 0.13232023 0.06919532].
2026-07-16 00:03:45,063 - INFO - Best fit parameters: [0.31506237 7.28955375 0.12611316 0.03266813].
2026-07-16 00:03:45,361 - INFO - Maximum log composite likelihood: -300.88666524412787.
2026-07-16 00:03:45,361 - INFO - Optimal value of theta: 576.5809093460231.
2026-07-16 00:03:45,361 - INFO - Beginning optimization with guess, [1.67211202 4.9650581  0.10302099 0.10847664].
2026-07-16 00:03:52,782 - INFO - Finished optimization with guess, [1.67211202 4.9650581  0.10302099 0.10847664].
2026-07-16 00:03:52,782 - INFO - Best fit parameters: [ 0.09038389 11.05537322  0.09109862  0.01123334].
2026-07-16 00:03:53,074 - INFO - Maximum log composite likelihood: -340.6120762938206.
2026-07-16 00:03:53,075 - INFO - Optimal value of theta: 1278.5178247917047.
2026-07-16 00:03:53,075 - INFO - Beginning optimization with guess, [3.88212798 2.19349399 0.13855291 0.19129199].
2026-07-16 00:04:00,133 - INFO - Finished optimization with guess, [3.88212798 2.19349399 0.13855291 0.19129199].
2026-07-16 00:04:00,133 - INFO - Best fit parameters: [9.86629559e-02 7.96934933e+00 9.78148687e-04 3.53788846e-02].
2026-07-16 00:04:00,431 - INFO - Maximum log composite likelihood: -432.4988896407711.
2026-07-16 00:04:00,431 - INFO - Optimal value of theta: 422.0648718027942.
2026-07-16 00:04:00,431 - INFO - Beginning optimization with guess, [4.26023141 2.86959849 0.05974007 0.1352706 ].
2026-07-16 00:04:06,148 - INFO - Finished optimization with guess, [4.26023141 2.86959849 0.05974007 0.1352706 ].
2026-07-16 00:04:06,148 - INFO - Best fit parameters: [4.70493728e+00 1.42081901e+01 9.43592094e-03 1.24150897e-02].
2026-07-16 00:04:06,434 - INFO - Maximum log composite likelihood: -431.46087799537025.
2026-07-16 00:04:06,434 - INFO - Optimal value of theta: 434.5704754867733.
2026-07-16 00:04:06,434 - INFO - Beginning optimization with guess, [5.7550271  3.15281476 0.160221   0.14956513].
2026-07-16 00:04:12,131 - INFO - Finished optimization with guess, [5.7550271  3.15281476 0.160221   0.14956513].
2026-07-16 00:04:12,132 - INFO - Best fit parameters: [4.84248229e-01 1.72389724e+01 9.11703176e-04 3.44748671e-02].
2026-07-16 00:04:12,416 - INFO - Maximum log composite likelihood: -413.2082988350197.
2026-07-16 00:04:12,416 - INFO - Optimal value of theta: 379.6920211742194.
2026-07-16 00:04:12,416 - INFO - Beginning optimization with guess, [6.58197842 3.82992538 0.11406592 0.14715672].
2026-07-16 00:04:18,103 - INFO - Finished optimization with guess, [6.58197842 3.82992538 0.11406592 0.14715672].
2026-07-16 00:04:18,103 - INFO - Best fit parameters: [3.18461887 3.74829383 0.01288839 0.02241293].
2026-07-16 00:04:18,388 - INFO - Maximum log composite likelihood: -514.0271281162661.
2026-07-16 00:04:18,388 - INFO - Optimal value of theta: 435.17689121550075.
2026-07-16 00:04:18,388 - INFO - Beginning optimization with guess, [3.99404736 6.45703778 0.05196431 0.05636122].
2026-07-16 00:04:24,060 - INFO - Finished optimization with guess, [3.99404736 6.45703778 0.05196431 0.05636122].
2026-07-16 00:04:24,060 - INFO - Best fit parameters: [3.20423076e+00 2.03605454e+01 1.24554336e-02 1.83132665e-02].
2026-07-16 00:04:24,342 - INFO - Maximum log composite likelihood: -412.08946628831706.
2026-07-16 00:04:24,342 - INFO - Optimal value of theta: 402.9870117025978.
2026-07-16 00:04:24,342 - INFO - Beginning optimization with guess, [5.13811733 2.04787765 0.15750354 0.17332138].
2026-07-16 00:04:30,037 - INFO - Finished optimization with guess, [5.13811733 2.04787765 0.15750354 0.17332138].
2026-07-16 00:04:30,037 - INFO - Best fit parameters: [1.33145250e-01 9.43522216e+00 1.76802570e-04 1.53893258e-02].
2026-07-16 00:04:30,323 - INFO - Maximum log composite likelihood: -489.6833680216201.
2026-07-16 00:04:30,323 - INFO - Optimal value of theta: 470.58994529623754.
2026-07-16 00:04:30,324 - INFO - Beginning optimization with guess, [5.18197209 4.05606067 0.1964458  0.12514036].
2026-07-16 00:04:36,033 - INFO - Finished optimization with guess, [5.18197209 4.05606067 0.1964458  0.12514036].
2026-07-16 00:04:36,033 - INFO - Best fit parameters: [0.94765506 5.6167205  0.0208149  0.02773981].
2026-07-16 00:04:36,316 - INFO - Maximum log composite likelihood: -470.12898288483905.
2026-07-16 00:04:36,317 - INFO - Optimal value of theta: 435.239038323266.
2026-07-16 00:04:36,317 - INFO - Beginning optimization with guess, [4.37131044 4.00467059 0.08582858 0.15522392].
2026-07-16 00:04:41,974 - INFO - Finished optimization with guess, [4.37131044 4.00467059 0.08582858 0.15522392].
2026-07-16 00:04:41,975 - INFO - Best fit parameters: [2.19016941 4.22570107 0.02510267 0.02105641].
2026-07-16 00:04:42,255 - INFO - Maximum log composite likelihood: -513.7701253214947.
2026-07-16 00:04:42,255 - INFO - Optimal value of theta: 424.04014320963614.
2026-07-16 00:04:42,256 - INFO - Beginning optimization with guess, [3.54984001 2.74091955 0.05658709 0.1336382 ].
2026-07-16 00:04:47,912 - INFO - Finished optimization with guess, [3.54984001 2.74091955 0.05658709 0.1336382 ].
2026-07-16 00:04:47,912 - INFO - Best fit parameters: [4.30233546e+00 1.95808298e+01 1.10509256e-02 1.17590970e-02].
2026-07-16 00:04:48,192 - INFO - Maximum log composite likelihood: -425.7694664402119.
2026-07-16 00:04:48,192 - INFO - Optimal value of theta: 430.75592818048403.
2026-07-16 00:04:48,192 - INFO - Beginning optimization with guess, [9.05661682 4.89597599 0.09896366 0.13605333].
2026-07-16 00:04:53,823 - INFO - Finished optimization with guess, [9.05661682 4.89597599 0.09896366 0.13605333].
2026-07-16 00:04:53,823 - INFO - Best fit parameters: [6.07860907 6.50679658 0.00848684 0.01291081].
2026-07-16 00:04:54,103 - INFO - Maximum log composite likelihood: -465.37878942681743.
2026-07-16 00:04:54,103 - INFO - Optimal value of theta: 446.32755849945863.
2026-07-16 00:04:54,105 - INFO - Converting and interpreting Tau estimates.
2026-07-16 00:04:54,107 - INFO - Finished demographic inference.
2026-07-16 00:04:54,107 - INFO - Pipeline executed succesfully.
