2026-07-16 00:01:17,156 - INFO - Beginning execution of fit_demographic_model.py in directory /u/project/kirk-bigdata/jonmah/sample_size_demography/Scripts

2026-07-16 00:01:17,157 - INFO - Progress is being logged to ../Analysis/tennessen_ooa_280/log.log

2026-07-16 00:01:17,157 - INFO - Parsed the following arguments:
	syn_input_sfs = ../Simulations/tennessen/ooa_280_sfs/dadi/pop1.sfs
	mask_singletons = False
	mask_doubletons = False
	sum_alleles = False
	L_syn = 100000000.0
	model_type = three_epoch
	input_params = []
	outprefix = ../Analysis/tennessen_ooa_280/

2026-07-16 00:01:17,165 - INFO - Beginning demographic inference for three-epoch demographic model.
2026-07-16 00:01:17,176 - INFO - Beginning optimization with guess, [0.01963572 0.00637547 0.05754374 0.0766429 ].
2026-07-16 00:01:28,200 - INFO - Finished optimization with guess, [0.01963572 0.00637547 0.05754374 0.0766429 ].
2026-07-16 00:01:28,202 - INFO - Best fit parameters: [0.01676314 0.00329204 0.06624527 0.15744653].
2026-07-16 00:01:29,621 - INFO - Maximum log composite likelihood: -1160.1866806654145.
2026-07-16 00:01:29,621 - INFO - Optimal value of theta: 181620.83757626874.
2026-07-16 00:01:29,622 - INFO - Beginning optimization with guess, [0.04322428 0.02153096 0.07871866 0.09735218].
2026-07-16 00:02:02,445 - INFO - Finished optimization with guess, [0.04322428 0.02153096 0.07871866 0.09735218].
2026-07-16 00:02:02,447 - INFO - Best fit parameters: [0.03215837 0.01223058 0.10225635 0.20546098].
2026-07-16 00:02:03,303 - INFO - Maximum log composite likelihood: -1160.186747520663.
2026-07-16 00:02:03,304 - INFO - Optimal value of theta: 48885.8954828608.
2026-07-16 00:02:03,304 - INFO - Beginning optimization with guess, [0.02655571 0.03424799 0.0509484  0.06119527].
2026-07-16 00:02:30,296 - INFO - Finished optimization with guess, [0.02655571 0.03424799 0.0509484  0.06119527].
2026-07-16 00:02:30,298 - INFO - Best fit parameters: [0.01127524 0.05119385 0.10063173 0.06780638].
2026-07-16 00:02:30,984 - INFO - Maximum log composite likelihood: -1130.1570153409468.
2026-07-16 00:02:30,984 - INFO - Optimal value of theta: 12968.852749602811.
2026-07-16 00:02:30,984 - INFO - Beginning optimization with guess, [0.05614116 0.05361902 0.10960228 0.18837675].
2026-07-16 00:02:53,275 - INFO - Finished optimization with guess, [0.05614116 0.05361902 0.10960228 0.18837675].
2026-07-16 00:02:53,278 - INFO - Best fit parameters: [0.03549194 0.03493727 0.16103358 0.3824828 ].
2026-07-16 00:02:54,060 - INFO - Maximum log composite likelihood: -1160.1881406074049.
2026-07-16 00:02:54,060 - INFO - Optimal value of theta: 17113.56953107247.
2026-07-16 00:02:54,061 - INFO - Beginning optimization with guess, [0.14057755 0.11283089 0.12112426 0.1103689 ].
2026-07-16 00:03:05,539 - INFO - Finished optimization with guess, [0.14057755 0.11283089 0.12112426 0.1103689 ].
2026-07-16 00:03:05,541 - INFO - Best fit parameters: [0.05521655 0.17741933 0.24379872 0.18774571].
2026-07-16 00:03:06,142 - INFO - Maximum log composite likelihood: -1129.8566258420353.
2026-07-16 00:03:06,142 - INFO - Optimal value of theta: 3762.4290863959823.
2026-07-16 00:03:06,143 - INFO - Beginning optimization with guess, [0.13033255 0.28193793 0.10291711 0.07406544].
2026-07-16 00:03:19,390 - INFO - Finished optimization with guess, [0.13033255 0.28193793 0.10291711 0.07406544].
2026-07-16 00:03:19,392 - INFO - Best fit parameters: [0.09064568 1.07341489 0.12641783 0.04541929].
2026-07-16 00:03:19,922 - INFO - Maximum log composite likelihood: -680.667910427101.
2026-07-16 00:03:19,922 - INFO - Optimal value of theta: 1204.11840112791.
2026-07-16 00:03:19,922 - INFO - Beginning optimization with guess, [0.30726052 0.25630745 0.28120362 0.10862697].
2026-07-16 00:03:35,837 - INFO - Finished optimization with guess, [0.30726052 0.25630745 0.28120362 0.10862697].
2026-07-16 00:03:35,839 - INFO - Best fit parameters: [0.56122063 4.05951654 0.11593893 0.01225327].
2026-07-16 00:03:36,347 - INFO - Maximum log composite likelihood: -644.8336849974264.
2026-07-16 00:03:36,347 - INFO - Optimal value of theta: 638.9403002770963.
2026-07-16 00:03:36,347 - INFO - Beginning optimization with guess, [0.80877029 0.88132489 0.19703233 0.11718322].
2026-07-16 00:03:46,585 - INFO - Finished optimization with guess, [0.80877029 0.88132489 0.19703233 0.11718322].
2026-07-16 00:03:46,587 - INFO - Best fit parameters: [2.50111377e-01 5.34675073e+01 1.33401625e-01 9.78065090e-03].
2026-07-16 00:03:47,103 - INFO - Maximum log composite likelihood: -461.1570823195965.
2026-07-16 00:03:47,103 - INFO - Optimal value of theta: 877.7251651546234.
2026-07-16 00:03:47,104 - INFO - Beginning optimization with guess, [0.98405482 0.88085957 0.09186399 0.09504443].
2026-07-16 00:03:57,221 - INFO - Finished optimization with guess, [0.98405482 0.88085957 0.09186399 0.09504443].
2026-07-16 00:03:57,223 - INFO - Best fit parameters: [ 0.43859755 20.27863805  0.07299704  0.02164701].
2026-07-16 00:03:57,730 - INFO - Maximum log composite likelihood: -390.0896629274028.
2026-07-16 00:03:57,731 - INFO - Optimal value of theta: 528.6924557590999.
2026-07-16 00:03:57,731 - INFO - Beginning optimization with guess, [1.47679549 0.81449821 0.14954297 0.06928615].
2026-07-16 00:04:07,881 - INFO - Finished optimization with guess, [1.47679549 0.81449821 0.14954297 0.06928615].
2026-07-16 00:04:07,882 - INFO - Best fit parameters: [ 0.43510734 19.49100215  0.08532138  0.02096434].
2026-07-16 00:04:08,389 - INFO - Maximum log composite likelihood: -384.99962541080015.
2026-07-16 00:04:08,390 - INFO - Optimal value of theta: 543.3856207762572.
2026-07-16 00:04:08,390 - INFO - Beginning optimization with guess, [1.39055959 0.9898198  0.07141488 0.11051372].
2026-07-16 00:04:18,483 - INFO - Finished optimization with guess, [1.39055959 0.9898198  0.07141488 0.11051372].
2026-07-16 00:04:18,486 - INFO - Best fit parameters: [2.97412145e-01 2.85862793e+01 6.76489183e-02 2.32353458e-02].
2026-07-16 00:04:18,997 - INFO - Maximum log composite likelihood: -388.2668004059668.
2026-07-16 00:04:18,997 - INFO - Optimal value of theta: 558.3104250000865.
2026-07-16 00:04:18,997 - INFO - Beginning optimization with guess, [1.53176632 2.12170331 0.06601479 0.11164066].
2026-07-16 00:04:29,097 - INFO - Finished optimization with guess, [1.53176632 2.12170331 0.06601479 0.11164066].
2026-07-16 00:04:29,099 - INFO - Best fit parameters: [ 0.53040378 16.19965145  0.05169854  0.0271273 ].
2026-07-16 00:04:29,616 - INFO - Maximum log composite likelihood: -410.6724859010929.
2026-07-16 00:04:29,616 - INFO - Optimal value of theta: 463.79297442887395.
2026-07-16 00:04:29,617 - INFO - Beginning optimization with guess, [3.47336832 2.4620157  0.06632985 0.17902921].
2026-07-16 00:04:39,685 - INFO - Finished optimization with guess, [3.47336832 2.4620157  0.06632985 0.17902921].
2026-07-16 00:04:39,686 - INFO - Best fit parameters: [ 1.70169837 19.13999121  0.02074169  0.02012023].
2026-07-16 00:04:40,189 - INFO - Maximum log composite likelihood: -487.5889117291609.
2026-07-16 00:04:40,189 - INFO - Optimal value of theta: 404.5791995807397.
2026-07-16 00:04:40,189 - INFO - Beginning optimization with guess, [3.20760961 1.92312416 0.08002453 0.07562416].
2026-07-16 00:04:50,251 - INFO - Finished optimization with guess, [3.20760961 1.92312416 0.08002453 0.07562416].
2026-07-16 00:04:50,253 - INFO - Best fit parameters: [1.17643539e+00 2.31345360e+01 1.98832320e-02 2.47559247e-02].
2026-07-16 00:04:50,761 - INFO - Maximum log composite likelihood: -470.7080660156928.
2026-07-16 00:04:50,761 - INFO - Optimal value of theta: 398.13026574254974.
2026-07-16 00:04:50,761 - INFO - Beginning optimization with guess, [2.72624346 1.45347875 0.12839345 0.07894268].
2026-07-16 00:05:00,855 - INFO - Finished optimization with guess, [2.72624346 1.45347875 0.12839345 0.07894268].
2026-07-16 00:05:00,857 - INFO - Best fit parameters: [2.77488764e-01 2.99160105e+01 5.48995274e-02 2.76161261e-02].
2026-07-16 00:05:01,365 - INFO - Maximum log composite likelihood: -400.5452238245229.
2026-07-16 00:05:01,365 - INFO - Optimal value of theta: 516.0385378016588.
2026-07-16 00:05:01,365 - INFO - Beginning optimization with guess, [4.44409183 3.18835045 0.11312326 0.12271599].
2026-07-16 00:05:13,931 - INFO - Finished optimization with guess, [4.44409183 3.18835045 0.11312326 0.12271599].
2026-07-16 00:05:13,934 - INFO - Best fit parameters: [9.11087399e-01 4.45142269e+01 4.34149782e-03 2.37128290e-02].
2026-07-16 00:05:14,429 - INFO - Maximum log composite likelihood: -461.51122265254014.
2026-07-16 00:05:14,430 - INFO - Optimal value of theta: 403.39841562970116.
2026-07-16 00:05:14,430 - INFO - Beginning optimization with guess, [4.54283235 2.09998247 0.19765646 0.09675032].
2026-07-16 00:05:24,505 - INFO - Finished optimization with guess, [4.54283235 2.09998247 0.19765646 0.09675032].
2026-07-16 00:05:24,507 - INFO - Best fit parameters: [3.30044714e-01 2.83735476e+01 1.80948741e-02 2.37509759e-02].
2026-07-16 00:05:25,012 - INFO - Maximum log composite likelihood: -438.70276458815204.
2026-07-16 00:05:25,013 - INFO - Optimal value of theta: 479.9385411863425.
2026-07-16 00:05:25,013 - INFO - Beginning optimization with guess, [1.85065409 2.57328935 0.12476776 0.08219868].
2026-07-16 00:05:35,215 - INFO - Finished optimization with guess, [1.85065409 2.57328935 0.12476776 0.08219868].
2026-07-16 00:05:35,216 - INFO - Best fit parameters: [ 0.3371688  14.61950814  0.08661332  0.02643702].
2026-07-16 00:05:35,724 - INFO - Maximum log composite likelihood: -357.57932472506843.
2026-07-16 00:05:35,724 - INFO - Optimal value of theta: 548.5095941398924.
2026-07-16 00:05:35,724 - INFO - Beginning optimization with guess, [5.66166615 3.83938236 0.14832102 0.09355266].
2026-07-16 00:05:45,786 - INFO - Finished optimization with guess, [5.66166615 3.83938236 0.14832102 0.09355266].
2026-07-16 00:05:45,787 - INFO - Best fit parameters: [ 2.41645898 10.4366583   0.0247422   0.01953656].
2026-07-16 00:05:46,292 - INFO - Maximum log composite likelihood: -524.2737432652839.
2026-07-16 00:05:46,292 - INFO - Optimal value of theta: 400.60633025608234.
2026-07-16 00:05:46,292 - INFO - Beginning optimization with guess, [6.720519   2.81341144 0.06014832 0.11591504].
2026-07-16 00:05:56,332 - INFO - Finished optimization with guess, [6.720519   2.81341144 0.06014832 0.11591504].
2026-07-16 00:05:56,335 - INFO - Best fit parameters: [4.45754402e+00 2.87734808e+01 8.99955940e-03 8.38362735e-03].
2026-07-16 00:05:56,843 - INFO - Maximum log composite likelihood: -523.863539544737.
2026-07-16 00:05:56,844 - INFO - Optimal value of theta: 460.29842398279663.
2026-07-16 00:05:56,844 - INFO - Beginning optimization with guess, [2.99771136 4.63815636 0.16833915 0.07220993].
2026-07-16 00:06:07,042 - INFO - Finished optimization with guess, [2.99771136 4.63815636 0.16833915 0.07220993].
2026-07-16 00:06:07,044 - INFO - Best fit parameters: [ 0.40219216 13.80375152  0.07814441  0.02305608].
2026-07-16 00:06:07,558 - INFO - Maximum log composite likelihood: -377.84188569450123.
2026-07-16 00:06:07,558 - INFO - Optimal value of theta: 545.2985794271076.
2026-07-16 00:06:07,558 - INFO - Beginning optimization with guess, [2.91995581 2.19830376 0.09660348 0.14137607].
2026-07-16 00:06:17,631 - INFO - Finished optimization with guess, [2.91995581 2.19830376 0.09660348 0.14137607].
2026-07-16 00:06:17,631 - INFO - Best fit parameters: [7.06797853e-01 5.68951693e+01 1.94000655e-02 2.70309449e-02].
2026-07-16 00:06:18,136 - INFO - Maximum log composite likelihood: -459.3641698743681.
2026-07-16 00:06:18,136 - INFO - Optimal value of theta: 400.4518967231415.
2026-07-16 00:06:18,137 - INFO - Beginning optimization with guess, [2.78245041 4.5632067  0.19166371 0.19200226].
2026-07-16 00:06:28,249 - INFO - Finished optimization with guess, [2.78245041 4.5632067  0.19166371 0.19200226].
2026-07-16 00:06:28,250 - INFO - Best fit parameters: [0.56402924 4.61153946 0.0892987  0.02560347].
2026-07-16 00:06:28,758 - INFO - Maximum log composite likelihood: -496.0889097286992.
2026-07-16 00:06:28,758 - INFO - Optimal value of theta: 533.7915626120528.
2026-07-16 00:06:28,759 - INFO - Beginning optimization with guess, [3.48177188 2.57557539 0.13215197 0.05756527].
2026-07-16 00:06:38,836 - INFO - Finished optimization with guess, [3.48177188 2.57557539 0.13215197 0.05756527].
2026-07-16 00:06:38,839 - INFO - Best fit parameters: [ 0.40413797 22.17142829  0.02842188  0.03079188].
2026-07-16 00:06:39,348 - INFO - Maximum log composite likelihood: -413.8052767497964.
2026-07-16 00:06:39,349 - INFO - Optimal value of theta: 441.659775397115.
2026-07-16 00:06:39,349 - INFO - Beginning optimization with guess, [7.76962819 2.70110042 0.06360485 0.08449983].
2026-07-16 00:06:49,386 - INFO - Finished optimization with guess, [7.76962819 2.70110042 0.06360485 0.08449983].
2026-07-16 00:06:49,387 - INFO - Best fit parameters: [7.59370449e+00 2.15685983e+01 1.27396393e-02 1.19616503e-02].
2026-07-16 00:06:49,891 - INFO - Maximum log composite likelihood: -476.0969068519616.
2026-07-16 00:06:49,891 - INFO - Optimal value of theta: 416.5138357688886.
2026-07-16 00:06:49,895 - INFO - Converting and interpreting Tau estimates.
2026-07-16 00:06:49,899 - INFO - Finished demographic inference.
2026-07-16 00:06:49,899 - INFO - Pipeline executed succesfully.
