2026-07-16 19:11:36,630 - INFO - Beginning execution of fit_demographic_model.py in directory /u/project/kirk-bigdata/jonmah/sample_size_demography/Scripts

2026-07-16 19:11:36,630 - INFO - Progress is being logged to ../Analysis/tennessen_ooa_350/log.log

2026-07-16 19:11:36,631 - INFO - Parsed the following arguments:
	syn_input_sfs = ../Simulations/tennessen/ooa_350_sfs/dadi/pop1.sfs
	mask_singletons = False
	mask_doubletons = False
	sum_alleles = False
	L_syn = 100000000.0
	model_type = three_epoch
	input_params = []
	outprefix = ../Analysis/tennessen_ooa_350/

2026-07-16 19:11:36,633 - INFO - Beginning demographic inference for three-epoch demographic model.
2026-07-16 19:11:36,636 - INFO - Beginning optimization with guess, [0.01067789 0.00678202 0.13905506 0.08877245].
2026-07-16 19:11:53,300 - INFO - Finished optimization with guess, [0.01067789 0.00678202 0.13905506 0.08877245].
2026-07-16 19:11:53,301 - INFO - Best fit parameters: [0.00907007 0.0036631  0.13911661 0.1918588 ].
2026-07-16 19:11:55,319 - INFO - Maximum log composite likelihood: -1497.465130973152.
2026-07-16 19:11:55,319 - INFO - Optimal value of theta: 174177.0746424924.
2026-07-16 19:11:55,319 - INFO - Beginning optimization with guess, [0.04434097 0.02104338 0.08207352 0.08169544].
2026-07-16 19:12:27,230 - INFO - Finished optimization with guess, [0.04434097 0.02104338 0.08207352 0.08169544].
2026-07-16 19:12:27,231 - INFO - Best fit parameters: [0.03150467 0.01248342 0.11088323 0.16974358].
2026-07-16 19:12:28,352 - INFO - Maximum log composite likelihood: -1497.4669683456802.
2026-07-16 19:12:28,353 - INFO - Optimal value of theta: 51109.8602508068.
2026-07-16 19:12:28,353 - INFO - Beginning optimization with guess, [0.08030359 0.04586288 0.11860748 0.11771222].
2026-07-16 19:12:57,373 - INFO - Finished optimization with guess, [0.08030359 0.04586288 0.11860748 0.11771222].
2026-07-16 19:12:57,374 - INFO - Best fit parameters: [0.05010316 0.02788422 0.1746285  0.27658209].
2026-07-16 19:12:58,389 - INFO - Maximum log composite likelihood: -1497.499909132364.
2026-07-16 19:12:58,390 - INFO - Optimal value of theta: 22880.3188994331.
2026-07-16 19:12:58,391 - INFO - Beginning optimization with guess, [0.0382825  0.07244392 0.06995667 0.1153604 ].
2026-07-16 19:13:26,167 - INFO - Finished optimization with guess, [0.0382825  0.07244392 0.06995667 0.1153604 ].
2026-07-16 19:13:26,168 - INFO - Best fit parameters: [0.01732025 0.10831218 0.13632764 0.12675021].
2026-07-16 19:13:27,072 - INFO - Maximum log composite likelihood: -1439.7921136609425.
2026-07-16 19:13:27,072 - INFO - Optimal value of theta: 6699.815439936248.
2026-07-16 19:13:27,073 - INFO - Beginning optimization with guess, [0.17068947 0.07729408 0.06200408 0.16710377].
2026-07-16 19:13:53,079 - INFO - Finished optimization with guess, [0.17068947 0.07729408 0.06200408 0.16710377].
2026-07-16 19:13:53,080 - INFO - Best fit parameters: [0.1444689  0.04314765 0.07087932 0.47855203].
2026-07-16 19:13:53,982 - INFO - Maximum log composite likelihood: -1497.5498573936911.
2026-07-16 19:13:53,983 - INFO - Optimal value of theta: 14785.522290515826.
2026-07-16 19:13:53,983 - INFO - Beginning optimization with guess, [0.26918654 0.1807763  0.17763866 0.06505454].
2026-07-16 19:14:19,771 - INFO - Finished optimization with guess, [0.26918654 0.1807763  0.17763866 0.06505454].
2026-07-16 19:14:19,772 - INFO - Best fit parameters: [9.01317540e-02 9.74590531e+00 1.92266954e-01 2.90551029e-03].
2026-07-16 19:14:20,495 - INFO - Maximum log composite likelihood: -495.17969461453947.
2026-07-16 19:14:20,495 - INFO - Optimal value of theta: 2968.9577943613576.
2026-07-16 19:14:20,496 - INFO - Beginning optimization with guess, [0.90689694 0.28591669 0.99055392 0.10174822].
2026-07-16 19:14:48,298 - INFO - Finished optimization with guess, [0.90689694 0.28591669 0.99055392 0.10174822].
2026-07-16 19:14:48,299 - INFO - Best fit parameters: [0.76297333 2.22486695 0.81244895 0.02552096].
2026-07-16 19:14:49,008 - INFO - Maximum log composite likelihood: -871.2579169699529.
2026-07-16 19:14:49,008 - INFO - Optimal value of theta: 616.1711955076946.
2026-07-16 19:14:49,008 - INFO - Beginning optimization with guess, [1.12289821 0.62664844 0.14536696 0.11500443].
2026-07-16 19:15:10,975 - INFO - Finished optimization with guess, [1.12289821 0.62664844 0.14536696 0.11500443].
2026-07-16 19:15:10,976 - INFO - Best fit parameters: [ 0.48000712 23.5044744   0.11669264  0.02437661].
2026-07-16 19:15:11,694 - INFO - Maximum log composite likelihood: -441.05803375498016.
2026-07-16 19:15:11,694 - INFO - Optimal value of theta: 509.38096365999013.
2026-07-16 19:15:11,694 - INFO - Beginning optimization with guess, [0.6193484  0.79283199 0.05044674 0.18969079].
2026-07-16 19:15:32,935 - INFO - Finished optimization with guess, [0.6193484  0.79283199 0.05044674 0.18969079].
2026-07-16 19:15:32,936 - INFO - Best fit parameters: [ 0.38239676 13.50453338  0.07174837  0.03427964].
2026-07-16 19:15:33,626 - INFO - Maximum log composite likelihood: -442.78342507921985.
2026-07-16 19:15:33,626 - INFO - Optimal value of theta: 479.1855452456853.
2026-07-16 19:15:33,627 - INFO - Beginning optimization with guess, [1.03953889 1.13739035 0.16364622 0.19640215].
2026-07-16 19:15:58,583 - INFO - Finished optimization with guess, [1.03953889 1.13739035 0.16364622 0.19640215].
2026-07-16 19:15:58,583 - INFO - Best fit parameters: [ 0.42313987 17.03770483  0.13186685  0.02865227].
2026-07-16 19:15:59,354 - INFO - Maximum log composite likelihood: -433.9981042305096.
2026-07-16 19:15:59,354 - INFO - Optimal value of theta: 511.8969494369696.
2026-07-16 19:15:59,354 - INFO - Beginning optimization with guess, [1.60417798 1.8595423  0.18680642 0.17505175].
2026-07-16 19:16:22,175 - INFO - Finished optimization with guess, [1.60417798 1.8595423  0.18680642 0.17505175].
2026-07-16 19:16:22,176 - INFO - Best fit parameters: [4.61948883e-01 3.47866579e+01 7.15766971e-02 2.63854833e-02].
2026-07-16 19:16:22,895 - INFO - Maximum log composite likelihood: -466.53325752925866.
2026-07-16 19:16:22,895 - INFO - Optimal value of theta: 471.8958799336748.
2026-07-16 19:16:22,896 - INFO - Beginning optimization with guess, [1.58149443 1.36109041 0.06158294 0.06927876].
2026-07-16 19:16:44,239 - INFO - Finished optimization with guess, [1.58149443 1.36109041 0.06158294 0.06927876].
2026-07-16 19:16:44,240 - INFO - Best fit parameters: [ 0.31023476 21.90505851  0.06432661  0.02852699].
2026-07-16 19:16:44,930 - INFO - Maximum log composite likelihood: -444.6353670474228.
2026-07-16 19:16:44,930 - INFO - Optimal value of theta: 510.80568892738836.
2026-07-16 19:16:44,930 - INFO - Beginning optimization with guess, [1.00704208 3.77741935 0.0987771  0.19068078].
2026-07-16 19:17:06,685 - INFO - Finished optimization with guess, [1.00704208 3.77741935 0.0987771  0.19068078].
2026-07-16 19:17:06,686 - INFO - Best fit parameters: [ 0.28775543 13.56045814  0.11165276  0.02107151].
2026-07-16 19:17:07,376 - INFO - Maximum log composite likelihood: -418.0841521917186.
2026-07-16 19:17:07,376 - INFO - Optimal value of theta: 650.1286423713525.
2026-07-16 19:17:07,376 - INFO - Beginning optimization with guess, [2.63524143 2.25707713 0.10017489 0.1845501 ].
2026-07-16 19:17:28,726 - INFO - Finished optimization with guess, [2.63524143 2.25707713 0.10017489 0.1845501 ].
2026-07-16 19:17:28,727 - INFO - Best fit parameters: [7.69055346e-01 9.77665612e+01 2.78630825e-02 2.27555819e-02].
2026-07-16 19:17:29,413 - INFO - Maximum log composite likelihood: -530.7765621821911.
2026-07-16 19:17:29,413 - INFO - Optimal value of theta: 419.62021378495274.
2026-07-16 19:17:29,414 - INFO - Beginning optimization with guess, [3.95427907 4.19381488 0.0573374  0.14312941].
2026-07-16 19:17:50,551 - INFO - Finished optimization with guess, [3.95427907 4.19381488 0.0573374  0.14312941].
2026-07-16 19:17:50,552 - INFO - Best fit parameters: [1.85353330e+00 4.08691487e+01 8.72564956e-03 2.17915119e-02].
2026-07-16 19:17:51,237 - INFO - Maximum log composite likelihood: -528.1199976145012.
2026-07-16 19:17:51,237 - INFO - Optimal value of theta: 398.7928101693804.
2026-07-16 19:17:51,237 - INFO - Beginning optimization with guess, [3.51043246 2.94729721 0.09853473 0.1295031 ].
2026-07-16 19:18:15,873 - INFO - Finished optimization with guess, [3.51043246 2.94729721 0.09853473 0.1295031 ].
2026-07-16 19:18:15,874 - INFO - Best fit parameters: [6.02502094e-01 3.97855953e+01 2.11605403e-02 2.74796382e-02].
2026-07-16 19:18:16,616 - INFO - Maximum log composite likelihood: -513.7877476779177.
2026-07-16 19:18:16,616 - INFO - Optimal value of theta: 413.4915360965273.
2026-07-16 19:18:16,616 - INFO - Beginning optimization with guess, [3.67522708 4.84832333 0.10870223 0.08527006].
2026-07-16 19:18:40,971 - INFO - Finished optimization with guess, [3.67522708 4.84832333 0.10870223 0.08527006].
2026-07-16 19:18:40,972 - INFO - Best fit parameters: [4.35547898e-01 3.01652458e+01 3.21992304e-02 2.79034971e-02].
2026-07-16 19:18:41,688 - INFO - Maximum log composite likelihood: -485.5631594274248.
2026-07-16 19:18:41,688 - INFO - Optimal value of theta: 448.3214642066883.
2026-07-16 19:18:41,689 - INFO - Beginning optimization with guess, [2.75721994 1.62500744 0.06479141 0.05260716].
2026-07-16 19:19:02,858 - INFO - Finished optimization with guess, [2.75721994 1.62500744 0.06479141 0.05260716].
2026-07-16 19:19:02,859 - INFO - Best fit parameters: [4.03540659e-01 4.00647321e+01 2.17145374e-02 2.96476164e-02].
2026-07-16 19:19:03,546 - INFO - Maximum log composite likelihood: -509.16295759323657.
2026-07-16 19:19:03,547 - INFO - Optimal value of theta: 425.8201810746269.
2026-07-16 19:19:03,547 - INFO - Beginning optimization with guess, [5.54216787 6.50757183 0.08813741 0.10023098].
2026-07-16 19:19:24,370 - INFO - Finished optimization with guess, [5.54216787 6.50757183 0.08813741 0.10023098].
2026-07-16 19:19:24,371 - INFO - Best fit parameters: [3.27669799e+00 5.42443963e+01 7.84155081e-03 2.01947187e-02].
2026-07-16 19:19:25,056 - INFO - Maximum log composite likelihood: -526.427940421198.
2026-07-16 19:19:25,056 - INFO - Optimal value of theta: 395.24509102973457.
2026-07-16 19:19:25,056 - INFO - Beginning optimization with guess, [2.77999834 7.32879569 0.05843089 0.14447742].
2026-07-16 19:19:45,971 - INFO - Finished optimization with guess, [2.77999834 7.32879569 0.05843089 0.14447742].
2026-07-16 19:19:45,972 - INFO - Best fit parameters: [7.48676219e-01 3.79129775e+01 1.99374657e-02 2.86436594e-02].
2026-07-16 19:19:46,656 - INFO - Maximum log composite likelihood: -520.3414916813724.
2026-07-16 19:19:46,656 - INFO - Optimal value of theta: 394.92774545687877.
2026-07-16 19:19:46,657 - INFO - Beginning optimization with guess, [5.29189031 5.46617634 0.05465525 0.06347146].
2026-07-16 19:20:07,649 - INFO - Finished optimization with guess, [5.29189031 5.46617634 0.05465525 0.06347146].
2026-07-16 19:20:07,650 - INFO - Best fit parameters: [7.15976336e+00 4.68021156e+01 8.01846571e-03 1.79916445e-02].
2026-07-16 19:20:08,342 - INFO - Maximum log composite likelihood: -525.8746104626781.
2026-07-16 19:20:08,342 - INFO - Optimal value of theta: 398.1751500278747.
2026-07-16 19:20:08,342 - INFO - Beginning optimization with guess, [4.37034686 4.61829382 0.06662078 0.06130733].
2026-07-16 19:20:29,547 - INFO - Finished optimization with guess, [4.37034686 4.61829382 0.06662078 0.06130733].
2026-07-16 19:20:29,548 - INFO - Best fit parameters: [2.48775767e+00 4.75166070e+01 4.53458878e-03 2.18823347e-02].
2026-07-16 19:20:30,234 - INFO - Maximum log composite likelihood: -525.8762515387292.
2026-07-16 19:20:30,234 - INFO - Optimal value of theta: 399.5017680785013.
2026-07-16 19:20:30,235 - INFO - Beginning optimization with guess, [2.83574962 4.31303582 0.1398652  0.11415134].
2026-07-16 19:20:51,652 - INFO - Finished optimization with guess, [2.83574962 4.31303582 0.1398652  0.11415134].
2026-07-16 19:20:51,653 - INFO - Best fit parameters: [ 0.31069348 18.69168388  0.08218426  0.02428268].
2026-07-16 19:20:52,341 - INFO - Maximum log composite likelihood: -429.2712681693755.
2026-07-16 19:20:52,341 - INFO - Optimal value of theta: 566.4821798262417.
2026-07-16 19:20:52,341 - INFO - Beginning optimization with guess, [2.5113413  2.96107999 0.06158445 0.08074644].
2026-07-16 19:21:13,609 - INFO - Finished optimization with guess, [2.5113413  2.96107999 0.06158445 0.08074644].
2026-07-16 19:21:13,612 - INFO - Best fit parameters: [3.37375954e-01 3.81157099e+01 3.21483374e-02 3.02706700e-02].
2026-07-16 19:21:14,309 - INFO - Maximum log composite likelihood: -498.9544366975487.
2026-07-16 19:21:14,309 - INFO - Optimal value of theta: 446.373886615696.
2026-07-16 19:21:14,309 - INFO - Beginning optimization with guess, [2.88183411 5.29964209 0.08284599 0.05866195].
2026-07-16 19:21:39,168 - INFO - Finished optimization with guess, [2.88183411 5.29964209 0.08284599 0.05866195].
2026-07-16 19:21:39,169 - INFO - Best fit parameters: [ 0.28486263 17.28467775  0.05720285  0.02305363].
2026-07-16 19:21:39,857 - INFO - Maximum log composite likelihood: -437.8494769781561.
2026-07-16 19:21:39,857 - INFO - Optimal value of theta: 573.5776940120899.
2026-07-16 19:21:39,861 - INFO - Converting and interpreting Tau estimates.
2026-07-16 19:21:39,865 - INFO - Finished demographic inference.
2026-07-16 19:21:39,865 - INFO - Pipeline executed succesfully.
