2026-07-16 00:01:15,821 - INFO - Beginning execution of fit_demographic_model.py in directory /u/project/kirk-bigdata/jonmah/sample_size_demography/Scripts

2026-07-16 00:01:15,822 - INFO - Progress is being logged to ../Analysis/tennessen_ooa_400/log.log

2026-07-16 00:01:15,822 - INFO - Parsed the following arguments:
	syn_input_sfs = ../Simulations/tennessen/ooa_400_sfs/dadi/pop1.sfs
	mask_singletons = False
	mask_doubletons = False
	sum_alleles = False
	L_syn = 100000000.0
	model_type = three_epoch
	input_params = []
	outprefix = ../Analysis/tennessen_ooa_400/

2026-07-16 00:01:15,824 - INFO - Beginning demographic inference for three-epoch demographic model.
2026-07-16 00:01:15,827 - INFO - Beginning optimization with guess, [0.01677325 0.01428299 0.07809578 0.0900173 ].
2026-07-16 00:01:29,027 - INFO - Finished optimization with guess, [0.01677325 0.01428299 0.07809578 0.0900173 ].
2026-07-16 00:01:29,029 - INFO - Best fit parameters: [0.00997426 0.00938856 0.11372269 0.17110799].
2026-07-16 00:01:30,553 - INFO - Maximum log composite likelihood: -1854.441358991704.
2026-07-16 00:01:30,553 - INFO - Optimal value of theta: 72673.13124256594.
2026-07-16 00:01:30,554 - INFO - Beginning optimization with guess, [0.01712161 0.01791281 0.07460554 0.11352097].
2026-07-16 00:03:13,121 - INFO - Finished optimization with guess, [0.01712161 0.01791281 0.07460554 0.11352097].
2026-07-16 00:03:13,123 - INFO - Best fit parameters: [0.00745833 0.05755441 0.11565899 0.05902203].
2026-07-16 00:03:14,377 - INFO - Maximum log composite likelihood: -1758.237091874135.
2026-07-16 00:03:14,378 - INFO - Optimal value of theta: 13824.987743460755.
2026-07-16 00:03:14,378 - INFO - Beginning optimization with guess, [0.02621831 0.0294627  0.09576395 0.11581476].
2026-07-16 00:04:09,935 - INFO - Finished optimization with guess, [0.02621831 0.0294627  0.09576395 0.11581476].
2026-07-16 00:04:09,936 - INFO - Best fit parameters: [0.01137129 0.07372209 0.16310914 0.07320927].
2026-07-16 00:04:11,151 - INFO - Maximum log composite likelihood: -1758.0158494352906.
2026-07-16 00:04:11,151 - INFO - Optimal value of theta: 10800.401506826061.
2026-07-16 00:04:11,152 - INFO - Beginning optimization with guess, [0.14445964 0.05570391 0.1316815  0.08652575].
2026-07-16 00:04:31,561 - INFO - Finished optimization with guess, [0.14445964 0.05570391 0.1316815  0.08652575].
2026-07-16 00:04:31,563 - INFO - Best fit parameters: [0.08421796 0.03901458 0.20029737 0.22732546].
2026-07-16 00:04:32,625 - INFO - Maximum log composite likelihood: -1859.4982334593642.
2026-07-16 00:04:32,626 - INFO - Optimal value of theta: 17409.28580128803.
2026-07-16 00:04:32,626 - INFO - Beginning optimization with guess, [0.12773675 0.09823579 0.11985999 0.14631804].
2026-07-16 00:04:52,850 - INFO - Finished optimization with guess, [0.12773675 0.09823579 0.11985999 0.14631804].
2026-07-16 00:04:52,852 - INFO - Best fit parameters: [0.06252229 0.08617033 0.20883684 0.34283248].
2026-07-16 00:04:53,900 - INFO - Maximum log composite likelihood: -1855.5213717541046.
2026-07-16 00:04:53,900 - INFO - Optimal value of theta: 7910.284909978822.
2026-07-16 00:04:53,900 - INFO - Beginning optimization with guess, [0.35660242 0.31770512 0.08439971 0.16193713].
2026-07-16 00:05:12,291 - INFO - Finished optimization with guess, [0.35660242 0.31770512 0.08439971 0.16193713].
2026-07-16 00:05:12,293 - INFO - Best fit parameters: [0.18689607 1.92735006 0.12631376 0.24005689].
2026-07-16 00:05:13,214 - INFO - Maximum log composite likelihood: -1484.1193807151142.
2026-07-16 00:05:13,214 - INFO - Optimal value of theta: 559.9951438813465.
2026-07-16 00:05:13,214 - INFO - Beginning optimization with guess, [0.75140868 0.35417131 0.26105184 0.13117124].
2026-07-16 00:05:31,627 - INFO - Finished optimization with guess, [0.75140868 0.35417131 0.26105184 0.13117124].
2026-07-16 00:05:31,630 - INFO - Best fit parameters: [0.30869268 2.30833    0.33154846 0.15455955].
2026-07-16 00:05:32,549 - INFO - Maximum log composite likelihood: -1354.0389529856848.
2026-07-16 00:05:32,549 - INFO - Optimal value of theta: 560.7020772724567.
2026-07-16 00:05:32,549 - INFO - Beginning optimization with guess, [0.67074978 1.32505661 0.14809838 0.06071998].
2026-07-16 00:05:50,669 - INFO - Finished optimization with guess, [0.67074978 1.32505661 0.14809838 0.06071998].
2026-07-16 00:05:50,671 - INFO - Best fit parameters: [ 0.25867561 10.17473801  0.14672844  0.01865552].
2026-07-16 00:05:51,573 - INFO - Maximum log composite likelihood: -472.7303258095195.
2026-07-16 00:05:51,573 - INFO - Optimal value of theta: 773.7929290052633.
2026-07-16 00:05:51,574 - INFO - Beginning optimization with guess, [1.01094841 0.83812115 0.12573495 0.10834211].
2026-07-16 00:06:09,629 - INFO - Finished optimization with guess, [1.01094841 0.83812115 0.12573495 0.10834211].
2026-07-16 00:06:09,631 - INFO - Best fit parameters: [5.04581801e-01 6.37105669e+01 8.73056756e-02 1.85690105e-02].
2026-07-16 00:06:10,530 - INFO - Maximum log composite likelihood: -543.4481672825043.
2026-07-16 00:06:10,530 - INFO - Optimal value of theta: 541.2105613413261.
2026-07-16 00:06:10,531 - INFO - Beginning optimization with guess, [1.79640357 0.86523064 0.0664419  0.12275403].
2026-07-16 00:06:28,452 - INFO - Finished optimization with guess, [1.79640357 0.86523064 0.0664419  0.12275403].
2026-07-16 00:06:28,453 - INFO - Best fit parameters: [5.51788276e-01 4.78906934e+01 4.85477944e-02 2.43328542e-02].
2026-07-16 00:06:29,344 - INFO - Maximum log composite likelihood: -544.403582050812.
2026-07-16 00:06:29,345 - INFO - Optimal value of theta: 463.9907571151449.
2026-07-16 00:06:29,345 - INFO - Beginning optimization with guess, [2.30400431 2.02036548 0.12334645 0.13892883].
2026-07-16 00:06:47,283 - INFO - Finished optimization with guess, [2.30400431 2.02036548 0.12334645 0.13892883].
2026-07-16 00:06:47,285 - INFO - Best fit parameters: [4.45173988e-01 2.13544919e+02 6.42780957e-02 2.39985194e-02].
2026-07-16 00:06:48,177 - INFO - Maximum log composite likelihood: -628.9119864475115.
2026-07-16 00:06:48,177 - INFO - Optimal value of theta: 478.4976927386326.
2026-07-16 00:06:48,178 - INFO - Beginning optimization with guess, [2.35004913 3.3016433  0.05634084 0.06637104].
2026-07-16 00:07:06,030 - INFO - Finished optimization with guess, [2.35004913 3.3016433  0.05634084 0.06637104].
2026-07-16 00:07:06,032 - INFO - Best fit parameters: [5.75700692e-01 3.68130712e+01 2.69222538e-02 2.95519151e-02].
2026-07-16 00:07:06,924 - INFO - Maximum log composite likelihood: -554.6919455824132.
2026-07-16 00:07:06,924 - INFO - Optimal value of theta: 419.78818302900646.
2026-07-16 00:07:06,924 - INFO - Beginning optimization with guess, [1.09560434 2.49976314 0.13734829 0.06021758].
2026-07-16 00:07:24,956 - INFO - Finished optimization with guess, [1.09560434 2.49976314 0.13734829 0.06021758].
2026-07-16 00:07:24,957 - INFO - Best fit parameters: [ 0.27755746 12.38366146  0.12760512  0.01884028].
2026-07-16 00:07:25,856 - INFO - Maximum log composite likelihood: -476.14606650322514.
2026-07-16 00:07:25,856 - INFO - Optimal value of theta: 724.7479240520312.
2026-07-16 00:07:25,857 - INFO - Beginning optimization with guess, [2.49588594 1.17297514 0.07220561 0.06281546].
2026-07-16 00:07:43,773 - INFO - Finished optimization with guess, [2.49588594 1.17297514 0.07220561 0.06281546].
2026-07-16 00:07:43,775 - INFO - Best fit parameters: [7.96629895e-01 3.22524390e+01 3.15920704e-02 2.92477228e-02].
2026-07-16 00:07:44,673 - INFO - Maximum log composite likelihood: -564.9167841177878.
2026-07-16 00:07:44,673 - INFO - Optimal value of theta: 405.57121855483103.
2026-07-16 00:07:44,673 - INFO - Beginning optimization with guess, [2.29160456 4.94241145 0.11777164 0.0923457 ].
2026-07-16 00:08:02,728 - INFO - Finished optimization with guess, [2.29160456 4.94241145 0.11777164 0.0923457 ].
2026-07-16 00:08:02,729 - INFO - Best fit parameters: [ 0.27798278 22.40289523  0.09531519  0.02828594].
2026-07-16 00:08:03,634 - INFO - Maximum log composite likelihood: -502.64343822512774.
2026-07-16 00:08:03,634 - INFO - Optimal value of theta: 555.2594400847134.
2026-07-16 00:08:03,634 - INFO - Beginning optimization with guess, [3.43719965 2.61560899 0.16280707 0.0546763 ].
2026-07-16 00:08:26,113 - INFO - Finished optimization with guess, [3.43719965 2.61560899 0.16280707 0.0546763 ].
2026-07-16 00:08:26,116 - INFO - Best fit parameters: [ 0.51783323 26.09105816  0.0517793   0.02895389].
2026-07-16 00:08:27,015 - INFO - Maximum log composite likelihood: -522.8722487986425.
2026-07-16 00:08:27,016 - INFO - Optimal value of theta: 454.23986037385595.
2026-07-16 00:08:27,016 - INFO - Beginning optimization with guess, [4.78594202 1.7913525  0.17379768 0.0750528 ].
2026-07-16 00:08:45,050 - INFO - Finished optimization with guess, [4.78594202 1.7913525  0.17379768 0.0750528 ].
2026-07-16 00:08:45,052 - INFO - Best fit parameters: [1.31266568e+00 4.35736066e+01 2.25176342e-02 2.48460651e-02].
2026-07-16 00:08:45,953 - INFO - Maximum log composite likelihood: -580.3300222539307.
2026-07-16 00:08:45,953 - INFO - Optimal value of theta: 393.45735531300215.
2026-07-16 00:08:45,954 - INFO - Beginning optimization with guess, [1.80799645 3.97223726 0.18794124 0.08236194].
2026-07-16 00:09:08,649 - INFO - Finished optimization with guess, [1.80799645 3.97223726 0.18794124 0.08236194].
2026-07-16 00:09:08,650 - INFO - Best fit parameters: [1.88909968e-01 2.41579461e+01 1.65021119e-01 1.12893471e-02].
2026-07-16 00:09:09,562 - INFO - Maximum log composite likelihood: -524.5940515939138.
2026-07-16 00:09:09,562 - INFO - Optimal value of theta: 1037.2367668125569.
2026-07-16 00:09:09,563 - INFO - Beginning optimization with guess, [3.53174791 4.75409631 0.06114149 0.0570926 ].
2026-07-16 00:09:27,459 - INFO - Finished optimization with guess, [3.53174791 4.75409631 0.06114149 0.0570926 ].
2026-07-16 00:09:27,462 - INFO - Best fit parameters: [2.31240763e+00 3.56440505e+01 1.48960211e-02 2.42521564e-02].
2026-07-16 00:09:28,356 - INFO - Maximum log composite likelihood: -586.0559210442755.
2026-07-16 00:09:28,356 - INFO - Optimal value of theta: 383.4488486264272.
2026-07-16 00:09:28,356 - INFO - Beginning optimization with guess, [4.91830804 5.47703307 0.11609822 0.067244  ].
2026-07-16 00:09:46,286 - INFO - Finished optimization with guess, [4.91830804 5.47703307 0.11609822 0.067244  ].
2026-07-16 00:09:46,288 - INFO - Best fit parameters: [1.79408737e+00 3.72384379e+01 1.14369885e-02 2.25074124e-02].
2026-07-16 00:09:47,182 - INFO - Maximum log composite likelihood: -581.7693139429381.
2026-07-16 00:09:47,183 - INFO - Optimal value of theta: 404.7549992087765.
2026-07-16 00:09:47,183 - INFO - Beginning optimization with guess, [4.20986335 4.46279738 0.10534192 0.05157636].
2026-07-16 00:10:05,101 - INFO - Finished optimization with guess, [4.20986335 4.46279738 0.10534192 0.05157636].
2026-07-16 00:10:05,103 - INFO - Best fit parameters: [8.59633590e-01 6.58776739e+01 3.05921695e-03 1.33812898e-02].
2026-07-16 00:10:05,988 - INFO - Maximum log composite likelihood: -671.2977821727794.
2026-07-16 00:10:05,988 - INFO - Optimal value of theta: 495.6793795566996.
2026-07-16 00:10:05,989 - INFO - Beginning optimization with guess, [4.58587193 2.57968746 0.06609013 0.05413243].
2026-07-16 00:10:23,828 - INFO - Finished optimization with guess, [4.58587193 2.57968746 0.06609013 0.05413243].
2026-07-16 00:10:23,829 - INFO - Best fit parameters: [4.08982233e+00 2.68288452e+01 1.43357491e-02 2.10020465e-02].
2026-07-16 00:10:24,716 - INFO - Maximum log composite likelihood: -595.9704583578177.
2026-07-16 00:10:24,716 - INFO - Optimal value of theta: 392.29217090747244.
2026-07-16 00:10:24,716 - INFO - Beginning optimization with guess, [5.31018649 3.18495284 0.14224931 0.06424593].
2026-07-16 00:10:42,554 - INFO - Finished optimization with guess, [5.31018649 3.18495284 0.14224931 0.06424593].
2026-07-16 00:10:42,555 - INFO - Best fit parameters: [2.46637015e+00 2.82398166e+01 1.75489982e-02 2.32154790e-02].
2026-07-16 00:10:43,445 - INFO - Maximum log composite likelihood: -598.3220685319153.
2026-07-16 00:10:43,445 - INFO - Optimal value of theta: 387.57215065611217.
2026-07-16 00:10:43,445 - INFO - Beginning optimization with guess, [4.56515583 9.38064826 0.18895042 0.12612113].
2026-07-16 00:11:01,431 - INFO - Finished optimization with guess, [4.56515583 9.38064826 0.18895042 0.12612113].
2026-07-16 00:11:01,432 - INFO - Best fit parameters: [5.04244138e-01 2.35490765e+01 7.38012640e-02 2.34139874e-02].
2026-07-16 00:11:02,337 - INFO - Maximum log composite likelihood: -513.8119071729936.
2026-07-16 00:11:02,338 - INFO - Optimal value of theta: 510.54428631333656.
2026-07-16 00:11:02,338 - INFO - Beginning optimization with guess, [5.71838437 3.48707206 0.07658862 0.17586363].
2026-07-16 00:11:24,668 - INFO - Finished optimization with guess, [5.71838437 3.48707206 0.07658862 0.17586363].
2026-07-16 00:11:24,669 - INFO - Best fit parameters: [3.98595709e+00 1.06005834e+02 1.24394631e-02 1.66292394e-02].
2026-07-16 00:11:25,558 - INFO - Maximum log composite likelihood: -577.0685767744234.
2026-07-16 00:11:25,559 - INFO - Optimal value of theta: 406.8719976195421.
2026-07-16 00:11:25,562 - INFO - Converting and interpreting Tau estimates.
2026-07-16 00:11:25,564 - INFO - Finished demographic inference.
2026-07-16 00:11:25,564 - INFO - Pipeline executed succesfully.
