2026-07-16 00:02:47,820 - INFO - Beginning execution of fit_demographic_model.py in directory /u/project/kirk-bigdata/jonmah/sample_size_demography/Scripts

2026-07-16 00:02:47,820 - INFO - Progress is being logged to ../Analysis/tennessen_ooa_510/log.log

2026-07-16 00:02:47,820 - INFO - Parsed the following arguments:
	syn_input_sfs = ../Simulations/tennessen/ooa_510_sfs/dadi/pop1.sfs
	mask_singletons = False
	mask_doubletons = False
	sum_alleles = False
	L_syn = 100000000.0
	model_type = three_epoch
	input_params = []
	outprefix = ../Analysis/tennessen_ooa_510/

2026-07-16 00:02:47,825 - INFO - Beginning demographic inference for three-epoch demographic model.
2026-07-16 00:02:47,830 - INFO - Beginning optimization with guess, [0.01123147 0.01312745 0.09448929 0.09558065].
2026-07-16 00:03:38,329 - INFO - Finished optimization with guess, [0.01123147 0.01312745 0.09448929 0.09558065].
2026-07-16 00:03:38,332 - INFO - Best fit parameters: [0.00525509 0.05186331 0.10527927 0.04738768].
2026-07-16 00:03:39,326 - INFO - Maximum log composite likelihood: -2151.748694147043.
2026-07-16 00:03:39,326 - INFO - Optimal value of theta: 16764.18959473005.
2026-07-16 00:03:39,327 - INFO - Beginning optimization with guess, [0.02985047 0.03763161 0.07048133 0.11116506].
2026-07-16 00:04:21,996 - INFO - Finished optimization with guess, [0.02985047 0.03763161 0.07048133 0.11116506].
2026-07-16 00:04:21,999 - INFO - Best fit parameters: [0.01234219 0.09062242 0.12805494 0.07812106].
2026-07-16 00:04:22,840 - INFO - Maximum log composite likelihood: -2150.94460837404.
2026-07-16 00:04:22,840 - INFO - Optimal value of theta: 9617.594638057693.
2026-07-16 00:04:22,841 - INFO - Beginning optimization with guess, [0.06964009 0.06674746 0.08353413 0.06141068].
2026-07-16 00:04:38,103 - INFO - Finished optimization with guess, [0.06964009 0.06674746 0.08353413 0.06141068].
2026-07-16 00:04:38,105 - INFO - Best fit parameters: [0.02504126 0.12421309 0.18223104 0.07806183].
2026-07-16 00:04:38,893 - INFO - Maximum log composite likelihood: -2149.95510986969.
2026-07-16 00:04:38,893 - INFO - Optimal value of theta: 7258.096174330184.
2026-07-16 00:04:38,894 - INFO - Beginning optimization with guess, [0.04042687 0.12505986 0.06275813 0.14249003].
2026-07-16 00:04:54,225 - INFO - Finished optimization with guess, [0.04042687 0.12505986 0.06275813 0.14249003].
2026-07-16 00:04:54,227 - INFO - Best fit parameters: [0.019145   0.18628984 0.12212332 0.16139627].
2026-07-16 00:04:55,010 - INFO - Maximum log composite likelihood: -2151.645310141169.
2026-07-16 00:04:55,010 - INFO - Optimal value of theta: 4700.362879934132.
2026-07-16 00:04:55,010 - INFO - Beginning optimization with guess, [0.10096767 0.16531557 0.05611501 0.09389127].
2026-07-16 00:05:09,652 - INFO - Finished optimization with guess, [0.10096767 0.16531557 0.05611501 0.09389127].
2026-07-16 00:05:09,654 - INFO - Best fit parameters: [0.04876589 0.35584054 0.10536516 0.13594515].
2026-07-16 00:05:10,376 - INFO - Maximum log composite likelihood: -2080.693593148009.
2026-07-16 00:05:10,377 - INFO - Optimal value of theta: 2509.3565064195896.
2026-07-16 00:05:10,377 - INFO - Beginning optimization with guess, [0.30092932 0.20060385 0.0528445  0.1845518 ].
2026-07-16 00:05:25,141 - INFO - Finished optimization with guess, [0.30092932 0.20060385 0.0528445  0.1845518 ].
2026-07-16 00:05:25,142 - INFO - Best fit parameters: [0.1829563  0.23435498 0.0755349  1.55972689].
2026-07-16 00:05:25,929 - INFO - Maximum log composite likelihood: -2303.0897752493997.
2026-07-16 00:05:25,929 - INFO - Optimal value of theta: 3116.025340883124.
2026-07-16 00:05:25,929 - INFO - Beginning optimization with guess, [0.72986134 0.62466505 0.29355871 0.1340886 ].
2026-07-16 00:05:40,702 - INFO - Finished optimization with guess, [0.72986134 0.62466505 0.29355871 0.1340886 ].
2026-07-16 00:05:40,704 - INFO - Best fit parameters: [ 0.34560765 12.19779435  0.25606871  0.03993998].
2026-07-16 00:05:41,501 - INFO - Maximum log composite likelihood: -682.7819595290479.
2026-07-16 00:05:41,501 - INFO - Optimal value of theta: 521.9772189703624.
2026-07-16 00:05:41,501 - INFO - Beginning optimization with guess, [1.495197   0.51006619 0.17635921 0.08846792].
2026-07-16 00:05:56,610 - INFO - Finished optimization with guess, [1.495197   0.51006619 0.17635921 0.08846792].
2026-07-16 00:05:56,612 - INFO - Best fit parameters: [ 0.69539177 25.88358576  0.10040551  0.03905697].
2026-07-16 00:05:57,319 - INFO - Maximum log composite likelihood: -642.3224203097819.
2026-07-16 00:05:57,319 - INFO - Optimal value of theta: 379.72930186399594.
2026-07-16 00:05:57,319 - INFO - Beginning optimization with guess, [0.50306218 0.71241793 0.05011521 0.17641657].
2026-07-16 00:06:12,294 - INFO - Finished optimization with guess, [0.50306218 0.71241793 0.05011521 0.17641657].
2026-07-16 00:06:12,295 - INFO - Best fit parameters: [ 0.46310717 31.7403436   0.04788995  0.04168118].
2026-07-16 00:06:13,060 - INFO - Maximum log composite likelihood: -662.2514727982616.
2026-07-16 00:06:13,060 - INFO - Optimal value of theta: 375.5669266498317.
2026-07-16 00:06:13,060 - INFO - Beginning optimization with guess, [0.70403968 2.28774179 0.07483253 0.05720752].
2026-07-16 00:06:28,547 - INFO - Finished optimization with guess, [0.70403968 2.28774179 0.07483253 0.05720752].
2026-07-16 00:06:28,548 - INFO - Best fit parameters: [ 0.24817176 10.42968711  0.09002406  0.02743204].
2026-07-16 00:06:29,341 - INFO - Maximum log composite likelihood: -566.8410195004528.
2026-07-16 00:06:29,342 - INFO - Optimal value of theta: 627.3016352744497.
2026-07-16 00:06:29,342 - INFO - Beginning optimization with guess, [1.21042411 1.01293074 0.10818918 0.06505347].
2026-07-16 00:06:45,393 - INFO - Finished optimization with guess, [1.21042411 1.01293074 0.10818918 0.06505347].
2026-07-16 00:06:45,395 - INFO - Best fit parameters: [4.61203473e-01 3.71328479e+01 9.18336945e-02 1.33607768e-02].
2026-07-16 00:06:46,188 - INFO - Maximum log composite likelihood: -679.7055172188633.
2026-07-16 00:06:46,188 - INFO - Optimal value of theta: 640.7060670861599.
2026-07-16 00:06:46,188 - INFO - Beginning optimization with guess, [1.48510056 2.51829753 0.12968153 0.052363  ].
2026-07-16 00:07:02,327 - INFO - Finished optimization with guess, [1.48510056 2.51829753 0.12968153 0.052363  ].
2026-07-16 00:07:02,328 - INFO - Best fit parameters: [ 0.3840758  16.98527253  0.11534611  0.01971401].
2026-07-16 00:07:03,153 - INFO - Maximum log composite likelihood: -572.4418604744823.
2026-07-16 00:07:03,153 - INFO - Optimal value of theta: 618.7181024561703.
2026-07-16 00:07:03,153 - INFO - Beginning optimization with guess, [3.95654264 3.33488136 0.06724299 0.07539921].
2026-07-16 00:07:18,530 - INFO - Finished optimization with guess, [3.95654264 3.33488136 0.06724299 0.07539921].
2026-07-16 00:07:18,531 - INFO - Best fit parameters: [2.24412616e+00 3.35992757e+01 1.75561163e-02 2.27831091e-02].
2026-07-16 00:07:19,234 - INFO - Maximum log composite likelihood: -668.4851017683784.
2026-07-16 00:07:19,234 - INFO - Optimal value of theta: 387.76933921190033.
2026-07-16 00:07:19,234 - INFO - Beginning optimization with guess, [1.43418462 3.54991652 0.15261959 0.05325591].
2026-07-16 00:07:34,796 - INFO - Finished optimization with guess, [1.43418462 3.54991652 0.15261959 0.05325591].
2026-07-16 00:07:34,797 - INFO - Best fit parameters: [ 0.35097578 15.33964085  0.13670609  0.02041561].
2026-07-16 00:07:35,603 - INFO - Maximum log composite likelihood: -559.4718812123967.
2026-07-16 00:07:35,603 - INFO - Optimal value of theta: 641.2238088845279.
2026-07-16 00:07:35,603 - INFO - Beginning optimization with guess, [1.45627077 2.08476462 0.0512841  0.13509529].
2026-07-16 00:07:51,517 - INFO - Finished optimization with guess, [1.45627077 2.08476462 0.0512841  0.13509529].
2026-07-16 00:07:51,521 - INFO - Best fit parameters: [7.13168648e-01 3.05134815e+01 4.39409354e-02 2.60653464e-02].
2026-07-16 00:07:52,308 - INFO - Maximum log composite likelihood: -631.9324886892357.
2026-07-16 00:07:52,308 - INFO - Optimal value of theta: 434.01216827924986.
2026-07-16 00:07:52,308 - INFO - Beginning optimization with guess, [4.28309273 2.76876017 0.07762828 0.05547987].
2026-07-16 00:08:08,324 - INFO - Finished optimization with guess, [4.28309273 2.76876017 0.07762828 0.05547987].
2026-07-16 00:08:08,325 - INFO - Best fit parameters: [2.65314832e+00 3.07326774e+01 1.68357622e-02 2.23472503e-02].
2026-07-16 00:08:09,107 - INFO - Maximum log composite likelihood: -672.5921005337635.
2026-07-16 00:08:09,107 - INFO - Optimal value of theta: 387.01060550939815.
2026-07-16 00:08:09,107 - INFO - Beginning optimization with guess, [2.42440706 2.96157043 0.07873991 0.09398657].
2026-07-16 00:08:24,893 - INFO - Finished optimization with guess, [2.42440706 2.96157043 0.07873991 0.09398657].
2026-07-16 00:08:24,894 - INFO - Best fit parameters: [6.56501888e-01 3.17057696e+01 4.42058334e-02 3.02270793e-02].
2026-07-16 00:08:25,710 - INFO - Maximum log composite likelihood: -628.440428675153.
2026-07-16 00:08:25,710 - INFO - Optimal value of theta: 412.4204653815036.
2026-07-16 00:08:25,710 - INFO - Beginning optimization with guess, [5.35857736 4.76690339 0.09631792 0.17247772].
2026-07-16 00:08:41,288 - INFO - Finished optimization with guess, [5.35857736 4.76690339 0.09631792 0.17247772].
2026-07-16 00:08:41,289 - INFO - Best fit parameters: [2.43397133e+00 2.46480737e+01 2.35071540e-02 1.19670415e-02].
2026-07-16 00:08:42,075 - INFO - Maximum log composite likelihood: -768.8322439063843.
2026-07-16 00:08:42,076 - INFO - Optimal value of theta: 452.60317078606096.
2026-07-16 00:08:42,076 - INFO - Beginning optimization with guess, [4.6864617  2.2640777  0.10235785 0.0520054 ].
2026-07-16 00:08:56,954 - INFO - Finished optimization with guess, [4.6864617  2.2640777  0.10235785 0.0520054 ].
2026-07-16 00:08:56,955 - INFO - Best fit parameters: [2.92822191e+00 2.88954517e+01 1.72847924e-02 1.87001089e-02].
2026-07-16 00:08:57,744 - INFO - Maximum log composite likelihood: -682.1078119899372.
2026-07-16 00:08:57,744 - INFO - Optimal value of theta: 404.97420669408996.
2026-07-16 00:08:57,745 - INFO - Beginning optimization with guess, [5.36828605 4.77698642 0.08849429 0.06649113].
2026-07-16 00:09:13,365 - INFO - Finished optimization with guess, [5.36828605 4.77698642 0.08849429 0.06649113].
2026-07-16 00:09:13,367 - INFO - Best fit parameters: [3.08867196e+00 4.55873854e+01 1.20050149e-02 1.67143997e-02].
2026-07-16 00:09:14,161 - INFO - Maximum log composite likelihood: -666.3779357606506.
2026-07-16 00:09:14,161 - INFO - Optimal value of theta: 421.36417022565917.
2026-07-16 00:09:14,162 - INFO - Beginning optimization with guess, [3.16381743 4.2631326  0.12435852 0.06564346].
2026-07-16 00:09:33,493 - INFO - Finished optimization with guess, [3.16381743 4.2631326  0.12435852 0.06564346].
2026-07-16 00:09:33,494 - INFO - Best fit parameters: [ 0.49137687 28.25234647  0.05628369  0.02857776].
2026-07-16 00:09:34,287 - INFO - Maximum log composite likelihood: -602.4527786737433.
2026-07-16 00:09:34,287 - INFO - Optimal value of theta: 454.54818189785146.
2026-07-16 00:09:34,287 - INFO - Beginning optimization with guess, [5.18936519 7.646733   0.05132954 0.07659946].
2026-07-16 00:09:49,733 - INFO - Finished optimization with guess, [5.18936519 7.646733   0.05132954 0.07659946].
2026-07-16 00:09:49,734 - INFO - Best fit parameters: [3.68606849e+00 3.92386002e+01 1.35726474e-02 2.15481168e-02].
2026-07-16 00:09:50,558 - INFO - Maximum log composite likelihood: -659.9248214702774.
2026-07-16 00:09:50,558 - INFO - Optimal value of theta: 383.6162894317399.
2026-07-16 00:09:50,558 - INFO - Beginning optimization with guess, [2.69945439 8.70136927 0.08165395 0.12426057].
2026-07-16 00:10:09,933 - INFO - Finished optimization with guess, [2.69945439 8.70136927 0.08165395 0.12426057].
2026-07-16 00:10:09,934 - INFO - Best fit parameters: [ 0.51920355 20.39285541  0.03049942  0.02523533].
2026-07-16 00:10:10,700 - INFO - Maximum log composite likelihood: -638.3163880115061.
2026-07-16 00:10:10,700 - INFO - Optimal value of theta: 476.06207083751474.
2026-07-16 00:10:10,700 - INFO - Beginning optimization with guess, [4.00011903 3.80102008 0.12411378 0.05884776].
2026-07-16 00:10:26,256 - INFO - Finished optimization with guess, [4.00011903 3.80102008 0.12411378 0.05884776].
2026-07-16 00:10:26,257 - INFO - Best fit parameters: [7.36393050e-01 3.99989748e+01 2.89265923e-02 2.97962891e-02].
2026-07-16 00:10:27,061 - INFO - Maximum log composite likelihood: -645.7645158825762.
2026-07-16 00:10:27,061 - INFO - Optimal value of theta: 395.7609359516487.
2026-07-16 00:10:27,061 - INFO - Beginning optimization with guess, [2.94357478 5.88341699 0.0615806  0.09810141].
2026-07-16 00:10:46,468 - INFO - Finished optimization with guess, [2.94357478 5.88341699 0.0615806  0.09810141].
2026-07-16 00:10:46,469 - INFO - Best fit parameters: [8.05475706e-01 3.42318785e+01 2.47503801e-02 2.47473087e-02].
2026-07-16 00:10:47,224 - INFO - Maximum log composite likelihood: -648.7314003884574.
2026-07-16 00:10:47,224 - INFO - Optimal value of theta: 425.6512122342411.
2026-07-16 00:10:47,226 - INFO - Converting and interpreting Tau estimates.
2026-07-16 00:10:47,229 - INFO - Finished demographic inference.
2026-07-16 00:10:47,229 - INFO - Pipeline executed succesfully.
