2026-07-16 00:06:02,405 - INFO - Beginning execution of fit_demographic_model.py in directory /u/project/kirk-bigdata/jonmah/sample_size_demography/Scripts

2026-07-16 00:06:02,405 - INFO - Progress is being logged to ../Analysis/tennessen_ooa_670/log.log

2026-07-16 00:06:02,405 - INFO - Parsed the following arguments:
	syn_input_sfs = ../Simulations/tennessen/ooa_670_sfs/dadi/pop1.sfs
	mask_singletons = False
	mask_doubletons = False
	sum_alleles = False
	L_syn = 100000000.0
	model_type = three_epoch
	input_params = []
	outprefix = ../Analysis/tennessen_ooa_670/

2026-07-16 00:06:02,408 - INFO - Beginning demographic inference for three-epoch demographic model.
2026-07-16 00:06:02,410 - INFO - Beginning optimization with guess, [0.0186278  0.01548897 0.18415106 0.12089897].
2026-07-16 00:06:50,276 - INFO - Finished optimization with guess, [0.0186278  0.01548897 0.18415106 0.12089897].
2026-07-16 00:06:50,277 - INFO - Best fit parameters: [0.01022184 0.01278755 0.18706219 0.26279116].
2026-07-16 00:06:53,638 - INFO - Maximum log composite likelihood: -2974.675409805597.
2026-07-16 00:06:53,639 - INFO - Optimal value of theta: 62017.78263196384.
2026-07-16 00:06:53,639 - INFO - Beginning optimization with guess, [0.02256199 0.04703773 0.0857896  0.06264084].
2026-07-16 00:07:45,567 - INFO - Finished optimization with guess, [0.02256199 0.04703773 0.0857896  0.06264084].
2026-07-16 00:07:45,569 - INFO - Best fit parameters: [0.01047249 0.07436556 0.15624901 0.0549027 ].
2026-07-16 00:07:48,266 - INFO - Maximum log composite likelihood: -2749.6754916608643.
2026-07-16 00:07:48,266 - INFO - Optimal value of theta: 12932.46688296081.
2026-07-16 00:07:48,266 - INFO - Beginning optimization with guess, [0.07804386 0.02590576 0.06613655 0.19702516].
2026-07-16 00:08:31,821 - INFO - Finished optimization with guess, [0.07804386 0.02590576 0.06613655 0.19702516].
2026-07-16 00:08:31,823 - INFO - Best fit parameters: [0.0717556  0.01351786 0.07122873 0.417617  ].
2026-07-16 00:08:35,050 - INFO - Maximum log composite likelihood: -2974.6754100265484.
2026-07-16 00:08:35,050 - INFO - Optimal value of theta: 58667.21487120698.
2026-07-16 00:08:35,051 - INFO - Beginning optimization with guess, [0.04609126 0.05212259 0.09644093 0.12289571].
2026-07-16 00:10:12,258 - INFO - Finished optimization with guess, [0.04609126 0.05212259 0.09644093 0.12289571].
2026-07-16 00:10:12,260 - INFO - Best fit parameters: [0.01706647 0.12957052 0.18276135 0.09405096].
2026-07-16 00:10:14,677 - INFO - Maximum log composite likelihood: -2750.012491979178.
2026-07-16 00:10:14,677 - INFO - Optimal value of theta: 7459.967726334932.
2026-07-16 00:10:14,677 - INFO - Beginning optimization with guess, [0.07004678 0.19778032 0.17983937 0.05166432].
2026-07-16 00:11:21,485 - INFO - Finished optimization with guess, [0.07004678 0.19778032 0.17983937 0.05166432].
2026-07-16 00:11:21,487 - INFO - Best fit parameters: [0.10124828 1.18689572 0.11880408 0.00864239].
2026-07-16 00:11:23,643 - INFO - Maximum log composite likelihood: -1231.8163613636038.
2026-07-16 00:11:23,644 - INFO - Optimal value of theta: 2032.078989047994.
2026-07-16 00:11:23,644 - INFO - Beginning optimization with guess, [0.41506978 0.16201682 0.11577359 0.08401776].
2026-07-16 00:12:10,980 - INFO - Finished optimization with guess, [0.41506978 0.16201682 0.11577359 0.08401776].
2026-07-16 00:12:10,985 - INFO - Best fit parameters: [0.16085727 0.91617916 0.20508942 0.19793049].
2026-07-16 00:12:13,335 - INFO - Maximum log composite likelihood: -2524.7707000196283.
2026-07-16 00:12:13,336 - INFO - Optimal value of theta: 1130.0209088068739.
2026-07-16 00:12:13,336 - INFO - Beginning optimization with guess, [0.80229609 0.44568311 0.51312784 0.17896995].
2026-07-16 00:12:57,755 - INFO - Finished optimization with guess, [0.80229609 0.44568311 0.51312784 0.17896995].
2026-07-16 00:12:57,757 - INFO - Best fit parameters: [0.30708148 4.01320523 0.58609432 0.11078412].
2026-07-16 00:12:59,959 - INFO - Maximum log composite likelihood: -1868.2647452444737.
2026-07-16 00:12:59,959 - INFO - Optimal value of theta: 515.3903510874777.
2026-07-16 00:12:59,959 - INFO - Beginning optimization with guess, [0.41158806 0.65327302 0.06137214 0.14962315].
2026-07-16 00:13:43,255 - INFO - Finished optimization with guess, [0.41158806 0.65327302 0.06137214 0.14962315].
2026-07-16 00:13:43,256 - INFO - Best fit parameters: [3.57773409e-01 5.39767643e+01 6.17969167e-02 3.12064144e-02].
2026-07-16 00:13:45,389 - INFO - Maximum log composite likelihood: -855.8480707691516.
2026-07-16 00:13:45,390 - INFO - Optimal value of theta: 421.09289503676723.
2026-07-16 00:13:45,390 - INFO - Beginning optimization with guess, [0.91440531 0.60947275 0.0874183  0.12265933].
2026-07-16 00:14:28,390 - INFO - Finished optimization with guess, [0.91440531 0.60947275 0.0874183  0.12265933].
2026-07-16 00:14:28,392 - INFO - Best fit parameters: [7.12307948e-01 4.59159705e+01 7.00881797e-02 3.55020047e-02].
2026-07-16 00:14:30,525 - INFO - Maximum log composite likelihood: -797.1957766326797.
2026-07-16 00:14:30,525 - INFO - Optimal value of theta: 358.24724055255336.
2026-07-16 00:14:30,526 - INFO - Beginning optimization with guess, [1.45581606 1.64963348 0.07650015 0.10673264].
2026-07-16 00:15:12,949 - INFO - Finished optimization with guess, [1.45581606 1.64963348 0.07650015 0.10673264].
2026-07-16 00:15:12,951 - INFO - Best fit parameters: [5.46892905e-01 1.70627074e+02 1.02246938e-01 1.65735737e-02].
2026-07-16 00:15:15,079 - INFO - Maximum log composite likelihood: -859.4933018466473.
2026-07-16 00:15:15,079 - INFO - Optimal value of theta: 532.0681812539011.
2026-07-16 00:15:15,080 - INFO - Beginning optimization with guess, [1.9914912  0.96556497 0.09276203 0.18440727].
2026-07-16 00:15:57,500 - INFO - Finished optimization with guess, [1.9914912  0.96556497 0.09276203 0.18440727].
2026-07-16 00:15:57,501 - INFO - Best fit parameters: [9.56336327e-01 6.70552323e+01 6.07513102e-02 3.19658955e-02].
2026-07-16 00:15:59,623 - INFO - Maximum log composite likelihood: -813.9558232599527.
2026-07-16 00:15:59,623 - INFO - Optimal value of theta: 346.8670532706009.
2026-07-16 00:15:59,624 - INFO - Beginning optimization with guess, [1.20806455 3.0989139  0.07919058 0.07006171].
2026-07-16 00:16:42,168 - INFO - Finished optimization with guess, [1.20806455 3.0989139  0.07919058 0.07006171].
2026-07-16 00:16:42,172 - INFO - Best fit parameters: [ 0.35610532 20.7295038   0.0923507   0.02354403].
2026-07-16 00:16:44,300 - INFO - Maximum log composite likelihood: -693.2800254890285.
2026-07-16 00:16:44,300 - INFO - Optimal value of theta: 555.1489735337906.
2026-07-16 00:16:44,300 - INFO - Beginning optimization with guess, [1.34921858 1.21587115 0.10287381 0.09506398].
2026-07-16 00:17:26,707 - INFO - Finished optimization with guess, [1.34921858 1.21587115 0.10287381 0.09506398].
2026-07-16 00:17:26,710 - INFO - Best fit parameters: [8.72706471e-01 2.88680397e+02 7.36774601e-02 7.29161097e-03].
2026-07-16 00:17:28,831 - INFO - Maximum log composite likelihood: -1134.922501014692.
2026-07-16 00:17:28,831 - INFO - Optimal value of theta: 618.9673659081493.
2026-07-16 00:17:28,831 - INFO - Beginning optimization with guess, [2.37361251 1.19902486 0.1089303  0.06709924].
2026-07-16 00:18:11,362 - INFO - Finished optimization with guess, [2.37361251 1.19902486 0.1089303  0.06709924].
2026-07-16 00:18:11,363 - INFO - Best fit parameters: [7.61110755e-01 6.24899948e+01 5.98121415e-02 2.18580516e-02].
2026-07-16 00:18:13,468 - INFO - Maximum log composite likelihood: -772.1037751040658.
2026-07-16 00:18:13,469 - INFO - Optimal value of theta: 437.8127074725768.
2026-07-16 00:18:13,469 - INFO - Beginning optimization with guess, [2.82974427 1.58452379 0.16170816 0.05944964].
2026-07-16 00:18:57,173 - INFO - Finished optimization with guess, [2.82974427 1.58452379 0.16170816 0.05944964].
2026-07-16 00:18:57,178 - INFO - Best fit parameters: [6.06152781e-01 4.37533952e+01 8.20613874e-02 2.25571454e-02].
2026-07-16 00:18:59,402 - INFO - Maximum log composite likelihood: -737.3497313463205.
2026-07-16 00:18:59,402 - INFO - Optimal value of theta: 466.704567104338.
2026-07-16 00:18:59,403 - INFO - Beginning optimization with guess, [3.84597992 4.69872988 0.06756284 0.10769011].
2026-07-16 00:19:44,406 - INFO - Finished optimization with guess, [3.84597992 4.69872988 0.06756284 0.10769011].
2026-07-16 00:19:44,409 - INFO - Best fit parameters: [1.96011195e+00 3.51944162e+01 2.38641426e-02 2.48104253e-02].
2026-07-16 00:19:46,710 - INFO - Maximum log composite likelihood: -802.3453927659481.
2026-07-16 00:19:46,710 - INFO - Optimal value of theta: 371.1274238330191.
2026-07-16 00:19:46,710 - INFO - Beginning optimization with guess, [5.50168294 3.36315018 0.08556208 0.16259837].
2026-07-16 00:20:31,950 - INFO - Finished optimization with guess, [5.50168294 3.36315018 0.08556208 0.16259837].
2026-07-16 00:20:31,956 - INFO - Best fit parameters: [3.18676132e+00 7.42193856e+01 2.39164682e-02 1.95966808e-02].
2026-07-16 00:20:34,152 - INFO - Maximum log composite likelihood: -788.1170504216019.
2026-07-16 00:20:34,152 - INFO - Optimal value of theta: 363.4790885717569.
2026-07-16 00:20:34,153 - INFO - Beginning optimization with guess, [2.77066338 3.69819074 0.06990648 0.16719674].
2026-07-16 00:21:17,959 - INFO - Finished optimization with guess, [2.77066338 3.69819074 0.06990648 0.16719674].
2026-07-16 00:21:17,960 - INFO - Best fit parameters: [ 1.54136777 22.42450117  0.04309809  0.02800494].
2026-07-16 00:21:20,153 - INFO - Maximum log composite likelihood: -860.5933566196468.
2026-07-16 00:21:20,153 - INFO - Optimal value of theta: 376.6699510529784.
2026-07-16 00:21:20,154 - INFO - Beginning optimization with guess, [3.14898848 4.58356529 0.07954883 0.09406983].
2026-07-16 00:22:03,242 - INFO - Finished optimization with guess, [3.14898848 4.58356529 0.07954883 0.09406983].
2026-07-16 00:22:03,244 - INFO - Best fit parameters: [9.85982912e-01 3.74851113e+01 3.13852506e-02 2.76596841e-02].
2026-07-16 00:22:05,365 - INFO - Maximum log composite likelihood: -774.7072988523167.
2026-07-16 00:22:05,365 - INFO - Optimal value of theta: 387.13824751332305.
2026-07-16 00:22:05,365 - INFO - Beginning optimization with guess, [4.02896007 3.73169874 0.09430535 0.05657042].
2026-07-16 00:22:48,252 - INFO - Finished optimization with guess, [4.02896007 3.73169874 0.09430535 0.05657042].
2026-07-16 00:22:48,254 - INFO - Best fit parameters: [1.20157988e+00 4.42526912e+01 2.32901219e-02 2.04092669e-02].
2026-07-16 00:22:50,377 - INFO - Maximum log composite likelihood: -784.6949054393757.
2026-07-16 00:22:50,377 - INFO - Optimal value of theta: 421.4937367582571.
2026-07-16 00:22:50,377 - INFO - Beginning optimization with guess, [5.28238948 4.34461937 0.1153575  0.07086317].
2026-07-16 00:23:33,094 - INFO - Finished optimization with guess, [5.28238948 4.34461937 0.1153575  0.07086317].
2026-07-16 00:23:33,096 - INFO - Best fit parameters: [2.04988404e+00 4.18850501e+01 1.88173671e-02 2.23990644e-02].
2026-07-16 00:23:35,220 - INFO - Maximum log composite likelihood: -785.9095196165122.
2026-07-16 00:23:35,220 - INFO - Optimal value of theta: 382.8499101335198.
2026-07-16 00:23:35,220 - INFO - Beginning optimization with guess, [2.47743897 2.167142   0.06791836 0.05434599].
2026-07-16 00:24:17,712 - INFO - Finished optimization with guess, [2.47743897 2.167142   0.06791836 0.05434599].
2026-07-16 00:24:17,713 - INFO - Best fit parameters: [4.97595160e-01 4.13233250e+01 3.84671683e-02 2.05416268e-02].
2026-07-16 00:24:19,808 - INFO - Maximum log composite likelihood: -768.155759895339.
2026-07-16 00:24:19,809 - INFO - Optimal value of theta: 494.55072700224474.
2026-07-16 00:24:19,809 - INFO - Beginning optimization with guess, [6.06240663 5.47558319 0.10581796 0.0502302 ].
2026-07-16 00:25:02,239 - INFO - Finished optimization with guess, [6.06240663 5.47558319 0.10581796 0.0502302 ].
2026-07-16 00:25:02,240 - INFO - Best fit parameters: [3.76571649e+00 4.25713584e+01 1.51853178e-02 1.97663029e-02].
2026-07-16 00:25:04,363 - INFO - Maximum log composite likelihood: -784.7405689098548.
2026-07-16 00:25:04,364 - INFO - Optimal value of theta: 384.3790921237886.
2026-07-16 00:25:04,364 - INFO - Beginning optimization with guess, [3.77938049 4.60477045 0.08042402 0.07808458].
2026-07-16 00:25:46,879 - INFO - Finished optimization with guess, [3.77938049 4.60477045 0.08042402 0.07808458].
2026-07-16 00:25:46,881 - INFO - Best fit parameters: [1.00928160e+00 4.71607892e+01 2.25989568e-02 2.55064891e-02].
2026-07-16 00:25:49,013 - INFO - Maximum log composite likelihood: -773.005053354152.
2026-07-16 00:25:49,013 - INFO - Optimal value of theta: 392.29689851972097.
2026-07-16 00:25:49,013 - INFO - Beginning optimization with guess, [4.02694144 9.39189626 0.14600268 0.07222583].
2026-07-16 00:26:33,104 - INFO - Finished optimization with guess, [4.02694144 9.39189626 0.14600268 0.07222583].
2026-07-16 00:26:33,107 - INFO - Best fit parameters: [5.69118562e-01 4.60396049e+01 6.33207430e-02 2.89810153e-02].
2026-07-16 00:26:35,360 - INFO - Maximum log composite likelihood: -764.506274918809.
2026-07-16 00:26:35,360 - INFO - Optimal value of theta: 412.33385961000954.
2026-07-16 00:26:35,365 - INFO - Converting and interpreting Tau estimates.
2026-07-16 00:26:35,370 - INFO - Finished demographic inference.
2026-07-16 00:26:35,370 - INFO - Pipeline executed succesfully.
