2026-07-21 17:17:44,737 - INFO - Beginning execution of fit_demographic_model.py in directory /u/project/kirk-bigdata/jonmah/sample_size_demography/Scripts

2026-07-21 17:17:44,737 - INFO - Progress is being logged to ../Analysis/1KG_IBS_90/log.log

2026-07-21 17:17:44,737 - INFO - Parsed the following arguments:
	syn_input_sfs = ../Analysis/1KG_IBS_90/syn_downsampled_sfs.txt
	mask_singletons = False
	mask_doubletons = False
	sum_alleles = False
	L_syn = 100000000.0
	model_type = three_epoch
	input_params = []
	outprefix = ../Analysis/1KG_IBS_90/

2026-07-21 17:17:44,739 - INFO - Beginning demographic inference for three-epoch demographic model.
2026-07-21 17:17:44,741 - INFO - Beginning optimization with guess, [0.00661722 0.01047636 0.07212437 0.16455909].
2026-07-21 17:17:54,777 - INFO - Finished optimization with guess, [0.00661722 0.01047636 0.07212437 0.16455909].
2026-07-21 17:17:54,778 - INFO - Best fit parameters: [0.00582735 0.03676529 0.0723974  0.05406096].
2026-07-21 17:17:54,965 - INFO - Maximum log composite likelihood: -1779.3298782100394.
2026-07-21 17:17:54,965 - INFO - Optimal value of theta: 210088.31740905714.
2026-07-21 17:17:54,965 - INFO - Beginning optimization with guess, [0.0294085  0.02747989 0.18138635 0.08159176].
2026-07-21 17:18:12,804 - INFO - Finished optimization with guess, [0.0294085  0.02747989 0.18138635 0.08159176].
2026-07-21 17:18:12,805 - INFO - Best fit parameters: [0.00584713 0.06823571 0.29515838 0.10992939].
2026-07-21 17:18:13,212 - INFO - Maximum log composite likelihood: -1779.6002206402554.
2026-07-21 17:18:13,212 - INFO - Optimal value of theta: 112403.67475327321.
2026-07-21 17:18:13,213 - INFO - Beginning optimization with guess, [0.05290489 0.03142911 0.13904449 0.11472602].
2026-07-21 17:18:18,278 - INFO - Finished optimization with guess, [0.05290489 0.03142911 0.13904449 0.11472602].
2026-07-21 17:18:18,278 - INFO - Best fit parameters: [0.03275733 0.02014143 0.20193114 0.23083951].
2026-07-21 17:18:18,461 - INFO - Maximum log composite likelihood: -2003.0723997203318.
2026-07-21 17:18:18,461 - INFO - Optimal value of theta: 340444.5665644037.
2026-07-21 17:18:18,462 - INFO - Beginning optimization with guess, [0.10362913 0.07775953 0.1935831  0.16139463].
2026-07-21 17:18:22,520 - INFO - Finished optimization with guess, [0.10362913 0.07775953 0.1935831  0.16139463].
2026-07-21 17:18:22,521 - INFO - Best fit parameters: [0.02523645 0.15504564 0.38442117 0.23186167].
2026-07-21 17:18:22,697 - INFO - Maximum log composite likelihood: -1779.1855381708633.
2026-07-21 17:18:22,697 - INFO - Optimal value of theta: 49632.25558262045.
2026-07-21 17:18:22,697 - INFO - Beginning optimization with guess, [0.18504232 0.13032187 0.06333017 0.06118885].
2026-07-21 17:18:25,656 - INFO - Finished optimization with guess, [0.18504232 0.13032187 0.06333017 0.06118885].
2026-07-21 17:18:25,657 - INFO - Best fit parameters: [0.09396017 0.50101584 0.1099294  0.12049217].
2026-07-21 17:18:25,734 - INFO - Maximum log composite likelihood: -1387.3485929065828.
2026-07-21 17:18:25,734 - INFO - Optimal value of theta: 16207.144401502163.
2026-07-21 17:18:25,735 - INFO - Beginning optimization with guess, [0.15291096 0.23028613 0.0560093  0.12892072].
2026-07-21 17:18:28,124 - INFO - Finished optimization with guess, [0.15291096 0.23028613 0.0560093  0.12892072].
2026-07-21 17:18:28,125 - INFO - Best fit parameters: [0.08412914 0.71961488 0.09103664 0.16371625].
2026-07-21 17:18:28,202 - INFO - Maximum log composite likelihood: -1291.1645509087466.
2026-07-21 17:18:28,203 - INFO - Optimal value of theta: 12830.637669890451.
2026-07-21 17:18:28,203 - INFO - Beginning optimization with guess, [0.32851926 0.60475709 0.78756537 0.13036173].
2026-07-21 17:18:30,979 - INFO - Finished optimization with guess, [0.32851926 0.60475709 0.78756537 0.13036173].
2026-07-21 17:18:30,979 - INFO - Best fit parameters: [0.33610999 4.56505027 0.42901746 0.02074727].
2026-07-21 17:18:31,056 - INFO - Maximum log composite likelihood: -206.11746031242228.
2026-07-21 17:18:31,056 - INFO - Optimal value of theta: 11617.319766992763.
2026-07-21 17:18:31,056 - INFO - Beginning optimization with guess, [0.43431934 1.16691842 0.12461682 0.18445425].
2026-07-21 17:18:33,203 - INFO - Finished optimization with guess, [0.43431934 1.16691842 0.12461682 0.18445425].
2026-07-21 17:18:33,204 - INFO - Best fit parameters: [0.38144297 2.8186898  0.1164977  0.0585385 ].
2026-07-21 17:18:33,274 - INFO - Maximum log composite likelihood: -268.03269076936226.
2026-07-21 17:18:33,274 - INFO - Optimal value of theta: 7093.393899748623.
2026-07-21 17:18:33,274 - INFO - Beginning optimization with guess, [0.8721241  0.6155708  0.06144236 0.15573818].
2026-07-21 17:18:35,375 - INFO - Finished optimization with guess, [0.8721241  0.6155708  0.06144236 0.15573818].
2026-07-21 17:18:35,376 - INFO - Best fit parameters: [0.42174707 5.98463651 0.06573972 0.04372555].
2026-07-21 17:18:35,446 - INFO - Maximum log composite likelihood: -212.0040757119168.
2026-07-21 17:18:35,446 - INFO - Optimal value of theta: 6509.431927659855.
2026-07-21 17:18:35,446 - INFO - Beginning optimization with guess, [0.63463356 1.81075548 0.09475841 0.10203466].
2026-07-21 17:18:37,553 - INFO - Finished optimization with guess, [0.63463356 1.81075548 0.09475841 0.10203466].
2026-07-21 17:18:37,554 - INFO - Best fit parameters: [0.49363319 4.78849705 0.09424815 0.04521318].
2026-07-21 17:18:37,623 - INFO - Maximum log composite likelihood: -204.3622889158736.
2026-07-21 17:18:37,623 - INFO - Optimal value of theta: 6499.737855755983.
2026-07-21 17:18:37,624 - INFO - Beginning optimization with guess, [1.9257786  1.10714813 0.07383136 0.17091187].
2026-07-21 17:18:39,719 - INFO - Finished optimization with guess, [1.9257786  1.10714813 0.07383136 0.17091187].
2026-07-21 17:18:39,721 - INFO - Best fit parameters: [0.93537034 2.38470237 0.05227871 0.05400766].
2026-07-21 17:18:39,790 - INFO - Maximum log composite likelihood: -666.0465114103581.
2026-07-21 17:18:39,790 - INFO - Optimal value of theta: 5828.829822017835.
2026-07-21 17:18:39,790 - INFO - Beginning optimization with guess, [1.87869452 1.02952156 0.06140594 0.08099644].
2026-07-21 17:18:42,556 - INFO - Finished optimization with guess, [1.87869452 1.02952156 0.06140594 0.08099644].
2026-07-21 17:18:42,556 - INFO - Best fit parameters: [0.49873438 7.43814306 0.03271673 0.04673269].
2026-07-21 17:18:42,626 - INFO - Maximum log composite likelihood: -255.8224476777458.
2026-07-21 17:18:42,626 - INFO - Optimal value of theta: 5795.717062625567.
2026-07-21 17:18:42,626 - INFO - Beginning optimization with guess, [2.17365602 3.78517235 0.18278134 0.10421493].
2026-07-21 17:18:44,757 - INFO - Finished optimization with guess, [2.17365602 3.78517235 0.18278134 0.10421493].
2026-07-21 17:18:44,757 - INFO - Best fit parameters: [0.453281   3.48682899 0.13016061 0.0497169 ].
2026-07-21 17:18:44,828 - INFO - Maximum log composite likelihood: -225.49199542586462.
2026-07-21 17:18:44,828 - INFO - Optimal value of theta: 6907.185168443502.
2026-07-21 17:18:44,828 - INFO - Beginning optimization with guess, [1.65565891 3.49296267 0.09729794 0.09923426].
2026-07-21 17:18:46,927 - INFO - Finished optimization with guess, [1.65565891 3.49296267 0.09729794 0.09923426].
2026-07-21 17:18:46,928 - INFO - Best fit parameters: [0.42688413 4.44069917 0.09048323 0.05067083].
2026-07-21 17:18:46,998 - INFO - Maximum log composite likelihood: -213.59278625343484.
2026-07-21 17:18:46,998 - INFO - Optimal value of theta: 6593.3668010793.
2026-07-21 17:18:46,998 - INFO - Beginning optimization with guess, [3.96071354 2.64424915 0.14409991 0.08417527].
2026-07-21 17:18:49,079 - INFO - Finished optimization with guess, [3.96071354 2.64424915 0.14409991 0.08417527].
2026-07-21 17:18:49,080 - INFO - Best fit parameters: [0.46670778 8.36818434 0.01244078 0.04184714].
2026-07-21 17:18:49,149 - INFO - Maximum log composite likelihood: -300.9394257577686.
2026-07-21 17:18:49,149 - INFO - Optimal value of theta: 5669.135194946329.
2026-07-21 17:18:49,149 - INFO - Beginning optimization with guess, [2.45422617 3.32531475 0.06486187 0.17981947].
2026-07-21 17:18:51,223 - INFO - Finished optimization with guess, [2.45422617 3.32531475 0.06486187 0.17981947].
2026-07-21 17:18:51,224 - INFO - Best fit parameters: [1.09908287 4.37096808 0.03592568 0.03628308].
2026-07-21 17:18:51,293 - INFO - Maximum log composite likelihood: -452.4321587538643.
2026-07-21 17:18:51,293 - INFO - Optimal value of theta: 5642.14634500893.
2026-07-21 17:18:51,293 - INFO - Beginning optimization with guess, [4.03395508 2.55848672 0.08313431 0.12357437].
2026-07-21 17:18:53,364 - INFO - Finished optimization with guess, [4.03395508 2.55848672 0.08313431 0.12357437].
2026-07-21 17:18:53,364 - INFO - Best fit parameters: [2.37688694 6.86208537 0.01202052 0.02851899].
2026-07-21 17:18:53,433 - INFO - Maximum log composite likelihood: -381.89451582825563.
2026-07-21 17:18:53,433 - INFO - Optimal value of theta: 5560.245647165013.
2026-07-21 17:18:53,433 - INFO - Beginning optimization with guess, [2.31674909 2.92786711 0.09556306 0.12076218].
2026-07-21 17:18:55,569 - INFO - Finished optimization with guess, [2.31674909 2.92786711 0.09556306 0.12076218].
2026-07-21 17:18:55,570 - INFO - Best fit parameters: [0.43757127 6.25090104 0.04826164 0.04535676].
2026-07-21 17:18:55,639 - INFO - Maximum log composite likelihood: -214.6050810395285.
2026-07-21 17:18:55,639 - INFO - Optimal value of theta: 6210.63380160188.
2026-07-21 17:18:55,639 - INFO - Beginning optimization with guess, [3.73294032 2.64900374 0.137557   0.14006809].
2026-07-21 17:18:57,716 - INFO - Finished optimization with guess, [3.73294032 2.64900374 0.137557   0.14006809].
2026-07-21 17:18:57,717 - INFO - Best fit parameters: [0.89740159 4.20744116 0.02732688 0.03773394].
2026-07-21 17:18:57,786 - INFO - Maximum log composite likelihood: -432.9496529564468.
2026-07-21 17:18:57,786 - INFO - Optimal value of theta: 5755.502698510411.
2026-07-21 17:18:57,786 - INFO - Beginning optimization with guess, [4.48524151 3.24749721 0.10923961 0.086467  ].
2026-07-21 17:18:59,914 - INFO - Finished optimization with guess, [4.48524151 3.24749721 0.10923961 0.086467  ].
2026-07-21 17:18:59,914 - INFO - Best fit parameters: [2.20178066 7.23443817 0.00959268 0.0323473 ].
2026-07-21 17:18:59,983 - INFO - Maximum log composite likelihood: -379.6999502862601.
2026-07-21 17:18:59,983 - INFO - Optimal value of theta: 5493.664934891483.
2026-07-21 17:18:59,983 - INFO - Beginning optimization with guess, [2.13187108 5.34999652 0.10731449 0.05649157].
2026-07-21 17:19:02,514 - INFO - Finished optimization with guess, [2.13187108 5.34999652 0.10731449 0.05649157].
2026-07-21 17:19:02,514 - INFO - Best fit parameters: [0.50055952 6.61252254 0.07631615 0.04170559].
2026-07-21 17:19:02,584 - INFO - Maximum log composite likelihood: -205.77122993376997.
2026-07-21 17:19:02,584 - INFO - Optimal value of theta: 6352.720827916273.
2026-07-21 17:19:02,584 - INFO - Beginning optimization with guess, [2.58934055 4.21488931 0.15708947 0.15726643].
2026-07-21 17:19:04,897 - INFO - Finished optimization with guess, [2.58934055 4.21488931 0.15708947 0.15726643].
2026-07-21 17:19:04,898 - INFO - Best fit parameters: [0.3592236  3.5021707  0.07143704 0.0576728 ].
2026-07-21 17:19:04,968 - INFO - Maximum log composite likelihood: -232.35327571526318.
2026-07-21 17:19:04,968 - INFO - Optimal value of theta: 6661.004132092609.
2026-07-21 17:19:04,968 - INFO - Beginning optimization with guess, [3.97405213 4.82912536 0.08125545 0.05103803].
2026-07-21 17:19:07,034 - INFO - Finished optimization with guess, [3.97405213 4.82912536 0.08125545 0.05103803].
2026-07-21 17:19:07,034 - INFO - Best fit parameters: [2.28509199e+00 1.64896587e+01 8.61771829e-03 2.39475015e-02].
2026-07-21 17:19:07,103 - INFO - Maximum log composite likelihood: -322.1431868754611.
2026-07-21 17:19:07,103 - INFO - Optimal value of theta: 5604.098728547373.
2026-07-21 17:19:07,103 - INFO - Beginning optimization with guess, [2.75746922 2.77203236 0.10784523 0.12036887].
2026-07-21 17:19:09,392 - INFO - Finished optimization with guess, [2.75746922 2.77203236 0.10784523 0.12036887].
2026-07-21 17:19:09,392 - INFO - Best fit parameters: [0.38921937 6.7446062  0.03326147 0.0470218 ].
2026-07-21 17:19:09,461 - INFO - Maximum log composite likelihood: -224.34145302654042.
2026-07-21 17:19:09,461 - INFO - Optimal value of theta: 6076.108584501424.
2026-07-21 17:19:09,461 - INFO - Beginning optimization with guess, [4.16329955 5.12530011 0.12015103 0.11007957].
2026-07-21 17:19:11,528 - INFO - Finished optimization with guess, [4.16329955 5.12530011 0.12015103 0.11007957].
2026-07-21 17:19:11,529 - INFO - Best fit parameters: [1.35787477 6.07911583 0.0174712  0.03431314].
2026-07-21 17:19:11,598 - INFO - Maximum log composite likelihood: -396.9457898742917.
2026-07-21 17:19:11,598 - INFO - Optimal value of theta: 5518.30874193997.
2026-07-21 17:19:11,599 - INFO - Converting and interpreting Tau estimates.
2026-07-21 17:19:11,601 - INFO - Finished demographic inference.
2026-07-21 17:19:11,601 - INFO - Pipeline executed succesfully.
