2026-07-16 00:03:37,093 - INFO - Beginning execution of fit_demographic_model.py in directory /u/project/kirk-bigdata/jonmah/sample_size_demography/Scripts

2026-07-16 00:03:37,093 - INFO - Progress is being logged to ../Analysis/tennessen_ooa_610/log.log

2026-07-16 00:03:37,093 - INFO - Parsed the following arguments:
	syn_input_sfs = ../Simulations/tennessen/ooa_610_sfs/dadi/pop1.sfs
	mask_singletons = False
	mask_doubletons = False
	sum_alleles = False
	L_syn = 100000000.0
	model_type = three_epoch
	input_params = []
	outprefix = ../Analysis/tennessen_ooa_610/

2026-07-16 00:03:37,099 - INFO - Beginning demographic inference for three-epoch demographic model.
2026-07-16 00:03:37,104 - INFO - Beginning optimization with guess, [0.00751703 0.0105778  0.13347272 0.17928388].
2026-07-16 00:06:50,223 - INFO - Finished optimization with guess, [0.00751703 0.0105778  0.13347272 0.17928388].
2026-07-16 00:06:50,225 - INFO - Best fit parameters: [0.0060492  0.05148589 0.13346208 0.04099527].
2026-07-16 00:06:52,628 - INFO - Maximum log composite likelihood: -2540.8550483546965.
2026-07-16 00:06:52,628 - INFO - Optimal value of theta: 18090.09113591481.
2026-07-16 00:06:52,629 - INFO - Beginning optimization with guess, [0.01342973 0.01663932 0.14079003 0.06724287].
2026-07-16 00:08:05,800 - INFO - Finished optimization with guess, [0.01342973 0.01663932 0.14079003 0.06724287].
2026-07-16 00:08:05,802 - INFO - Best fit parameters: [0.00747299 0.0512524  0.14256627 0.03891749].
2026-07-16 00:08:08,168 - INFO - Maximum log composite likelihood: -2539.4624786419718.
2026-07-16 00:08:08,168 - INFO - Optimal value of theta: 18194.17011843305.
2026-07-16 00:08:08,169 - INFO - Beginning optimization with guess, [0.0548437  0.09999569 0.05293985 0.07518207].
2026-07-16 00:08:51,922 - INFO - Finished optimization with guess, [0.0548437  0.09999569 0.05293985 0.07518207].
2026-07-16 00:08:51,923 - INFO - Best fit parameters: [0.02479613 0.16190571 0.10719977 0.1008393 ].
2026-07-16 00:08:53,829 - INFO - Maximum log composite likelihood: -2529.466053066994.
2026-07-16 00:08:53,829 - INFO - Optimal value of theta: 5806.614175100555.
2026-07-16 00:08:53,829 - INFO - Beginning optimization with guess, [0.06297139 0.1118559  0.1064227  0.15440273].
2026-07-16 00:09:48,594 - INFO - Finished optimization with guess, [0.06297139 0.1118559  0.1064227  0.15440273].
2026-07-16 00:09:48,596 - INFO - Best fit parameters: [0.02590817 0.19492588 0.2149625  0.16432473].
2026-07-16 00:09:51,111 - INFO - Maximum log composite likelihood: -2541.7710057496947.
2026-07-16 00:09:51,111 - INFO - Optimal value of theta: 4714.479848082725.
2026-07-16 00:09:51,112 - INFO - Beginning optimization with guess, [0.12302476 0.0859576  0.13994173 0.18448363].
2026-07-16 00:10:32,999 - INFO - Finished optimization with guess, [0.12302476 0.0859576  0.13994173 0.18448363].
2026-07-16 00:10:33,004 - INFO - Best fit parameters: [0.07506767 0.05812097 0.20601501 0.43819232].
2026-07-16 00:10:35,472 - INFO - Maximum log composite likelihood: -2738.655136151763.
2026-07-16 00:10:35,473 - INFO - Optimal value of theta: 13267.32010792175.
2026-07-16 00:10:35,473 - INFO - Beginning optimization with guess, [0.1717734  0.2031952  0.15433483 0.14380131].
2026-07-16 00:11:28,969 - INFO - Finished optimization with guess, [0.1717734  0.2031952  0.15433483 0.14380131].
2026-07-16 00:11:28,973 - INFO - Best fit parameters: [0.10609306 0.41189419 0.22614122 0.15076316].
2026-07-16 00:11:30,860 - INFO - Maximum log composite likelihood: -2479.605391467183.
2026-07-16 00:11:30,860 - INFO - Optimal value of theta: 2223.7329810472615.
2026-07-16 00:11:30,860 - INFO - Beginning optimization with guess, [0.59571982 0.35545334 0.7702877  0.11490926].
2026-07-16 00:12:13,671 - INFO - Finished optimization with guess, [0.59571982 0.35545334 0.7702877  0.11490926].
2026-07-16 00:12:13,673 - INFO - Best fit parameters: [0.20382457 3.59431493 0.85709377 0.04085821].
2026-07-16 00:12:16,035 - INFO - Maximum log composite likelihood: -1497.3004482126291.
2026-07-16 00:12:16,036 - INFO - Optimal value of theta: 867.2713226341377.
2026-07-16 00:12:16,036 - INFO - Beginning optimization with guess, [1.30816118 1.11317021 0.05336676 0.13024907].
2026-07-16 00:12:52,640 - INFO - Finished optimization with guess, [1.30816118 1.11317021 0.05336676 0.13024907].
2026-07-16 00:12:52,641 - INFO - Best fit parameters: [1.31490561e+00 1.63719597e+02 4.57174534e-02 1.45107938e-02].
2026-07-16 00:12:54,650 - INFO - Maximum log composite likelihood: -802.9817500777348.
2026-07-16 00:12:54,650 - INFO - Optimal value of theta: 448.23800486954394.
2026-07-16 00:12:54,650 - INFO - Beginning optimization with guess, [1.01424042 1.54229098 0.19013872 0.13612049].
2026-07-16 00:13:46,991 - INFO - Finished optimization with guess, [1.01424042 1.54229098 0.19013872 0.13612049].
2026-07-16 00:13:46,994 - INFO - Best fit parameters: [1.56997264e-01 4.63768769e+02 1.67274928e-01 6.06319185e-03].
2026-07-16 00:13:48,882 - INFO - Maximum log composite likelihood: -1006.3687971586535.
2026-07-16 00:13:48,882 - INFO - Optimal value of theta: 1408.9097484573863.
2026-07-16 00:13:48,882 - INFO - Beginning optimization with guess, [0.81387944 1.17314059 0.069412   0.05084265].
2026-07-16 00:14:27,292 - INFO - Finished optimization with guess, [0.81387944 1.17314059 0.069412   0.05084265].
2026-07-16 00:14:27,296 - INFO - Best fit parameters: [ 0.29930059 17.25578445  0.08924456  0.01833479].
2026-07-16 00:14:29,498 - INFO - Maximum log composite likelihood: -657.3689618904257.
2026-07-16 00:14:29,498 - INFO - Optimal value of theta: 662.9387436427212.
2026-07-16 00:14:29,498 - INFO - Beginning optimization with guess, [2.05542281 0.94353544 0.13805074 0.1163376 ].
2026-07-16 00:15:09,329 - INFO - Finished optimization with guess, [2.05542281 0.94353544 0.13805074 0.1163376 ].
2026-07-16 00:15:09,331 - INFO - Best fit parameters: [9.20443774e-01 5.37361148e+01 6.91893887e-02 2.92925267e-02].
2026-07-16 00:15:11,113 - INFO - Maximum log composite likelihood: -736.3320287313159.
2026-07-16 00:15:11,113 - INFO - Optimal value of theta: 374.5463414731972.
2026-07-16 00:15:11,114 - INFO - Beginning optimization with guess, [3.07119919 2.72259677 0.12102359 0.16364616].
2026-07-16 00:15:51,380 - INFO - Finished optimization with guess, [3.07119919 2.72259677 0.12102359 0.16364616].
2026-07-16 00:15:51,383 - INFO - Best fit parameters: [9.74140845e-01 1.01461757e+02 4.38728720e-02 2.77815645e-02].
2026-07-16 00:15:53,603 - INFO - Maximum log composite likelihood: -775.8131689284473.
2026-07-16 00:15:53,603 - INFO - Optimal value of theta: 366.57980475067245.
2026-07-16 00:15:53,603 - INFO - Beginning optimization with guess, [2.11366969 1.21178441 0.14183764 0.14632014].
2026-07-16 00:16:30,336 - INFO - Finished optimization with guess, [2.11366969 1.21178441 0.14183764 0.14632014].
2026-07-16 00:16:30,340 - INFO - Best fit parameters: [1.15399095e+00 1.04107865e+02 5.91882238e-02 2.48523633e-02].
2026-07-16 00:16:32,470 - INFO - Maximum log composite likelihood: -763.9589420963462.
2026-07-16 00:16:32,470 - INFO - Optimal value of theta: 373.4692466202938.
2026-07-16 00:16:32,471 - INFO - Beginning optimization with guess, [2.21118441 2.76396452 0.18068778 0.08851476].
2026-07-16 00:17:14,873 - INFO - Finished optimization with guess, [2.21118441 2.76396452 0.18068778 0.08851476].
2026-07-16 00:17:14,879 - INFO - Best fit parameters: [5.07342315e-01 4.30911773e+01 1.28443116e-01 1.40609128e-02].
2026-07-16 00:17:16,682 - INFO - Maximum log composite likelihood: -725.1518524318773.
2026-07-16 00:17:16,682 - INFO - Optimal value of theta: 619.2371279395371.
2026-07-16 00:17:16,682 - INFO - Beginning optimization with guess, [2.42614285 2.14086939 0.08554339 0.0968207 ].
2026-07-16 00:17:52,487 - INFO - Finished optimization with guess, [2.42614285 2.14086939 0.08554339 0.0968207 ].
2026-07-16 00:17:52,489 - INFO - Best fit parameters: [7.30925255e-01 6.21596117e+01 4.73883350e-02 2.71827500e-02].
2026-07-16 00:17:54,292 - INFO - Maximum log composite likelihood: -738.0094606842878.
2026-07-16 00:17:54,292 - INFO - Optimal value of theta: 399.6342518257727.
2026-07-16 00:17:54,293 - INFO - Beginning optimization with guess, [2.00553962 2.55247277 0.14388485 0.05292408].
2026-07-16 00:18:34,244 - INFO - Finished optimization with guess, [2.00553962 2.55247277 0.14388485 0.05292408].
2026-07-16 00:18:34,246 - INFO - Best fit parameters: [4.47612526e-01 2.22487072e+01 1.09690075e-01 2.01773151e-02].
2026-07-16 00:18:36,051 - INFO - Maximum log composite likelihood: -655.4279638399044.
2026-07-16 00:18:36,052 - INFO - Optimal value of theta: 568.833960377488.
2026-07-16 00:18:36,052 - INFO - Beginning optimization with guess, [3.36643053 2.31973753 0.12185227 0.10993873].
2026-07-16 00:19:13,880 - INFO - Finished optimization with guess, [3.36643053 2.31973753 0.12185227 0.10993873].
2026-07-16 00:19:13,884 - INFO - Best fit parameters: [1.08540450e+00 1.33328761e+02 3.44338479e-02 2.42829340e-02].
2026-07-16 00:19:16,058 - INFO - Maximum log composite likelihood: -772.9658090060786.
2026-07-16 00:19:16,059 - INFO - Optimal value of theta: 380.58614028837314.
2026-07-16 00:19:16,059 - INFO - Beginning optimization with guess, [5.21158529 2.66283888 0.11263633 0.07354891].
2026-07-16 00:19:55,581 - INFO - Finished optimization with guess, [5.21158529 2.66283888 0.11263633 0.07354891].
2026-07-16 00:19:55,586 - INFO - Best fit parameters: [2.67414818e+00 4.59443316e+01 1.87346821e-02 2.12245646e-02].
2026-07-16 00:19:57,385 - INFO - Maximum log composite likelihood: -743.0560324308567.
2026-07-16 00:19:57,386 - INFO - Optimal value of theta: 378.87965974058073.
2026-07-16 00:19:57,386 - INFO - Beginning optimization with guess, [3.66262436 2.72653741 0.09243965 0.14866425].
2026-07-16 00:20:37,298 - INFO - Finished optimization with guess, [3.66262436 2.72653741 0.09243965 0.14866425].
2026-07-16 00:20:37,305 - INFO - Best fit parameters: [1.66023277e+00 8.36109026e+01 3.15589480e-02 2.43344106e-02].
2026-07-16 00:20:39,556 - INFO - Maximum log composite likelihood: -750.27774106722.
2026-07-16 00:20:39,557 - INFO - Optimal value of theta: 360.8651453661213.
2026-07-16 00:20:39,557 - INFO - Beginning optimization with guess, [4.48948645 5.89194386 0.12057353 0.19053089].
2026-07-16 00:21:17,790 - INFO - Finished optimization with guess, [4.48948645 5.89194386 0.12057353 0.19053089].
2026-07-16 00:21:17,793 - INFO - Best fit parameters: [ 1.95023915 17.21114422  0.05148766  0.03136515].
2026-07-16 00:21:19,707 - INFO - Maximum log composite likelihood: -896.9594747351873.
2026-07-16 00:21:19,707 - INFO - Optimal value of theta: 357.6887091641499.
2026-07-16 00:21:19,708 - INFO - Beginning optimization with guess, [4.3931921  5.75914736 0.06753773 0.11207704].
2026-07-16 00:22:01,266 - INFO - Finished optimization with guess, [4.3931921  5.75914736 0.06753773 0.11207704].
2026-07-16 00:22:01,269 - INFO - Best fit parameters: [2.42262313e+00 3.27380474e+01 1.75509012e-02 2.42825482e-02].
2026-07-16 00:22:03,483 - INFO - Maximum log composite likelihood: -755.2315039403705.
2026-07-16 00:22:03,484 - INFO - Optimal value of theta: 375.49726328477414.
2026-07-16 00:22:03,484 - INFO - Beginning optimization with guess, [2.28061608 3.20573107 0.11258296 0.06995648].
2026-07-16 00:22:40,619 - INFO - Finished optimization with guess, [2.28061608 3.20573107 0.11258296 0.06995648].
2026-07-16 00:22:40,621 - INFO - Best fit parameters: [4.08369522e-01 3.05141303e+01 8.62352189e-02 2.81730023e-02].
2026-07-16 00:22:42,424 - INFO - Maximum log composite likelihood: -679.7788253357189.
2026-07-16 00:22:42,424 - INFO - Optimal value of theta: 474.37116709129475.
2026-07-16 00:22:42,425 - INFO - Beginning optimization with guess, [2.48469945 4.50619118 0.14118745 0.05947052].
2026-07-16 00:23:32,358 - INFO - Finished optimization with guess, [2.48469945 4.50619118 0.14118745 0.05947052].
2026-07-16 00:23:32,362 - INFO - Best fit parameters: [ 0.38739687 23.75157181  0.08913421  0.02427901].
2026-07-16 00:23:34,172 - INFO - Maximum log composite likelihood: -652.5993676290248.
2026-07-16 00:23:34,173 - INFO - Optimal value of theta: 530.9601533372645.
2026-07-16 00:23:34,173 - INFO - Beginning optimization with guess, [2.49473411 5.10247979 0.06633988 0.05881207].
2026-07-16 00:24:13,628 - INFO - Finished optimization with guess, [2.49473411 5.10247979 0.06633988 0.05881207].
2026-07-16 00:24:13,631 - INFO - Best fit parameters: [6.13411925e-01 4.24361871e+01 3.63934462e-02 3.01594740e-02].
2026-07-16 00:24:15,830 - INFO - Maximum log composite likelihood: -723.0066069215402.
2026-07-16 00:24:15,830 - INFO - Optimal value of theta: 399.50892287296205.
2026-07-16 00:24:15,830 - INFO - Beginning optimization with guess, [5.04824018 6.09370624 0.13444933 0.07034315].
2026-07-16 00:25:03,168 - INFO - Finished optimization with guess, [5.04824018 6.09370624 0.13444933 0.07034315].
2026-07-16 00:25:03,170 - INFO - Best fit parameters: [7.86865899e-01 3.43487546e+01 1.09270938e-02 2.52435325e-02].
2026-07-16 00:25:05,243 - INFO - Maximum log composite likelihood: -730.9531792093441.
2026-07-16 00:25:05,244 - INFO - Optimal value of theta: 416.13694973276864.
2026-07-16 00:25:05,248 - INFO - Converting and interpreting Tau estimates.
2026-07-16 00:25:05,260 - INFO - Finished demographic inference.
2026-07-16 00:25:05,260 - INFO - Pipeline executed succesfully.
