2026-07-16 00:01:16,889 - INFO - Beginning execution of fit_demographic_model.py in directory /u/project/kirk-bigdata/jonmah/sample_size_demography/Scripts

2026-07-16 00:01:16,890 - INFO - Progress is being logged to ../Analysis/tennessen_ooa_250/log.log

2026-07-16 00:01:16,890 - INFO - Parsed the following arguments:
	syn_input_sfs = ../Simulations/tennessen/ooa_250_sfs/dadi/pop1.sfs
	mask_singletons = False
	mask_doubletons = False
	sum_alleles = False
	L_syn = 100000000.0
	model_type = three_epoch
	input_params = []
	outprefix = ../Analysis/tennessen_ooa_250/

2026-07-16 00:01:16,892 - INFO - Beginning demographic inference for three-epoch demographic model.
2026-07-16 00:01:16,894 - INFO - Beginning optimization with guess, [0.00998756 0.01226966 0.16551063 0.09057229].
2026-07-16 00:01:40,803 - INFO - Finished optimization with guess, [0.00998756 0.01226966 0.16551063 0.09057229].
2026-07-16 00:01:40,804 - INFO - Best fit parameters: [0.00694298 0.03267673 0.16551705 0.04922638].
2026-07-16 00:01:41,490 - INFO - Maximum log composite likelihood: -1008.865879802925.
2026-07-16 00:01:41,490 - INFO - Optimal value of theta: 19454.252308183062.
2026-07-16 00:01:41,491 - INFO - Beginning optimization with guess, [0.02544865 0.01601984 0.1271701  0.1402366 ].
2026-07-16 00:01:48,667 - INFO - Finished optimization with guess, [0.02544865 0.01601984 0.1271701  0.1402366 ].
2026-07-16 00:01:48,668 - INFO - Best fit parameters: [0.01868636 0.00902869 0.15144586 0.29346344].
2026-07-16 00:01:49,555 - INFO - Maximum log composite likelihood: -1029.5319395851227.
2026-07-16 00:01:49,556 - INFO - Optimal value of theta: 64389.012527741324.
2026-07-16 00:01:49,556 - INFO - Beginning optimization with guess, [0.03752581 0.0477104  0.12839216 0.13911454].
2026-07-16 00:02:07,001 - INFO - Finished optimization with guess, [0.03752581 0.0477104  0.12839216 0.13911454].
2026-07-16 00:02:07,003 - INFO - Best fit parameters: [0.01408354 0.08612727 0.25365579 0.12787905].
2026-07-16 00:02:07,611 - INFO - Maximum log composite likelihood: -1009.0630693795094.
2026-07-16 00:02:07,611 - INFO - Optimal value of theta: 7440.389134448406.
2026-07-16 00:02:07,612 - INFO - Beginning optimization with guess, [0.04616555 0.05500023 0.06200635 0.06114516].
2026-07-16 00:02:18,465 - INFO - Finished optimization with guess, [0.04616555 0.05500023 0.06200635 0.06114516].
2026-07-16 00:02:18,466 - INFO - Best fit parameters: [0.02172635 0.06701451 0.11921471 0.09096283].
2026-07-16 00:02:18,910 - INFO - Maximum log composite likelihood: -1009.0362106893037.
2026-07-16 00:02:18,910 - INFO - Optimal value of theta: 9403.421978212678.
2026-07-16 00:02:18,910 - INFO - Beginning optimization with guess, [0.11364511 0.07086088 0.11197741 0.08549995].
2026-07-16 00:02:27,353 - INFO - Finished optimization with guess, [0.11364511 0.07086088 0.11197741 0.08549995].
2026-07-16 00:02:27,354 - INFO - Best fit parameters: [0.04909982 0.07524083 0.21378145 0.17708921].
2026-07-16 00:02:27,795 - INFO - Maximum log composite likelihood: -1025.9808995515139.
2026-07-16 00:02:27,795 - INFO - Optimal value of theta: 7793.1667837483055.
2026-07-16 00:02:27,795 - INFO - Beginning optimization with guess, [0.21234324 0.12816864 0.1275177  0.16996772].
2026-07-16 00:02:36,146 - INFO - Finished optimization with guess, [0.21234324 0.12816864 0.1275177  0.16996772].
2026-07-16 00:02:36,147 - INFO - Best fit parameters: [0.12227056 0.10277524 0.19141429 0.51041335].
2026-07-16 00:02:36,585 - INFO - Maximum log composite likelihood: -1032.5348946651623.
2026-07-16 00:02:36,585 - INFO - Optimal value of theta: 5618.281707212656.
2026-07-16 00:02:36,585 - INFO - Beginning optimization with guess, [0.25772027 0.55146692 0.44827773 0.07710664].
2026-07-16 00:02:46,196 - INFO - Finished optimization with guess, [0.25772027 0.55146692 0.44827773 0.07710664].
2026-07-16 00:02:46,197 - INFO - Best fit parameters: [0.20866476 3.71156392 0.29317673 0.01738417].
2026-07-16 00:02:46,568 - INFO - Maximum log composite likelihood: -344.0081555174244.
2026-07-16 00:02:46,569 - INFO - Optimal value of theta: 1067.5084150535035.
2026-07-16 00:02:46,569 - INFO - Beginning optimization with guess, [0.72937824 1.06549972 0.11024902 0.12857294].
2026-07-16 00:02:53,820 - INFO - Finished optimization with guess, [0.72937824 1.06549972 0.11024902 0.12857294].
2026-07-16 00:02:53,821 - INFO - Best fit parameters: [3.64463823e-01 2.81663142e+01 8.58214948e-02 1.69064278e-02].
2026-07-16 00:02:54,178 - INFO - Maximum log composite likelihood: -364.698857057981.
2026-07-16 00:02:54,178 - INFO - Optimal value of theta: 605.4744551712853.
2026-07-16 00:02:54,179 - INFO - Beginning optimization with guess, [1.59053418 1.10405484 0.08297061 0.06204392].
2026-07-16 00:03:03,185 - INFO - Finished optimization with guess, [1.59053418 1.10405484 0.08297061 0.06204392].
2026-07-16 00:03:03,187 - INFO - Best fit parameters: [ 0.31817517 16.04082831  0.07057343  0.03072957].
2026-07-16 00:03:03,543 - INFO - Maximum log composite likelihood: -331.684124789083.
2026-07-16 00:03:03,543 - INFO - Optimal value of theta: 512.7945346632323.
2026-07-16 00:03:03,544 - INFO - Beginning optimization with guess, [1.73029972 1.0498152  0.05477355 0.10865609].
2026-07-16 00:03:10,727 - INFO - Finished optimization with guess, [1.73029972 1.0498152  0.05477355 0.10865609].
2026-07-16 00:03:10,727 - INFO - Best fit parameters: [2.52356572e-01 3.59453746e+01 4.38645618e-02 2.05830729e-02].
2026-07-16 00:03:11,083 - INFO - Maximum log composite likelihood: -378.10018333526375.
2026-07-16 00:03:11,083 - INFO - Optimal value of theta: 577.289410835149.
2026-07-16 00:03:11,083 - INFO - Beginning optimization with guess, [2.28343132 2.46544859 0.17934823 0.13578262].
2026-07-16 00:03:18,246 - INFO - Finished optimization with guess, [2.28343132 2.46544859 0.17934823 0.13578262].
2026-07-16 00:03:18,246 - INFO - Best fit parameters: [2.00043694e-01 2.66578471e+01 1.78141893e-02 1.20132840e-02].
2026-07-16 00:03:18,599 - INFO - Maximum log composite likelihood: -554.3381349051498.
2026-07-16 00:03:18,599 - INFO - Optimal value of theta: 642.7023787896646.
2026-07-16 00:03:18,600 - INFO - Beginning optimization with guess, [2.1166807  0.9361671  0.1132161  0.09078521].
2026-07-16 00:03:25,792 - INFO - Finished optimization with guess, [2.1166807  0.9361671  0.1132161  0.09078521].
2026-07-16 00:03:25,792 - INFO - Best fit parameters: [1.84910101e-01 5.52131449e+01 5.78863075e-02 1.51997444e-02].
2026-07-16 00:03:26,150 - INFO - Maximum log composite likelihood: -425.03329447947124.
2026-07-16 00:03:26,151 - INFO - Optimal value of theta: 726.0551222902274.
2026-07-16 00:03:26,151 - INFO - Beginning optimization with guess, [2.03556832 1.56717513 0.08766147 0.05378499].
2026-07-16 00:03:35,239 - INFO - Finished optimization with guess, [2.03556832 1.56717513 0.08766147 0.05378499].
2026-07-16 00:03:35,241 - INFO - Best fit parameters: [ 0.29184274 17.16118727  0.05450486  0.03021959].
2026-07-16 00:03:35,600 - INFO - Maximum log composite likelihood: -335.22848676133026.
2026-07-16 00:03:35,600 - INFO - Optimal value of theta: 510.77150664906065.
2026-07-16 00:03:35,601 - INFO - Beginning optimization with guess, [3.93581131 2.64792288 0.08831789 0.10891121].
2026-07-16 00:03:42,785 - INFO - Finished optimization with guess, [3.93581131 2.64792288 0.08831789 0.10891121].
2026-07-16 00:03:42,786 - INFO - Best fit parameters: [1.35954321e+00 2.08637795e+01 1.42638165e-02 1.51542355e-02].
2026-07-16 00:03:43,141 - INFO - Maximum log composite likelihood: -469.68479115186625.
2026-07-16 00:03:43,142 - INFO - Optimal value of theta: 441.4432065751899.
2026-07-16 00:03:43,142 - INFO - Beginning optimization with guess, [2.48337107 3.80700416 0.08250035 0.06053623].
2026-07-16 00:03:52,145 - INFO - Finished optimization with guess, [2.48337107 3.80700416 0.08250035 0.06053623].
2026-07-16 00:03:52,146 - INFO - Best fit parameters: [ 0.24908598 20.48590941  0.03177484  0.02521552].
2026-07-16 00:03:52,500 - INFO - Maximum log composite likelihood: -357.1404734016376.
2026-07-16 00:03:52,500 - INFO - Optimal value of theta: 529.0877841685469.
2026-07-16 00:03:52,500 - INFO - Beginning optimization with guess, [3.72683044 4.49671099 0.05513124 0.07225331].
2026-07-16 00:03:59,672 - INFO - Finished optimization with guess, [3.72683044 4.49671099 0.05513124 0.07225331].
2026-07-16 00:03:59,673 - INFO - Best fit parameters: [2.35987786e+00 3.10296575e+01 9.86192589e-03 2.22147097e-02].
2026-07-16 00:04:00,029 - INFO - Maximum log composite likelihood: -432.9729259352744.
2026-07-16 00:04:00,029 - INFO - Optimal value of theta: 391.15497609480167.
2026-07-16 00:04:00,029 - INFO - Beginning optimization with guess, [2.01217147 2.20803785 0.09430268 0.05698326].
2026-07-16 00:04:09,034 - INFO - Finished optimization with guess, [2.01217147 2.20803785 0.09430268 0.05698326].
2026-07-16 00:04:09,035 - INFO - Best fit parameters: [ 0.27540153 15.92636176  0.05616473  0.02773701].
2026-07-16 00:04:09,391 - INFO - Maximum log composite likelihood: -329.78505905802365.
2026-07-16 00:04:09,391 - INFO - Optimal value of theta: 539.4863888958827.
2026-07-16 00:04:09,391 - INFO - Beginning optimization with guess, [3.041231   2.84594197 0.16256072 0.09393086].
2026-07-16 00:04:16,584 - INFO - Finished optimization with guess, [3.041231   2.84594197 0.16256072 0.09393086].
2026-07-16 00:04:16,584 - INFO - Best fit parameters: [ 0.48044599 13.68457354  0.04579431  0.02968281].
2026-07-16 00:04:16,939 - INFO - Maximum log composite likelihood: -375.0571166693972.
2026-07-16 00:04:16,939 - INFO - Optimal value of theta: 461.69337322355403.
2026-07-16 00:04:16,939 - INFO - Beginning optimization with guess, [3.28275491 1.99974018 0.05190156 0.0942193 ].
2026-07-16 00:04:24,091 - INFO - Finished optimization with guess, [3.28275491 1.99974018 0.05190156 0.0942193 ].
2026-07-16 00:04:24,092 - INFO - Best fit parameters: [2.05980172e+00 2.46913092e+01 1.57028385e-02 2.08988944e-02].
2026-07-16 00:04:24,446 - INFO - Maximum log composite likelihood: -440.94444465764593.
2026-07-16 00:04:24,446 - INFO - Optimal value of theta: 394.0360440458133.
2026-07-16 00:04:24,446 - INFO - Beginning optimization with guess, [4.01960955 5.73396407 0.16038825 0.11282702].
2026-07-16 00:04:31,608 - INFO - Finished optimization with guess, [4.01960955 5.73396407 0.16038825 0.11282702].
2026-07-16 00:04:31,609 - INFO - Best fit parameters: [0.94712725 9.42688536 0.05189483 0.02755363].
2026-07-16 00:04:31,962 - INFO - Maximum log composite likelihood: -468.21081684968203.
2026-07-16 00:04:31,963 - INFO - Optimal value of theta: 422.8408313718261.
2026-07-16 00:04:31,963 - INFO - Beginning optimization with guess, [2.60506484 4.71656857 0.08465365 0.05922466].
2026-07-16 00:04:40,974 - INFO - Finished optimization with guess, [2.60506484 4.71656857 0.08465365 0.05922466].
2026-07-16 00:04:40,975 - INFO - Best fit parameters: [ 0.23096104 22.79528886  0.02842593  0.02916466].
2026-07-16 00:04:41,329 - INFO - Maximum log composite likelihood: -358.45574881721313.
2026-07-16 00:04:41,329 - INFO - Optimal value of theta: 499.5113306045315.
2026-07-16 00:04:41,330 - INFO - Beginning optimization with guess, [4.11865026 4.62226322 0.06546388 0.07289413].
2026-07-16 00:04:48,473 - INFO - Finished optimization with guess, [4.11865026 4.62226322 0.06546388 0.07289413].
2026-07-16 00:04:48,473 - INFO - Best fit parameters: [2.60280323e+00 2.90118962e+01 1.11288798e-02 2.17230211e-02].
2026-07-16 00:04:48,826 - INFO - Maximum log composite likelihood: -434.6867359142247.
2026-07-16 00:04:48,826 - INFO - Optimal value of theta: 389.9114156127392.
2026-07-16 00:04:48,826 - INFO - Beginning optimization with guess, [5.61973172 7.04712516 0.09070699 0.11438062].
2026-07-16 00:04:55,967 - INFO - Finished optimization with guess, [5.61973172 7.04712516 0.09070699 0.11438062].
2026-07-16 00:04:55,967 - INFO - Best fit parameters: [3.18287811e+00 1.48044121e+01 1.45475721e-02 1.93040411e-02].
2026-07-16 00:04:56,320 - INFO - Maximum log composite likelihood: -453.19274020890293.
2026-07-16 00:04:56,320 - INFO - Optimal value of theta: 399.5669261483505.
2026-07-16 00:04:56,320 - INFO - Beginning optimization with guess, [4.4015797  5.57173839 0.13351132 0.09308304].
2026-07-16 00:05:03,488 - INFO - Finished optimization with guess, [4.4015797  5.57173839 0.13351132 0.09308304].
2026-07-16 00:05:03,489 - INFO - Best fit parameters: [1.04206240e+00 2.13247067e+01 1.94513826e-02 2.96295212e-02].
2026-07-16 00:05:03,843 - INFO - Maximum log composite likelihood: -436.57290756196693.
2026-07-16 00:05:03,844 - INFO - Optimal value of theta: 385.0560868606599.
2026-07-16 00:05:03,844 - INFO - Beginning optimization with guess, [3.47486346 6.516513   0.15693893 0.05612084].
2026-07-16 00:05:12,817 - INFO - Finished optimization with guess, [3.47486346 6.516513   0.15693893 0.05612084].
2026-07-16 00:05:12,818 - INFO - Best fit parameters: [ 0.23249976 18.18487252  0.04880881  0.02534215].
2026-07-16 00:05:13,174 - INFO - Maximum log composite likelihood: -336.8558465362503.
2026-07-16 00:05:13,174 - INFO - Optimal value of theta: 567.2628011737303.
2026-07-16 00:05:13,177 - INFO - Converting and interpreting Tau estimates.
2026-07-16 00:05:13,179 - INFO - Finished demographic inference.
2026-07-16 00:05:13,179 - INFO - Pipeline executed succesfully.
