2026-07-20 07:20:22,403 - INFO - Beginning execution of fit_demographic_model.py in directory /u/project/kirk-bigdata/jonmah/sample_size_demography/Scripts

2026-07-20 07:20:22,403 - INFO - Progress is being logged to ../Analysis/tennessen_ooa_800/log.log

2026-07-20 07:20:22,403 - INFO - Parsed the following arguments:
	syn_input_sfs = ../Simulations/tennessen/ooa_800_sfs/dadi/pop1.sfs
	mask_singletons = False
	mask_doubletons = False
	sum_alleles = False
	L_syn = 100000000.0
	model_type = three_epoch
	input_params = []
	outprefix = ../Analysis/tennessen_ooa_800/

2026-07-20 07:20:22,405 - INFO - Beginning demographic inference for three-epoch demographic model.
2026-07-20 07:20:22,407 - INFO - Beginning optimization with guess, [0.00957519 0.00729676 0.07442984 0.19457311].
2026-07-20 07:21:54,387 - INFO - Finished optimization with guess, [0.00957519 0.00729676 0.07442984 0.19457311].
2026-07-20 07:21:54,388 - INFO - Best fit parameters: [0.00957328 0.28268255 0.07445467 0.20479439].
2026-07-20 07:21:57,244 - INFO - Maximum log composite likelihood: -3368.2810966508473.
2026-07-20 07:21:57,244 - INFO - Optimal value of theta: 3806.5531292156115.
2026-07-20 07:21:57,244 - INFO - Beginning optimization with guess, [0.01514433 0.02523012 0.17395737 0.14437077].
2026-07-20 07:23:30,336 - INFO - Finished optimization with guess, [0.01514433 0.02523012 0.17395737 0.14437077].
2026-07-20 07:23:30,337 - INFO - Best fit parameters: [0.01161421 0.08959744 0.17431441 0.05325381].
2026-07-20 07:23:33,384 - INFO - Maximum log composite likelihood: -3355.9070993036203.
2026-07-20 07:23:33,384 - INFO - Optimal value of theta: 12119.218920932064.
2026-07-20 07:23:33,385 - INFO - Beginning optimization with guess, [0.04654449 0.07990082 0.19625388 0.13347974].
2026-07-20 07:26:38,325 - INFO - Finished optimization with guess, [0.04654449 0.07990082 0.19625388 0.13347974].
2026-07-20 07:26:38,325 - INFO - Best fit parameters: [0.06472056 0.1932767  0.23252448 0.03369796].
2026-07-20 07:26:41,077 - INFO - Maximum log composite likelihood: -3092.456937057498.
2026-07-20 07:26:41,077 - INFO - Optimal value of theta: 5797.054750113684.
2026-07-20 07:26:41,077 - INFO - Beginning optimization with guess, [0.03839614 0.09364097 0.17066647 0.09754475].
2026-07-20 07:28:33,535 - INFO - Finished optimization with guess, [0.03839614 0.09364097 0.17066647 0.09754475].
2026-07-20 07:28:33,536 - INFO - Best fit parameters: [0.08517928 0.29233577 0.22395214 0.0110458 ].
2026-07-20 07:28:36,234 - INFO - Maximum log composite likelihood: -2474.230384959321.
2026-07-20 07:28:36,234 - INFO - Optimal value of theta: 4566.552492532447.
2026-07-20 07:28:36,234 - INFO - Beginning optimization with guess, [0.17627851 0.10378192 0.09787177 0.07450286].
2026-07-20 07:31:35,438 - INFO - Finished optimization with guess, [0.17627851 0.10378192 0.09787177 0.07450286].
2026-07-20 07:31:35,439 - INFO - Best fit parameters: [0.01649435 0.33816338 0.70287792 0.2572633 ].
2026-07-20 07:31:39,234 - INFO - Maximum log composite likelihood: -3367.2846189928964.
2026-07-20 07:31:39,234 - INFO - Optimal value of theta: 3143.438689052051.
2026-07-20 07:31:39,234 - INFO - Beginning optimization with guess, [0.16833495 0.32828904 0.11969759 0.08470004].
2026-07-20 07:32:59,795 - INFO - Finished optimization with guess, [0.16833495 0.32828904 0.11969759 0.08470004].
2026-07-20 07:32:59,796 - INFO - Best fit parameters: [1.54485689e-01 1.08418569e+01 2.81082894e-01 7.11874227e-03].
2026-07-20 07:33:02,492 - INFO - Maximum log composite likelihood: -779.1467838067327.
2026-07-20 07:33:02,493 - INFO - Optimal value of theta: 1641.087611037372.
2026-07-20 07:33:02,493 - INFO - Beginning optimization with guess, [0.60833796 0.60843851 0.75248078 0.12734927].
2026-07-20 07:34:23,506 - INFO - Finished optimization with guess, [0.60833796 0.60843851 0.75248078 0.12734927].
2026-07-20 07:34:23,507 - INFO - Best fit parameters: [3.63028377e-01 3.06786440e+01 6.63136274e-01 9.66543732e-03].
2026-07-20 07:34:26,183 - INFO - Maximum log composite likelihood: -834.8546885330478.
2026-07-20 07:34:26,183 - INFO - Optimal value of theta: 986.8818554635654.
2026-07-20 07:34:26,183 - INFO - Beginning optimization with guess, [0.63653773 1.37661677 0.12011646 0.05912625].
2026-07-20 07:35:45,572 - INFO - Finished optimization with guess, [0.63653773 1.37661677 0.12011646 0.05912625].
2026-07-20 07:35:45,573 - INFO - Best fit parameters: [ 0.27617613 15.15837862  0.16302785  0.01791752].
2026-07-20 07:35:48,213 - INFO - Maximum log composite likelihood: -770.8480423073779.
2026-07-20 07:35:48,213 - INFO - Optimal value of theta: 750.3123775137584.
2026-07-20 07:35:48,213 - INFO - Beginning optimization with guess, [0.96934097 1.6117784  0.09041698 0.05913741].
2026-07-20 07:37:07,388 - INFO - Finished optimization with guess, [0.96934097 1.6117784  0.09041698 0.05913741].
2026-07-20 07:37:07,389 - INFO - Best fit parameters: [ 0.33023652 18.81436505  0.11695272  0.02174698].
2026-07-20 07:37:10,023 - INFO - Maximum log composite likelihood: -775.1683902376461.
2026-07-20 07:37:10,023 - INFO - Optimal value of theta: 617.3033556900286.
2026-07-20 07:37:10,023 - INFO - Beginning optimization with guess, [0.6729083  1.3190125  0.1903022  0.06457289].
2026-07-20 07:38:29,500 - INFO - Finished optimization with guess, [0.6729083  1.3190125  0.1903022  0.06457289].
2026-07-20 07:38:29,501 - INFO - Best fit parameters: [ 0.29529331 15.81164924  0.20907939  0.01660487].
2026-07-20 07:38:32,147 - INFO - Maximum log composite likelihood: -766.6830158941316.
2026-07-20 07:38:32,147 - INFO - Optimal value of theta: 777.2148402366508.
2026-07-20 07:38:32,147 - INFO - Beginning optimization with guess, [2.69922234 0.77754131 0.13927949 0.0695341 ].
2026-07-20 07:39:51,060 - INFO - Finished optimization with guess, [2.69922234 0.77754131 0.13927949 0.0695341 ].
2026-07-20 07:39:51,061 - INFO - Best fit parameters: [1.21089634e+00 4.20022847e+01 4.46431680e-02 2.79158606e-02].
2026-07-20 07:39:53,704 - INFO - Maximum log composite likelihood: -872.3243869335618.
2026-07-20 07:39:53,704 - INFO - Optimal value of theta: 376.5262190913542.
2026-07-20 07:39:53,704 - INFO - Beginning optimization with guess, [1.16723727 2.09102324 0.10414255 0.17060853].
2026-07-20 07:41:13,234 - INFO - Finished optimization with guess, [1.16723727 2.09102324 0.10414255 0.17060853].
2026-07-20 07:41:13,235 - INFO - Best fit parameters: [7.70882895e-01 4.75647137e+01 9.22684731e-02 2.47656299e-02].
2026-07-20 07:41:15,867 - INFO - Maximum log composite likelihood: -836.0368555285149.
2026-07-20 07:41:15,867 - INFO - Optimal value of theta: 429.94490271364174.
2026-07-20 07:41:15,867 - INFO - Beginning optimization with guess, [1.6403411  1.39955875 0.16480043 0.12221619].
2026-07-20 07:42:34,951 - INFO - Finished optimization with guess, [1.6403411  1.39955875 0.16480043 0.12221619].
2026-07-20 07:42:34,952 - INFO - Best fit parameters: [1.35672022e+00 4.11906278e+02 6.53049497e-02 1.91650120e-02].
2026-07-20 07:42:37,584 - INFO - Maximum log composite likelihood: -978.7030704617897.
2026-07-20 07:42:37,585 - INFO - Optimal value of theta: 397.26970681649914.
2026-07-20 07:42:37,585 - INFO - Beginning optimization with guess, [1.68793611 3.09430556 0.14874524 0.07672911].
2026-07-20 07:43:56,712 - INFO - Finished optimization with guess, [1.68793611 3.09430556 0.14874524 0.07672911].
2026-07-20 07:43:56,713 - INFO - Best fit parameters: [ 0.38659454 21.16566681  0.14015667  0.02155357].
2026-07-20 07:43:59,352 - INFO - Maximum log composite likelihood: -772.7285579331548.
2026-07-20 07:43:59,352 - INFO - Optimal value of theta: 595.1449952657096.
2026-07-20 07:43:59,352 - INFO - Beginning optimization with guess, [1.67846008 2.82716968 0.07622995 0.15148522].
2026-07-20 07:45:18,319 - INFO - Finished optimization with guess, [1.67846008 2.82716968 0.07622995 0.15148522].
2026-07-20 07:45:18,320 - INFO - Best fit parameters: [5.26472918e-01 3.41306839e+01 7.41597630e-02 2.86795626e-02].
2026-07-20 07:45:20,947 - INFO - Maximum log composite likelihood: -816.2016486143006.
2026-07-20 07:45:20,948 - INFO - Optimal value of theta: 442.7656793357007.
2026-07-20 07:45:20,948 - INFO - Beginning optimization with guess, [3.85571297 3.80492039 0.06634121 0.1993388 ].
2026-07-20 07:46:39,846 - INFO - Finished optimization with guess, [3.85571297 3.80492039 0.06634121 0.1993388 ].
2026-07-20 07:46:39,847 - INFO - Best fit parameters: [2.85108686e+00 2.32712942e+02 2.49864864e-02 1.75122920e-02].
2026-07-20 07:46:42,471 - INFO - Maximum log composite likelihood: -884.0607043953694.
2026-07-20 07:46:42,471 - INFO - Optimal value of theta: 379.5129250189508.
2026-07-20 07:46:42,471 - INFO - Beginning optimization with guess, [5.48513144 2.39966087 0.08878812 0.11112837].
2026-07-20 07:48:01,506 - INFO - Finished optimization with guess, [5.48513144 2.39966087 0.08878812 0.11112837].
2026-07-20 07:48:01,507 - INFO - Best fit parameters: [3.99652335e+00 2.15647265e+02 1.92985535e-02 1.54554972e-02].
2026-07-20 07:48:04,131 - INFO - Maximum log composite likelihood: -871.4291760805504.
2026-07-20 07:48:04,132 - INFO - Optimal value of theta: 391.8281823015561.
2026-07-20 07:48:04,132 - INFO - Beginning optimization with guess, [2.68186507 3.973724   0.12795574 0.07971951].
2026-07-20 07:49:23,160 - INFO - Finished optimization with guess, [2.68186507 3.973724   0.12795574 0.07971951].
2026-07-20 07:49:23,161 - INFO - Best fit parameters: [5.48953706e-01 3.11168929e+01 9.30190689e-02 2.47399126e-02].
2026-07-20 07:49:25,790 - INFO - Maximum log composite likelihood: -799.8005041768656.
2026-07-20 07:49:25,790 - INFO - Optimal value of theta: 481.8228173704416.
2026-07-20 07:49:25,790 - INFO - Beginning optimization with guess, [5.62468667 2.09608007 0.13234221 0.05543894].
2026-07-20 07:50:44,726 - INFO - Finished optimization with guess, [5.62468667 2.09608007 0.13234221 0.05543894].
2026-07-20 07:50:44,727 - INFO - Best fit parameters: [2.45728011e+00 6.58596573e+01 1.47606955e-02 2.09422819e-02].
2026-07-20 07:50:47,352 - INFO - Maximum log composite likelihood: -859.9743425902291.
2026-07-20 07:50:47,352 - INFO - Optimal value of theta: 388.96143523190733.
2026-07-20 07:50:47,352 - INFO - Beginning optimization with guess, [4.14890191 5.66220667 0.07232332 0.12475132].
2026-07-20 07:52:06,443 - INFO - Finished optimization with guess, [4.14890191 5.66220667 0.07232332 0.12475132].
2026-07-20 07:52:06,444 - INFO - Best fit parameters: [1.56989432e+00 5.77516499e+01 2.00463845e-02 2.34631627e-02].
2026-07-20 07:52:09,070 - INFO - Maximum log composite likelihood: -862.408146664125.
2026-07-20 07:52:09,070 - INFO - Optimal value of theta: 387.3718760546777.
2026-07-20 07:52:09,070 - INFO - Beginning optimization with guess, [6.14234852 2.33479284 0.15116529 0.1299126 ].
2026-07-20 07:53:28,192 - INFO - Finished optimization with guess, [6.14234852 2.33479284 0.15116529 0.1299126 ].
2026-07-20 07:53:28,193 - INFO - Best fit parameters: [3.72304407e+00 3.21385326e+02 1.93870786e-02 1.56764313e-02].
2026-07-20 07:53:30,821 - INFO - Maximum log composite likelihood: -877.2356108018132.
2026-07-20 07:53:30,821 - INFO - Optimal value of theta: 390.5414019715567.
2026-07-20 07:53:30,821 - INFO - Beginning optimization with guess, [7.01409816 6.07866462 0.18636207 0.17874617].
2026-07-20 07:54:49,735 - INFO - Finished optimization with guess, [7.01409816 6.07866462 0.18636207 0.17874617].
2026-07-20 07:54:49,736 - INFO - Best fit parameters: [1.71741007e+00 6.39272427e+01 2.72591030e-02 2.20708372e-02].
2026-07-20 07:54:52,362 - INFO - Maximum log composite likelihood: -870.0261650858215.
2026-07-20 07:54:52,362 - INFO - Optimal value of theta: 386.17086029430726.
2026-07-20 07:54:52,363 - INFO - Beginning optimization with guess, [7.21327814 4.14952922 0.10250501 0.09337653].
2026-07-20 07:56:11,253 - INFO - Finished optimization with guess, [7.21327814 4.14952922 0.10250501 0.09337653].
2026-07-20 07:56:11,254 - INFO - Best fit parameters: [5.12267015e+00 6.91863959e+01 1.25952810e-02 1.82990773e-02].
2026-07-20 07:56:13,893 - INFO - Maximum log composite likelihood: -857.3183808653567.
2026-07-20 07:56:13,893 - INFO - Optimal value of theta: 390.2498137708665.
2026-07-20 07:56:13,893 - INFO - Beginning optimization with guess, [6.69959694 5.43007891 0.08294105 0.09739337].
2026-07-20 07:57:32,919 - INFO - Finished optimization with guess, [6.69959694 5.43007891 0.08294105 0.09739337].
2026-07-20 07:57:32,921 - INFO - Best fit parameters: [4.86255477e+00 6.29195281e+01 1.15796882e-02 1.90666825e-02].
2026-07-20 07:57:35,548 - INFO - Maximum log composite likelihood: -857.0283604553252.
2026-07-20 07:57:35,548 - INFO - Optimal value of theta: 390.8025175502854.
2026-07-20 07:57:35,548 - INFO - Beginning optimization with guess, [5.53951351 7.18249191 0.06889334 0.07846585].
2026-07-20 07:58:54,541 - INFO - Finished optimization with guess, [5.53951351 7.18249191 0.06889334 0.07846585].
2026-07-20 07:58:54,542 - INFO - Best fit parameters: [3.89860156e+00 6.16706370e+01 1.09512050e-02 2.00233427e-02].
2026-07-20 07:58:57,170 - INFO - Maximum log composite likelihood: -857.3407550366059.
2026-07-20 07:58:57,170 - INFO - Optimal value of theta: 391.951464831195.
2026-07-20 07:58:57,175 - INFO - Converting and interpreting Tau estimates.
2026-07-20 07:58:57,178 - INFO - Finished demographic inference.
2026-07-20 07:58:57,178 - INFO - Pipeline executed succesfully.
