2026-07-21 10:57:38,033 - INFO - Beginning execution of fit_demographic_model.py in directory /u/project/kirk-bigdata/jonmah/sample_size_demography/Scripts

2026-07-21 10:57:38,033 - INFO - Progress is being logged to ../Analysis/tennessen_ooa_660/log.log

2026-07-21 10:57:38,034 - INFO - Parsed the following arguments:
	syn_input_sfs = ../Simulations/tennessen/ooa_660_sfs/dadi/pop1.sfs
	mask_singletons = False
	mask_doubletons = False
	sum_alleles = False
	L_syn = 100000000.0
	model_type = two_epoch
	input_params = []
	outprefix = ../Analysis/tennessen_ooa_660/

2026-07-21 10:57:38,039 - INFO - Beginning demographic inference for two-epoch demographic model.
2026-07-21 10:57:38,045 - INFO - Beginning optimization with guess, [0.00597477 0.07676931].
2026-07-21 10:58:27,183 - INFO - Finished optimization with guess, [0.00597477 0.07676931].
2026-07-21 10:58:27,184 - INFO - Best fit parameters: [0.00302141 0.15954473].
2026-07-21 10:58:31,505 - INFO - Maximum log composite likelihood: -2934.5513699591047.
2026-07-21 10:58:31,505 - INFO - Optimal value of theta: 261428.3509901161.
2026-07-21 10:58:31,505 - INFO - Beginning optimization with guess, [0.02146055 0.09003125].
2026-07-21 10:59:34,016 - INFO - Finished optimization with guess, [0.02146055 0.09003125].
2026-07-21 10:59:34,017 - INFO - Best fit parameters: [0.01167665 0.20077985].
2026-07-21 10:59:36,835 - INFO - Maximum log composite likelihood: -2934.5538365032617.
2026-07-21 10:59:36,835 - INFO - Optimal value of theta: 67646.29373994318.
2026-07-21 10:59:36,835 - INFO - Beginning optimization with guess, [0.07493223 0.11401962].
2026-07-21 11:00:08,485 - INFO - Finished optimization with guess, [0.07493223 0.11401962].
2026-07-21 11:00:08,486 - INFO - Best fit parameters: [0.04643871 0.37198453].
2026-07-21 11:00:11,356 - INFO - Maximum log composite likelihood: -2940.2940984201186.
2026-07-21 11:00:11,356 - INFO - Optimal value of theta: 16959.44395126417.
2026-07-21 11:00:11,357 - INFO - Beginning optimization with guess, [0.14448381 0.07134448].
2026-07-21 11:00:40,230 - INFO - Finished optimization with guess, [0.14448381 0.07134448].
2026-07-21 11:00:40,231 - INFO - Best fit parameters: [17.15583715  0.21536301].
2026-07-21 11:00:42,572 - INFO - Maximum log composite likelihood: -1677.1399609741472.
2026-07-21 11:00:42,572 - INFO - Optimal value of theta: 174.32158487320453.
2026-07-21 11:00:42,572 - INFO - Beginning optimization with guess, [0.09388621 0.12164618].
2026-07-21 11:01:29,693 - INFO - Finished optimization with guess, [0.09388621 0.12164618].
2026-07-21 11:01:29,695 - INFO - Best fit parameters: [0.047792   0.61284463].
2026-07-21 11:01:32,399 - INFO - Maximum log composite likelihood: -2934.596948560782.
2026-07-21 11:01:32,400 - INFO - Optimal value of theta: 16527.135193262126.
2026-07-21 11:01:32,400 - INFO - Beginning optimization with guess, [0.15069999 0.06358114].
2026-07-21 11:01:54,730 - INFO - Finished optimization with guess, [0.15069999 0.06358114].
2026-07-21 11:01:54,733 - INFO - Best fit parameters: [23.60757747  0.16047548].
2026-07-21 11:01:56,772 - INFO - Maximum log composite likelihood: -1468.9140375426568.
2026-07-21 11:01:56,772 - INFO - Optimal value of theta: 178.80451740500732.
2026-07-21 11:01:56,772 - INFO - Beginning optimization with guess, [0.38422313 0.0762506 ].
2026-07-21 11:02:20,869 - INFO - Finished optimization with guess, [0.38422313 0.0762506 ].
2026-07-21 11:02:20,870 - INFO - Best fit parameters: [6.28452790e+01 2.76764192e-02].
2026-07-21 11:02:23,396 - INFO - Maximum log composite likelihood: -781.1409004667219.
2026-07-21 11:02:23,396 - INFO - Optimal value of theta: 371.65074846061805.
2026-07-21 11:02:23,397 - INFO - Beginning optimization with guess, [1.27609459 0.07476907].
2026-07-21 11:02:55,300 - INFO - Finished optimization with guess, [1.27609459 0.07476907].
2026-07-21 11:02:55,302 - INFO - Best fit parameters: [4.37119347e+01 2.60400687e-02].
2026-07-21 11:02:58,011 - INFO - Maximum log composite likelihood: -765.6283469190982.
2026-07-21 11:02:58,011 - INFO - Optimal value of theta: 392.06328723803927.
2026-07-21 11:02:58,012 - INFO - Beginning optimization with guess, [1.71834081 0.14335961].
2026-07-21 11:03:29,424 - INFO - Finished optimization with guess, [1.71834081 0.14335961].
2026-07-21 11:03:29,425 - INFO - Best fit parameters: [6.02005210e+01 2.53891313e-02].
2026-07-21 11:03:32,027 - INFO - Maximum log composite likelihood: -772.6400653911955.
2026-07-21 11:03:32,027 - INFO - Optimal value of theta: 387.9167008400206.
2026-07-21 11:03:32,028 - INFO - Beginning optimization with guess, [1.04325166 0.15630508].
2026-07-21 11:04:03,414 - INFO - Finished optimization with guess, [1.04325166 0.15630508].
2026-07-21 11:04:03,415 - INFO - Best fit parameters: [2.2317106e+02 1.4630427e-02].
2026-07-21 11:04:06,063 - INFO - Maximum log composite likelihood: -852.9609271023611.
2026-07-21 11:04:06,064 - INFO - Optimal value of theta: 474.0764369455468.
2026-07-21 11:04:06,064 - INFO - Beginning optimization with guess, [2.57515077 0.06784686].
2026-07-21 11:04:36,746 - INFO - Finished optimization with guess, [2.57515077 0.06784686].
2026-07-21 11:04:36,750 - INFO - Best fit parameters: [3.34878744e+01 2.83236198e-02].
2026-07-21 11:04:39,221 - INFO - Maximum log composite likelihood: -771.3458952598978.
2026-07-21 11:04:39,221 - INFO - Optimal value of theta: 387.0772366505727.
2026-07-21 11:04:39,221 - INFO - Beginning optimization with guess, [1.89566882 0.17035893].
2026-07-21 11:05:10,148 - INFO - Finished optimization with guess, [1.89566882 0.17035893].
2026-07-21 11:05:10,150 - INFO - Best fit parameters: [7.42036527e+01 2.57479945e-02].
2026-07-21 11:05:12,635 - INFO - Maximum log composite likelihood: -784.2669829317549.
2026-07-21 11:05:12,635 - INFO - Optimal value of theta: 380.8869144325434.
2026-07-21 11:05:12,635 - INFO - Beginning optimization with guess, [1.44639312 0.05248687].
2026-07-21 11:05:43,068 - INFO - Finished optimization with guess, [1.44639312 0.05248687].
2026-07-21 11:05:43,069 - INFO - Best fit parameters: [2.87268258e+01 2.71524898e-02].
2026-07-21 11:05:45,524 - INFO - Maximum log composite likelihood: -777.4775454462558.
2026-07-21 11:05:45,525 - INFO - Optimal value of theta: 400.17417778454643.
2026-07-21 11:05:45,525 - INFO - Beginning optimization with guess, [3.18861811 0.07265506].
2026-07-21 11:06:15,178 - INFO - Finished optimization with guess, [3.18861811 0.07265506].
2026-07-21 11:06:15,178 - INFO - Best fit parameters: [3.53892791e+01 2.80951778e-02].
2026-07-21 11:06:17,717 - INFO - Maximum log composite likelihood: -769.610609594213.
2026-07-21 11:06:17,717 - INFO - Optimal value of theta: 386.3291389152501.
2026-07-21 11:06:17,717 - INFO - Beginning optimization with guess, [3.1750707  0.19335246].
2026-07-21 11:06:47,213 - INFO - Finished optimization with guess, [3.1750707  0.19335246].
2026-07-21 11:06:47,214 - INFO - Best fit parameters: [3.15262415e+01 1.20924391e-02].
2026-07-21 11:06:49,731 - INFO - Maximum log composite likelihood: -937.6223939960616.
2026-07-21 11:06:49,732 - INFO - Optimal value of theta: 529.9485180522146.
2026-07-21 11:06:49,732 - INFO - Beginning optimization with guess, [1.44880933 0.07973963].
2026-07-21 11:07:19,210 - INFO - Finished optimization with guess, [1.44880933 0.07973963].
2026-07-21 11:07:19,212 - INFO - Best fit parameters: [4.69595922e+01 2.53548948e-02].
2026-07-21 11:07:21,473 - INFO - Maximum log composite likelihood: -765.7571989366462.
2026-07-21 11:07:21,473 - INFO - Optimal value of theta: 394.56102054278807.
2026-07-21 11:07:21,473 - INFO - Beginning optimization with guess, [2.93492108 0.05286502].
2026-07-21 11:07:49,772 - INFO - Finished optimization with guess, [2.93492108 0.05286502].
2026-07-21 11:07:49,773 - INFO - Best fit parameters: [3.61445849e+01 2.33985869e-02].
2026-07-21 11:07:52,088 - INFO - Maximum log composite likelihood: -770.0327011158862.
2026-07-21 11:07:52,088 - INFO - Optimal value of theta: 416.3394763820396.
2026-07-21 11:07:52,088 - INFO - Beginning optimization with guess, [3.84333606 0.05713803].
2026-07-21 11:08:22,462 - INFO - Finished optimization with guess, [3.84333606 0.05713803].
2026-07-21 11:08:22,466 - INFO - Best fit parameters: [20.13943044  0.06116276].
2026-07-21 11:08:24,272 - INFO - Maximum log composite likelihood: -951.5087044469445.
2026-07-21 11:08:24,272 - INFO - Optimal value of theta: 301.7069553651661.
2026-07-21 11:08:24,272 - INFO - Beginning optimization with guess, [1.81445753 0.05630469].
2026-07-21 11:08:46,665 - INFO - Finished optimization with guess, [1.81445753 0.05630469].
2026-07-21 11:08:46,666 - INFO - Best fit parameters: [3.08503705e+01 2.86733092e-02].
2026-07-21 11:08:48,478 - INFO - Maximum log composite likelihood: -774.9057019307803.
2026-07-21 11:08:48,478 - INFO - Optimal value of theta: 388.3392952933937.
2026-07-21 11:08:48,479 - INFO - Beginning optimization with guess, [2.59167214 0.17360316].
2026-07-21 11:09:10,446 - INFO - Finished optimization with guess, [2.59167214 0.17360316].
2026-07-21 11:09:10,448 - INFO - Best fit parameters: [7.55660146e+01 1.19327205e-02].
2026-07-21 11:09:12,254 - INFO - Maximum log composite likelihood: -903.14224692812.
2026-07-21 11:09:12,255 - INFO - Optimal value of theta: 518.3910377510034.
2026-07-21 11:09:12,255 - INFO - Beginning optimization with guess, [5.13505237 0.15494129].
2026-07-21 11:09:34,448 - INFO - Finished optimization with guess, [5.13505237 0.15494129].
2026-07-21 11:09:34,449 - INFO - Best fit parameters: [3.18287251e+01 2.73740481e-02].
2026-07-21 11:09:36,376 - INFO - Maximum log composite likelihood: -772.1232573737967.
2026-07-21 11:09:36,376 - INFO - Optimal value of theta: 394.6744962216394.
2026-07-21 11:09:36,377 - INFO - Beginning optimization with guess, [4.30392773 0.06160376].
2026-07-21 11:09:58,234 - INFO - Finished optimization with guess, [4.30392773 0.06160376].
2026-07-21 11:09:58,238 - INFO - Best fit parameters: [3.47128879e+01 2.62379913e-02].
2026-07-21 11:10:00,044 - INFO - Maximum log composite likelihood: -768.4439678939891.
2026-07-21 11:10:00,044 - INFO - Optimal value of theta: 398.4336782927726.
2026-07-21 11:10:00,044 - INFO - Beginning optimization with guess, [4.00950275 0.19908976].
2026-07-21 11:10:22,047 - INFO - Finished optimization with guess, [4.00950275 0.19908976].
2026-07-21 11:10:22,048 - INFO - Best fit parameters: [12.68284687  0.02923755].
2026-07-21 11:10:23,854 - INFO - Maximum log composite likelihood: -911.7459825343773.
2026-07-21 11:10:23,854 - INFO - Optimal value of theta: 435.10778925496254.
2026-07-21 11:10:23,854 - INFO - Beginning optimization with guess, [2.94167303 0.17432507].
2026-07-21 11:10:45,554 - INFO - Finished optimization with guess, [2.94167303 0.17432507].
2026-07-21 11:10:45,555 - INFO - Best fit parameters: [2.79481453e+01 1.81214392e-02].
2026-07-21 11:10:47,361 - INFO - Maximum log composite likelihood: -821.5118626666055.
2026-07-21 11:10:47,361 - INFO - Optimal value of theta: 467.68849418921445.
2026-07-21 11:10:47,362 - INFO - Beginning optimization with guess, [9.92430166 0.05318935].
2026-07-21 11:11:09,282 - INFO - Finished optimization with guess, [9.92430166 0.05318935].
2026-07-21 11:11:09,284 - INFO - Best fit parameters: [4.28156965e+01 2.36862082e-02].
2026-07-21 11:11:11,098 - INFO - Maximum log composite likelihood: -766.0718179347596.
2026-07-21 11:11:11,098 - INFO - Optimal value of theta: 409.0043000143588.
2026-07-21 11:11:11,102 - INFO - Converting and interpreting Tau estimates.
2026-07-21 11:11:11,106 - INFO - Finished demographic inference.
2026-07-21 11:11:11,106 - INFO - Pipeline executed succesfully.
