2026-07-16 00:01:08,343 - INFO - Beginning execution of fit_demographic_model.py in directory /u/project/kirk-bigdata/jonmah/sample_size_demography/Scripts

2026-07-16 00:01:08,343 - INFO - Progress is being logged to ../Analysis/tennessen_ooa_160/log.log

2026-07-16 00:01:08,343 - INFO - Parsed the following arguments:
	syn_input_sfs = ../Simulations/tennessen/ooa_160_sfs/dadi/pop1.sfs
	mask_singletons = False
	mask_doubletons = False
	sum_alleles = False
	L_syn = 100000000.0
	model_type = three_epoch
	input_params = []
	outprefix = ../Analysis/tennessen_ooa_160/

2026-07-16 00:01:08,347 - INFO - Beginning demographic inference for three-epoch demographic model.
2026-07-16 00:01:08,350 - INFO - Beginning optimization with guess, [0.01204418 0.01524579 0.14089648 0.06756823].
2026-07-16 00:01:15,108 - INFO - Finished optimization with guess, [0.01204418 0.01524579 0.14089648 0.06756823].
2026-07-16 00:01:15,109 - INFO - Best fit parameters: [0.01018946 0.02187729 0.14108582 0.05564703].
2026-07-16 00:01:15,331 - INFO - Maximum log composite likelihood: -614.6250218243699.
2026-07-16 00:01:15,331 - INFO - Optimal value of theta: 24572.037158959643.
2026-07-16 00:01:15,331 - INFO - Beginning optimization with guess, [0.01382406 0.02672651 0.1862818  0.06748985].
2026-07-16 00:01:19,865 - INFO - Finished optimization with guess, [0.01382406 0.02672651 0.1862818  0.06748985].
2026-07-16 00:01:19,866 - INFO - Best fit parameters: [0.01376664 0.02709207 0.18628285 0.06682793].
2026-07-16 00:01:20,095 - INFO - Maximum log composite likelihood: -614.6250293724589.
2026-07-16 00:01:20,095 - INFO - Optimal value of theta: 19839.660750699277.
2026-07-16 00:01:20,096 - INFO - Beginning optimization with guess, [0.09069287 0.06156925 0.07230278 0.1423837 ].
2026-07-16 00:01:24,365 - INFO - Finished optimization with guess, [0.09069287 0.06156925 0.07230278 0.1423837 ].
2026-07-16 00:01:24,366 - INFO - Best fit parameters: [0.06656059 0.03965045 0.09455102 0.33258627].
2026-07-16 00:01:24,557 - INFO - Maximum log composite likelihood: -615.5069342917016.
2026-07-16 00:01:24,557 - INFO - Optimal value of theta: 13247.450696450034.
2026-07-16 00:01:24,557 - INFO - Beginning optimization with guess, [0.0412064  0.14801495 0.05815084 0.05535556].
2026-07-16 00:01:27,319 - INFO - Finished optimization with guess, [0.0412064  0.14801495 0.05815084 0.05535556].
2026-07-16 00:01:27,319 - INFO - Best fit parameters: [0.03186923 0.18167936 0.07294607 0.05377315].
2026-07-16 00:01:27,454 - INFO - Maximum log composite likelihood: -581.6380293298492.
2026-07-16 00:01:27,454 - INFO - Optimal value of theta: 3358.8242104658507.
2026-07-16 00:01:27,454 - INFO - Beginning optimization with guess, [0.19981725 0.06496164 0.1385031  0.06314646].
2026-07-16 00:01:30,435 - INFO - Finished optimization with guess, [0.19981725 0.06496164 0.1385031  0.06314646].
2026-07-16 00:01:30,435 - INFO - Best fit parameters: [0.0739077  0.06195088 0.2868149  0.19460306].
2026-07-16 00:01:30,600 - INFO - Maximum log composite likelihood: -616.4779445627889.
2026-07-16 00:01:30,600 - INFO - Optimal value of theta: 8388.904403545024.
2026-07-16 00:01:30,601 - INFO - Beginning optimization with guess, [0.47847756 0.39325202 0.06523945 0.08601017].
2026-07-16 00:01:33,008 - INFO - Finished optimization with guess, [0.47847756 0.39325202 0.06523945 0.08601017].
2026-07-16 00:01:33,008 - INFO - Best fit parameters: [0.22750941 7.01773409 0.07784985 0.03198586].
2026-07-16 00:01:33,126 - INFO - Maximum log composite likelihood: -227.278903010632.
2026-07-16 00:01:33,126 - INFO - Optimal value of theta: 597.5440031089581.
2026-07-16 00:01:33,126 - INFO - Beginning optimization with guess, [0.25384544 0.27907462 0.84503273 0.05109143].
2026-07-16 00:01:38,648 - INFO - Finished optimization with guess, [0.25384544 0.27907462 0.84503273 0.05109143].
2026-07-16 00:01:38,648 - INFO - Best fit parameters: [0.30767852 1.62765945 0.39042487 0.01209764].
2026-07-16 00:01:38,774 - INFO - Maximum log composite likelihood: -323.1330208406098.
2026-07-16 00:01:38,774 - INFO - Optimal value of theta: 1028.005149788388.
2026-07-16 00:01:38,774 - INFO - Beginning optimization with guess, [1.4714018  0.60757444 0.07498516 0.08436643].
2026-07-16 00:01:41,141 - INFO - Finished optimization with guess, [1.4714018  0.60757444 0.07498516 0.08436643].
2026-07-16 00:01:41,142 - INFO - Best fit parameters: [1.22718781e-01 7.72926664e+01 4.48784481e-02 2.51414644e-02].
2026-07-16 00:01:41,276 - INFO - Maximum log composite likelihood: -347.6772653641053.
2026-07-16 00:01:41,276 - INFO - Optimal value of theta: 650.2759879661712.
2026-07-16 00:01:41,276 - INFO - Beginning optimization with guess, [1.89599704 1.51446376 0.0514284  0.11435846].
2026-07-16 00:01:43,639 - INFO - Finished optimization with guess, [1.89599704 1.51446376 0.0514284  0.11435846].
2026-07-16 00:01:43,640 - INFO - Best fit parameters: [4.73993032e-01 3.04153227e+01 2.10652895e-02 2.96530424e-02].
2026-07-16 00:01:43,765 - INFO - Maximum log composite likelihood: -312.9395589818523.
2026-07-16 00:01:43,765 - INFO - Optimal value of theta: 422.4255114033602.
2026-07-16 00:01:43,766 - INFO - Beginning optimization with guess, [0.86859426 2.37233945 0.05603694 0.10551004].
2026-07-16 00:01:52,188 - INFO - Finished optimization with guess, [0.86859426 2.37233945 0.05603694 0.10551004].
2026-07-16 00:01:52,190 - INFO - Best fit parameters: [0.11505653 9.13463649 0.07727819 0.00959135].
2026-07-16 00:01:52,319 - INFO - Maximum log composite likelihood: -313.98752942456105.
2026-07-16 00:01:52,319 - INFO - Optimal value of theta: 1095.642316150034.
2026-07-16 00:01:52,319 - INFO - Beginning optimization with guess, [1.23006282 2.71916617 0.05552352 0.15494666].
2026-07-16 00:01:54,738 - INFO - Finished optimization with guess, [1.23006282 2.71916617 0.05552352 0.15494666].
2026-07-16 00:01:54,738 - INFO - Best fit parameters: [0.53422095 2.55408843 0.05174209 0.02700535].
2026-07-16 00:01:54,856 - INFO - Maximum log composite likelihood: -380.9498100466817.
2026-07-16 00:01:54,856 - INFO - Optimal value of theta: 514.7606439800452.
2026-07-16 00:01:54,856 - INFO - Beginning optimization with guess, [1.33045055 1.70141164 0.10357527 0.10405827].
2026-07-16 00:01:57,197 - INFO - Finished optimization with guess, [1.33045055 1.70141164 0.10357527 0.10405827].
2026-07-16 00:01:57,198 - INFO - Best fit parameters: [0.21993121 9.42610262 0.0739397  0.0405913 ].
2026-07-16 00:01:57,315 - INFO - Maximum log composite likelihood: -254.19959712422246.
2026-07-16 00:01:57,316 - INFO - Optimal value of theta: 538.4808730954759.
2026-07-16 00:01:57,316 - INFO - Beginning optimization with guess, [3.637394   3.22927138 0.1857395  0.09302784].
2026-07-16 00:01:59,658 - INFO - Finished optimization with guess, [3.637394   3.22927138 0.1857395  0.09302784].
2026-07-16 00:01:59,658 - INFO - Best fit parameters: [0.07419197 7.43014185 0.02369705 0.03844128].
2026-07-16 00:01:59,778 - INFO - Maximum log composite likelihood: -241.56437501637217.
2026-07-16 00:01:59,779 - INFO - Optimal value of theta: 602.0886829212634.
2026-07-16 00:01:59,779 - INFO - Beginning optimization with guess, [2.68446319 3.37685011 0.12712564 0.05649541].
2026-07-16 00:02:02,803 - INFO - Finished optimization with guess, [2.68446319 3.37685011 0.12712564 0.05649541].
2026-07-16 00:02:02,804 - INFO - Best fit parameters: [ 0.0960928  13.63016752  0.03489195  0.02538164].
2026-07-16 00:02:02,932 - INFO - Maximum log composite likelihood: -252.49224056748258.
2026-07-16 00:02:02,932 - INFO - Optimal value of theta: 690.7826672161522.
2026-07-16 00:02:02,932 - INFO - Beginning optimization with guess, [2.00963136 3.3011809  0.07384074 0.1845107 ].
2026-07-16 00:02:05,891 - INFO - Finished optimization with guess, [2.00963136 3.3011809  0.07384074 0.1845107 ].
2026-07-16 00:02:05,892 - INFO - Best fit parameters: [0.67224144 2.55874819 0.04332557 0.02562821].
2026-07-16 00:02:06,009 - INFO - Maximum log composite likelihood: -412.14781445338457.
2026-07-16 00:02:06,009 - INFO - Optimal value of theta: 489.408260457398.
2026-07-16 00:02:06,010 - INFO - Beginning optimization with guess, [3.59254505 2.77515898 0.1199153  0.07405016].
2026-07-16 00:02:08,350 - INFO - Finished optimization with guess, [3.59254505 2.77515898 0.1199153  0.07405016].
2026-07-16 00:02:08,351 - INFO - Best fit parameters: [0.91672853 6.36833752 0.0222072  0.02146805].
2026-07-16 00:02:08,480 - INFO - Maximum log composite likelihood: -379.13084380361187.
2026-07-16 00:02:08,480 - INFO - Optimal value of theta: 439.6335231398653.
2026-07-16 00:02:08,480 - INFO - Beginning optimization with guess, [4.09496913 1.61486705 0.08835218 0.05843627].
2026-07-16 00:02:10,848 - INFO - Finished optimization with guess, [4.09496913 1.61486705 0.08835218 0.05843627].
2026-07-16 00:02:10,849 - INFO - Best fit parameters: [ 2.26825094 10.57548112  0.0107393   0.01682081].
2026-07-16 00:02:10,967 - INFO - Maximum log composite likelihood: -360.2903680093693.
2026-07-16 00:02:10,967 - INFO - Optimal value of theta: 418.9620225940444.
2026-07-16 00:02:10,967 - INFO - Beginning optimization with guess, [4.38402907 3.11681632 0.0533032  0.05165242].
2026-07-16 00:02:13,320 - INFO - Finished optimization with guess, [4.38402907 3.11681632 0.0533032  0.05165242].
2026-07-16 00:02:13,321 - INFO - Best fit parameters: [4.62096949e+00 1.77883147e+01 1.07863832e-02 1.55310701e-02].
2026-07-16 00:02:13,440 - INFO - Maximum log composite likelihood: -347.6190464778701.
2026-07-16 00:02:13,440 - INFO - Optimal value of theta: 406.80650141798327.
2026-07-16 00:02:13,440 - INFO - Beginning optimization with guess, [1.89067647 4.10108588 0.05037955 0.09997241].
2026-07-16 00:02:17,041 - INFO - Finished optimization with guess, [1.89067647 4.10108588 0.05037955 0.09997241].
2026-07-16 00:02:17,042 - INFO - Best fit parameters: [ 0.34411763 12.65557557  0.03687544  0.02617793].
2026-07-16 00:02:17,169 - INFO - Maximum log composite likelihood: -271.43788525234845.
2026-07-16 00:02:17,169 - INFO - Optimal value of theta: 500.5352563463681.
2026-07-16 00:02:17,169 - INFO - Beginning optimization with guess, [2.69735135 6.37479271 0.12251547 0.06289226].
2026-07-16 00:02:20,191 - INFO - Finished optimization with guess, [2.69735135 6.37479271 0.12251547 0.06289226].
2026-07-16 00:02:20,192 - INFO - Best fit parameters: [ 0.14273225 10.27585343  0.04634183  0.0230886 ].
2026-07-16 00:02:20,320 - INFO - Maximum log composite likelihood: -233.65006029978053.
2026-07-16 00:02:20,320 - INFO - Optimal value of theta: 682.4304147963111.
2026-07-16 00:02:20,320 - INFO - Beginning optimization with guess, [2.8989329  3.37338948 0.10002877 0.05008339].
2026-07-16 00:02:23,378 - INFO - Finished optimization with guess, [2.8989329  3.37338948 0.10002877 0.05008339].
2026-07-16 00:02:23,379 - INFO - Best fit parameters: [1.35437696e-01 2.47035059e+01 1.76596888e-02 2.50128205e-02].
2026-07-16 00:02:23,503 - INFO - Maximum log composite likelihood: -270.28704280793136.
2026-07-16 00:02:23,503 - INFO - Optimal value of theta: 551.969727865385.
2026-07-16 00:02:23,503 - INFO - Beginning optimization with guess, [3.56861535 2.62021819 0.12751487 0.12256849].
2026-07-16 00:02:25,893 - INFO - Finished optimization with guess, [3.56861535 2.62021819 0.12751487 0.12256849].
2026-07-16 00:02:25,894 - INFO - Best fit parameters: [0.21773088 4.79726607 0.00933584 0.04490549].
2026-07-16 00:02:26,014 - INFO - Maximum log composite likelihood: -327.17188518723833.
2026-07-16 00:02:26,014 - INFO - Optimal value of theta: 437.03217166196526.
2026-07-16 00:02:26,015 - INFO - Beginning optimization with guess, [4.13312938 6.55437929 0.1764189  0.09965063].
2026-07-16 00:02:28,439 - INFO - Finished optimization with guess, [4.13312938 6.55437929 0.1764189  0.09965063].
2026-07-16 00:02:28,439 - INFO - Best fit parameters: [0.25025453 7.48413911 0.03964137 0.03059695].
2026-07-16 00:02:28,563 - INFO - Maximum log composite likelihood: -246.64470544078972.
2026-07-16 00:02:28,563 - INFO - Optimal value of theta: 536.5389271378473.
2026-07-16 00:02:28,563 - INFO - Beginning optimization with guess, [9.10400209 9.3957509  0.17561399 0.10466712].
2026-07-16 00:02:30,979 - INFO - Finished optimization with guess, [9.10400209 9.3957509  0.17561399 0.10466712].
2026-07-16 00:02:30,979 - INFO - Best fit parameters: [4.94505849 6.2891769  0.01306979 0.0140075 ].
2026-07-16 00:02:31,097 - INFO - Maximum log composite likelihood: -369.7298631771629.
2026-07-16 00:02:31,098 - INFO - Optimal value of theta: 419.0627053342485.
2026-07-16 00:02:31,098 - INFO - Beginning optimization with guess, [4.89440235 6.31207726 0.12546067 0.10362341].
2026-07-16 00:02:33,534 - INFO - Finished optimization with guess, [4.89440235 6.31207726 0.12546067 0.10362341].
2026-07-16 00:02:33,535 - INFO - Best fit parameters: [1.83272566 7.62762902 0.01543888 0.01905589].
2026-07-16 00:02:33,657 - INFO - Maximum log composite likelihood: -371.37990778472766.
2026-07-16 00:02:33,657 - INFO - Optimal value of theta: 416.2408014917509.
2026-07-16 00:02:33,659 - INFO - Converting and interpreting Tau estimates.
2026-07-16 00:02:33,662 - INFO - Finished demographic inference.
2026-07-16 00:02:33,662 - INFO - Pipeline executed succesfully.
