2026-07-16 00:07:43,693 - INFO - Beginning execution of fit_demographic_model.py in directory /u/project/kirk-bigdata/jonmah/sample_size_demography/Scripts

2026-07-16 00:07:43,693 - INFO - Progress is being logged to ../Analysis/tennessen_ooa_740/log.log

2026-07-16 00:07:43,693 - INFO - Parsed the following arguments:
	syn_input_sfs = ../Simulations/tennessen/ooa_740_sfs/dadi/pop1.sfs
	mask_singletons = False
	mask_doubletons = False
	sum_alleles = False
	L_syn = 100000000.0
	model_type = three_epoch
	input_params = []
	outprefix = ../Analysis/tennessen_ooa_740/

2026-07-16 00:07:43,695 - INFO - Beginning demographic inference for three-epoch demographic model.
2026-07-16 00:07:43,697 - INFO - Beginning optimization with guess, [0.01695147 0.01464291 0.06621865 0.09233948].
2026-07-16 00:12:56,805 - INFO - Finished optimization with guess, [0.01695147 0.01464291 0.06621865 0.09233948].
2026-07-16 00:12:56,807 - INFO - Best fit parameters: [0.01086552 0.00900281 0.09542957 0.17818428].
2026-07-16 00:13:00,596 - INFO - Maximum log composite likelihood: -3322.5790755830226.
2026-07-16 00:13:00,596 - INFO - Optimal value of theta: 92039.69492655463.
2026-07-16 00:13:00,597 - INFO - Beginning optimization with guess, [0.02327272 0.0162988  0.06263618 0.09727484].
2026-07-16 00:14:45,484 - INFO - Finished optimization with guess, [0.02327272 0.0162988  0.06263618 0.09727484].
2026-07-16 00:14:45,486 - INFO - Best fit parameters: [0.01684133 0.00929043 0.08354992 0.19678466].
2026-07-16 00:14:49,187 - INFO - Maximum log composite likelihood: -3322.5790759726974.
2026-07-16 00:14:49,188 - INFO - Optimal value of theta: 89190.25095605133.
2026-07-16 00:14:49,188 - INFO - Beginning optimization with guess, [0.08510414 0.02792243 0.08936773 0.15054103].
2026-07-16 00:16:30,549 - INFO - Finished optimization with guess, [0.08510414 0.02792243 0.08936773 0.15054103].
2026-07-16 00:16:30,551 - INFO - Best fit parameters: [0.07342718 0.01510653 0.10143045 0.32342656].
2026-07-16 00:16:34,138 - INFO - Maximum log composite likelihood: -3322.5790846122004.
2026-07-16 00:16:34,138 - INFO - Optimal value of theta: 54851.50496896237.
2026-07-16 00:16:34,139 - INFO - Beginning optimization with guess, [0.03849859 0.06271808 0.0967789  0.08231877].
2026-07-16 00:17:51,391 - INFO - Finished optimization with guess, [0.03849859 0.06271808 0.0967789  0.08231877].
2026-07-16 00:17:51,393 - INFO - Best fit parameters: [0.01590225 0.10633454 0.19452982 0.078006  ].
2026-07-16 00:17:54,617 - INFO - Maximum log composite likelihood: -3049.6230911412886.
2026-07-16 00:17:54,617 - INFO - Optimal value of theta: 9412.287855638435.
2026-07-16 00:17:54,618 - INFO - Beginning optimization with guess, [0.19417056 0.08111123 0.12227282 0.18229027].
2026-07-16 00:18:53,734 - INFO - Finished optimization with guess, [0.19417056 0.08111123 0.12227282 0.18229027].
2026-07-16 00:18:53,736 - INFO - Best fit parameters: [0.14942467 0.04959333 0.148776   0.4662719 ].
2026-07-16 00:18:56,732 - INFO - Maximum log composite likelihood: -3323.2433310140627.
2026-07-16 00:18:56,732 - INFO - Optimal value of theta: 16703.32439165988.
2026-07-16 00:18:56,732 - INFO - Beginning optimization with guess, [0.17624709 0.29190264 0.11609808 0.16083512].
2026-07-16 00:20:05,838 - INFO - Finished optimization with guess, [0.17624709 0.29190264 0.11609808 0.16083512].
2026-07-16 00:20:05,840 - INFO - Best fit parameters: [0.15854066 1.47847123 0.11909021 0.05368425].
2026-07-16 00:20:08,532 - INFO - Maximum log composite likelihood: -1870.857918741768.
2026-07-16 00:20:08,532 - INFO - Optimal value of theta: 1032.653628192704.
2026-07-16 00:20:08,533 - INFO - Beginning optimization with guess, [0.5278398  0.69695056 0.63778401 0.0770096 ].
2026-07-16 00:21:03,720 - INFO - Finished optimization with guess, [0.5278398  0.69695056 0.63778401 0.0770096 ].
2026-07-16 00:21:03,722 - INFO - Best fit parameters: [3.16461375e-01 3.67427448e+01 4.07605428e-01 5.45612186e-03].
2026-07-16 00:21:06,570 - INFO - Maximum log composite likelihood: -940.1369125116773.
2026-07-16 00:21:06,570 - INFO - Optimal value of theta: 1255.4271382375616.
2026-07-16 00:21:06,571 - INFO - Beginning optimization with guess, [0.44510647 0.70661308 0.09769557 0.19113773].
2026-07-16 00:22:01,440 - INFO - Finished optimization with guess, [0.44510647 0.70661308 0.09769557 0.19113773].
2026-07-16 00:22:01,442 - INFO - Best fit parameters: [ 0.20625142 12.94945026  0.13728521  0.09473649].
2026-07-16 00:22:04,200 - INFO - Maximum log composite likelihood: -1457.2548315371305.
2026-07-16 00:22:04,200 - INFO - Optimal value of theta: 332.89164933199345.
2026-07-16 00:22:04,200 - INFO - Beginning optimization with guess, [0.81791087 1.0525777  0.16859271 0.1168507 ].
2026-07-16 00:23:00,259 - INFO - Finished optimization with guess, [0.81791087 1.0525777  0.16859271 0.1168507 ].
2026-07-16 00:23:00,260 - INFO - Best fit parameters: [3.54091505e-01 4.44187028e+02 1.18213349e-01 6.29949127e-03].
2026-07-16 00:23:03,011 - INFO - Maximum log composite likelihood: -1248.2241756494273.
2026-07-16 00:23:03,011 - INFO - Optimal value of theta: 935.2186507046588.
2026-07-16 00:23:03,011 - INFO - Beginning optimization with guess, [1.37541603 1.21679959 0.11871486 0.07708889].
2026-07-16 00:23:57,807 - INFO - Finished optimization with guess, [1.37541603 1.21679959 0.11871486 0.07708889].
2026-07-16 00:23:57,809 - INFO - Best fit parameters: [6.39051092e-01 1.54232625e+02 9.25582420e-02 7.84032811e-03].
2026-07-16 00:24:00,581 - INFO - Maximum log composite likelihood: -1158.0563989476864.
2026-07-16 00:24:00,581 - INFO - Optimal value of theta: 694.2337149160179.
2026-07-16 00:24:00,581 - INFO - Beginning optimization with guess, [1.17411549 1.2318277  0.14461493 0.1221286 ].
2026-07-16 00:25:09,276 - INFO - Finished optimization with guess, [1.17411549 1.2318277  0.14461493 0.1221286 ].
2026-07-16 00:25:09,278 - INFO - Best fit parameters: [2.11269489e-01 2.05724332e+03 1.03278867e-01 6.97968225e-03].
2026-07-16 00:25:11,987 - INFO - Maximum log composite likelihood: -1334.3136178231553.
2026-07-16 00:25:11,988 - INFO - Optimal value of theta: 1047.2093276004866.
2026-07-16 00:25:11,988 - INFO - Beginning optimization with guess, [1.3328517  2.10184957 0.08002638 0.14592692].
2026-07-16 00:26:06,303 - INFO - Finished optimization with guess, [1.3328517  2.10184957 0.08002638 0.14592692].
2026-07-16 00:26:06,304 - INFO - Best fit parameters: [4.92643783e-01 7.89945257e+01 7.01604798e-02 2.35609226e-02].
2026-07-16 00:26:08,989 - INFO - Maximum log composite likelihood: -885.1290013101109.
2026-07-16 00:26:08,990 - INFO - Optimal value of theta: 456.95634593301804.
2026-07-16 00:26:08,990 - INFO - Beginning optimization with guess, [3.21732696 2.42688494 0.05357356 0.06123287].
2026-07-16 00:27:02,913 - INFO - Finished optimization with guess, [3.21732696 2.42688494 0.05357356 0.06123287].
2026-07-16 00:27:02,914 - INFO - Best fit parameters: [1.30574218e+00 4.38814591e+01 1.99329613e-02 1.68461449e-02].
2026-07-16 00:27:05,677 - INFO - Maximum log composite likelihood: -865.0880334690768.
2026-07-16 00:27:05,678 - INFO - Optimal value of theta: 454.0611372453646.
2026-07-16 00:27:05,678 - INFO - Beginning optimization with guess, [1.54125488 1.45229591 0.06081296 0.14875742].
2026-07-16 00:27:59,615 - INFO - Finished optimization with guess, [1.54125488 1.45229591 0.06081296 0.14875742].
2026-07-16 00:27:59,617 - INFO - Best fit parameters: [1.77615460e+00 1.43151151e+03 6.18092512e-02 1.13263409e-02].
2026-07-16 00:28:02,243 - INFO - Maximum log composite likelihood: -986.1183027059118.
2026-07-16 00:28:02,243 - INFO - Optimal value of theta: 443.5053040931382.
2026-07-16 00:28:02,243 - INFO - Beginning optimization with guess, [3.89271668 4.00203067 0.14694797 0.12405994].
2026-07-16 00:28:56,219 - INFO - Finished optimization with guess, [3.89271668 4.00203067 0.14694797 0.12405994].
2026-07-16 00:28:56,220 - INFO - Best fit parameters: [1.16548063e+00 4.83998418e+01 5.69242848e-02 2.23248298e-02].
2026-07-16 00:28:58,935 - INFO - Maximum log composite likelihood: -836.0446377087366.
2026-07-16 00:28:58,935 - INFO - Optimal value of theta: 405.5721699494704.
2026-07-16 00:28:58,936 - INFO - Beginning optimization with guess, [3.05944626 4.19316429 0.07072132 0.1998274 ].
2026-07-16 00:30:05,510 - INFO - Finished optimization with guess, [3.05944626 4.19316429 0.07072132 0.1998274 ].
2026-07-16 00:30:05,511 - INFO - Best fit parameters: [1.86823055e+00 1.94905711e+02 2.92308700e-02 1.86847409e-02].
2026-07-16 00:30:08,269 - INFO - Maximum log composite likelihood: -856.4279364152766.
2026-07-16 00:30:08,269 - INFO - Optimal value of theta: 386.56766609406384.
2026-07-16 00:30:08,269 - INFO - Beginning optimization with guess, [2.82983249 1.53028852 0.13416213 0.06138954].
2026-07-16 00:31:02,131 - INFO - Finished optimization with guess, [2.82983249 1.53028852 0.13416213 0.06138954].
2026-07-16 00:31:02,133 - INFO - Best fit parameters: [6.83045321e-01 5.30082456e+01 6.92389369e-02 2.47034311e-02].
2026-07-16 00:31:04,851 - INFO - Maximum log composite likelihood: -809.6876726057269.
2026-07-16 00:31:04,851 - INFO - Optimal value of theta: 429.4731129822432.
2026-07-16 00:31:04,851 - INFO - Beginning optimization with guess, [3.74587703 1.71087892 0.11505035 0.15398719].
2026-07-16 00:31:59,013 - INFO - Finished optimization with guess, [3.74587703 1.71087892 0.11505035 0.15398719].
2026-07-16 00:31:59,014 - INFO - Best fit parameters: [3.60993399e+00 1.33403043e+03 2.19291967e-02 7.61613812e-03].
2026-07-16 00:32:01,734 - INFO - Maximum log composite likelihood: -935.6382564395776.
2026-07-16 00:32:01,735 - INFO - Optimal value of theta: 464.0941963885711.
2026-07-16 00:32:01,735 - INFO - Beginning optimization with guess, [6.69256985 5.69306954 0.08905666 0.05526161].
2026-07-16 00:32:54,774 - INFO - Finished optimization with guess, [6.69256985 5.69306954 0.08905666 0.05526161].
2026-07-16 00:32:54,775 - INFO - Best fit parameters: [5.87220253e+00 4.14064769e+01 1.40311124e-02 1.85646337e-02].
2026-07-16 00:32:57,514 - INFO - Maximum log composite likelihood: -829.4838508530116.
2026-07-16 00:32:57,515 - INFO - Optimal value of theta: 385.23492549518966.
2026-07-16 00:32:57,515 - INFO - Beginning optimization with guess, [2.47371356 5.6301946  0.07596478 0.12093046].
2026-07-16 00:33:51,730 - INFO - Finished optimization with guess, [2.47371356 5.6301946  0.07596478 0.12093046].
2026-07-16 00:33:51,731 - INFO - Best fit parameters: [6.49834641e-01 3.62783166e+01 4.88628688e-02 2.99066564e-02].
2026-07-16 00:33:54,367 - INFO - Maximum log composite likelihood: -801.2628540873604.
2026-07-16 00:33:54,367 - INFO - Optimal value of theta: 405.16882882931736.
2026-07-16 00:33:54,367 - INFO - Beginning optimization with guess, [2.7482522  6.0414462  0.09289512 0.1459579 ].
2026-07-16 00:34:48,057 - INFO - Finished optimization with guess, [2.7482522  6.0414462  0.09289512 0.1459579 ].
2026-07-16 00:34:48,058 - INFO - Best fit parameters: [ 0.95626689 23.87765168  0.06062779  0.02503685].
2026-07-16 00:34:50,776 - INFO - Maximum log composite likelihood: -849.6387006528859.
2026-07-16 00:34:50,776 - INFO - Optimal value of theta: 430.20886574350277.
2026-07-16 00:34:50,777 - INFO - Beginning optimization with guess, [2.86297194 4.70209285 0.05181075 0.17998173].
2026-07-16 00:35:44,081 - INFO - Finished optimization with guess, [2.86297194 4.70209285 0.05181075 0.17998173].
2026-07-16 00:35:44,083 - INFO - Best fit parameters: [ 1.74507428 18.50989899  0.0340464   0.02869355].
2026-07-16 00:35:46,720 - INFO - Maximum log composite likelihood: -957.1084505782037.
2026-07-16 00:35:46,720 - INFO - Optimal value of theta: 384.52380278313007.
2026-07-16 00:35:46,721 - INFO - Beginning optimization with guess, [2.98466616 6.28054121 0.19893814 0.15391611].
2026-07-16 00:36:41,382 - INFO - Finished optimization with guess, [2.98466616 6.28054121 0.19893814 0.15391611].
2026-07-16 00:36:41,384 - INFO - Best fit parameters: [7.23591808e-01 2.75689136e+01 1.49177114e-01 2.57593659e-02].
2026-07-16 00:36:44,029 - INFO - Maximum log composite likelihood: -776.0037360068118.
2026-07-16 00:36:44,029 - INFO - Optimal value of theta: 450.1390967802985.
2026-07-16 00:36:44,029 - INFO - Beginning optimization with guess, [6.50150135 3.3049476  0.16260442 0.07497719].
2026-07-16 00:37:37,605 - INFO - Finished optimization with guess, [6.50150135 3.3049476  0.16260442 0.07497719].
2026-07-16 00:37:37,607 - INFO - Best fit parameters: [2.46765246e+00 5.19000712e+01 2.29125070e-02 2.09303920e-02].
2026-07-16 00:37:40,326 - INFO - Maximum log composite likelihood: -835.5105681513292.
2026-07-16 00:37:40,326 - INFO - Optimal value of theta: 377.14398038098255.
2026-07-16 00:37:40,326 - INFO - Beginning optimization with guess, [8.1041074  8.66431145 0.13626215 0.17677987].
2026-07-16 00:38:34,064 - INFO - Finished optimization with guess, [8.1041074  8.66431145 0.13626215 0.17677987].
2026-07-16 00:38:34,065 - INFO - Best fit parameters: [4.40164620e+00 2.29319422e+01 2.95392487e-02 1.94669438e-02].
2026-07-16 00:38:36,703 - INFO - Maximum log composite likelihood: -940.0434237146093.
2026-07-16 00:38:36,703 - INFO - Optimal value of theta: 371.88791312951076.
2026-07-16 00:38:36,709 - INFO - Converting and interpreting Tau estimates.
2026-07-16 00:38:36,713 - INFO - Finished demographic inference.
2026-07-16 00:38:36,713 - INFO - Pipeline executed succesfully.
