2026-07-16 00:01:12,866 - INFO - Beginning execution of fit_demographic_model.py in directory /u/project/kirk-bigdata/jonmah/sample_size_demography/Scripts

2026-07-16 00:01:12,867 - INFO - Progress is being logged to ../Analysis/tennessen_ooa_170/log.log

2026-07-16 00:01:12,867 - INFO - Parsed the following arguments:
	syn_input_sfs = ../Simulations/tennessen/ooa_170_sfs/dadi/pop1.sfs
	mask_singletons = False
	mask_doubletons = False
	sum_alleles = False
	L_syn = 100000000.0
	model_type = three_epoch
	input_params = []
	outprefix = ../Analysis/tennessen_ooa_170/

2026-07-16 00:01:12,870 - INFO - Beginning demographic inference for three-epoch demographic model.
2026-07-16 00:01:12,874 - INFO - Beginning optimization with guess, [0.01866233 0.01570215 0.16374295 0.18271958].
2026-07-16 00:01:15,967 - INFO - Finished optimization with guess, [0.01866233 0.01570215 0.16374295 0.18271958].
2026-07-16 00:01:15,969 - INFO - Best fit parameters: [0.01192213 0.01065714 0.16875556 0.40870198].
2026-07-16 00:01:16,384 - INFO - Maximum log composite likelihood: -664.3478514003154.
2026-07-16 00:01:16,384 - INFO - Optimal value of theta: 50063.468923133.
2026-07-16 00:01:16,384 - INFO - Beginning optimization with guess, [0.04128264 0.02854005 0.19948456 0.08049785].
2026-07-16 00:01:24,497 - INFO - Finished optimization with guess, [0.04128264 0.02854005 0.19948456 0.08049785].
2026-07-16 00:01:24,499 - INFO - Best fit parameters: [0.0158329  0.04506594 0.28733912 0.09992325].
2026-07-16 00:01:24,718 - INFO - Maximum log composite likelihood: -661.8755796492565.
2026-07-16 00:01:24,718 - INFO - Optimal value of theta: 12291.839437603336.
2026-07-16 00:01:24,719 - INFO - Beginning optimization with guess, [0.02913316 0.04032859 0.16809637 0.08650462].
2026-07-16 00:01:28,400 - INFO - Finished optimization with guess, [0.02913316 0.04032859 0.16809637 0.08650462].
2026-07-16 00:01:28,400 - INFO - Best fit parameters: [0.02597315 0.04609345 0.17507253 0.08202689].
2026-07-16 00:01:28,541 - INFO - Maximum log composite likelihood: -661.8731140398022.
2026-07-16 00:01:28,541 - INFO - Optimal value of theta: 12009.18983272083.
2026-07-16 00:01:28,541 - INFO - Beginning optimization with guess, [0.10075092 0.04938243 0.11273056 0.17604158].
2026-07-16 00:01:33,618 - INFO - Finished optimization with guess, [0.10075092 0.04938243 0.11273056 0.17604158].
2026-07-16 00:01:33,619 - INFO - Best fit parameters: [0.07822669 0.02886048 0.13899459 0.38667268].
2026-07-16 00:01:33,805 - INFO - Maximum log composite likelihood: -664.3485946164993.
2026-07-16 00:01:33,805 - INFO - Optimal value of theta: 18486.53801137944.
2026-07-16 00:01:33,805 - INFO - Beginning optimization with guess, [0.13173538 0.19174157 0.1318811  0.11058892].
2026-07-16 00:01:35,844 - INFO - Finished optimization with guess, [0.13173538 0.19174157 0.1318811  0.11058892].
2026-07-16 00:01:35,844 - INFO - Best fit parameters: [0.09058179 0.25657611 0.18084602 0.13797103].
2026-07-16 00:01:35,947 - INFO - Maximum log composite likelihood: -654.070557119259.
2026-07-16 00:01:35,947 - INFO - Optimal value of theta: 2199.985691611478.
2026-07-16 00:01:35,947 - INFO - Beginning optimization with guess, [0.1810443  0.1254591  0.10894887 0.1694093 ].
2026-07-16 00:01:38,243 - INFO - Finished optimization with guess, [0.1810443  0.1254591  0.10894887 0.1694093 ].
2026-07-16 00:01:38,245 - INFO - Best fit parameters: [0.10760453 0.104185   0.16262023 0.47355838].
2026-07-16 00:01:38,375 - INFO - Maximum log composite likelihood: -665.8983039584543.
2026-07-16 00:01:38,376 - INFO - Optimal value of theta: 5066.671918390701.
2026-07-16 00:01:38,376 - INFO - Beginning optimization with guess, [0.46338386 0.70962043 0.71184134 0.05799583].
2026-07-16 00:01:40,836 - INFO - Finished optimization with guess, [0.46338386 0.70962043 0.71184134 0.05799583].
2026-07-16 00:01:40,837 - INFO - Best fit parameters: [0.34608181 3.15432841 0.434859   0.0200606 ].
2026-07-16 00:01:40,929 - INFO - Maximum log composite likelihood: -290.1775028393102.
2026-07-16 00:01:40,930 - INFO - Optimal value of theta: 832.0149348290196.
2026-07-16 00:01:40,930 - INFO - Beginning optimization with guess, [1.40421538 0.6866915  0.12656124 0.0540153 ].
2026-07-16 00:01:42,640 - INFO - Finished optimization with guess, [1.40421538 0.6866915  0.12656124 0.0540153 ].
2026-07-16 00:01:42,641 - INFO - Best fit parameters: [ 0.32564285 11.08172379  0.07591636  0.02086521].
2026-07-16 00:01:42,731 - INFO - Maximum log composite likelihood: -260.8121774412654.
2026-07-16 00:01:42,731 - INFO - Optimal value of theta: 592.115740634242.
2026-07-16 00:01:42,732 - INFO - Beginning optimization with guess, [1.37218624 1.15664265 0.11335478 0.12613105].
2026-07-16 00:01:44,466 - INFO - Finished optimization with guess, [1.37218624 1.15664265 0.11335478 0.12613105].
2026-07-16 00:01:44,466 - INFO - Best fit parameters: [2.35264648e-01 2.69773826e+01 5.95813856e-02 2.48854296e-02].
2026-07-16 00:01:44,553 - INFO - Maximum log composite likelihood: -262.5251197334744.
2026-07-16 00:01:44,553 - INFO - Optimal value of theta: 579.9632650842963.
2026-07-16 00:01:44,554 - INFO - Beginning optimization with guess, [0.67588563 1.5691876  0.06708002 0.06300797].
2026-07-16 00:01:46,787 - INFO - Finished optimization with guess, [0.67588563 1.5691876  0.06708002 0.06300797].
2026-07-16 00:01:46,788 - INFO - Best fit parameters: [0.14068301 9.46299005 0.09247323 0.01697836].
2026-07-16 00:01:46,883 - INFO - Maximum log composite likelihood: -248.88696039819598.
2026-07-16 00:01:46,883 - INFO - Optimal value of theta: 897.569716024911.
2026-07-16 00:01:46,883 - INFO - Beginning optimization with guess, [0.85320206 2.0464791  0.08770752 0.05348587].
2026-07-16 00:01:48,668 - INFO - Finished optimization with guess, [0.85320206 2.0464791  0.08770752 0.05348587].
2026-07-16 00:01:48,669 - INFO - Best fit parameters: [0.21043583 6.20260769 0.10760941 0.02774334].
2026-07-16 00:01:48,758 - INFO - Maximum log composite likelihood: -236.0939160810472.
2026-07-16 00:01:48,758 - INFO - Optimal value of theta: 688.9315304960028.
2026-07-16 00:01:48,758 - INFO - Beginning optimization with guess, [3.47528287 1.62696636 0.16080701 0.10955505].
2026-07-16 00:01:50,930 - INFO - Finished optimization with guess, [3.47528287 1.62696636 0.16080701 0.10955505].
2026-07-16 00:01:50,931 - INFO - Best fit parameters: [3.31443390e-02 2.01632861e+01 1.85163109e-03 1.85415579e-02].
2026-07-16 00:01:51,023 - INFO - Maximum log composite likelihood: -369.86887227747053.
2026-07-16 00:01:51,023 - INFO - Optimal value of theta: 555.1972116266526.
2026-07-16 00:01:51,024 - INFO - Beginning optimization with guess, [1.60978742 2.9764638  0.11552478 0.10059512].
2026-07-16 00:01:55,140 - INFO - Finished optimization with guess, [1.60978742 2.9764638  0.11552478 0.10059512].
2026-07-16 00:01:55,142 - INFO - Best fit parameters: [2.50983934e-02 8.54193876e+00 4.97515002e-02 3.50484063e-03].
2026-07-16 00:01:55,246 - INFO - Maximum log composite likelihood: -347.9043986026439.
2026-07-16 00:01:55,246 - INFO - Optimal value of theta: 3669.176625053691.
2026-07-16 00:01:55,246 - INFO - Beginning optimization with guess, [2.36701634 1.21465681 0.05976746 0.0563327 ].
2026-07-16 00:01:56,975 - INFO - Finished optimization with guess, [2.36701634 1.21465681 0.05976746 0.0563327 ].
2026-07-16 00:01:56,975 - INFO - Best fit parameters: [ 0.50024454 19.29439882  0.02295086  0.02347137].
2026-07-16 00:01:57,062 - INFO - Maximum log composite likelihood: -327.3082054565948.
2026-07-16 00:01:57,062 - INFO - Optimal value of theta: 455.3675540866755.
2026-07-16 00:01:57,063 - INFO - Beginning optimization with guess, [1.56964399 1.67598052 0.17188919 0.06273599].
2026-07-16 00:01:58,966 - INFO - Finished optimization with guess, [1.56964399 1.67598052 0.17188919 0.06273599].
2026-07-16 00:01:58,967 - INFO - Best fit parameters: [0.43734886 4.91554479 0.1403799  0.04517869].
2026-07-16 00:01:59,053 - INFO - Maximum log composite likelihood: -292.5864129384084.
2026-07-16 00:01:59,053 - INFO - Optimal value of theta: 489.41502086008325.
2026-07-16 00:01:59,054 - INFO - Beginning optimization with guess, [4.20020068 1.43682405 0.15226423 0.17763822].
2026-07-16 00:02:00,802 - INFO - Finished optimization with guess, [4.20020068 1.43682405 0.15226423 0.17763822].
2026-07-16 00:02:00,803 - INFO - Best fit parameters: [2.2004556  1.35812024 0.04990621 0.29134662].
2026-07-16 00:02:00,890 - INFO - Maximum log composite likelihood: -656.548814931254.
2026-07-16 00:02:00,890 - INFO - Optimal value of theta: 441.60375685444075.
2026-07-16 00:02:00,891 - INFO - Beginning optimization with guess, [2.2189667  5.18075397 0.07152304 0.11601081].
2026-07-16 00:02:03,493 - INFO - Finished optimization with guess, [2.2189667  5.18075397 0.07152304 0.11601081].
2026-07-16 00:02:03,494 - INFO - Best fit parameters: [0.21896678 7.80796853 0.04070087 0.03656034].
2026-07-16 00:02:03,586 - INFO - Maximum log composite likelihood: -245.04310438905566.
2026-07-16 00:02:03,586 - INFO - Optimal value of theta: 522.9961621833571.
2026-07-16 00:02:03,586 - INFO - Beginning optimization with guess, [1.7473093  2.72834694 0.08616945 0.13116808].
2026-07-16 00:02:05,354 - INFO - Finished optimization with guess, [1.7473093  2.72834694 0.08616945 0.13116808].
2026-07-16 00:02:05,354 - INFO - Best fit parameters: [0.70417568 3.09924724 0.06081245 0.03637592].
2026-07-16 00:02:05,438 - INFO - Maximum log composite likelihood: -394.1164520523488.
2026-07-16 00:02:05,438 - INFO - Optimal value of theta: 460.2698046203401.
2026-07-16 00:02:05,438 - INFO - Beginning optimization with guess, [6.97799805 3.08385615 0.10467475 0.10340779].
2026-07-16 00:02:07,145 - INFO - Finished optimization with guess, [6.97799805 3.08385615 0.10467475 0.10340779].
2026-07-16 00:02:07,146 - INFO - Best fit parameters: [3.12054511e+00 7.99133122e+00 3.75223811e-03 2.29528520e-02].
2026-07-16 00:02:07,237 - INFO - Maximum log composite likelihood: -374.97158352269287.
2026-07-16 00:02:07,237 - INFO - Optimal value of theta: 417.8110882542903.
2026-07-16 00:02:07,237 - INFO - Beginning optimization with guess, [2.79961988 6.06977046 0.19920539 0.14500677].
2026-07-16 00:02:26,664 - INFO - Finished optimization with guess, [2.79961988 6.06977046 0.19920539 0.14500677].
2026-07-16 00:02:26,666 - INFO - Best fit parameters: [0.03975386 2.88522327 0.08308912 0.00529038].
2026-07-16 00:02:26,768 - INFO - Maximum log composite likelihood: -252.37358150545992.
2026-07-16 00:02:26,768 - INFO - Optimal value of theta: 3141.820465744324.
2026-07-16 00:02:26,769 - INFO - Beginning optimization with guess, [4.50772857 3.37053966 0.06089641 0.08099295].
2026-07-16 00:02:28,463 - INFO - Finished optimization with guess, [4.50772857 3.37053966 0.06089641 0.08099295].
2026-07-16 00:02:28,463 - INFO - Best fit parameters: [3.50922389e+00 1.53639182e+01 1.01993577e-02 1.52143080e-02].
2026-07-16 00:02:28,548 - INFO - Maximum log composite likelihood: -362.04444923110054.
2026-07-16 00:02:28,548 - INFO - Optimal value of theta: 416.6136072488779.
2026-07-16 00:02:28,548 - INFO - Beginning optimization with guess, [2.53018354 4.99997567 0.09197679 0.05107102].
2026-07-16 00:02:30,740 - INFO - Finished optimization with guess, [2.53018354 4.99997567 0.09197679 0.05107102].
2026-07-16 00:02:30,740 - INFO - Best fit parameters: [ 0.16023074 19.45301801  0.02480652  0.02543435].
2026-07-16 00:02:30,827 - INFO - Maximum log composite likelihood: -266.6981430106514.
2026-07-16 00:02:30,827 - INFO - Optimal value of theta: 562.8234623275733.
2026-07-16 00:02:30,827 - INFO - Beginning optimization with guess, [4.50306752 3.45528726 0.05052803 0.09365594].
2026-07-16 00:02:32,552 - INFO - Finished optimization with guess, [4.50306752 3.45528726 0.05052803 0.09365594].
2026-07-16 00:02:32,552 - INFO - Best fit parameters: [3.8340984  9.71750673 0.01131199 0.01221723].
2026-07-16 00:02:32,638 - INFO - Maximum log composite likelihood: -377.32114953490003.
2026-07-16 00:02:32,638 - INFO - Optimal value of theta: 429.0458149394328.
2026-07-16 00:02:32,638 - INFO - Beginning optimization with guess, [5.3735717  5.73965373 0.07862065 0.11521149].
2026-07-16 00:02:34,370 - INFO - Finished optimization with guess, [5.3735717  5.73965373 0.07862065 0.11521149].
2026-07-16 00:02:34,371 - INFO - Best fit parameters: [3.52890532 7.5473218  0.01579896 0.01481465].
2026-07-16 00:02:34,463 - INFO - Maximum log composite likelihood: -380.8440593561834.
2026-07-16 00:02:34,463 - INFO - Optimal value of theta: 415.3945308504195.
2026-07-16 00:02:34,464 - INFO - Beginning optimization with guess, [8.402694   7.44160386 0.13669854 0.12788774].
2026-07-16 00:02:36,189 - INFO - Finished optimization with guess, [8.402694   7.44160386 0.13669854 0.12788774].
2026-07-16 00:02:36,190 - INFO - Best fit parameters: [5.33131675 6.84680128 0.01264199 0.01519895].
2026-07-16 00:02:36,281 - INFO - Maximum log composite likelihood: -378.1020564061595.
2026-07-16 00:02:36,281 - INFO - Optimal value of theta: 416.8623047344714.
2026-07-16 00:02:36,282 - INFO - Converting and interpreting Tau estimates.
2026-07-16 00:02:36,288 - INFO - Finished demographic inference.
2026-07-16 00:02:36,288 - INFO - Pipeline executed succesfully.
