2026-07-16 00:01:09,452 - INFO - Beginning execution of fit_demographic_model.py in directory /u/project/kirk-bigdata/jonmah/sample_size_demography/Scripts

2026-07-16 00:01:09,453 - INFO - Progress is being logged to ../Analysis/tennessen_ooa_240/log.log

2026-07-16 00:01:09,453 - INFO - Parsed the following arguments:
	syn_input_sfs = ../Simulations/tennessen/ooa_240_sfs/dadi/pop1.sfs
	mask_singletons = False
	mask_doubletons = False
	sum_alleles = False
	L_syn = 100000000.0
	model_type = three_epoch
	input_params = []
	outprefix = ../Analysis/tennessen_ooa_240/

2026-07-16 00:01:09,457 - INFO - Beginning demographic inference for three-epoch demographic model.
2026-07-16 00:01:09,461 - INFO - Beginning optimization with guess, [0.01121256 0.00805647 0.09370072 0.15201327].
2026-07-16 00:01:29,678 - INFO - Finished optimization with guess, [0.01121256 0.00805647 0.09370072 0.15201327].
2026-07-16 00:01:29,679 - INFO - Best fit parameters: [0.00946071 0.00466873 0.09604973 0.34524281].
2026-07-16 00:01:32,443 - INFO - Maximum log composite likelihood: -980.931409041104.
2026-07-16 00:01:32,444 - INFO - Optimal value of theta: 123234.92391564281.
2026-07-16 00:01:32,444 - INFO - Beginning optimization with guess, [0.01546008 0.01563348 0.08987165 0.16356511].
2026-07-16 00:01:45,456 - INFO - Finished optimization with guess, [0.01546008 0.01563348 0.08987165 0.16356511].
2026-07-16 00:01:45,458 - INFO - Best fit parameters: [0.0078506  0.01250394 0.12838233 0.29894857].
2026-07-16 00:01:47,014 - INFO - Maximum log composite likelihood: -980.9314090393727.
2026-07-16 00:01:47,014 - INFO - Optimal value of theta: 46013.57933475244.
2026-07-16 00:01:47,015 - INFO - Beginning optimization with guess, [0.07355444 0.0691577  0.1056358  0.137872  ].
2026-07-16 00:02:01,379 - INFO - Finished optimization with guess, [0.07355444 0.0691577  0.1056358  0.137872  ].
2026-07-16 00:02:01,381 - INFO - Best fit parameters: [0.04114799 0.05569749 0.17190218 0.26838182].
2026-07-16 00:02:02,152 - INFO - Maximum log composite likelihood: -980.9391792747781.
2026-07-16 00:02:02,152 - INFO - Optimal value of theta: 10329.717331353959.
2026-07-16 00:02:02,153 - INFO - Beginning optimization with guess, [0.07647076 0.04271455 0.11013358 0.17409354].
2026-07-16 00:02:36,087 - INFO - Finished optimization with guess, [0.07647076 0.04271455 0.11013358 0.17409354].
2026-07-16 00:02:36,089 - INFO - Best fit parameters: [0.05795139 0.02458699 0.1392007  0.37578726].
2026-07-16 00:02:37,118 - INFO - Maximum log composite likelihood: -980.9316292914805.
2026-07-16 00:02:37,118 - INFO - Optimal value of theta: 23400.60809116114.
2026-07-16 00:02:37,119 - INFO - Beginning optimization with guess, [0.1794305  0.10801941 0.12540466 0.05882045].
2026-07-16 00:02:50,293 - INFO - Finished optimization with guess, [0.1794305  0.10801941 0.12540466 0.05882045].
2026-07-16 00:02:50,295 - INFO - Best fit parameters: [0.08243347 0.20399162 0.22450922 0.08724115].
2026-07-16 00:02:50,948 - INFO - Maximum log composite likelihood: -943.3206445698862.
2026-07-16 00:02:50,948 - INFO - Optimal value of theta: 3150.098444486389.
2026-07-16 00:02:50,949 - INFO - Beginning optimization with guess, [0.26818496 0.22856773 0.11724012 0.13501178].
2026-07-16 00:03:02,798 - INFO - Finished optimization with guess, [0.26818496 0.22856773 0.11724012 0.13501178].
2026-07-16 00:03:02,800 - INFO - Best fit parameters: [0.14161773 0.56239766 0.18210926 0.20963217].
2026-07-16 00:03:03,374 - INFO - Maximum log composite likelihood: -928.8988198849557.
2026-07-16 00:03:03,374 - INFO - Optimal value of theta: 1169.8855810222415.
2026-07-16 00:03:03,374 - INFO - Beginning optimization with guess, [0.62770292 0.8971672  0.5701161  0.15873372].
2026-07-16 00:03:14,254 - INFO - Finished optimization with guess, [0.62770292 0.8971672  0.5701161  0.15873372].
2026-07-16 00:03:14,255 - INFO - Best fit parameters: [0.57405854 2.71114345 0.41924713 0.06190933].
2026-07-16 00:03:14,771 - INFO - Maximum log composite likelihood: -540.8425054420281.
2026-07-16 00:03:14,772 - INFO - Optimal value of theta: 511.50662574468885.
2026-07-16 00:03:14,772 - INFO - Beginning optimization with guess, [0.71515046 0.42670319 0.189146   0.10502707].
2026-07-16 00:03:25,854 - INFO - Finished optimization with guess, [0.71515046 0.42670319 0.189146   0.10502707].
2026-07-16 00:03:25,855 - INFO - Best fit parameters: [0.33099705 5.19801738 0.18771155 0.05148793].
2026-07-16 00:03:26,429 - INFO - Maximum log composite likelihood: -410.88325049657715.
2026-07-16 00:03:26,429 - INFO - Optimal value of theta: 517.5592770307467.
2026-07-16 00:03:26,429 - INFO - Beginning optimization with guess, [1.04423857 1.80778263 0.05935199 0.07203358].
2026-07-16 00:03:37,750 - INFO - Finished optimization with guess, [1.04423857 1.80778263 0.05935199 0.07203358].
2026-07-16 00:03:37,751 - INFO - Best fit parameters: [ 0.25636473 11.28105281  0.07279834  0.0279344 ].
2026-07-16 00:03:38,324 - INFO - Maximum log composite likelihood: -308.9767293163444.
2026-07-16 00:03:38,324 - INFO - Optimal value of theta: 580.2877784833742.
2026-07-16 00:03:38,325 - INFO - Beginning optimization with guess, [2.19932001 0.71568033 0.06046545 0.06588484].
2026-07-16 00:03:49,597 - INFO - Finished optimization with guess, [2.19932001 0.71568033 0.06046545 0.06588484].
2026-07-16 00:03:49,599 - INFO - Best fit parameters: [ 0.65066439 14.5880952   0.03270307  0.02882612].
2026-07-16 00:03:50,164 - INFO - Maximum log composite likelihood: -405.69261754689256.
2026-07-16 00:03:50,164 - INFO - Optimal value of theta: 429.0403766765215.
2026-07-16 00:03:50,164 - INFO - Beginning optimization with guess, [0.77263055 2.92856962 0.08522597 0.14542695].
2026-07-16 00:04:07,261 - INFO - Finished optimization with guess, [0.77263055 2.92856962 0.08522597 0.14542695].
2026-07-16 00:04:07,263 - INFO - Best fit parameters: [0.2194779  8.37505739 0.10308024 0.02439664].
2026-07-16 00:04:07,834 - INFO - Maximum log composite likelihood: -302.70706734195653.
2026-07-16 00:04:07,835 - INFO - Optimal value of theta: 689.3061933399001.
2026-07-16 00:04:07,835 - INFO - Beginning optimization with guess, [1.0333555  1.82559418 0.05261446 0.13216495].
2026-07-16 00:04:19,675 - INFO - Finished optimization with guess, [1.0333555  1.82559418 0.05261446 0.13216495].
2026-07-16 00:04:19,677 - INFO - Best fit parameters: [ 0.33841146 22.58147383  0.05393805  0.02399431].
2026-07-16 00:04:20,245 - INFO - Maximum log composite likelihood: -342.6142605212748.
2026-07-16 00:04:20,245 - INFO - Optimal value of theta: 527.972570424198.
2026-07-16 00:04:20,246 - INFO - Beginning optimization with guess, [3.5623885  1.49212916 0.18098332 0.13254705].
2026-07-16 00:04:31,540 - INFO - Finished optimization with guess, [3.5623885  1.49212916 0.18098332 0.13254705].
2026-07-16 00:04:31,541 - INFO - Best fit parameters: [1.40802959e-01 5.69665383e+01 7.34884953e-03 2.76449678e-02].
2026-07-16 00:04:32,111 - INFO - Maximum log composite likelihood: -421.2673398121854.
2026-07-16 00:04:32,111 - INFO - Optimal value of theta: 464.65095788652985.
2026-07-16 00:04:32,111 - INFO - Beginning optimization with guess, [2.36078472 4.09939578 0.159962   0.16039363].
2026-07-16 00:04:43,388 - INFO - Finished optimization with guess, [2.36078472 4.09939578 0.159962   0.16039363].
2026-07-16 00:04:43,390 - INFO - Best fit parameters: [0.51675779 4.26720665 0.08559331 0.02575763].
2026-07-16 00:04:43,938 - INFO - Maximum log composite likelihood: -432.6713132685772.
2026-07-16 00:04:43,938 - INFO - Optimal value of theta: 539.9842931398039.
2026-07-16 00:04:43,938 - INFO - Beginning optimization with guess, [1.60879813 3.30444066 0.0502751  0.19829689].
2026-07-16 00:04:54,577 - INFO - Finished optimization with guess, [1.60879813 3.30444066 0.0502751  0.19829689].
2026-07-16 00:04:54,578 - INFO - Best fit parameters: [0.9892943  4.02921933 0.04221168 0.03163215].
2026-07-16 00:04:55,105 - INFO - Maximum log composite likelihood: -541.1328893818024.
2026-07-16 00:04:55,105 - INFO - Optimal value of theta: 441.06275781596275.
2026-07-16 00:04:55,105 - INFO - Beginning optimization with guess, [2.04504561 1.89497876 0.17548388 0.06994098].
2026-07-16 00:05:06,125 - INFO - Finished optimization with guess, [2.04504561 1.89497876 0.17548388 0.06994098].
2026-07-16 00:05:06,126 - INFO - Best fit parameters: [ 0.3074964  12.94350025  0.10696028  0.03450879].
2026-07-16 00:05:06,700 - INFO - Maximum log composite likelihood: -329.7940056810249.
2026-07-16 00:05:06,701 - INFO - Optimal value of theta: 526.4696537141546.
2026-07-16 00:05:06,701 - INFO - Beginning optimization with guess, [2.52885049 3.68996529 0.10967662 0.06298968].
2026-07-16 00:05:18,056 - INFO - Finished optimization with guess, [2.52885049 3.68996529 0.10967662 0.06298968].
2026-07-16 00:05:18,058 - INFO - Best fit parameters: [ 0.18059926 19.28354858  0.06206071  0.03319121].
2026-07-16 00:05:18,635 - INFO - Maximum log composite likelihood: -369.0387148798067.
2026-07-16 00:05:18,635 - INFO - Optimal value of theta: 553.8311288102358.
2026-07-16 00:05:18,636 - INFO - Beginning optimization with guess, [3.9439368  4.2241447  0.16537642 0.14910607].
2026-07-16 00:05:29,897 - INFO - Finished optimization with guess, [3.9439368  4.2241447  0.16537642 0.14910607].
2026-07-16 00:05:29,899 - INFO - Best fit parameters: [0.73003041 4.75806814 0.03085225 0.02534259].
2026-07-16 00:05:30,465 - INFO - Maximum log composite likelihood: -509.5496989261649.
2026-07-16 00:05:30,465 - INFO - Optimal value of theta: 472.04157060878873.
2026-07-16 00:05:30,466 - INFO - Beginning optimization with guess, [1.91017745 3.31220549 0.09487247 0.08557822].
2026-07-16 00:05:41,930 - INFO - Finished optimization with guess, [1.91017745 3.31220549 0.09487247 0.08557822].
2026-07-16 00:05:41,932 - INFO - Best fit parameters: [ 0.23208992 12.32418826  0.06279395  0.02312612].
2026-07-16 00:05:42,501 - INFO - Maximum log composite likelihood: -316.98541313818043.
2026-07-16 00:05:42,501 - INFO - Optimal value of theta: 621.1579303112668.
2026-07-16 00:05:42,502 - INFO - Beginning optimization with guess, [2.32980915 6.42421674 0.09426827 0.08371983].
2026-07-16 00:05:53,813 - INFO - Finished optimization with guess, [2.32980915 6.42421674 0.09426827 0.08371983].
2026-07-16 00:05:53,814 - INFO - Best fit parameters: [ 0.18898833 16.44696009  0.04616453  0.02627955].
2026-07-16 00:05:54,389 - INFO - Maximum log composite likelihood: -327.278978735975.
2026-07-16 00:05:54,389 - INFO - Optimal value of theta: 587.6349610100659.
2026-07-16 00:05:54,389 - INFO - Beginning optimization with guess, [2.31401641 2.46815497 0.05164717 0.11704281].
2026-07-16 00:06:05,246 - INFO - Finished optimization with guess, [2.31401641 2.46815497 0.05164717 0.11704281].
2026-07-16 00:06:05,247 - INFO - Best fit parameters: [1.19719491 8.6008684  0.03074697 0.02850532].
2026-07-16 00:06:05,784 - INFO - Maximum log composite likelihood: -476.82054379484293.
2026-07-16 00:06:05,784 - INFO - Optimal value of theta: 405.909631890908.
2026-07-16 00:06:05,785 - INFO - Beginning optimization with guess, [4.5243434  6.53769014 0.19190939 0.06071324].
2026-07-16 00:06:16,417 - INFO - Finished optimization with guess, [4.5243434  6.53769014 0.19190939 0.06071324].
2026-07-16 00:06:16,418 - INFO - Best fit parameters: [ 0.37944057 19.38596903  0.0439443   0.0291264 ].
2026-07-16 00:06:16,953 - INFO - Maximum log composite likelihood: -349.1688292985976.
2026-07-16 00:06:16,954 - INFO - Optimal value of theta: 475.3512109812919.
2026-07-16 00:06:16,954 - INFO - Beginning optimization with guess, [7.05906684 3.87786907 0.09115292 0.06415544].
2026-07-16 00:06:27,868 - INFO - Finished optimization with guess, [7.05906684 3.87786907 0.09115292 0.06415544].
2026-07-16 00:06:27,869 - INFO - Best fit parameters: [7.74442240e+00 1.46306484e+01 1.60525954e-02 1.23321232e-02].
2026-07-16 00:06:28,410 - INFO - Maximum log composite likelihood: -437.8776821145302.
2026-07-16 00:06:28,411 - INFO - Optimal value of theta: 405.03445407347317.
2026-07-16 00:06:28,411 - INFO - Beginning optimization with guess, [2.54116707 4.05948903 0.12482779 0.05304666].
2026-07-16 00:06:39,201 - INFO - Finished optimization with guess, [2.54116707 4.05948903 0.12482779 0.05304666].
2026-07-16 00:06:39,203 - INFO - Best fit parameters: [ 0.32343038 11.83596835  0.05208198  0.02491907].
2026-07-16 00:06:39,740 - INFO - Maximum log composite likelihood: -337.53832032945724.
2026-07-16 00:06:39,740 - INFO - Optimal value of theta: 544.6252057831578.
2026-07-16 00:06:39,741 - INFO - Beginning optimization with guess, [3.40711983 7.15291477 0.17206612 0.06067317].
2026-07-16 00:06:50,788 - INFO - Finished optimization with guess, [3.40711983 7.15291477 0.17206612 0.06067317].
2026-07-16 00:06:50,789 - INFO - Best fit parameters: [ 0.2411849  11.61159094  0.06623153  0.03003607].
2026-07-16 00:06:51,362 - INFO - Maximum log composite likelihood: -310.5860495919967.
2026-07-16 00:06:51,362 - INFO - Optimal value of theta: 565.8724377122526.
2026-07-16 00:06:51,366 - INFO - Converting and interpreting Tau estimates.
2026-07-16 00:06:51,369 - INFO - Finished demographic inference.
2026-07-16 00:06:51,369 - INFO - Pipeline executed succesfully.
