2026-07-16 00:01:05,393 - INFO - Beginning execution of fit_demographic_model.py in directory /u/project/kirk-bigdata/jonmah/sample_size_demography/Scripts

2026-07-16 00:01:05,393 - INFO - Progress is being logged to ../Analysis/tennessen_ooa_190/log.log

2026-07-16 00:01:05,393 - INFO - Parsed the following arguments:
	syn_input_sfs = ../Simulations/tennessen/ooa_190_sfs/dadi/pop1.sfs
	mask_singletons = False
	mask_doubletons = False
	sum_alleles = False
	L_syn = 100000000.0
	model_type = three_epoch
	input_params = []
	outprefix = ../Analysis/tennessen_ooa_190/

2026-07-16 00:01:05,396 - INFO - Beginning demographic inference for three-epoch demographic model.
2026-07-16 00:01:05,398 - INFO - Beginning optimization with guess, [0.01365433 0.00920822 0.08990904 0.11437857].
2026-07-16 00:01:10,821 - INFO - Finished optimization with guess, [0.01365433 0.00920822 0.08990904 0.11437857].
2026-07-16 00:01:10,822 - INFO - Best fit parameters: [0.01075256 0.00503536 0.0988753  0.24327454].
2026-07-16 00:01:11,545 - INFO - Maximum log composite likelihood: -752.7353849236393.
2026-07-16 00:01:11,545 - INFO - Optimal value of theta: 108169.36312307778.
2026-07-16 00:01:11,546 - INFO - Beginning optimization with guess, [0.04233215 0.02201979 0.06866811 0.16047652].
2026-07-16 00:01:15,264 - INFO - Finished optimization with guess, [0.04233215 0.02201979 0.06866811 0.16047652].
2026-07-16 00:01:15,265 - INFO - Best fit parameters: [0.03584797 0.01169785 0.0797316  0.33688   ].
2026-07-16 00:01:15,741 - INFO - Maximum log composite likelihood: -752.7353849236428.
2026-07-16 00:01:15,742 - INFO - Optimal value of theta: 46561.70594707925.
2026-07-16 00:01:15,742 - INFO - Beginning optimization with guess, [0.07436999 0.06083932 0.19903652 0.18916004].
2026-07-16 00:01:31,718 - INFO - Finished optimization with guess, [0.07436999 0.06083932 0.19903652 0.18916004].
2026-07-16 00:01:31,720 - INFO - Best fit parameters: [0.02609761 0.10970237 0.31893647 0.22441035].
2026-07-16 00:01:32,039 - INFO - Maximum log composite likelihood: -747.4786122240577.
2026-07-16 00:01:32,039 - INFO - Optimal value of theta: 5228.792449573753.
2026-07-16 00:01:32,039 - INFO - Beginning optimization with guess, [0.08402741 0.07420327 0.18272631 0.16905251].
2026-07-16 00:01:43,311 - INFO - Finished optimization with guess, [0.08402741 0.07420327 0.18272631 0.16905251].
2026-07-16 00:01:43,312 - INFO - Best fit parameters: [0.03514162 0.10995804 0.30897758 0.20781445].
2026-07-16 00:01:43,595 - INFO - Maximum log composite likelihood: -747.4877807684096.
2026-07-16 00:01:43,595 - INFO - Optimal value of theta: 5227.989745463722.
2026-07-16 00:01:43,596 - INFO - Beginning optimization with guess, [0.14091623 0.06575035 0.17679557 0.05956525].
2026-07-16 00:01:48,195 - INFO - Finished optimization with guess, [0.14091623 0.06575035 0.17679557 0.05956525].
2026-07-16 00:01:48,195 - INFO - Best fit parameters: [0.05970554 0.0887857  0.31652779 0.09571059].
2026-07-16 00:01:48,439 - INFO - Maximum log composite likelihood: -747.315629076591.
2026-07-16 00:01:48,439 - INFO - Optimal value of theta: 6442.508796905317.
2026-07-16 00:01:48,440 - INFO - Beginning optimization with guess, [0.42832809 0.14740192 0.06022748 0.16406994].
2026-07-16 00:01:54,528 - INFO - Finished optimization with guess, [0.42832809 0.14740192 0.06022748 0.16406994].
2026-07-16 00:01:54,529 - INFO - Best fit parameters: [0.35182142 0.10106544 0.06737739 0.9351051 ].
2026-07-16 00:01:54,805 - INFO - Maximum log composite likelihood: -752.8113844340878.
2026-07-16 00:01:54,805 - INFO - Optimal value of theta: 5387.209632978012.
2026-07-16 00:01:54,805 - INFO - Beginning optimization with guess, [0.53069114 0.92742144 0.77017043 0.11493961].
2026-07-16 00:02:00,681 - INFO - Finished optimization with guess, [0.53069114 0.92742144 0.77017043 0.11493961].
2026-07-16 00:02:00,683 - INFO - Best fit parameters: [0.26744449 9.51662256 0.33923849 0.01913851].
2026-07-16 00:02:00,910 - INFO - Maximum log composite likelihood: -300.9973020314534.
2026-07-16 00:02:00,910 - INFO - Optimal value of theta: 860.4614523307681.
2026-07-16 00:02:00,910 - INFO - Beginning optimization with guess, [1.03969709 1.30432246 0.05041981 0.19365663].
2026-07-16 00:02:05,604 - INFO - Finished optimization with guess, [1.03969709 1.30432246 0.05041981 0.19365663].
2026-07-16 00:02:05,604 - INFO - Best fit parameters: [8.09000856e-02 2.63120006e+03 6.49804242e-02 1.00114828e-02].
2026-07-16 00:02:05,788 - INFO - Maximum log composite likelihood: -455.266744732343.
2026-07-16 00:02:05,788 - INFO - Optimal value of theta: 1170.7087708993254.
2026-07-16 00:02:05,788 - INFO - Beginning optimization with guess, [1.23850179 0.55581452 0.07860874 0.19714303].
2026-07-16 00:02:10,837 - INFO - Finished optimization with guess, [1.23850179 0.55581452 0.07860874 0.19714303].
2026-07-16 00:02:10,838 - INFO - Best fit parameters: [7.94365881e-02 1.46305292e+02 6.11056974e-02 1.14765425e-02].
2026-07-16 00:02:11,027 - INFO - Maximum log composite likelihood: -445.2583274916262.
2026-07-16 00:02:11,028 - INFO - Optimal value of theta: 1122.0947852927843.
2026-07-16 00:02:11,028 - INFO - Beginning optimization with guess, [1.00258571 2.29620673 0.06296582 0.19473367].
2026-07-16 00:02:14,666 - INFO - Finished optimization with guess, [1.00258571 2.29620673 0.06296582 0.19473367].
2026-07-16 00:02:14,667 - INFO - Best fit parameters: [0.52258944 2.41605176 0.06289996 0.03519928].
2026-07-16 00:02:14,846 - INFO - Maximum log composite likelihood: -431.8180243634338.
2026-07-16 00:02:14,846 - INFO - Optimal value of theta: 516.8019519003539.
2026-07-16 00:02:14,847 - INFO - Beginning optimization with guess, [0.77634042 2.18756494 0.0897443  0.0919608 ].
2026-07-16 00:02:19,871 - INFO - Finished optimization with guess, [0.77634042 2.18756494 0.0897443  0.0919608 ].
2026-07-16 00:02:19,872 - INFO - Best fit parameters: [6.29018419e-02 8.62861785e+00 1.19608226e-01 4.95701095e-03].
2026-07-16 00:02:20,139 - INFO - Maximum log composite likelihood: -299.9366310732495.
2026-07-16 00:02:20,139 - INFO - Optimal value of theta: 2583.2868053762145.
2026-07-16 00:02:20,139 - INFO - Beginning optimization with guess, [1.91430456 1.81308961 0.05221738 0.08579473].
2026-07-16 00:02:23,760 - INFO - Finished optimization with guess, [1.91430456 1.81308961 0.05221738 0.08579473].
2026-07-16 00:02:23,760 - INFO - Best fit parameters: [ 0.71201877 13.13075146  0.03027533  0.02439901].
2026-07-16 00:02:23,933 - INFO - Maximum log composite likelihood: -371.33117131440383.
2026-07-16 00:02:23,933 - INFO - Optimal value of theta: 437.3013932901301.
2026-07-16 00:02:23,934 - INFO - Beginning optimization with guess, [1.89760409 2.05181983 0.11111678 0.07566693].
2026-07-16 00:02:27,541 - INFO - Finished optimization with guess, [1.89760409 2.05181983 0.11111678 0.07566693].
2026-07-16 00:02:27,542 - INFO - Best fit parameters: [1.22937379e-01 2.67714104e+01 4.58617140e-02 1.80069237e-02].
2026-07-16 00:02:27,718 - INFO - Maximum log composite likelihood: -333.2783403581186.
2026-07-16 00:02:27,718 - INFO - Optimal value of theta: 751.0310525762089.
2026-07-16 00:02:27,718 - INFO - Beginning optimization with guess, [1.60680627 3.75620167 0.10563682 0.1127556 ].
2026-07-16 00:02:31,412 - INFO - Finished optimization with guess, [1.60680627 3.75620167 0.10563682 0.1127556 ].
2026-07-16 00:02:31,413 - INFO - Best fit parameters: [0.19816736 6.43906387 0.0781649  0.0146157 ].
2026-07-16 00:02:31,593 - INFO - Maximum log composite likelihood: -318.03284349794734.
2026-07-16 00:02:31,593 - INFO - Optimal value of theta: 797.3482406095783.
2026-07-16 00:02:31,593 - INFO - Beginning optimization with guess, [4.0825009  2.33651299 0.0912503  0.06926821].
2026-07-16 00:02:35,148 - INFO - Finished optimization with guess, [4.0825009  2.33651299 0.0912503  0.06926821].
2026-07-16 00:02:35,148 - INFO - Best fit parameters: [2.00050612 7.6958308  0.02111477 0.01799191].
2026-07-16 00:02:35,355 - INFO - Maximum log composite likelihood: -420.56844881277345.
2026-07-16 00:02:35,355 - INFO - Optimal value of theta: 414.52629990422406.
2026-07-16 00:02:35,356 - INFO - Beginning optimization with guess, [4.2694943  4.07534718 0.11378504 0.13696582].
2026-07-16 00:02:38,946 - INFO - Finished optimization with guess, [4.2694943  4.07534718 0.11378504 0.13696582].
2026-07-16 00:02:38,947 - INFO - Best fit parameters: [1.73808188 5.1141324  0.01291016 0.02214554].
2026-07-16 00:02:39,127 - INFO - Maximum log composite likelihood: -438.554888663885.
2026-07-16 00:02:39,127 - INFO - Optimal value of theta: 427.88477507166436.
2026-07-16 00:02:39,128 - INFO - Beginning optimization with guess, [2.84966622 1.85382708 0.1622142  0.05661542].
2026-07-16 00:02:42,726 - INFO - Finished optimization with guess, [2.84966622 1.85382708 0.1622142  0.05661542].
2026-07-16 00:02:42,727 - INFO - Best fit parameters: [ 0.12972612 17.78350941  0.0449039   0.0431246 ].
2026-07-16 00:02:42,948 - INFO - Maximum log composite likelihood: -362.440171139121.
2026-07-16 00:02:42,948 - INFO - Optimal value of theta: 519.4392508317263.
2026-07-16 00:02:42,948 - INFO - Beginning optimization with guess, [4.01267884 4.81091443 0.05742074 0.1098255 ].
2026-07-16 00:02:46,708 - INFO - Finished optimization with guess, [4.01267884 4.81091443 0.05742074 0.1098255 ].
2026-07-16 00:02:46,709 - INFO - Best fit parameters: [3.05214686 8.69058127 0.01576681 0.01555646].
2026-07-16 00:02:46,885 - INFO - Maximum log composite likelihood: -407.99716147943076.
2026-07-16 00:02:46,885 - INFO - Optimal value of theta: 415.1302320660121.
2026-07-16 00:02:46,885 - INFO - Beginning optimization with guess, [5.43740998 6.03007346 0.07267711 0.07998019].
2026-07-16 00:02:50,680 - INFO - Finished optimization with guess, [5.43740998 6.03007346 0.07267711 0.07998019].
2026-07-16 00:02:50,681 - INFO - Best fit parameters: [ 3.6044344  11.16899475  0.01519268  0.01631203].
2026-07-16 00:02:50,923 - INFO - Maximum log composite likelihood: -397.19027213480547.
2026-07-16 00:02:50,924 - INFO - Optimal value of theta: 406.3394219914979.
2026-07-16 00:02:50,925 - INFO - Beginning optimization with guess, [6.0228292  4.37287863 0.05054339 0.06848409].
2026-07-16 00:02:55,098 - INFO - Finished optimization with guess, [6.0228292  4.37287863 0.05054339 0.06848409].
2026-07-16 00:02:55,099 - INFO - Best fit parameters: [5.96818342e+00 1.46200532e+01 1.20658672e-02 1.45391915e-02].
2026-07-16 00:02:55,339 - INFO - Maximum log composite likelihood: -385.75063871429836.
2026-07-16 00:02:55,340 - INFO - Optimal value of theta: 408.3390285643786.
2026-07-16 00:02:55,340 - INFO - Beginning optimization with guess, [3.31360138 2.84417506 0.07857771 0.05642338].
2026-07-16 00:02:59,627 - INFO - Finished optimization with guess, [3.31360138 2.84417506 0.07857771 0.05642338].
2026-07-16 00:02:59,627 - INFO - Best fit parameters: [ 1.83297562 14.30018495  0.01905967  0.0192686 ].
2026-07-16 00:02:59,837 - INFO - Maximum log composite likelihood: -395.494855869628.
2026-07-16 00:02:59,838 - INFO - Optimal value of theta: 404.0557946467125.
2026-07-16 00:02:59,838 - INFO - Beginning optimization with guess, [2.54945903 6.54213063 0.11125762 0.17099641].
2026-07-16 00:03:04,076 - INFO - Finished optimization with guess, [2.54945903 6.54213063 0.11125762 0.17099641].
2026-07-16 00:03:04,076 - INFO - Best fit parameters: [0.46701047 4.53652097 0.06860938 0.0323061 ].
2026-07-16 00:03:04,321 - INFO - Maximum log composite likelihood: -336.4501329147968.
2026-07-16 00:03:04,321 - INFO - Optimal value of theta: 502.67505516583213.
2026-07-16 00:03:04,321 - INFO - Beginning optimization with guess, [4.7316798  4.49832342 0.11429004 0.10314289].
2026-07-16 00:03:09,186 - INFO - Finished optimization with guess, [4.7316798  4.49832342 0.11429004 0.10314289].
2026-07-16 00:03:09,187 - INFO - Best fit parameters: [2.11824958e+00 9.25347768e+00 9.05966375e-03 1.98285980e-02].
2026-07-16 00:03:09,430 - INFO - Maximum log composite likelihood: -404.0260516126217.
2026-07-16 00:03:09,430 - INFO - Optimal value of theta: 419.66446558388134.
2026-07-16 00:03:09,430 - INFO - Beginning optimization with guess, [8.89386186 5.09270792 0.1569877  0.18462353].
2026-07-16 00:03:14,267 - INFO - Finished optimization with guess, [8.89386186 5.09270792 0.1569877  0.18462353].
2026-07-16 00:03:14,268 - INFO - Best fit parameters: [3.10109597e+00 4.96384934e+00 4.15275166e-03 7.77967381e-03].
2026-07-16 00:03:14,510 - INFO - Maximum log composite likelihood: -499.96797408485816.
2026-07-16 00:03:14,510 - INFO - Optimal value of theta: 483.60091767601335.
2026-07-16 00:03:14,511 - INFO - Beginning optimization with guess, [9.2355906  7.31627274 0.09038362 0.07952676].
2026-07-16 00:03:19,304 - INFO - Finished optimization with guess, [9.2355906  7.31627274 0.09038362 0.07952676].
2026-07-16 00:03:19,304 - INFO - Best fit parameters: [7.86363353 9.5889852  0.01321318 0.01397413].
2026-07-16 00:03:19,483 - INFO - Maximum log composite likelihood: -392.11497327441936.
2026-07-16 00:03:19,483 - INFO - Optimal value of theta: 409.4562548028676.
2026-07-16 00:03:19,485 - INFO - Converting and interpreting Tau estimates.
2026-07-16 00:03:19,490 - INFO - Finished demographic inference.
2026-07-16 00:03:19,490 - INFO - Pipeline executed succesfully.
