2026-07-16 00:01:09,453 - INFO - Beginning execution of fit_demographic_model.py in directory /u/project/kirk-bigdata/jonmah/sample_size_demography/Scripts

2026-07-16 00:01:09,453 - INFO - Progress is being logged to ../Analysis/tennessen_ooa_410/log.log

2026-07-16 00:01:09,454 - INFO - Parsed the following arguments:
	syn_input_sfs = ../Simulations/tennessen/ooa_410_sfs/dadi/pop1.sfs
	mask_singletons = False
	mask_doubletons = False
	sum_alleles = False
	L_syn = 100000000.0
	model_type = three_epoch
	input_params = []
	outprefix = ../Analysis/tennessen_ooa_410/

2026-07-16 00:01:09,456 - INFO - Beginning demographic inference for three-epoch demographic model.
2026-07-16 00:01:09,460 - INFO - Beginning optimization with guess, [0.00517157 0.01458422 0.12879867 0.07595012].
2026-07-16 00:02:15,384 - INFO - Finished optimization with guess, [0.00517157 0.01458422 0.12879867 0.07595012].
2026-07-16 00:02:15,386 - INFO - Best fit parameters: [0.00476123 0.03467488 0.12879867 0.03481176].
2026-07-16 00:02:17,989 - INFO - Maximum log composite likelihood: -1783.971940021126.
2026-07-16 00:02:17,989 - INFO - Optimal value of theta: 23075.307940441202.
2026-07-16 00:02:17,990 - INFO - Beginning optimization with guess, [0.03654257 0.04342523 0.14442639 0.10258992].
2026-07-16 00:03:18,741 - INFO - Finished optimization with guess, [0.03654257 0.04342523 0.14442639 0.10258992].
2026-07-16 00:03:18,743 - INFO - Best fit parameters: [0.01063934 0.09062038 0.3160848  0.09463026].
2026-07-16 00:03:21,340 - INFO - Maximum log composite likelihood: -1784.179733259884.
2026-07-16 00:03:21,340 - INFO - Optimal value of theta: 8803.281435841229.
2026-07-16 00:03:21,341 - INFO - Beginning optimization with guess, [0.05891304 0.05831183 0.11986242 0.17045873].
2026-07-16 00:05:26,069 - INFO - Finished optimization with guess, [0.05891304 0.05831183 0.11986242 0.17045873].
2026-07-16 00:05:26,071 - INFO - Best fit parameters: [0.01055192 0.16724734 0.30129627 0.18371232].
2026-07-16 00:05:28,739 - INFO - Maximum log composite likelihood: -1784.4990529763402.
2026-07-16 00:05:28,739 - INFO - Optimal value of theta: 4773.947956254256.
2026-07-16 00:05:28,739 - INFO - Beginning optimization with guess, [0.11392381 0.04235246 0.1855476  0.05204587].
2026-07-16 00:06:04,877 - INFO - Finished optimization with guess, [0.11392381 0.04235246 0.1855476  0.05204587].
2026-07-16 00:06:04,879 - INFO - Best fit parameters: [0.04098909 0.04892726 0.32746445 0.10222464].
2026-07-16 00:06:06,700 - INFO - Maximum log composite likelihood: -1873.6432343864687.
2026-07-16 00:06:06,700 - INFO - Optimal value of theta: 14124.989999132918.
2026-07-16 00:06:06,701 - INFO - Beginning optimization with guess, [0.10703477 0.05282515 0.05564643 0.07686853].
2026-07-16 00:06:40,364 - INFO - Finished optimization with guess, [0.10703477 0.05282515 0.05564643 0.07686853].
2026-07-16 00:06:40,366 - INFO - Best fit parameters: [0.07354456 0.03450222 0.07708731 0.2364027 ].
2026-07-16 00:06:42,097 - INFO - Maximum log composite likelihood: -1889.2650461074597.
2026-07-16 00:06:42,097 - INFO - Optimal value of theta: 19753.869667219755.
2026-07-16 00:06:42,098 - INFO - Beginning optimization with guess, [0.1669984  0.35478258 0.189712   0.12080936].
2026-07-16 00:07:38,145 - INFO - Finished optimization with guess, [0.1669984  0.35478258 0.189712   0.12080936].
2026-07-16 00:07:38,147 - INFO - Best fit parameters: [0.22882725 3.26985419 0.12621552 0.01766609].
2026-07-16 00:07:39,705 - INFO - Maximum log composite likelihood: -636.0379690279318.
2026-07-16 00:07:39,705 - INFO - Optimal value of theta: 918.3485178190393.
2026-07-16 00:07:39,706 - INFO - Beginning optimization with guess, [0.93730728 0.75149449 0.64833661 0.07348014].
2026-07-16 00:08:10,428 - INFO - Finished optimization with guess, [0.93730728 0.75149449 0.64833661 0.07348014].
2026-07-16 00:08:10,429 - INFO - Best fit parameters: [0.3842044  9.24412318 0.46994642 0.02241076].
2026-07-16 00:08:11,934 - INFO - Maximum log composite likelihood: -533.0213010381503.
2026-07-16 00:08:11,935 - INFO - Optimal value of theta: 721.082208397234.
2026-07-16 00:08:11,935 - INFO - Beginning optimization with guess, [0.78856079 0.55699367 0.14227567 0.19133306].
2026-07-16 00:08:41,827 - INFO - Finished optimization with guess, [0.78856079 0.55699367 0.14227567 0.19133306].
2026-07-16 00:08:41,828 - INFO - Best fit parameters: [ 0.44596265 14.7647473   0.12966971  0.07070388].
2026-07-16 00:08:43,366 - INFO - Maximum log composite likelihood: -697.3794560059396.
2026-07-16 00:08:43,366 - INFO - Optimal value of theta: 345.5103398842303.
2026-07-16 00:08:43,367 - INFO - Beginning optimization with guess, [0.67206354 0.78456028 0.06823994 0.15604541].
2026-07-16 00:09:14,345 - INFO - Finished optimization with guess, [0.67206354 0.78456028 0.06823994 0.15604541].
2026-07-16 00:09:14,350 - INFO - Best fit parameters: [5.28709335e-01 3.79386715e+01 6.05652708e-02 2.98150156e-02].
2026-07-16 00:09:15,883 - INFO - Maximum log composite likelihood: -537.9508669008783.
2026-07-16 00:09:15,883 - INFO - Optimal value of theta: 436.0962769300724.
2026-07-16 00:09:15,884 - INFO - Beginning optimization with guess, [2.46601713 0.7619072  0.15389581 0.10094409].
2026-07-16 00:09:46,835 - INFO - Finished optimization with guess, [2.46601713 0.7619072  0.15389581 0.10094409].
2026-07-16 00:09:46,837 - INFO - Best fit parameters: [4.72985124e-01 5.36875209e+01 6.83139553e-02 2.74627020e-02].
2026-07-16 00:09:48,369 - INFO - Maximum log composite likelihood: -550.6108825193829.
2026-07-16 00:09:48,369 - INFO - Optimal value of theta: 457.42734396568665.
2026-07-16 00:09:48,370 - INFO - Beginning optimization with guess, [1.11746024 2.09882931 0.09014593 0.13348767].
2026-07-16 00:10:19,545 - INFO - Finished optimization with guess, [1.11746024 2.09882931 0.09014593 0.13348767].
2026-07-16 00:10:19,546 - INFO - Best fit parameters: [ 0.38107135 23.14391133  0.08964335  0.02831176].
2026-07-16 00:10:21,092 - INFO - Maximum log composite likelihood: -497.1901092335783.
2026-07-16 00:10:21,092 - INFO - Optimal value of theta: 509.1781325894448.
2026-07-16 00:10:21,093 - INFO - Beginning optimization with guess, [1.28584862 1.00553903 0.1856179  0.09398713].
2026-07-16 00:10:52,097 - INFO - Finished optimization with guess, [1.28584862 1.00553903 0.1856179  0.09398713].
2026-07-16 00:10:52,099 - INFO - Best fit parameters: [4.13207366e-01 5.86782992e+01 1.06758410e-01 1.64873736e-02].
2026-07-16 00:10:53,643 - INFO - Maximum log composite likelihood: -547.2051783994492.
2026-07-16 00:10:53,644 - INFO - Optimal value of theta: 609.2325907585882.
2026-07-16 00:10:53,644 - INFO - Beginning optimization with guess, [1.99636354 1.79282823 0.08405484 0.11700329].
2026-07-16 00:11:23,446 - INFO - Finished optimization with guess, [1.99636354 1.79282823 0.08405484 0.11700329].
2026-07-16 00:11:23,447 - INFO - Best fit parameters: [4.98293563e-01 8.23367880e+01 5.96096967e-02 2.76302101e-02].
2026-07-16 00:11:24,988 - INFO - Maximum log composite likelihood: -585.1687986074846.
2026-07-16 00:11:24,988 - INFO - Optimal value of theta: 440.52683191933926.
2026-07-16 00:11:24,988 - INFO - Beginning optimization with guess, [1.81985308 2.0291643  0.07802731 0.19242306].
2026-07-16 00:11:55,066 - INFO - Finished optimization with guess, [1.81985308 2.0291643  0.07802731 0.19242306].
2026-07-16 00:11:55,068 - INFO - Best fit parameters: [7.12923880e-01 9.40104623e+01 4.87180817e-02 3.35155250e-02].
2026-07-16 00:11:56,520 - INFO - Maximum log composite likelihood: -619.9575634657897.
2026-07-16 00:11:56,520 - INFO - Optimal value of theta: 370.1969206673551.
2026-07-16 00:11:56,521 - INFO - Beginning optimization with guess, [4.60452464 3.63416805 0.06330851 0.11476371].
2026-07-16 00:12:26,579 - INFO - Finished optimization with guess, [4.60452464 3.63416805 0.06330851 0.11476371].
2026-07-16 00:12:26,580 - INFO - Best fit parameters: [4.05014237e+00 2.62051362e+01 1.72246736e-02 1.62214183e-02].
2026-07-16 00:12:28,099 - INFO - Maximum log composite likelihood: -616.0759471223533.
2026-07-16 00:12:28,099 - INFO - Optimal value of theta: 409.8395874419537.
2026-07-16 00:12:28,100 - INFO - Beginning optimization with guess, [3.02147508 3.42956521 0.05363417 0.10765347].
2026-07-16 00:12:58,996 - INFO - Finished optimization with guess, [3.02147508 3.42956521 0.05363417 0.10765347].
2026-07-16 00:12:58,997 - INFO - Best fit parameters: [1.59977901e+00 2.35815593e+01 1.90705170e-02 2.64325200e-02].
2026-07-16 00:13:00,537 - INFO - Maximum log composite likelihood: -609.715437146515.
2026-07-16 00:13:00,538 - INFO - Optimal value of theta: 390.833512487016.
2026-07-16 00:13:00,538 - INFO - Beginning optimization with guess, [4.5924504  4.12021308 0.05859133 0.19968156].
2026-07-16 00:13:30,382 - INFO - Finished optimization with guess, [4.5924504  4.12021308 0.05859133 0.19968156].
2026-07-16 00:13:30,384 - INFO - Best fit parameters: [9.31547422e+00 5.60008891e+01 2.43099998e-02 1.07748583e-02].
2026-07-16 00:13:31,929 - INFO - Maximum log composite likelihood: -597.9987812113515.
2026-07-16 00:13:31,930 - INFO - Optimal value of theta: 384.0413254338318.
2026-07-16 00:13:31,930 - INFO - Beginning optimization with guess, [5.28222256 5.80129567 0.1038558  0.09095064].
2026-07-16 00:14:01,255 - INFO - Finished optimization with guess, [5.28222256 5.80129567 0.1038558  0.09095064].
2026-07-16 00:14:01,257 - INFO - Best fit parameters: [2.79186305e+00 2.18846968e+01 2.00039008e-02 2.29137583e-02].
2026-07-16 00:14:02,751 - INFO - Maximum log composite likelihood: -623.696312238671.
2026-07-16 00:14:02,751 - INFO - Optimal value of theta: 386.07455298570505.
2026-07-16 00:14:02,751 - INFO - Beginning optimization with guess, [2.86039182 3.04201123 0.10001418 0.06264292].
2026-07-16 00:14:33,480 - INFO - Finished optimization with guess, [2.86039182 3.04201123 0.10001418 0.06264292].
2026-07-16 00:14:33,481 - INFO - Best fit parameters: [4.36474830e-01 3.56053339e+01 3.85207498e-02 3.15274967e-02].
2026-07-16 00:14:35,022 - INFO - Maximum log composite likelihood: -546.4874122710675.
2026-07-16 00:14:35,022 - INFO - Optimal value of theta: 432.67891602273255.
2026-07-16 00:14:35,023 - INFO - Beginning optimization with guess, [2.62687348 2.11149187 0.1214474  0.10561847].
2026-07-16 00:15:05,726 - INFO - Finished optimization with guess, [2.62687348 2.11149187 0.1214474  0.10561847].
2026-07-16 00:15:05,728 - INFO - Best fit parameters: [4.83056878e-01 6.41203497e+01 5.90839507e-02 2.95593951e-02].
2026-07-16 00:15:07,213 - INFO - Maximum log composite likelihood: -575.4446394681752.
2026-07-16 00:15:07,213 - INFO - Optimal value of theta: 432.83444328231667.
2026-07-16 00:15:07,214 - INFO - Beginning optimization with guess, [2.00911201 3.50520092 0.10347834 0.11035923].
2026-07-16 00:15:36,901 - INFO - Finished optimization with guess, [2.00911201 3.50520092 0.10347834 0.11035923].
2026-07-16 00:15:36,902 - INFO - Best fit parameters: [ 0.4838765  18.21935699  0.07392031  0.02257675].
2026-07-16 00:15:38,353 - INFO - Maximum log composite likelihood: -525.3897637660979.
2026-07-16 00:15:38,353 - INFO - Optimal value of theta: 531.3984298080039.
2026-07-16 00:15:38,353 - INFO - Beginning optimization with guess, [6.14592018 6.9250874  0.08441477 0.12048357].
2026-07-16 00:16:08,195 - INFO - Finished optimization with guess, [6.14592018 6.9250874  0.08441477 0.12048357].
2026-07-16 00:16:08,196 - INFO - Best fit parameters: [3.92781399e+00 2.93990352e+01 1.03707506e-02 2.28457104e-02].
2026-07-16 00:16:09,728 - INFO - Maximum log composite likelihood: -591.9515617636455.
2026-07-16 00:16:09,729 - INFO - Optimal value of theta: 390.2738135995463.
2026-07-16 00:16:09,729 - INFO - Beginning optimization with guess, [5.43442902 3.72034178 0.08455877 0.06281995].
2026-07-16 00:16:40,223 - INFO - Finished optimization with guess, [5.43442902 3.72034178 0.08455877 0.06281995].
2026-07-16 00:16:40,224 - INFO - Best fit parameters: [4.14664583e+00 2.85891343e+01 1.32139994e-02 2.00336341e-02].
2026-07-16 00:16:41,719 - INFO - Maximum log composite likelihood: -597.9110566953779.
2026-07-16 00:16:41,719 - INFO - Optimal value of theta: 397.0557364152375.
2026-07-16 00:16:41,719 - INFO - Beginning optimization with guess, [3.35195362 5.9115948  0.10231335 0.08737793].
2026-07-16 00:17:19,946 - INFO - Finished optimization with guess, [3.35195362 5.9115948  0.10231335 0.08737793].
2026-07-16 00:17:19,949 - INFO - Best fit parameters: [ 0.46399326 27.803663    0.02904725  0.02867601].
2026-07-16 00:17:21,500 - INFO - Maximum log composite likelihood: -545.4471341233598.
2026-07-16 00:17:21,500 - INFO - Optimal value of theta: 448.2312341426069.
2026-07-16 00:17:21,501 - INFO - Beginning optimization with guess, [7.73330617 3.89436753 0.15693001 0.12548324].
2026-07-16 00:17:51,007 - INFO - Finished optimization with guess, [7.73330617 3.89436753 0.15693001 0.12548324].
2026-07-16 00:17:51,009 - INFO - Best fit parameters: [4.17349021e+00 7.19647679e+01 6.15501667e-03 1.44038788e-02].
2026-07-16 00:17:52,438 - INFO - Maximum log composite likelihood: -602.9967794403199.
2026-07-16 00:17:52,438 - INFO - Optimal value of theta: 445.47806114423383.
2026-07-16 00:17:52,444 - INFO - Converting and interpreting Tau estimates.
2026-07-16 00:17:52,450 - INFO - Finished demographic inference.
2026-07-16 00:17:52,450 - INFO - Pipeline executed succesfully.
