2026-07-16 00:01:05,392 - INFO - Beginning execution of fit_demographic_model.py in directory /u/project/kirk-bigdata/jonmah/sample_size_demography/Scripts

2026-07-16 00:01:05,394 - INFO - Progress is being logged to ../Analysis/tennessen_ooa_120/log.log

2026-07-16 00:01:05,394 - INFO - Parsed the following arguments:
	syn_input_sfs = ../Simulations/tennessen/ooa_120_sfs/dadi/pop1.sfs
	mask_singletons = False
	mask_doubletons = False
	sum_alleles = False
	L_syn = 100000000.0
	model_type = three_epoch
	input_params = []
	outprefix = ../Analysis/tennessen_ooa_120/

2026-07-16 00:01:05,396 - INFO - Beginning demographic inference for three-epoch demographic model.
2026-07-16 00:01:05,398 - INFO - Beginning optimization with guess, [0.01238063 0.00714654 0.15318992 0.16146436].
2026-07-16 00:01:07,294 - INFO - Finished optimization with guess, [0.01238063 0.00714654 0.15318992 0.16146436].
2026-07-16 00:01:07,295 - INFO - Best fit parameters: [0.01238063 0.00714654 0.15318992 0.16146436].
2026-07-16 00:01:07,673 - INFO - Maximum log composite likelihood: -479.4862983961103.
2026-07-16 00:01:07,673 - INFO - Optimal value of theta: 70998.60247780436.
2026-07-16 00:01:07,674 - INFO - Beginning optimization with guess, [0.02013827 0.04765814 0.09571737 0.12489102].
2026-07-16 00:01:11,275 - INFO - Finished optimization with guess, [0.02013827 0.04765814 0.09571737 0.12489102].
2026-07-16 00:01:11,276 - INFO - Best fit parameters: [0.03579798 0.0294015  0.06427534 0.15317619].
2026-07-16 00:01:11,445 - INFO - Maximum log composite likelihood: -479.09698030378854.
2026-07-16 00:01:11,445 - INFO - Optimal value of theta: 16964.569375791554.
2026-07-16 00:01:11,446 - INFO - Beginning optimization with guess, [0.08337898 0.04223642 0.16258334 0.07365618].
2026-07-16 00:01:16,894 - INFO - Finished optimization with guess, [0.08337898 0.04223642 0.16258334 0.07365618].
2026-07-16 00:01:16,894 - INFO - Best fit parameters: [0.05228598 0.035183   0.25511337 0.11747346].
2026-07-16 00:01:17,076 - INFO - Maximum log composite likelihood: -479.1160934254605.
2026-07-16 00:01:17,076 - INFO - Optimal value of theta: 14227.799392469484.
2026-07-16 00:01:17,076 - INFO - Beginning optimization with guess, [0.03772328 0.12124068 0.08465297 0.0671561 ].
2026-07-16 00:01:20,123 - INFO - Finished optimization with guess, [0.03772328 0.12124068 0.08465297 0.0671561 ].
2026-07-16 00:01:20,124 - INFO - Best fit parameters: [0.03646434 0.12605122 0.08690402 0.06583618].
2026-07-16 00:01:20,266 - INFO - Maximum log composite likelihood: -472.1703473830686.
2026-07-16 00:01:20,266 - INFO - Optimal value of theta: 4054.0192722207616.
2026-07-16 00:01:20,266 - INFO - Beginning optimization with guess, [0.10017201 0.19091616 0.05083971 0.05881497].
2026-07-16 00:01:23,689 - INFO - Finished optimization with guess, [0.10017201 0.19091616 0.05083971 0.05881497].
2026-07-16 00:01:23,689 - INFO - Best fit parameters: [0.05409968 2.84621207 0.07014395 0.0140382 ].
2026-07-16 00:01:23,827 - INFO - Maximum log composite likelihood: -186.62953799624358.
2026-07-16 00:01:23,827 - INFO - Optimal value of theta: 1569.1814952759805.
2026-07-16 00:01:23,827 - INFO - Beginning optimization with guess, [0.18683808 0.35521814 0.05044084 0.08234271].
2026-07-16 00:01:26,340 - INFO - Finished optimization with guess, [0.18683808 0.35521814 0.05044084 0.08234271].
2026-07-16 00:01:26,341 - INFO - Best fit parameters: [0.10121095 6.17916916 0.06569336 0.01832938].
2026-07-16 00:01:26,466 - INFO - Maximum log composite likelihood: -189.76516480006347.
2026-07-16 00:01:26,466 - INFO - Optimal value of theta: 943.6924748264236.
2026-07-16 00:01:26,466 - INFO - Beginning optimization with guess, [0.30819466 0.36274637 0.28045288 0.09122252].
2026-07-16 00:01:30,506 - INFO - Finished optimization with guess, [0.30819466 0.36274637 0.28045288 0.09122252].
2026-07-16 00:01:30,507 - INFO - Best fit parameters: [0.14273194 8.088732   0.17325958 0.01145783].
2026-07-16 00:01:30,635 - INFO - Maximum log composite likelihood: -188.3388108421633.
2026-07-16 00:01:30,635 - INFO - Optimal value of theta: 1268.6510378537882.
2026-07-16 00:01:30,636 - INFO - Beginning optimization with guess, [1.0936641  0.49979976 0.06472781 0.10845244].
2026-07-16 00:01:33,056 - INFO - Finished optimization with guess, [1.0936641  0.49979976 0.06472781 0.10845244].
2026-07-16 00:01:33,058 - INFO - Best fit parameters: [0.25175805 7.28583295 0.06559668 0.06134565].
2026-07-16 00:01:33,180 - INFO - Maximum log composite likelihood: -252.81564047173987.
2026-07-16 00:01:33,180 - INFO - Optimal value of theta: 458.78923505366754.
2026-07-16 00:01:33,180 - INFO - Beginning optimization with guess, [1.7898574  1.11332389 0.13540789 0.09295868].
2026-07-16 00:01:35,611 - INFO - Finished optimization with guess, [1.7898574  1.11332389 0.13540789 0.09295868].
2026-07-16 00:01:35,611 - INFO - Best fit parameters: [0.22754214 7.45984384 0.05003932 0.05143329].
2026-07-16 00:01:35,733 - INFO - Maximum log composite likelihood: -218.90857350398903.
2026-07-16 00:01:35,733 - INFO - Optimal value of theta: 482.79248632069914.
2026-07-16 00:01:35,733 - INFO - Beginning optimization with guess, [0.63748403 0.81427038 0.17357899 0.05494418].
2026-07-16 00:01:38,823 - INFO - Finished optimization with guess, [0.63748403 0.81427038 0.17357899 0.05494418].
2026-07-16 00:01:38,825 - INFO - Best fit parameters: [0.23846944 4.29214379 0.14383665 0.02393805].
2026-07-16 00:01:38,949 - INFO - Maximum log composite likelihood: -187.27643909227027.
2026-07-16 00:01:38,949 - INFO - Optimal value of theta: 749.3183708707406.
2026-07-16 00:01:38,950 - INFO - Beginning optimization with guess, [1.53736715 2.97613965 0.06686689 0.08025687].
2026-07-16 00:01:41,381 - INFO - Finished optimization with guess, [1.53736715 2.97613965 0.06686689 0.08025687].
2026-07-16 00:01:41,381 - INFO - Best fit parameters: [0.09450938 5.87079243 0.05556616 0.02232661].
2026-07-16 00:01:41,506 - INFO - Maximum log composite likelihood: -182.97883274659046.
2026-07-16 00:01:41,506 - INFO - Optimal value of theta: 871.8987874203805.
2026-07-16 00:01:41,506 - INFO - Beginning optimization with guess, [2.24855496 1.89785535 0.06496438 0.05656701].
2026-07-16 00:01:43,912 - INFO - Finished optimization with guess, [2.24855496 1.89785535 0.06496438 0.05656701].
2026-07-16 00:01:43,913 - INFO - Best fit parameters: [0.66341318 6.23104495 0.03150497 0.02119456].
2026-07-16 00:01:44,033 - INFO - Maximum log composite likelihood: -315.8423201356873.
2026-07-16 00:01:44,033 - INFO - Optimal value of theta: 464.0717434170097.
2026-07-16 00:01:44,034 - INFO - Beginning optimization with guess, [2.49919138 3.99100481 0.05315837 0.17477614].
2026-07-16 00:01:47,049 - INFO - Finished optimization with guess, [2.49919138 3.99100481 0.05315837 0.17477614].
2026-07-16 00:01:47,050 - INFO - Best fit parameters: [1.09368667 3.37730814 0.02568932 0.02136348].
2026-07-16 00:01:47,170 - INFO - Maximum log composite likelihood: -350.3824323347236.
2026-07-16 00:01:47,170 - INFO - Optimal value of theta: 442.2820347016104.
2026-07-16 00:01:47,170 - INFO - Beginning optimization with guess, [2.22501617 2.65161162 0.10415406 0.08248478].
2026-07-16 00:01:49,595 - INFO - Finished optimization with guess, [2.22501617 2.65161162 0.10415406 0.08248478].
2026-07-16 00:01:49,597 - INFO - Best fit parameters: [0.3594126  3.43674561 0.03918017 0.02538313].
2026-07-16 00:01:49,716 - INFO - Maximum log composite likelihood: -279.47290626989206.
2026-07-16 00:01:49,717 - INFO - Optimal value of theta: 534.1070608474736.
2026-07-16 00:01:49,717 - INFO - Beginning optimization with guess, [3.18635783 2.13489998 0.05743394 0.06926793].
2026-07-16 00:01:52,120 - INFO - Finished optimization with guess, [3.18635783 2.13489998 0.05743394 0.06926793].
2026-07-16 00:01:52,120 - INFO - Best fit parameters: [1.98692392e+00 1.79164303e+01 1.20776033e-02 1.72823702e-02].
2026-07-16 00:01:52,239 - INFO - Maximum log composite likelihood: -308.397630429427.
2026-07-16 00:01:52,239 - INFO - Optimal value of theta: 414.21099173162065.
2026-07-16 00:01:52,239 - INFO - Beginning optimization with guess, [3.53871871 2.22449562 0.05752883 0.18396147].
2026-07-16 00:01:55,969 - INFO - Finished optimization with guess, [3.53871871 2.22449562 0.05752883 0.18396147].
2026-07-16 00:01:55,970 - INFO - Best fit parameters: [2.09307541e-01 2.46193382e+02 4.89788737e-04 7.29703902e-03].
2026-07-16 00:01:56,101 - INFO - Maximum log composite likelihood: -371.20032941674924.
2026-07-16 00:01:56,101 - INFO - Optimal value of theta: 476.5398542675345.
2026-07-16 00:01:56,102 - INFO - Beginning optimization with guess, [4.94709399 3.08286449 0.11622489 0.17961096].
2026-07-16 00:01:59,840 - INFO - Finished optimization with guess, [4.94709399 3.08286449 0.11622489 0.17961096].
2026-07-16 00:01:59,841 - INFO - Best fit parameters: [9.09200566e-02 7.57851195e+00 5.80676944e-05 1.77448881e-02].
2026-07-16 00:01:59,965 - INFO - Maximum log composite likelihood: -329.2125436238816.
2026-07-16 00:01:59,965 - INFO - Optimal value of theta: 442.1255305225814.
2026-07-16 00:01:59,965 - INFO - Beginning optimization with guess, [6.02807487 6.31223477 0.06358009 0.1846495 ].
2026-07-16 00:02:02,611 - INFO - Finished optimization with guess, [6.02807487 6.31223477 0.06358009 0.1846495 ].
2026-07-16 00:02:02,612 - INFO - Best fit parameters: [4.19413162 4.23047757 0.01431807 0.0146303 ].
2026-07-16 00:02:02,733 - INFO - Maximum log composite likelihood: -332.64607877924976.
2026-07-16 00:02:02,733 - INFO - Optimal value of theta: 424.26878142426324.
2026-07-16 00:02:02,733 - INFO - Beginning optimization with guess, [1.96460915 5.2348212  0.18376765 0.16345939].
2026-07-16 00:02:06,094 - INFO - Finished optimization with guess, [1.96460915 5.2348212  0.18376765 0.16345939].
2026-07-16 00:02:06,094 - INFO - Best fit parameters: [0.15484385 2.2801246  0.15226598 0.01701785].
2026-07-16 00:02:06,219 - INFO - Maximum log composite likelihood: -190.96681055601493.
2026-07-16 00:02:06,219 - INFO - Optimal value of theta: 1086.7949436471831.
2026-07-16 00:02:06,219 - INFO - Beginning optimization with guess, [2.96647274 4.7121978  0.06674581 0.17887266].
2026-07-16 00:02:08,622 - INFO - Finished optimization with guess, [2.96647274 4.7121978  0.06674581 0.17887266].
2026-07-16 00:02:08,623 - INFO - Best fit parameters: [0.90626942 4.28418119 0.01889127 0.01189847].
2026-07-16 00:02:08,741 - INFO - Maximum log composite likelihood: -370.2897406850288.
2026-07-16 00:02:08,742 - INFO - Optimal value of theta: 471.3030200326569.
2026-07-16 00:02:08,742 - INFO - Beginning optimization with guess, [2.47812847 3.33617107 0.11425985 0.0994882 ].
2026-07-16 00:02:11,346 - INFO - Finished optimization with guess, [2.47812847 3.33617107 0.11425985 0.0994882 ].
2026-07-16 00:02:11,346 - INFO - Best fit parameters: [0.19421795 3.49023185 0.04259118 0.03155974].
2026-07-16 00:02:11,508 - INFO - Maximum log composite likelihood: -204.3782557664629.
2026-07-16 00:02:11,508 - INFO - Optimal value of theta: 600.6318690536797.
2026-07-16 00:02:11,509 - INFO - Beginning optimization with guess, [4.0009219  6.79967688 0.18524062 0.18446511].
2026-07-16 00:02:14,067 - INFO - Finished optimization with guess, [4.0009219  6.79967688 0.18524062 0.18446511].
2026-07-16 00:02:14,070 - INFO - Best fit parameters: [0.21386287 2.87068062 0.04899817 0.02332658].
2026-07-16 00:02:14,189 - INFO - Maximum log composite likelihood: -242.01946210820992.
2026-07-16 00:02:14,189 - INFO - Optimal value of theta: 649.0628217359025.
2026-07-16 00:02:14,189 - INFO - Beginning optimization with guess, [3.73751872 6.1835558  0.0689624  0.06560234].
2026-07-16 00:02:16,571 - INFO - Finished optimization with guess, [3.73751872 6.1835558  0.0689624  0.06560234].
2026-07-16 00:02:16,572 - INFO - Best fit parameters: [2.03338371 8.67277881 0.01590536 0.0167332 ].
2026-07-16 00:02:16,693 - INFO - Maximum log composite likelihood: -319.8997209883132.
2026-07-16 00:02:16,693 - INFO - Optimal value of theta: 417.7952845467812.
2026-07-16 00:02:16,693 - INFO - Beginning optimization with guess, [5.67602421 6.35096911 0.10536329 0.17544329].
2026-07-16 00:02:19,090 - INFO - Finished optimization with guess, [5.67602421 6.35096911 0.10536329 0.17544329].
2026-07-16 00:02:19,091 - INFO - Best fit parameters: [2.65261485 3.54201902 0.01563737 0.01675793].
2026-07-16 00:02:19,211 - INFO - Maximum log composite likelihood: -342.2903065539053.
2026-07-16 00:02:19,211 - INFO - Optimal value of theta: 428.34730329415424.
2026-07-16 00:02:19,211 - INFO - Beginning optimization with guess, [4.51669704 5.63597957 0.07428971 0.16462097].
2026-07-16 00:02:21,559 - INFO - Finished optimization with guess, [4.51669704 5.63597957 0.07428971 0.16462097].
2026-07-16 00:02:21,559 - INFO - Best fit parameters: [2.50457881 4.44881484 0.01615955 0.01507663].
2026-07-16 00:02:21,678 - INFO - Maximum log composite likelihood: -336.2976297769858.
2026-07-16 00:02:21,678 - INFO - Optimal value of theta: 427.3965143491979.
2026-07-16 00:02:21,679 - INFO - Converting and interpreting Tau estimates.
2026-07-16 00:02:21,682 - INFO - Finished demographic inference.
2026-07-16 00:02:21,682 - INFO - Pipeline executed succesfully.
