2026-07-16 00:01:07,564 - INFO - Beginning execution of fit_demographic_model.py in directory /u/project/kirk-bigdata/jonmah/sample_size_demography/Scripts

2026-07-16 00:01:07,565 - INFO - Progress is being logged to ../Analysis/tennessen_ooa_90/log.log

2026-07-16 00:01:07,565 - INFO - Parsed the following arguments:
	syn_input_sfs = ../Simulations/tennessen/ooa_90_sfs/dadi/pop1.sfs
	mask_singletons = False
	mask_doubletons = False
	sum_alleles = False
	L_syn = 100000000.0
	model_type = three_epoch
	input_params = []
	outprefix = ../Analysis/tennessen_ooa_90/

2026-07-16 00:01:07,569 - INFO - Beginning demographic inference for three-epoch demographic model.
2026-07-16 00:01:07,573 - INFO - Beginning optimization with guess, [0.01707424 0.00942082 0.07263114 0.19376861].
2026-07-16 00:01:08,301 - INFO - Finished optimization with guess, [0.01707424 0.00942082 0.07263114 0.19376861].
2026-07-16 00:01:08,301 - INFO - Best fit parameters: [0.01707424 0.00942082 0.07263114 0.19376861].
2026-07-16 00:01:08,444 - INFO - Maximum log composite likelihood: -356.2558578259256.
2026-07-16 00:01:08,445 - INFO - Optimal value of theta: 51495.175123292785.
2026-07-16 00:01:08,445 - INFO - Beginning optimization with guess, [0.03624135 0.02212945 0.10489112 0.08681593].
2026-07-16 00:01:09,635 - INFO - Finished optimization with guess, [0.03624135 0.02212945 0.10489112 0.08681593].
2026-07-16 00:01:09,635 - INFO - Best fit parameters: [0.03993687 0.02421305 0.09687353 0.0757637 ].
2026-07-16 00:01:09,695 - INFO - Maximum log composite likelihood: -349.51948989268953.
2026-07-16 00:01:09,695 - INFO - Optimal value of theta: 18110.72660385016.
2026-07-16 00:01:09,695 - INFO - Beginning optimization with guess, [0.07438956 0.08865853 0.06511946 0.16981478].
2026-07-16 00:01:11,759 - INFO - Finished optimization with guess, [0.07438956 0.08865853 0.06511946 0.16981478].
2026-07-16 00:01:11,760 - INFO - Best fit parameters: [0.05929853 0.09001346 0.07991673 0.24650163].
2026-07-16 00:01:11,819 - INFO - Maximum log composite likelihood: -349.3275411121126.
2026-07-16 00:01:11,819 - INFO - Optimal value of theta: 4946.344532453517.
2026-07-16 00:01:11,819 - INFO - Beginning optimization with guess, [0.0679859  0.12099392 0.06043877 0.08094971].
2026-07-16 00:01:13,025 - INFO - Finished optimization with guess, [0.0679859  0.12099392 0.06043877 0.08094971].
2026-07-16 00:01:13,026 - INFO - Best fit parameters: [0.04594863 0.15350576 0.08563294 0.09763817].
2026-07-16 00:01:13,074 - INFO - Maximum log composite likelihood: -346.7827852440417.
2026-07-16 00:01:13,074 - INFO - Optimal value of theta: 2930.035291787014.
2026-07-16 00:01:13,074 - INFO - Beginning optimization with guess, [0.10257312 0.0804857  0.11476779 0.08342537].
2026-07-16 00:01:14,443 - INFO - Finished optimization with guess, [0.10257312 0.0804857  0.11476779 0.08342537].
2026-07-16 00:01:14,443 - INFO - Best fit parameters: [0.06774365 0.08172176 0.16677895 0.13873134].
2026-07-16 00:01:14,497 - INFO - Maximum log composite likelihood: -349.33731528027454.
2026-07-16 00:01:14,497 - INFO - Optimal value of theta: 5467.570389078855.
2026-07-16 00:01:14,497 - INFO - Beginning optimization with guess, [0.16850148 0.40430252 0.07956531 0.18338854].
2026-07-16 00:01:15,315 - INFO - Finished optimization with guess, [0.16850148 0.40430252 0.07956531 0.18338854].
2026-07-16 00:01:15,315 - INFO - Best fit parameters: [0.13976856 0.6276629  0.09050112 0.16914049].
2026-07-16 00:01:15,355 - INFO - Maximum log composite likelihood: -328.6311968530821.
2026-07-16 00:01:15,355 - INFO - Optimal value of theta: 820.6957535187385.
2026-07-16 00:01:15,355 - INFO - Beginning optimization with guess, [0.82606024 0.82916085 0.54290521 0.13403709].
2026-07-16 00:01:16,852 - INFO - Finished optimization with guess, [0.82606024 0.82916085 0.54290521 0.13403709].
2026-07-16 00:01:16,854 - INFO - Best fit parameters: [0.2411973  1.45854577 0.33318823 0.04846809].
2026-07-16 00:01:16,902 - INFO - Maximum log composite likelihood: -288.0872085555143.
2026-07-16 00:01:16,902 - INFO - Optimal value of theta: 860.4797888437158.
2026-07-16 00:01:16,902 - INFO - Beginning optimization with guess, [0.88500285 0.84115585 0.11253273 0.07582628].
2026-07-16 00:01:17,680 - INFO - Finished optimization with guess, [0.88500285 0.84115585 0.11253273 0.07582628].
2026-07-16 00:01:17,680 - INFO - Best fit parameters: [0.29431826 3.10875092 0.12229414 0.0653411 ].
2026-07-16 00:01:17,719 - INFO - Maximum log composite likelihood: -224.64943673499462.
2026-07-16 00:01:17,719 - INFO - Optimal value of theta: 522.5052286666664.
2026-07-16 00:01:17,719 - INFO - Beginning optimization with guess, [1.1351008  0.77783665 0.1689677  0.11791581].
2026-07-16 00:01:18,795 - INFO - Finished optimization with guess, [1.1351008  0.77783665 0.1689677  0.11791581].
2026-07-16 00:01:18,795 - INFO - Best fit parameters: [0.14211729 1.17923449 0.1332598  0.01971745].
2026-07-16 00:01:18,836 - INFO - Maximum log composite likelihood: -170.5646432912621.
2026-07-16 00:01:18,836 - INFO - Optimal value of theta: 1089.7272590067407.
2026-07-16 00:01:18,836 - INFO - Beginning optimization with guess, [1.58494791 1.24108791 0.07039658 0.06179113].
2026-07-16 00:01:19,768 - INFO - Finished optimization with guess, [1.58494791 1.24108791 0.07039658 0.06179113].
2026-07-16 00:01:19,769 - INFO - Best fit parameters: [5.24988910e-02 2.86709003e+01 1.14085533e-02 2.84594459e-02].
2026-07-16 00:01:19,807 - INFO - Maximum log composite likelihood: -168.1906793082768.
2026-07-16 00:01:19,807 - INFO - Optimal value of theta: 612.8413778782957.
2026-07-16 00:01:19,807 - INFO - Beginning optimization with guess, [1.74322905 1.84922614 0.0845923  0.05842214].
2026-07-16 00:01:20,694 - INFO - Finished optimization with guess, [1.74322905 1.84922614 0.0845923  0.05842214].
2026-07-16 00:01:20,696 - INFO - Best fit parameters: [0.06313126 3.91971695 0.01998517 0.01645745].
2026-07-16 00:01:20,740 - INFO - Maximum log composite likelihood: -215.83815043903368.
2026-07-16 00:01:20,740 - INFO - Optimal value of theta: 795.3623584055505.
2026-07-16 00:01:20,741 - INFO - Beginning optimization with guess, [1.76052904 1.28159025 0.11583647 0.07742145].
2026-07-16 00:01:21,500 - INFO - Finished optimization with guess, [1.76052904 1.28159025 0.11583647 0.07742145].
2026-07-16 00:01:21,500 - INFO - Best fit parameters: [0.14269699 2.22700475 0.03598602 0.0809671 ].
2026-07-16 00:01:21,536 - INFO - Maximum log composite likelihood: -219.19300491957665.
2026-07-16 00:01:21,536 - INFO - Optimal value of theta: 516.6703134871457.
2026-07-16 00:01:21,536 - INFO - Beginning optimization with guess, [1.48371927 3.98459559 0.06750299 0.17370464].
2026-07-16 00:01:22,288 - INFO - Finished optimization with guess, [1.48371927 3.98459559 0.06750299 0.17370464].
2026-07-16 00:01:22,289 - INFO - Best fit parameters: [0.02401227 1.82625399 0.05609834 0.00351897].
2026-07-16 00:01:22,333 - INFO - Maximum log composite likelihood: -156.0819255860164.
2026-07-16 00:01:22,333 - INFO - Optimal value of theta: 4521.660767586005.
2026-07-16 00:01:22,333 - INFO - Beginning optimization with guess, [4.08058368 3.9461638  0.05256211 0.07180895].
2026-07-16 00:01:23,032 - INFO - Finished optimization with guess, [4.08058368 3.9461638  0.05256211 0.07180895].
2026-07-16 00:01:23,032 - INFO - Best fit parameters: [2.75588571 4.84941572 0.0127665  0.01348051].
2026-07-16 00:01:23,067 - INFO - Maximum log composite likelihood: -282.4064957544766.
2026-07-16 00:01:23,067 - INFO - Optimal value of theta: 424.8176175553069.
2026-07-16 00:01:23,067 - INFO - Beginning optimization with guess, [3.28055033 4.90116121 0.09994507 0.16996721].
2026-07-16 00:01:23,769 - INFO - Finished optimization with guess, [3.28055033 4.90116121 0.09994507 0.16996721].
2026-07-16 00:01:23,770 - INFO - Best fit parameters: [0.85506568 1.93739968 0.02967107 0.03128835].
2026-07-16 00:01:23,805 - INFO - Maximum log composite likelihood: -302.3811326722391.
2026-07-16 00:01:23,805 - INFO - Optimal value of theta: 449.6563908799034.
2026-07-16 00:01:23,805 - INFO - Beginning optimization with guess, [1.67146781 4.76177238 0.15661577 0.0872077 ].
2026-07-16 00:01:24,581 - INFO - Finished optimization with guess, [1.67146781 4.76177238 0.15661577 0.0872077 ].
2026-07-16 00:01:24,581 - INFO - Best fit parameters: [0.2522527  3.68490692 0.14215388 0.02914533].
2026-07-16 00:01:24,619 - INFO - Maximum log composite likelihood: -158.03345063794845.
2026-07-16 00:01:24,619 - INFO - Optimal value of theta: 695.0713467250889.
2026-07-16 00:01:24,619 - INFO - Beginning optimization with guess, [2.34532903 4.20018789 0.19360088 0.10681675].
2026-07-16 00:01:25,368 - INFO - Finished optimization with guess, [2.34532903 4.20018789 0.19360088 0.10681675].
2026-07-16 00:01:25,368 - INFO - Best fit parameters: [0.41094337 2.47016004 0.13858342 0.04081173].
2026-07-16 00:01:25,404 - INFO - Maximum log composite likelihood: -197.85016960009125.
2026-07-16 00:01:25,404 - INFO - Optimal value of theta: 549.084926314676.
2026-07-16 00:01:25,405 - INFO - Beginning optimization with guess, [5.71717649 2.55874503 0.16089046 0.18422174].
2026-07-16 00:01:26,125 - INFO - Finished optimization with guess, [5.71717649 2.55874503 0.16089046 0.18422174].
2026-07-16 00:01:26,126 - INFO - Best fit parameters: [4.07480599 0.75683076 0.07378072 0.34564463].
2026-07-16 00:01:26,168 - INFO - Maximum log composite likelihood: -358.1671964477362.
2026-07-16 00:01:26,169 - INFO - Optimal value of theta: 555.1832352334732.
2026-07-16 00:01:26,169 - INFO - Beginning optimization with guess, [3.66044733 3.04502587 0.05781445 0.17322993].
2026-07-16 00:01:26,872 - INFO - Finished optimization with guess, [3.66044733 3.04502587 0.05781445 0.17322993].
2026-07-16 00:01:26,874 - INFO - Best fit parameters: [1.9319023  1.29036423 0.01901694 0.06450913].
2026-07-16 00:01:26,915 - INFO - Maximum log composite likelihood: -349.0534544339034.
2026-07-16 00:01:26,915 - INFO - Optimal value of theta: 444.72149556907823.
2026-07-16 00:01:26,915 - INFO - Beginning optimization with guess, [2.45362019 3.8544689  0.10880052 0.06186129].
2026-07-16 00:01:27,846 - INFO - Finished optimization with guess, [2.45362019 3.8544689  0.10880052 0.06186129].
2026-07-16 00:01:27,846 - INFO - Best fit parameters: [0.10309216 4.68646147 0.03971764 0.01960041].
2026-07-16 00:01:27,883 - INFO - Maximum log composite likelihood: -168.89403598496565.
2026-07-16 00:01:27,883 - INFO - Optimal value of theta: 782.230342496684.
2026-07-16 00:01:27,883 - INFO - Beginning optimization with guess, [7.31632586 4.14265981 0.14178227 0.08878248].
2026-07-16 00:01:28,582 - INFO - Finished optimization with guess, [7.31632586 4.14265981 0.14178227 0.08878248].
2026-07-16 00:01:28,583 - INFO - Best fit parameters: [3.91949178 2.70658757 0.01299224 0.01682546].
2026-07-16 00:01:28,618 - INFO - Maximum log composite likelihood: -292.0236398233192.
2026-07-16 00:01:28,618 - INFO - Optimal value of theta: 425.0941758422098.
2026-07-16 00:01:28,618 - INFO - Beginning optimization with guess, [6.02343319 6.40851871 0.05196063 0.07961426].
2026-07-16 00:01:29,315 - INFO - Finished optimization with guess, [6.02343319 6.40851871 0.05196063 0.07961426].
2026-07-16 00:01:29,316 - INFO - Best fit parameters: [4.6927355  5.25967395 0.01292293 0.01543141].
2026-07-16 00:01:29,350 - INFO - Maximum log composite likelihood: -279.64825592773536.
2026-07-16 00:01:29,350 - INFO - Optimal value of theta: 413.7619233403686.
2026-07-16 00:01:29,351 - INFO - Beginning optimization with guess, [6.80004254 4.29848482 0.13041287 0.10209715].
2026-07-16 00:01:30,049 - INFO - Finished optimization with guess, [6.80004254 4.29848482 0.13041287 0.10209715].
2026-07-16 00:01:30,050 - INFO - Best fit parameters: [3.57725357 2.55104051 0.01304326 0.01855586].
2026-07-16 00:01:30,085 - INFO - Maximum log composite likelihood: -294.8808513178059.
2026-07-16 00:01:30,085 - INFO - Optimal value of theta: 425.37417933285553.
2026-07-16 00:01:30,085 - INFO - Beginning optimization with guess, [3.77246198 8.02670898 0.12714992 0.08390745].
2026-07-16 00:01:30,968 - INFO - Finished optimization with guess, [3.77246198 8.02670898 0.12714992 0.08390745].
2026-07-16 00:01:30,968 - INFO - Best fit parameters: [ 0.06613655 13.47714089  0.02722415  0.02032378].
2026-07-16 00:01:31,004 - INFO - Maximum log composite likelihood: -167.97944941529516.
2026-07-16 00:01:31,005 - INFO - Optimal value of theta: 796.5262911781549.
2026-07-16 00:01:31,005 - INFO - Beginning optimization with guess, [4.5553351  2.63612582 0.12093647 0.12045262].
2026-07-16 00:01:31,708 - INFO - Finished optimization with guess, [4.5553351  2.63612582 0.12093647 0.12045262].
2026-07-16 00:01:31,709 - INFO - Best fit parameters: [1.67217805 1.36237993 0.02290775 0.09693129].
2026-07-16 00:01:31,750 - INFO - Maximum log composite likelihood: -355.6019460753282.
2026-07-16 00:01:31,750 - INFO - Optimal value of theta: 432.8354570133808.
2026-07-16 00:01:31,751 - INFO - Converting and interpreting Tau estimates.
2026-07-16 00:01:31,753 - INFO - Finished demographic inference.
2026-07-16 00:01:31,753 - INFO - Pipeline executed succesfully.
