2026-07-16 00:02:47,782 - INFO - Beginning execution of fit_demographic_model.py in directory /u/project/kirk-bigdata/jonmah/sample_size_demography/Scripts

2026-07-16 00:02:47,782 - INFO - Progress is being logged to ../Analysis/tennessen_ooa_530/log.log

2026-07-16 00:02:47,783 - INFO - Parsed the following arguments:
	syn_input_sfs = ../Simulations/tennessen/ooa_530_sfs/dadi/pop1.sfs
	mask_singletons = False
	mask_doubletons = False
	sum_alleles = False
	L_syn = 100000000.0
	model_type = three_epoch
	input_params = []
	outprefix = ../Analysis/tennessen_ooa_530/

2026-07-16 00:02:47,788 - INFO - Beginning demographic inference for three-epoch demographic model.
2026-07-16 00:02:47,793 - INFO - Beginning optimization with guess, [0.01049659 0.01272961 0.15351944 0.15872916].
2026-07-16 00:03:39,235 - INFO - Finished optimization with guess, [0.01049659 0.01272961 0.15351944 0.15872916].
2026-07-16 00:03:39,237 - INFO - Best fit parameters: [0.00690584 0.05915434 0.15355879 0.05285756].
2026-07-16 00:03:40,391 - INFO - Maximum log composite likelihood: -2234.0574159903617.
2026-07-16 00:03:40,391 - INFO - Optimal value of theta: 14877.597022830425.
2026-07-16 00:03:40,391 - INFO - Beginning optimization with guess, [0.04064099 0.03838265 0.14924893 0.11624052].
2026-07-16 00:04:15,385 - INFO - Finished optimization with guess, [0.04064099 0.03838265 0.14924893 0.11624052].
2026-07-16 00:04:15,387 - INFO - Best fit parameters: [0.0148128  0.1003272  0.26032648 0.08220327].
2026-07-16 00:04:16,410 - INFO - Maximum log composite likelihood: -2232.8682020288807.
2026-07-16 00:04:16,410 - INFO - Optimal value of theta: 8840.968174676036.
2026-07-16 00:04:16,410 - INFO - Beginning optimization with guess, [0.03136852 0.04199472 0.0809901  0.10556339].
2026-07-16 00:04:53,639 - INFO - Finished optimization with guess, [0.03136852 0.04199472 0.0809901  0.10556339].
2026-07-16 00:04:53,641 - INFO - Best fit parameters: [0.01349137 0.09315107 0.14848589 0.07681459].
2026-07-16 00:04:54,545 - INFO - Maximum log composite likelihood: -2232.9628900059197.
2026-07-16 00:04:54,545 - INFO - Optimal value of theta: 9517.633985882901.
2026-07-16 00:04:54,545 - INFO - Beginning optimization with guess, [0.06723001 0.06504707 0.06992405 0.10271545].
2026-07-16 00:05:11,130 - INFO - Finished optimization with guess, [0.06723001 0.06504707 0.06992405 0.10271545].
2026-07-16 00:05:11,132 - INFO - Best fit parameters: [0.03420629 0.05375141 0.12540788 0.22770016].
2026-07-16 00:05:11,991 - INFO - Maximum log composite likelihood: -2395.5481257744177.
2026-07-16 00:05:11,991 - INFO - Optimal value of theta: 13765.460153109354.
2026-07-16 00:05:11,991 - INFO - Beginning optimization with guess, [0.08205197 0.09096882 0.05555213 0.12513841].
2026-07-16 00:05:28,706 - INFO - Finished optimization with guess, [0.08205197 0.09096882 0.05555213 0.12513841].
2026-07-16 00:05:28,711 - INFO - Best fit parameters: [0.04527454 0.07079171 0.09394204 0.3476636 ].
2026-07-16 00:05:29,573 - INFO - Maximum log composite likelihood: -2401.3944694466663.
2026-07-16 00:05:29,573 - INFO - Optimal value of theta: 10413.289893039828.
2026-07-16 00:05:29,574 - INFO - Beginning optimization with guess, [0.31755682 0.16896474 0.08801513 0.0978933 ].
2026-07-16 00:05:45,443 - INFO - Finished optimization with guess, [0.31755682 0.16896474 0.08801513 0.0978933 ].
2026-07-16 00:05:45,448 - INFO - Best fit parameters: [0.13700185 0.71294086 0.15745278 0.22843787].
2026-07-16 00:05:46,208 - INFO - Maximum log composite likelihood: -2151.7178071989106.
2026-07-16 00:05:46,208 - INFO - Optimal value of theta: 1229.0653957128795.
2026-07-16 00:05:46,208 - INFO - Beginning optimization with guess, [0.77859048 0.25936305 0.63356498 0.15584676].
2026-07-16 00:06:02,099 - INFO - Finished optimization with guess, [0.77859048 0.25936305 0.63356498 0.15584676].
2026-07-16 00:06:02,100 - INFO - Best fit parameters: [0.24766738 0.76766749 0.83476082 0.25185264].
2026-07-16 00:06:02,889 - INFO - Maximum log composite likelihood: -2167.6048813344823.
2026-07-16 00:06:02,889 - INFO - Optimal value of theta: 1235.0419623066382.
2026-07-16 00:06:02,889 - INFO - Beginning optimization with guess, [0.48467184 0.51760234 0.05862194 0.07215267].
2026-07-16 00:06:17,742 - INFO - Finished optimization with guess, [0.48467184 0.51760234 0.05862194 0.07215267].
2026-07-16 00:06:17,744 - INFO - Best fit parameters: [3.03967796e-01 9.24530065e+01 6.37753121e-02 1.13513902e-02].
2026-07-16 00:06:18,534 - INFO - Maximum log composite likelihood: -822.6976591636305.
2026-07-16 00:06:18,534 - INFO - Optimal value of theta: 731.8845950550408.
2026-07-16 00:06:18,534 - INFO - Beginning optimization with guess, [0.70008326 0.52910858 0.07069204 0.09186702].
2026-07-16 00:06:33,685 - INFO - Finished optimization with guess, [0.70008326 0.52910858 0.07069204 0.09186702].
2026-07-16 00:06:33,686 - INFO - Best fit parameters: [5.25856755e-01 6.26554068e+01 6.39221342e-02 2.14705818e-02].
2026-07-16 00:06:34,429 - INFO - Maximum log composite likelihood: -660.2032591006786.
2026-07-16 00:06:34,429 - INFO - Optimal value of theta: 488.1020887130812.
2026-07-16 00:06:34,429 - INFO - Beginning optimization with guess, [2.35297438 1.32127484 0.05530893 0.07227986].
2026-07-16 00:06:49,517 - INFO - Finished optimization with guess, [2.35297438 1.32127484 0.05530893 0.07227986].
2026-07-16 00:06:49,518 - INFO - Best fit parameters: [9.90317927e-01 4.19644872e+01 2.96846837e-02 2.70603089e-02].
2026-07-16 00:06:50,267 - INFO - Maximum log composite likelihood: -665.0157309402441.
2026-07-16 00:06:50,267 - INFO - Optimal value of theta: 392.6591083993335.
2026-07-16 00:06:50,268 - INFO - Beginning optimization with guess, [1.81674799 0.8037534  0.13421711 0.05012246].
2026-07-16 00:07:04,892 - INFO - Finished optimization with guess, [1.81674799 0.8037534  0.13421711 0.05012246].
2026-07-16 00:07:04,894 - INFO - Best fit parameters: [5.55672275e-01 4.49016349e+01 8.09694061e-02 1.44567194e-02].
2026-07-16 00:07:05,627 - INFO - Maximum log composite likelihood: -693.6759195541564.
2026-07-16 00:07:05,627 - INFO - Optimal value of theta: 581.9269491183381.
2026-07-16 00:07:05,628 - INFO - Beginning optimization with guess, [1.92976599 3.45952571 0.06774811 0.13084315].
2026-07-16 00:07:20,733 - INFO - Finished optimization with guess, [1.92976599 3.45952571 0.06774811 0.13084315].
2026-07-16 00:07:20,736 - INFO - Best fit parameters: [ 0.82041907 18.36929543  0.05134088  0.02442395].
2026-07-16 00:07:21,487 - INFO - Maximum log composite likelihood: -692.0356665683547.
2026-07-16 00:07:21,487 - INFO - Optimal value of theta: 454.92411494049065.
2026-07-16 00:07:21,488 - INFO - Beginning optimization with guess, [2.77591209 1.15201958 0.05162949 0.0927812 ].
2026-07-16 00:07:36,634 - INFO - Finished optimization with guess, [2.77591209 1.15201958 0.05162949 0.0927812 ].
2026-07-16 00:07:36,637 - INFO - Best fit parameters: [1.40512657e+00 6.35387085e+01 2.52525817e-02 2.16601416e-02].
2026-07-16 00:07:37,389 - INFO - Maximum log composite likelihood: -673.2295869620494.
2026-07-16 00:07:37,389 - INFO - Optimal value of theta: 398.71134677048485.
2026-07-16 00:07:37,389 - INFO - Beginning optimization with guess, [1.79917118 1.47162269 0.10798039 0.10897389].
2026-07-16 00:07:52,485 - INFO - Finished optimization with guess, [1.79917118 1.47162269 0.10798039 0.10897389].
2026-07-16 00:07:52,486 - INFO - Best fit parameters: [9.44767393e-01 1.20185190e+02 6.53240348e-02 1.35372590e-02].
2026-07-16 00:07:53,248 - INFO - Maximum log composite likelihood: -752.5094494473083.
2026-07-16 00:07:53,248 - INFO - Optimal value of theta: 499.8030035732154.
2026-07-16 00:07:53,248 - INFO - Beginning optimization with guess, [4.61165654 2.49917034 0.05306362 0.08817425].
2026-07-16 00:08:08,191 - INFO - Finished optimization with guess, [4.61165654 2.49917034 0.05306362 0.08817425].
2026-07-16 00:08:08,193 - INFO - Best fit parameters: [3.58699401e+00 4.08976944e+01 1.57161372e-02 1.97971224e-02].
2026-07-16 00:08:08,944 - INFO - Maximum log composite likelihood: -676.6468496630417.
2026-07-16 00:08:08,944 - INFO - Optimal value of theta: 388.3320722416672.
2026-07-16 00:08:08,945 - INFO - Beginning optimization with guess, [3.56980287 3.19127431 0.10208312 0.0597251 ].
2026-07-16 00:08:24,076 - INFO - Finished optimization with guess, [3.56980287 3.19127431 0.10208312 0.0597251 ].
2026-07-16 00:08:24,077 - INFO - Best fit parameters: [9.65315560e-01 3.79982836e+01 2.67483756e-02 2.85334700e-02].
2026-07-16 00:08:24,825 - INFO - Maximum log composite likelihood: -665.7084823006303.
2026-07-16 00:08:24,825 - INFO - Optimal value of theta: 388.23505213906634.
2026-07-16 00:08:24,825 - INFO - Beginning optimization with guess, [4.5018121  3.76837546 0.10834234 0.08543188].
2026-07-16 00:08:39,767 - INFO - Finished optimization with guess, [4.5018121  3.76837546 0.10834234 0.08543188].
2026-07-16 00:08:39,769 - INFO - Best fit parameters: [1.80552768e+00 3.52623261e+01 2.35976947e-02 2.44965850e-02].
2026-07-16 00:08:40,535 - INFO - Maximum log composite likelihood: -686.0141442636628.
2026-07-16 00:08:40,535 - INFO - Optimal value of theta: 380.3379784612219.
2026-07-16 00:08:40,535 - INFO - Beginning optimization with guess, [3.95132804 3.3931328  0.11671132 0.0696545 ].
2026-07-16 00:08:55,333 - INFO - Finished optimization with guess, [3.95132804 3.3931328  0.11671132 0.0696545 ].
2026-07-16 00:08:55,335 - INFO - Best fit parameters: [1.04949350e+00 3.69549749e+01 2.77580473e-02 2.77481702e-02].
2026-07-16 00:08:56,088 - INFO - Maximum log composite likelihood: -668.3366969526048.
2026-07-16 00:08:56,088 - INFO - Optimal value of theta: 388.74728155840063.
2026-07-16 00:08:56,089 - INFO - Beginning optimization with guess, [2.07118964 2.04729782 0.19226036 0.15545003].
2026-07-16 00:09:11,229 - INFO - Finished optimization with guess, [2.07118964 2.04729782 0.19226036 0.15545003].
2026-07-16 00:09:11,230 - INFO - Best fit parameters: [ 0.54212945 38.55970813  0.11737457  0.05845555].
2026-07-16 00:09:11,985 - INFO - Maximum log composite likelihood: -833.4294839510573.
2026-07-16 00:09:11,985 - INFO - Optimal value of theta: 306.3099328000165.
2026-07-16 00:09:11,986 - INFO - Beginning optimization with guess, [2.11489248 4.06184853 0.05218597 0.16402725].
2026-07-16 00:09:26,996 - INFO - Finished optimization with guess, [2.11489248 4.06184853 0.05218597 0.16402725].
2026-07-16 00:09:26,998 - INFO - Best fit parameters: [ 1.10848233 14.08512533  0.03813522  0.02936934].
2026-07-16 00:09:27,762 - INFO - Maximum log composite likelihood: -762.4139621903415.
2026-07-16 00:09:27,763 - INFO - Optimal value of theta: 416.87995691259886.
2026-07-16 00:09:27,763 - INFO - Beginning optimization with guess, [4.19605751 2.55304468 0.08456007 0.16031164].
2026-07-16 00:09:42,808 - INFO - Finished optimization with guess, [4.19605751 2.55304468 0.08456007 0.16031164].
2026-07-16 00:09:42,809 - INFO - Best fit parameters: [2.15998807e+00 1.00510898e+02 2.33588631e-02 2.28160442e-02].
2026-07-16 00:09:43,562 - INFO - Maximum log composite likelihood: -680.3811988305387.
2026-07-16 00:09:43,562 - INFO - Optimal value of theta: 363.8570291129129.
2026-07-16 00:09:43,562 - INFO - Beginning optimization with guess, [7.43041705 3.63166889 0.08634415 0.14990418].
2026-07-16 00:09:58,593 - INFO - Finished optimization with guess, [7.43041705 3.63166889 0.08634415 0.14990418].
2026-07-16 00:09:58,594 - INFO - Best fit parameters: [4.79994817e+00 5.24482657e+01 1.79559024e-02 1.76118331e-02].
2026-07-16 00:09:59,347 - INFO - Maximum log composite likelihood: -675.2887418726735.
2026-07-16 00:09:59,347 - INFO - Optimal value of theta: 383.81469353384387.
2026-07-16 00:09:59,348 - INFO - Beginning optimization with guess, [7.75247843 6.72246281 0.07616929 0.15197701].
2026-07-16 00:10:14,383 - INFO - Finished optimization with guess, [7.75247843 6.72246281 0.07616929 0.15197701].
2026-07-16 00:10:14,384 - INFO - Best fit parameters: [ 4.87482425 15.25361362  0.0180887   0.01882439].
2026-07-16 00:10:15,140 - INFO - Maximum log composite likelihood: -757.2647076921479.
2026-07-16 00:10:15,141 - INFO - Optimal value of theta: 407.13692674958577.
2026-07-16 00:10:15,141 - INFO - Beginning optimization with guess, [5.91115487 7.29266649 0.177581   0.06168313].
2026-07-16 00:10:30,161 - INFO - Finished optimization with guess, [5.91115487 7.29266649 0.177581   0.06168313].
2026-07-16 00:10:30,162 - INFO - Best fit parameters: [1.74864605e+00 3.99764754e+01 2.67078369e-02 2.53163996e-02].
2026-07-16 00:10:30,915 - INFO - Maximum log composite likelihood: -684.7169834935664.
2026-07-16 00:10:30,916 - INFO - Optimal value of theta: 372.29772805703425.
2026-07-16 00:10:30,916 - INFO - Beginning optimization with guess, [4.54479076 8.94364128 0.08567906 0.06321169].
2026-07-16 00:10:45,590 - INFO - Finished optimization with guess, [4.54479076 8.94364128 0.08567906 0.06321169].
2026-07-16 00:10:45,592 - INFO - Best fit parameters: [1.78252384e+00 4.63216067e+01 1.84316227e-02 2.47836133e-02].
2026-07-16 00:10:46,344 - INFO - Maximum log composite likelihood: -673.3129560017778.
2026-07-16 00:10:46,345 - INFO - Optimal value of theta: 376.9784790119894.
2026-07-16 00:10:46,347 - INFO - Converting and interpreting Tau estimates.
2026-07-16 00:10:46,350 - INFO - Finished demographic inference.
2026-07-16 00:10:46,350 - INFO - Pipeline executed succesfully.
