2026-07-21 17:17:45,861 - INFO - Beginning execution of fit_demographic_model.py in directory /u/project/kirk-bigdata/jonmah/sample_size_demography/Scripts

2026-07-21 17:17:45,861 - INFO - Progress is being logged to ../Analysis/1KG_IBS_140/log.log

2026-07-21 17:17:45,861 - INFO - Parsed the following arguments:
	syn_input_sfs = ../Analysis/1KG_IBS_140/syn_downsampled_sfs.txt
	mask_singletons = False
	mask_doubletons = False
	sum_alleles = False
	L_syn = 100000000.0
	model_type = three_epoch
	input_params = []
	outprefix = ../Analysis/1KG_IBS_140/

2026-07-21 17:17:45,862 - INFO - Beginning demographic inference for three-epoch demographic model.
2026-07-21 17:17:45,865 - INFO - Beginning optimization with guess, [0.01452248 0.0089466  0.07904342 0.09430574].
2026-07-21 17:17:50,835 - INFO - Finished optimization with guess, [0.01452248 0.0089466  0.07904342 0.09430574].
2026-07-21 17:17:50,837 - INFO - Best fit parameters: [0.01110615 0.00488875 0.09323815 0.19604951].
2026-07-21 17:17:51,487 - INFO - Maximum log composite likelihood: -3902.4370490292786.
2026-07-21 17:17:51,487 - INFO - Optimal value of theta: 1501320.7236777488.
2026-07-21 17:17:51,488 - INFO - Beginning optimization with guess, [0.02868071 0.04751135 0.10819465 0.18148223].
2026-07-21 17:18:39,530 - INFO - Finished optimization with guess, [0.02868071 0.04751135 0.10819465 0.18148223].
2026-07-21 17:18:39,531 - INFO - Best fit parameters: [0.00361906 0.12913843 0.5007158  0.17190554].
2026-07-21 17:18:41,047 - INFO - Maximum log composite likelihood: -3361.1261835502896.
2026-07-21 17:18:41,048 - INFO - Optimal value of theta: 65943.16223337782.
2026-07-21 17:18:41,048 - INFO - Beginning optimization with guess, [0.09989966 0.08430155 0.17931582 0.06031526].
2026-07-21 17:18:48,503 - INFO - Finished optimization with guess, [0.09989966 0.08430155 0.17931582 0.06031526].
2026-07-21 17:18:48,504 - INFO - Best fit parameters: [0.06164058 0.11283932 0.29737162 0.0613004 ].
2026-07-21 17:18:48,747 - INFO - Maximum log composite likelihood: -3310.8318046999657.
2026-07-21 17:18:48,747 - INFO - Optimal value of theta: 74250.31606371276.
2026-07-21 17:18:48,747 - INFO - Beginning optimization with guess, [0.10037023 0.10567365 0.05015112 0.15088479].
2026-07-21 17:18:56,294 - INFO - Finished optimization with guess, [0.10037023 0.10567365 0.05015112 0.15088479].
2026-07-21 17:18:56,294 - INFO - Best fit parameters: [0.06509034 0.06601434 0.07332166 0.53856047].
2026-07-21 17:18:56,573 - INFO - Maximum log composite likelihood: -3907.120408344775.
2026-07-21 17:18:56,574 - INFO - Optimal value of theta: 111102.08408062399.
2026-07-21 17:18:56,574 - INFO - Beginning optimization with guess, [0.07576918 0.17557078 0.0718248  0.12163328].
2026-07-21 17:19:03,209 - INFO - Finished optimization with guess, [0.07576918 0.17557078 0.0718248  0.12163328].
2026-07-21 17:19:03,209 - INFO - Best fit parameters: [0.04549425 0.28812519 0.11238478 0.13997099].
2026-07-21 17:19:03,429 - INFO - Maximum log composite likelihood: -3249.351931380059.
2026-07-21 17:19:03,429 - INFO - Optimal value of theta: 31619.229438473732.
2026-07-21 17:19:03,430 - INFO - Beginning optimization with guess, [0.13552137 0.15580637 0.15963154 0.08124152].
2026-07-21 17:19:12,095 - INFO - Finished optimization with guess, [0.13552137 0.15580637 0.15963154 0.08124152].
2026-07-21 17:19:12,096 - INFO - Best fit parameters: [0.11797244 0.43957482 0.16845398 0.04206504].
2026-07-21 17:19:12,303 - INFO - Maximum log composite likelihood: -2420.7261928215.
2026-07-21 17:19:12,303 - INFO - Optimal value of theta: 21565.294477933512.
2026-07-21 17:19:12,303 - INFO - Beginning optimization with guess, [0.40883176 0.34915947 0.31849629 0.05648453].
2026-07-21 17:19:18,490 - INFO - Finished optimization with guess, [0.40883176 0.34915947 0.31849629 0.05648453].
2026-07-21 17:19:18,493 - INFO - Best fit parameters: [0.24370054 2.28937582 0.34172736 0.01998914].
2026-07-21 17:19:18,698 - INFO - Maximum log composite likelihood: -392.26207143841646.
2026-07-21 17:19:18,698 - INFO - Optimal value of theta: 14389.46599301611.
2026-07-21 17:19:18,699 - INFO - Beginning optimization with guess, [0.64063605 0.93583684 0.12930932 0.05651998].
2026-07-21 17:19:24,551 - INFO - Finished optimization with guess, [0.64063605 0.93583684 0.12930932 0.05651998].
2026-07-21 17:19:24,552 - INFO - Best fit parameters: [0.55523781 6.6976182  0.14080794 0.03518668].
2026-07-21 17:19:24,746 - INFO - Maximum log composite likelihood: -312.8300117598317.
2026-07-21 17:19:24,746 - INFO - Optimal value of theta: 6755.28652871253.
2026-07-21 17:19:24,746 - INFO - Beginning optimization with guess, [0.98948284 1.83286835 0.08648818 0.0766497 ].
2026-07-21 17:19:30,544 - INFO - Finished optimization with guess, [0.98948284 1.83286835 0.08648818 0.0766497 ].
2026-07-21 17:19:30,544 - INFO - Best fit parameters: [0.56394338 7.31521103 0.09509267 0.03876802].
2026-07-21 17:19:30,737 - INFO - Maximum log composite likelihood: -312.0950666463908.
2026-07-21 17:19:30,737 - INFO - Optimal value of theta: 6342.076951850115.
2026-07-21 17:19:30,738 - INFO - Beginning optimization with guess, [1.28354629 2.39274943 0.15380941 0.19896394].
2026-07-21 17:19:36,627 - INFO - Finished optimization with guess, [1.28354629 2.39274943 0.15380941 0.19896394].
2026-07-21 17:19:36,628 - INFO - Best fit parameters: [0.4664034  4.31664998 0.13331164 0.04418551].
2026-07-21 17:19:36,824 - INFO - Maximum log composite likelihood: -374.34539419142453.
2026-07-21 17:19:36,824 - INFO - Optimal value of theta: 6946.958168362397.
2026-07-21 17:19:36,824 - INFO - Beginning optimization with guess, [1.20306558 2.00902309 0.13722042 0.19738682].
2026-07-21 17:19:42,671 - INFO - Finished optimization with guess, [1.20306558 2.00902309 0.13722042 0.19738682].
2026-07-21 17:19:42,671 - INFO - Best fit parameters: [ 0.46462521 10.43772666  0.108328    0.03333473].
2026-07-21 17:19:42,865 - INFO - Maximum log composite likelihood: -363.72219285288276.
2026-07-21 17:19:42,866 - INFO - Optimal value of theta: 6934.233996583236.
2026-07-21 17:19:42,866 - INFO - Beginning optimization with guess, [1.50246808 2.07355922 0.13936718 0.05652779].
2026-07-21 17:19:48,671 - INFO - Finished optimization with guess, [1.50246808 2.07355922 0.13936718 0.05652779].
2026-07-21 17:19:48,672 - INFO - Best fit parameters: [0.57631225 7.69529462 0.12482377 0.03773995].
2026-07-21 17:19:48,862 - INFO - Maximum log composite likelihood: -303.0848436087487.
2026-07-21 17:19:48,862 - INFO - Optimal value of theta: 6444.381488881644.
2026-07-21 17:19:48,862 - INFO - Beginning optimization with guess, [1.85453681 1.05963617 0.06388888 0.11720946].
2026-07-21 17:19:55,542 - INFO - Finished optimization with guess, [1.85453681 1.05963617 0.06388888 0.11720946].
2026-07-21 17:19:55,542 - INFO - Best fit parameters: [0.66700224 9.01458392 0.04288102 0.04157161].
2026-07-21 17:19:55,734 - INFO - Maximum log composite likelihood: -382.6612818324548.
2026-07-21 17:19:55,735 - INFO - Optimal value of theta: 5694.235252456302.
2026-07-21 17:19:55,735 - INFO - Beginning optimization with guess, [1.19357139 1.63628682 0.07161863 0.07073384].
2026-07-21 17:20:02,526 - INFO - Finished optimization with guess, [1.19357139 1.63628682 0.07161863 0.07073384].
2026-07-21 17:20:02,527 - INFO - Best fit parameters: [0.55240707 7.94999062 0.08122811 0.03936022].
2026-07-21 17:20:02,723 - INFO - Maximum log composite likelihood: -314.1363360760712.
2026-07-21 17:20:02,723 - INFO - Optimal value of theta: 6255.209637877178.
2026-07-21 17:20:02,723 - INFO - Beginning optimization with guess, [2.6170703  1.31919135 0.06711047 0.08703737].
2026-07-21 17:20:09,468 - INFO - Finished optimization with guess, [2.6170703  1.31919135 0.06711047 0.08703737].
2026-07-21 17:20:09,468 - INFO - Best fit parameters: [0.87216707 7.98259115 0.04018347 0.02894769].
2026-07-21 17:20:09,661 - INFO - Maximum log composite likelihood: -549.4260308905773.
2026-07-21 17:20:09,661 - INFO - Optimal value of theta: 5941.074454804188.
2026-07-21 17:20:09,661 - INFO - Beginning optimization with guess, [1.57611925 1.82493096 0.14703539 0.1107592 ].
2026-07-21 17:20:15,470 - INFO - Finished optimization with guess, [1.57611925 1.82493096 0.14703539 0.1107592 ].
2026-07-21 17:20:15,470 - INFO - Best fit parameters: [0.57300941 8.05582627 0.11096083 0.03760947].
2026-07-21 17:20:15,664 - INFO - Maximum log composite likelihood: -304.4352832895278.
2026-07-21 17:20:15,664 - INFO - Optimal value of theta: 6398.342521076146.
2026-07-21 17:20:15,664 - INFO - Beginning optimization with guess, [4.4804815  2.00396921 0.09933819 0.14305035].
2026-07-21 17:20:21,417 - INFO - Finished optimization with guess, [4.4804815  2.00396921 0.09933819 0.14305035].
2026-07-21 17:20:21,417 - INFO - Best fit parameters: [1.68591115e+00 1.22489772e+01 1.18664754e-02 2.30116132e-02].
2026-07-21 17:20:21,608 - INFO - Maximum log composite likelihood: -472.52382767549904.
2026-07-21 17:20:21,609 - INFO - Optimal value of theta: 5721.940631545119.
2026-07-21 17:20:21,609 - INFO - Beginning optimization with guess, [3.61529911 2.53150766 0.16205123 0.08300059].
2026-07-21 17:20:28,354 - INFO - Finished optimization with guess, [3.61529911 2.53150766 0.16205123 0.08300059].
2026-07-21 17:20:28,354 - INFO - Best fit parameters: [ 0.49387318 10.56559535  0.03949959  0.03715991].
2026-07-21 17:20:28,546 - INFO - Maximum log composite likelihood: -340.6691568478969.
2026-07-21 17:20:28,546 - INFO - Optimal value of theta: 6135.490297534382.
2026-07-21 17:20:28,546 - INFO - Beginning optimization with guess, [2.02603823 2.65471666 0.18195068 0.07235164].
2026-07-21 17:20:34,367 - INFO - Finished optimization with guess, [2.02603823 2.65471666 0.18195068 0.07235164].
2026-07-21 17:20:34,367 - INFO - Best fit parameters: [0.58931301 7.71645521 0.13676358 0.03482717].
2026-07-21 17:20:34,561 - INFO - Maximum log composite likelihood: -304.765081840593.
2026-07-21 17:20:34,561 - INFO - Optimal value of theta: 6585.224132722778.
2026-07-21 17:20:34,561 - INFO - Beginning optimization with guess, [4.7551583  6.68637269 0.17733114 0.06815582].
2026-07-21 17:20:40,329 - INFO - Finished optimization with guess, [4.7551583  6.68637269 0.17733114 0.06815582].
2026-07-21 17:20:40,329 - INFO - Best fit parameters: [0.57569183 8.83031324 0.04311888 0.04308252].
2026-07-21 17:20:40,521 - INFO - Maximum log composite likelihood: -357.7646042508628.
2026-07-21 17:20:40,522 - INFO - Optimal value of theta: 5793.874660058478.
2026-07-21 17:20:40,522 - INFO - Beginning optimization with guess, [2.72251756 7.83892084 0.10440124 0.14527302].
2026-07-21 17:20:47,267 - INFO - Finished optimization with guess, [2.72251756 7.83892084 0.10440124 0.14527302].
2026-07-21 17:20:47,268 - INFO - Best fit parameters: [0.48984089 6.89131468 0.06787937 0.04090065].
2026-07-21 17:20:47,460 - INFO - Maximum log composite likelihood: -324.13831700135677.
2026-07-21 17:20:47,461 - INFO - Optimal value of theta: 6351.072718920695.
2026-07-21 17:20:47,461 - INFO - Beginning optimization with guess, [7.86282541 6.85368748 0.07272058 0.19423362].
2026-07-21 17:20:53,216 - INFO - Finished optimization with guess, [7.86282541 6.85368748 0.07272058 0.19423362].
2026-07-21 17:20:53,216 - INFO - Best fit parameters: [10.75525416  5.95212612  0.0273382   0.01419652].
2026-07-21 17:20:53,408 - INFO - Maximum log composite likelihood: -547.3362423358933.
2026-07-21 17:20:53,408 - INFO - Optimal value of theta: 5350.290089687122.
2026-07-21 17:20:53,408 - INFO - Beginning optimization with guess, [4.4581095  3.95056289 0.15541692 0.11895319].
2026-07-21 17:20:59,176 - INFO - Finished optimization with guess, [4.4581095  3.95056289 0.15541692 0.11895319].
2026-07-21 17:20:59,176 - INFO - Best fit parameters: [0.39561493 7.19058038 0.02076365 0.04343441].
2026-07-21 17:20:59,368 - INFO - Maximum log composite likelihood: -365.5807699873923.
2026-07-21 17:20:59,368 - INFO - Optimal value of theta: 5958.179664892534.
2026-07-21 17:20:59,368 - INFO - Beginning optimization with guess, [3.71743965 3.15393934 0.11678519 0.05429124].
2026-07-21 17:21:05,150 - INFO - Finished optimization with guess, [3.71743965 3.15393934 0.11678519 0.05429124].
2026-07-21 17:21:05,151 - INFO - Best fit parameters: [9.77407176e-01 2.43338044e+01 1.81021989e-02 2.61625165e-02].
2026-07-21 17:21:05,343 - INFO - Maximum log composite likelihood: -403.96661346763483.
2026-07-21 17:21:05,343 - INFO - Optimal value of theta: 5670.370849761295.
2026-07-21 17:21:05,343 - INFO - Beginning optimization with guess, [3.11847292 8.34526431 0.1479762  0.05842075].
2026-07-21 17:21:11,140 - INFO - Finished optimization with guess, [3.11847292 8.34526431 0.1479762  0.05842075].
2026-07-21 17:21:11,140 - INFO - Best fit parameters: [0.54958877 9.30787543 0.08791595 0.03855265].
2026-07-21 17:21:11,334 - INFO - Maximum log composite likelihood: -310.8993859807396.
2026-07-21 17:21:11,334 - INFO - Optimal value of theta: 6294.4211697434675.
2026-07-21 17:21:11,336 - INFO - Converting and interpreting Tau estimates.
2026-07-21 17:21:11,338 - INFO - Finished demographic inference.
2026-07-21 17:21:11,338 - INFO - Pipeline executed succesfully.
